Error for image set, channel=051, metadata=DNA: Image missing from channel
Error for image set, channel=052, metadata=DNA: Image missing from channel
Error for image set, channel=053, metadata=DNA: Image missing from channel
Error for image set, channel=054, metadata=DNA: Image missing from channel
Error for image set, channel=055, metadata=DNA: Image missing from channel
Error for image set, channel=056, metadata=DNA: Image missing from channel
Error for image set, channel=057, metadata=DNA: Image missing from channel
Error for image set, channel=058, metadata=DNA: Image missing from channel
Error for image set, channel=059, metadata=DNA: Image missing from channel
Error for image set, channel=060, metadata=DNA: Image missing from channel
Error for image set, channel=061, metadata=DNA: Image missing from channel
Error for image set, channel=062, metadata=DNA: Image missing from channel
Error for image set, channel=063, metadata=DNA: Image missing from channel
Error for image set, channel=064, metadata=DNA: Image missing from channel
Error for image set, channel=065, metadata=DNA: Image missing from channel
Error for image set, channel=066, metadata=DNA: Image missing from channel
Error for image set, channel=067, metadata=DNA: Image missing from channel
Error for image set, channel=068, metadata=DNA: Image missing from channel
Error for image set, channel=069, metadata=DNA: Image missing from channel
Error for image set, channel=070, metadata=DNA: Image missing from channel
Error for image set, channel=071, metadata=DNA: Image missing from channel
Error for image set, channel=072, metadata=DNA: Image missing from channel
Error for image set, channel=073, metadata=DNA: Image missing from channel
Error for image set, channel=074, metadata=DNA: Image missing from channel
Error for image set, channel=075, metadata=DNA: Image missing from channel
Error for image set, channel=076, metadata=DNA: Image missing from channel
Error for image set, channel=077, metadata=DNA: Image missing from channel
Error for image set, channel=078, metadata=DNA: Image missing from channel
Error for image set, channel=079, metadata=DNA: Image missing from channel
Error for image set, channel=080, metadata=DNA: Image missing from channel
Error for image set, channel=081, metadata=DNA: Image missing from channel
Error for image set, channel=082, metadata=DNA: Image missing from channel
Error for image set, channel=083, metadata=DNA: Image missing from channel
Error for image set, channel=084, metadata=DNA: Image missing from channel
Error for image set, channel=085, metadata=DNA: Image missing from channel
Error for image set, channel=086, metadata=DNA: Image missing from channel
Error for image set, channel=087, metadata=DNA: Image missing from channel
Error for image set, channel=088, metadata=DNA: Image missing from channel
Error for image set, channel=089, metadata=DNA: Image missing from channel
Error for image set, channel=090, metadata=DNA: Image missing from channel
Error for image set, channel=091, metadata=DNA: Image missing from channel
Error for image set, channel=092, metadata=DNA: Image missing from channel
Error for image set, channel=093, metadata=DNA: Image missing from channel
Error for image set, channel=094, metadata=DNA: Image missing from channel
Error for image set, channel=095, metadata=DNA: Image missing from channel
Error for image set, channel=096, metadata=DNA: Image missing from channel
Error for image set, channel=097, metadata=DNA: Image missing from channel
Error for image set, channel=098, metadata=DNA: Image missing from channel
Error for image set, channel=099, metadata=DNA: Image missing from channel
Error for image set, channel=100, metadata=DNA: Image missing from channel
Error for image set, channel=101, metadata=DNA: Image missing from channel
Error for image set, channel=102, metadata=DNA: Image missing from channel
Error for image set, channel=103, metadata=DNA: Image missing from channel
Error for image set, channel=104, metadata=DNA: Image missing from channel
Error for image set, channel=105, metadata=DNA: Image missing from channel
Error for image set, channel=106, metadata=DNA: Image missing from channel
Error for image set, channel=107, metadata=DNA: Image missing from channel
Error for image set, channel=108, metadata=DNA: Image missing from channel
Error for image set, channel=109, metadata=DNA: Image missing from channel
Error for image set, channel=110, metadata=DNA: Image missing from channel
Error for image set, channel=111, metadata=DNA: Image missing from channel
Error for image set, channel=112, metadata=DNA: Image missing from channel
Error for image set, channel=113, metadata=DNA: Image missing from channel
Error for image set, channel=114, metadata=DNA: Image missing from channel
Error for image set, channel=115, metadata=DNA: Image missing from channel
Error for image set, channel=116, metadata=DNA: Image missing from channel
Error for image set, channel=117, metadata=DNA: Image missing from channel
Error for image set, channel=118, metadata=DNA: Image missing from channel
Error for image set, channel=119, metadata=DNA: Image missing from channel
Error for image set, channel=120, metadata=DNA: Image missing from channel
Error for image set, channel=121, metadata=DNA: Image missing from channel
Error for image set, channel=122, metadata=DNA: Image missing from channel
Error for image set, channel=123, metadata=DNA: Image missing from channel
Error for image set, channel=124, metadata=DNA: Image missing from channel
Error for image set, channel=125, metadata=DNA: Image missing from channel
Error for image set, channel=126, metadata=DNA: Image missing from channel
Error for image set, channel=127, metadata=DNA: Image missing from channel
Error for image set, channel=128, metadata=DNA: Image missing from channel
Error for image set, channel=129, metadata=DNA: Image missing from channel
Error for image set, channel=130, metadata=DNA: Image missing from channel
Error for image set, channel=131, metadata=DNA: Image missing from channel
Error for image set, channel=132, metadata=DNA: Image missing from channel
Error for image set, channel=133, metadata=DNA: Image missing from channel
Error for image set, channel=134, metadata=DNA: Image missing from channel
Error for image set, channel=135, metadata=DNA: Image missing from channel
Error for image set, channel=136, metadata=DNA: Image missing from channel
Error for image set, channel=137, metadata=DNA: Image missing from channel
Error for image set, channel=138, metadata=DNA: Image missing from channel
Error for image set, channel=139, metadata=DNA: Image missing from channel
Error for image set, channel=140, metadata=DNA: Image missing from channel
Error for image set, channel=141, metadata=DNA: Image missing from channel
Error for image set, channel=142, metadata=DNA: Image missing from channel
Error for image set, channel=143, metadata=DNA: Image missing from channel
Error for image set, channel=144, metadata=DNA: Image missing from channel
Error for image set, channel=145, metadata=DNA: Image missing from channel
Error for image set, channel=146, metadata=DNA: Image missing from channel
Error for image set, channel=147, metadata=DNA: Image missing from channel
Error for image set, channel=148, metadata=DNA: Image missing from channel
Error for image set, channel=149, metadata=DNA: Image missing from channel
Error for image set, channel=150, metadata=DNA: Image missing from channel
Times reported are CPU and Wall-clock times for each module
Thu Aug 20 13:51:12 2026: Image # 1, module Images # 1: CPU_time = 0.00 secs, Wall_time = 0.00 secs
Thu Aug 20 13:51:12 2026: Image # 1, module Metadata # 2: CPU_time = 0.00 secs, Wall_time = 0.00 secs
Thu Aug 20 13:51:12 2026: Image # 1, module NamesAndTypes # 3: CPU_time = 4.18 secs, Wall_time = 3.15 secs
Thu Aug 20 13:51:16 2026: Image # 1, module Groups # 4: CPU_time = 0.00 secs, Wall_time = 0.00 secs
Thu Aug 20 13:51:16 2026: Image # 1, module MaskImage # 5: CPU_time = 0.06 secs, Wall_time = 0.07 secs
Thu Aug 20 13:51:16 2026: Image # 1, module MaskImage # 6: CPU_time = 0.06 secs, Wall_time = 0.07 secs
Thu Aug 20 13:51:16 2026: Image # 1, module MaskImage # 7: CPU_time = 0.08 secs, Wall_time = 0.07 secs
Thu Aug 20 13:51:16 2026: Image # 1, module MaskObjects # 8: CPU_time = 0.42 secs, Wall_time = 0.42 secs
Thu Aug 20 13:51:16 2026: Image # 1, module RescaleIntensity # 9: CPU_time = 0.06 secs, Wall_time = 0.04 secs
Thu Aug 20 13:51:16 2026: Image # 1, module RescaleIntensity # 10: CPU_time = 0.03 secs, Wall_time = 0.04 secs
Thu Aug 20 13:51:16 2026: Image # 1, module MeasureTexture # 11: CPU_time = 6.22 secs, Wall_time = 6.22 secs
Thu Aug 20 13:51:22 2026: Image # 1, module ExportToSpreadsheet # 12: CPU_time = 0.00 secs, Wall_time = 0.00 secs
Thu Aug 20 13:51:22 2026: Image # 2, module Images # 1: CPU_time = 0.00 secs, Wall_time = 0.00 secs
Thu Aug 20 13:51:22 2026: Image # 2, module Metadata # 2: CPU_time = 0.00 secs, Wall_time = 0.00 secs
Thu Aug 20 13:51:22 2026: Image # 2, module NamesAndTypes # 3: CPU_time = 4.58 secs, Wall_time = 3.14 secs
Thu Aug 20 13:51:26 2026: Image # 2, module Groups # 4: CPU_time = 0.00 secs, Wall_time = 0.00 secs
Thu Aug 20 13:51:26 2026: Image # 2, module MaskImage # 5: CPU_time = 0.06 secs, Wall_time = 0.07 secs
Thu Aug 20 13:51:26 2026: Image # 2, module MaskImage # 6: CPU_time = 0.08 secs, Wall_time = 0.07 secs
Thu Aug 20 13:51:26 2026: Image # 2, module MaskImage # 7: CPU_time = 0.09 secs, Wall_time = 0.09 secs
Thu Aug 20 13:51:26 2026: Image # 2, module MaskObjects # 8: CPU_time = 0.42 secs, Wall_time = 0.42 secs
Thu Aug 20 13:51:26 2026: Image # 2, module RescaleIntensity # 9: CPU_time = 0.05 secs, Wall_time = 0.04 secs
Thu Aug 20 13:51:26 2026: Image # 2, module RescaleIntensity # 10: CPU_time = 0.04 secs, Wall_time = 0.04 secs
Thu Aug 20 13:51:26 2026: Image # 2, module MeasureTexture # 11: CPU_time = 6.38 secs, Wall_time = 6.37 secs
Thu Aug 20 13:51:33 2026: Image # 2, module ExportToSpreadsheet # 12: CPU_time = 0.00 secs, Wall_time = 0.00 secs
Thu Aug 20 13:51:33 2026: Image # 3, module Images # 1: CPU_time = 0.00 secs, Wall_time = 0.00 secs
Thu Aug 20 13:51:33 2026: Image # 3, module Metadata # 2: CPU_time = 0.00 secs, Wall_time = 0.00 secs
Thu Aug 20 13:51:33 2026: Image # 3, module NamesAndTypes # 3: CPU_time = 4.57 secs, Wall_time = 3.22 secs
Thu Aug 20 13:51:36 2026: Image # 3, module Groups # 4: CPU_time = 0.00 secs, Wall_time = 0.00 secs
Thu Aug 20 13:51:36 2026: Image # 3, module MaskImage # 5: CPU_time = 0.07 secs, Wall_time = 0.08 secs
Thu Aug 20 13:51:36 2026: Image # 3, module MaskImage # 6: CPU_time = 0.06 secs, Wall_time = 0.06 secs
Thu Aug 20 13:51:36 2026: Image # 3, module MaskImage # 7: CPU_time = 0.08 secs, Wall_time = 0.07 secs
Thu Aug 20 13:51:36 2026: Image # 3, module MaskObjects # 8: CPU_time = 0.42 secs, Wall_time = 0.43 secs
Thu Aug 20 13:51:37 2026: Image # 3, module RescaleIntensity # 9: CPU_time = 0.05 secs, Wall_time = 0.04 secs
Thu Aug 20 13:51:37 2026: Image # 3, module RescaleIntensity # 10: CPU_time = 0.04 secs, Wall_time = 0.04 secs
Thu Aug 20 13:51:37 2026: Image # 3, module MeasureTexture # 11: CPU_time = 6.84 secs, Wall_time = 6.83 secs
Thu Aug 20 13:51:44 2026: Image # 3, module ExportToSpreadsheet # 12: CPU_time = 0.00 secs, Wall_time = 0.00 secs
Thu Aug 20 13:51:44 2026: Image # 4, module Images # 1: CPU_time = 0.00 secs, Wall_time = 0.00 secs
Thu Aug 20 13:51:44 2026: Image # 4, module Metadata # 2: CPU_time = 0.00 secs, Wall_time = 0.00 secs
Thu Aug 20 13:51:44 2026: Image # 4, module NamesAndTypes # 3: CPU_time = 4.56 secs, Wall_time = 3.39 secs
Thu Aug 20 13:51:47 2026: Image # 4, module Groups # 4: CPU_time = 0.00 secs, Wall_time = 0.00 secs
Thu Aug 20 13:51:47 2026: Image # 4, module MaskImage # 5: CPU_time = 0.07 secs, Wall_time = 0.08 secs
Thu Aug 20 13:51:47 2026: Image # 4, module MaskImage # 6: CPU_time = 0.06 secs, Wall_time = 0.06 secs
Thu Aug 20 13:51:47 2026: Image # 4, module MaskImage # 7: CPU_time = 0.08 secs, Wall_time = 0.07 secs
Thu Aug 20 13:51:47 2026: Image # 4, module MaskObjects # 8: CPU_time = 0.43 secs, Wall_time = 0.43 secs
Thu Aug 20 13:51:48 2026: Image # 4, module RescaleIntensity # 9: CPU_time = 0.05 secs, Wall_time = 0.04 secs
Thu Aug 20 13:51:48 2026: Image # 4, module RescaleIntensity # 10: CPU_time = 0.04 secs, Wall_time = 0.04 secs
Thu Aug 20 13:51:48 2026: Image # 4, module MeasureTexture # 11: CPU_time = 6.72 secs, Wall_time = 6.71 secs
Thu Aug 20 13:51:54 2026: Image # 4, module ExportToSpreadsheet # 12: CPU_time = 0.00 secs, Wall_time = 0.00 secs
Thu Aug 20 13:51:54 2026: Image # 5, module Images # 1: CPU_time = 0.00 secs, Wall_time = 0.00 secs
Thu Aug 20 13:51:54 2026: Image # 5, module Metadata # 2: CPU_time = 0.00 secs, Wall_time = 0.00 secs
Thu Aug 20 13:51:54 2026: Image # 5, module NamesAndTypes # 3: CPU_time = 4.47 secs, Wall_time = 3.09 secs
Thu Aug 20 13:51:57 2026: Image # 5, module Groups # 4: CPU_time = 0.00 secs, Wall_time = 0.00 secs
Thu Aug 20 13:51:57 2026: Image # 5, module MaskImage # 5: CPU_time = 0.07 secs, Wall_time = 0.07 secs
Thu Aug 20 13:51:58 2026: Image # 5, module MaskImage # 6: CPU_time = 0.07 secs, Wall_time = 0.07 secs
Thu Aug 20 13:51:58 2026: Image # 5, module MaskImage # 7: CPU_time = 0.08 secs, Wall_time = 0.09 secs
Thu Aug 20 13:51:58 2026: Image # 5, module MaskObjects # 8: CPU_time = 0.48 secs, Wall_time = 0.48 secs
Thu Aug 20 13:51:58 2026: Image # 5, module RescaleIntensity # 9: CPU_time = 0.04 secs, Wall_time = 0.04 secs
Thu Aug 20 13:51:58 2026: Image # 5, module RescaleIntensity # 10: CPU_time = 0.05 secs, Wall_time = 0.05 secs
Thu Aug 20 13:51:58 2026: Image # 5, module MeasureTexture # 11: CPU_time = 12.97 secs, Wall_time = 12.97 secs
Thu Aug 20 13:52:11 2026: Image # 5, module ExportToSpreadsheet # 12: CPU_time = 0.00 secs, Wall_time = 0.00 secs
Thu Aug 20 13:52:11 2026: Image # 6, module Images # 1: CPU_time = 0.00 secs, Wall_time = 0.00 secs
Thu Aug 20 13:52:11 2026: Image # 6, module Metadata # 2: CPU_time = 0.00 secs, Wall_time = 0.00 secs
Thu Aug 20 13:52:11 2026: Image # 6, module NamesAndTypes # 3: CPU_time = 4.20 secs, Wall_time = 2.86 secs
Thu Aug 20 13:52:14 2026: Image # 6, module Groups # 4: CPU_time = 0.00 secs, Wall_time = 0.00 secs
Thu Aug 20 13:52:14 2026: Image # 6, module MaskImage # 5: CPU_time = 0.06 secs, Wall_time = 0.06 secs
Thu Aug 20 13:52:14 2026: Image # 6, module MaskImage # 6: CPU_time = 0.07 secs, Wall_time = 0.06 secs
Thu Aug 20 13:52:14 2026: Image # 6, module MaskImage # 7: CPU_time = 0.07 secs, Wall_time = 0.08 secs
Thu Aug 20 13:52:14 2026: Image # 6, module MaskObjects # 8: CPU_time = 0.48 secs, Wall_time = 0.48 secs
Thu Aug 20 13:52:15 2026: Image # 6, module RescaleIntensity # 9: CPU_time = 0.04 secs, Wall_time = 0.04 secs
Thu Aug 20 13:52:15 2026: Image # 6, module RescaleIntensity # 10: CPU_time = 0.04 secs, Wall_time = 0.05 secs
Thu Aug 20 13:52:15 2026: Image # 6, module MeasureTexture # 11: CPU_time = 12.82 secs, Wall_time = 12.81 secs
Thu Aug 20 13:52:28 2026: Image # 6, module ExportToSpreadsheet # 12: CPU_time = 0.00 secs, Wall_time = 0.00 secs
Thu Aug 20 13:52:28 2026: Image # 7, module Images # 1: CPU_time = 0.00 secs, Wall_time = 0.00 secs
Thu Aug 20 13:52:28 2026: Image # 7, module Metadata # 2: CPU_time = 0.00 secs, Wall_time = 0.00 secs
Thu Aug 20 13:52:28 2026: Image # 7, module NamesAndTypes # 3: CPU_time = 4.56 secs, Wall_time = 3.27 secs
Thu Aug 20 13:52:31 2026: Image # 7, module Groups # 4: CPU_time = 0.00 secs, Wall_time = 0.00 secs
Thu Aug 20 13:52:31 2026: Image # 7, module MaskImage # 5: CPU_time = 0.09 secs, Wall_time = 0.09 secs
Thu Aug 20 13:52:31 2026: Image # 7, module MaskImage # 6: CPU_time = 0.09 secs, Wall_time = 0.08 secs
Thu Aug 20 13:52:31 2026: Image # 7, module MaskImage # 7: CPU_time = 0.08 secs, Wall_time = 0.08 secs
Thu Aug 20 13:52:31 2026: Image # 7, module MaskObjects # 8: CPU_time = 0.53 secs, Wall_time = 0.53 secs
Thu Aug 20 13:52:32 2026: Image # 7, module RescaleIntensity # 9: CPU_time = 0.05 secs, Wall_time = 0.05 secs
Thu Aug 20 13:52:32 2026: Image # 7, module RescaleIntensity # 10: CPU_time = 0.04 secs, Wall_time = 0.05 secs
Thu Aug 20 13:52:32 2026: Image # 7, module MeasureTexture # 11: CPU_time = 11.43 secs, Wall_time = 11.41 secs
Thu Aug 20 13:52:43 2026: Image # 7, module ExportToSpreadsheet # 12: CPU_time = 0.00 secs, Wall_time = 0.00 secs
Thu Aug 20 13:52:43 2026: Image # 8, module Images # 1: CPU_time = 0.00 secs, Wall_time = 0.00 secs
Thu Aug 20 13:52:43 2026: Image # 8, module Metadata # 2: CPU_time = 0.00 secs, Wall_time = 0.00 secs
Thu Aug 20 13:52:43 2026: Image # 8, module NamesAndTypes # 3: CPU_time = 4.74 secs, Wall_time = 3.41 secs
Thu Aug 20 13:52:47 2026: Image # 8, module Groups # 4: CPU_time = 0.00 secs, Wall_time = 0.00 secs
Thu Aug 20 13:52:47 2026: Image # 8, module MaskImage # 5: CPU_time = 0.07 secs, Wall_time = 0.07 secs
Thu Aug 20 13:52:47 2026: Image # 8, module MaskImage # 6: CPU_time = 0.07 secs, Wall_time = 0.08 secs
Thu Aug 20 13:52:47 2026: Image # 8, module MaskImage # 7: CPU_time = 0.08 secs, Wall_time = 0.08 secs
Thu Aug 20 13:52:47 2026: Image # 8, module MaskObjects # 8: CPU_time = 0.53 secs, Wall_time = 0.54 secs
Thu Aug 20 13:52:48 2026: Image # 8, module RescaleIntensity # 9: CPU_time = 0.05 secs, Wall_time = 0.05 secs
Thu Aug 20 13:52:48 2026: Image # 8, module RescaleIntensity # 10: CPU_time = 0.05 secs, Wall_time = 0.05 secs
Thu Aug 20 13:52:48 2026: Image # 8, module MeasureTexture # 11: CPU_time = 11.61 secs, Wall_time = 11.61 secs
Thu Aug 20 13:52:59 2026: Image # 8, module ExportToSpreadsheet # 12: CPU_time = 0.00 secs, Wall_time = 0.00 secs
Thu Aug 20 13:52:59 2026: Image # 9, module Images # 1: CPU_time = 0.00 secs, Wall_time = 0.00 secs
Thu Aug 20 13:52:59 2026: Image # 9, module Metadata # 2: CPU_time = 0.00 secs, Wall_time = 0.00 secs
Thu Aug 20 13:52:59 2026: Image # 9, module NamesAndTypes # 3: CPU_time = 5.14 secs, Wall_time = 3.34 secs
Thu Aug 20 13:53:03 2026: Image # 9, module Groups # 4: CPU_time = 0.00 secs, Wall_time = 0.00 secs
Thu Aug 20 13:53:03 2026: Image # 9, module MaskImage # 5: CPU_time = 0.07 secs, Wall_time = 0.07 secs
Thu Aug 20 13:53:03 2026: Image # 9, module MaskImage # 6: CPU_time = 0.07 secs, Wall_time = 0.07 secs
Thu Aug 20 13:53:03 2026: Image # 9, module MaskImage # 7: CPU_time = 0.07 secs, Wall_time = 0.07 secs
Thu Aug 20 13:53:03 2026: Image # 9, module MaskObjects # 8: CPU_time = 0.45 secs, Wall_time = 0.45 secs
Thu Aug 20 13:53:03 2026: Image # 9, module RescaleIntensity # 9: CPU_time = 0.05 secs, Wall_time = 0.04 secs
Thu Aug 20 13:53:03 2026: Image # 9, module RescaleIntensity # 10: CPU_time = 0.03 secs, Wall_time = 0.04 secs
Thu Aug 20 13:53:03 2026: Image # 9, module MeasureTexture # 11: CPU_time = 6.26 secs, Wall_time = 6.26 secs
Thu Aug 20 13:53:10 2026: Image # 9, module ExportToSpreadsheet # 12: CPU_time = 0.00 secs, Wall_time = 0.00 secs
Thu Aug 20 13:53:10 2026: Image # 10, module Images # 1: CPU_time = 0.00 secs, Wall_time = 0.00 secs
Thu Aug 20 13:53:10 2026: Image # 10, module Metadata # 2: CPU_time = 0.00 secs, Wall_time = 0.00 secs
Thu Aug 20 13:53:10 2026: Image # 10, module NamesAndTypes # 3: CPU_time = 4.25 secs, Wall_time = 2.83 secs
Thu Aug 20 13:53:12 2026: Image # 10, module Groups # 4: CPU_time = 0.00 secs, Wall_time = 0.00 secs
Thu Aug 20 13:53:12 2026: Image # 10, module MaskImage # 5: CPU_time = 0.08 secs, Wall_time = 0.08 secs
Thu Aug 20 13:53:13 2026: Image # 10, module MaskImage # 6: CPU_time = 0.06 secs, Wall_time = 0.06 secs
Thu Aug 20 13:53:13 2026: Image # 10, module MaskImage # 7: CPU_time = 0.06 secs, Wall_time = 0.06 secs
Thu Aug 20 13:53:13 2026: Image # 10, module MaskObjects # 8: CPU_time = 0.40 secs, Wall_time = 0.40 secs
Thu Aug 20 13:53:13 2026: Image # 10, module RescaleIntensity # 9: CPU_time = 0.03 secs, Wall_time = 0.03 secs
Thu Aug 20 13:53:13 2026: Image # 10, module RescaleIntensity # 10: CPU_time = 0.03 secs, Wall_time = 0.03 secs
Thu Aug 20 13:53:13 2026: Image # 10, module MeasureTexture # 11: CPU_time = 5.83 secs, Wall_time = 5.82 secs
Thu Aug 20 13:53:19 2026: Image # 10, module ExportToSpreadsheet # 12: CPU_time = 0.00 secs, Wall_time = 0.00 secs
Thu Aug 20 13:53:19 2026: Image # 11, module Images # 1: CPU_time = 0.00 secs, Wall_time = 0.00 secs
Thu Aug 20 13:53:19 2026: Image # 11, module Metadata # 2: CPU_time = 0.00 secs, Wall_time = 0.00 secs
Thu Aug 20 13:53:19 2026: Image # 11, module NamesAndTypes # 3: CPU_time = 4.12 secs, Wall_time = 2.99 secs
Thu Aug 20 13:53:22 2026: Image # 11, module Groups # 4: CPU_time = 0.00 secs, Wall_time = 0.00 secs
Thu Aug 20 13:53:22 2026: Image # 11, module MaskImage # 5: CPU_time = 0.07 secs, Wall_time = 0.07 secs
Thu Aug 20 13:53:22 2026: Image # 11, module MaskImage # 6: CPU_time = 0.06 secs, Wall_time = 0.06 secs
Thu Aug 20 13:53:22 2026: Image # 11, module MaskImage # 7: CPU_time = 0.08 secs, Wall_time = 0.08 secs
Thu Aug 20 13:53:22 2026: Image # 11, module MaskObjects # 8: CPU_time = 0.40 secs, Wall_time = 0.40 secs
Thu Aug 20 13:53:23 2026: Image # 11, module RescaleIntensity # 9: CPU_time = 0.04 secs, Wall_time = 0.03 secs
Thu Aug 20 13:53:23 2026: Image # 11, module RescaleIntensity # 10: CPU_time = 0.02 secs, Wall_time = 0.03 secs
Thu Aug 20 13:53:23 2026: Image # 11, module MeasureTexture # 11: CPU_time = 5.77 secs, Wall_time = 5.77 secs
Thu Aug 20 13:53:28 2026: Image # 11, module ExportToSpreadsheet # 12: CPU_time = 0.00 secs, Wall_time = 0.00 secs
Thu Aug 20 13:53:28 2026: Image # 12, module Images # 1: CPU_time = 0.00 secs, Wall_time = 0.00 secs
Thu Aug 20 13:53:28 2026: Image # 12, module Metadata # 2: CPU_time = 0.00 secs, Wall_time = 0.00 secs
Thu Aug 20 13:53:28 2026: Image # 12, module NamesAndTypes # 3: CPU_time = 4.35 secs, Wall_time = 3.38 secs
Thu Aug 20 13:53:32 2026: Image # 12, module Groups # 4: CPU_time = 0.00 secs, Wall_time = 0.00 secs
Thu Aug 20 13:53:32 2026: Image # 12, module MaskImage # 5: CPU_time = 0.08 secs, Wall_time = 0.08 secs
Thu Aug 20 13:53:32 2026: Image # 12, module MaskImage # 6: CPU_time = 0.06 secs, Wall_time = 0.06 secs
Thu Aug 20 13:53:32 2026: Image # 12, module MaskImage # 7: CPU_time = 0.07 secs, Wall_time = 0.07 secs
Thu Aug 20 13:53:32 2026: Image # 12, module MaskObjects # 8: CPU_time = 0.43 secs, Wall_time = 0.43 secs
Thu Aug 20 13:53:33 2026: Image # 12, module RescaleIntensity # 9: CPU_time = 0.05 secs, Wall_time = 0.04 secs
Thu Aug 20 13:53:33 2026: Image # 12, module RescaleIntensity # 10: CPU_time = 0.03 secs, Wall_time = 0.03 secs
Thu Aug 20 13:53:33 2026: Image # 12, module MeasureTexture # 11: CPU_time = 6.78 secs, Wall_time = 6.77 secs
Thu Aug 20 13:53:39 2026: Image # 12, module ExportToSpreadsheet # 12: CPU_time = 0.00 secs, Wall_time = 0.00 secs
Thu Aug 20 13:53:39 2026: Image # 13, module Images # 1: CPU_time = 0.00 secs, Wall_time = 0.00 secs
Thu Aug 20 13:53:39 2026: Image # 13, module Metadata # 2: CPU_time = 0.00 secs, Wall_time = 0.00 secs
Thu Aug 20 13:53:39 2026: Image # 13, module NamesAndTypes # 3: CPU_time = 4.30 secs, Wall_time = 2.92 secs
Thu Aug 20 13:53:42 2026: Image # 13, module Groups # 4: CPU_time = 0.00 secs, Wall_time = 0.00 secs
Thu Aug 20 13:53:42 2026: Image # 13, module MaskImage # 5: CPU_time = 0.06 secs, Wall_time = 0.06 secs
Thu Aug 20 13:53:42 2026: Image # 13, module MaskImage # 6: CPU_time = 0.06 secs, Wall_time = 0.06 secs
Thu Aug 20 13:53:42 2026: Image # 13, module MaskImage # 7: CPU_time = 0.08 secs, Wall_time = 0.08 secs
Thu Aug 20 13:53:43 2026: Image # 13, module MaskObjects # 8: CPU_time = 0.43 secs, Wall_time = 0.43 secs
Thu Aug 20 13:53:43 2026: Image # 13, module RescaleIntensity # 9: CPU_time = 0.04 secs, Wall_time = 0.04 secs
Thu Aug 20 13:53:43 2026: Image # 13, module RescaleIntensity # 10: CPU_time = 0.04 secs, Wall_time = 0.04 secs
Thu Aug 20 13:53:43 2026: Image # 13, module MeasureTexture # 11: CPU_time = 6.80 secs, Wall_time = 6.80 secs
Thu Aug 20 13:53:50 2026: Image # 13, module ExportToSpreadsheet # 12: CPU_time = 0.00 secs, Wall_time = 0.00 secs
Thu Aug 20 13:53:50 2026: Image # 14, module Images # 1: CPU_time = 0.00 secs, Wall_time = 0.00 secs
Thu Aug 20 13:53:50 2026: Image # 14, module Metadata # 2: CPU_time = 0.00 secs, Wall_time = 0.00 secs
Thu Aug 20 13:53:50 2026: Image # 14, module NamesAndTypes # 3: CPU_time = 4.32 secs, Wall_time = 2.80 secs
Thu Aug 20 13:53:53 2026: Image # 14, module Groups # 4: CPU_time = 0.00 secs, Wall_time = 0.00 secs
Thu Aug 20 13:53:53 2026: Image # 14, module MaskImage # 5: CPU_time = 0.06 secs, Wall_time = 0.06 secs
Thu Aug 20 13:53:53 2026: Image # 14, module MaskImage # 6: CPU_time = 0.06 secs, Wall_time = 0.06 secs
Thu Aug 20 13:53:53 2026: Image # 14, module MaskImage # 7: CPU_time = 0.08 secs, Wall_time = 0.08 secs
Thu Aug 20 13:53:53 2026: Image # 14, module MaskObjects # 8: CPU_time = 0.46 secs, Wall_time = 0.46 secs
Thu Aug 20 13:53:53 2026: Image # 14, module RescaleIntensity # 9: CPU_time = 0.04 secs, Wall_time = 0.04 secs
Thu Aug 20 13:53:53 2026: Image # 14, module RescaleIntensity # 10: CPU_time = 0.03 secs, Wall_time = 0.03 secs
Thu Aug 20 13:53:53 2026: Image # 14, module MeasureTexture # 11: CPU_time = 7.31 secs, Wall_time = 7.31 secs
Thu Aug 20 13:54:01 2026: Image # 14, module ExportToSpreadsheet # 12: CPU_time = 0.00 secs, Wall_time = 0.00 secs
Thu Aug 20 13:54:01 2026: Image # 15, module Images # 1: CPU_time = 0.00 secs, Wall_time = 0.00 secs
Thu Aug 20 13:54:01 2026: Image # 15, module Metadata # 2: CPU_time = 0.00 secs, Wall_time = 0.00 secs
Thu Aug 20 13:54:01 2026: Image # 15, module NamesAndTypes # 3: CPU_time = 4.31 secs, Wall_time = 2.89 secs
Thu Aug 20 13:54:04 2026: Image # 15, module Groups # 4: CPU_time = 0.00 secs, Wall_time = 0.00 secs
Thu Aug 20 13:54:04 2026: Image # 15, module MaskImage # 5: CPU_time = 0.08 secs, Wall_time = 0.08 secs
Thu Aug 20 13:54:04 2026: Image # 15, module MaskImage # 6: CPU_time = 0.06 secs, Wall_time = 0.07 secs
Thu Aug 20 13:54:04 2026: Image # 15, module MaskImage # 7: CPU_time = 0.06 secs, Wall_time = 0.07 secs
Thu Aug 20 13:54:04 2026: Image # 15, module MaskObjects # 8: CPU_time = 0.40 secs, Wall_time = 0.40 secs
Thu Aug 20 13:54:04 2026: Image # 15, module RescaleIntensity # 9: CPU_time = 0.03 secs, Wall_time = 0.03 secs
Thu Aug 20 13:54:04 2026: Image # 15, module RescaleIntensity # 10: CPU_time = 0.04 secs, Wall_time = 0.03 secs
Thu Aug 20 13:54:04 2026: Image # 15, module MeasureTexture # 11: CPU_time = 6.09 secs, Wall_time = 6.08 secs
Thu Aug 20 13:54:10 2026: Image # 15, module ExportToSpreadsheet # 12: CPU_time = 0.00 secs, Wall_time = 0.00 secs
Thu Aug 20 13:54:10 2026: Image # 16, module Images # 1: CPU_time = 0.00 secs, Wall_time = 0.00 secs
Thu Aug 20 13:54:10 2026: Image # 16, module Metadata # 2: CPU_time = 0.00 secs, Wall_time = 0.00 secs
Thu Aug 20 13:54:10 2026: Image # 16, module NamesAndTypes # 3: CPU_time = 4.29 secs, Wall_time = 3.05 secs
Thu Aug 20 13:54:14 2026: Image # 16, module Groups # 4: CPU_time = 0.00 secs, Wall_time = 0.00 secs
Thu Aug 20 13:54:14 2026: Image # 16, module MaskImage # 5: CPU_time = 0.07 secs, Wall_time = 0.08 secs
Thu Aug 20 13:54:14 2026: Image # 16, module MaskImage # 6: CPU_time = 0.07 secs, Wall_time = 0.07 secs
Thu Aug 20 13:54:14 2026: Image # 16, module MaskImage # 7: CPU_time = 0.07 secs, Wall_time = 0.07 secs
Thu Aug 20 13:54:14 2026: Image # 16, module MaskObjects # 8: CPU_time = 0.42 secs, Wall_time = 0.42 secs
Thu Aug 20 13:54:14 2026: Image # 16, module RescaleIntensity # 9: CPU_time = 0.03 secs, Wall_time = 0.03 secs
Thu Aug 20 13:54:14 2026: Image # 16, module RescaleIntensity # 10: CPU_time = 0.03 secs, Wall_time = 0.03 secs
Thu Aug 20 13:54:14 2026: Image # 16, module MeasureTexture # 11: CPU_time = 6.20 secs, Wall_time = 6.19 secs
Thu Aug 20 13:54:20 2026: Image # 16, module ExportToSpreadsheet # 12: CPU_time = 0.00 secs, Wall_time = 0.00 secs
Thu Aug 20 13:54:20 2026: Image # 17, module Images # 1: CPU_time = 0.00 secs, Wall_time = 0.00 secs
Thu Aug 20 13:54:20 2026: Image # 17, module Metadata # 2: CPU_time = 0.00 secs, Wall_time = 0.00 secs
Thu Aug 20 13:54:20 2026: Image # 17, module NamesAndTypes # 3: CPU_time = 4.44 secs, Wall_time = 3.21 secs
Thu Aug 20 13:54:24 2026: Image # 17, module Groups # 4: CPU_time = 0.00 secs, Wall_time = 0.00 secs
Thu Aug 20 13:54:24 2026: Image # 17, module MaskImage # 5: CPU_time = 0.06 secs, Wall_time = 0.06 secs
Thu Aug 20 13:54:24 2026: Image # 17, module MaskImage # 6: CPU_time = 0.06 secs, Wall_time = 0.06 secs
Thu Aug 20 13:54:24 2026: Image # 17, module MaskImage # 7: CPU_time = 0.07 secs, Wall_time = 0.08 secs
Thu Aug 20 13:54:24 2026: Image # 17, module MaskObjects # 8: CPU_time = 0.44 secs, Wall_time = 0.43 secs
Thu Aug 20 13:54:24 2026: Image # 17, module RescaleIntensity # 9: CPU_time = 0.03 secs, Wall_time = 0.04 secs
Thu Aug 20 13:54:24 2026: Image # 17, module RescaleIntensity # 10: CPU_time = 0.03 secs, Wall_time = 0.03 secs
Thu Aug 20 13:54:24 2026: Image # 17, module MeasureTexture # 11: CPU_time = 6.37 secs, Wall_time = 6.36 secs
Thu Aug 20 13:54:31 2026: Image # 17, module ExportToSpreadsheet # 12: CPU_time = 0.00 secs, Wall_time = 0.00 secs
Thu Aug 20 13:54:31 2026: Image # 18, module Images # 1: CPU_time = 0.00 secs, Wall_time = 0.00 secs
Thu Aug 20 13:54:31 2026: Image # 18, module Metadata # 2: CPU_time = 0.00 secs, Wall_time = 0.00 secs
Thu Aug 20 13:54:31 2026: Image # 18, module NamesAndTypes # 3: CPU_time = 4.34 secs, Wall_time = 3.00 secs
Thu Aug 20 13:54:34 2026: Image # 18, module Groups # 4: CPU_time = 0.00 secs, Wall_time = 0.00 secs
Thu Aug 20 13:54:34 2026: Image # 18, module MaskImage # 5: CPU_time = 0.06 secs, Wall_time = 0.07 secs
Thu Aug 20 13:54:34 2026: Image # 18, module MaskImage # 6: CPU_time = 0.07 secs, Wall_time = 0.07 secs
Thu Aug 20 13:54:34 2026: Image # 18, module MaskImage # 7: CPU_time = 0.07 secs, Wall_time = 0.07 secs
Thu Aug 20 13:54:34 2026: Image # 18, module MaskObjects # 8: CPU_time = 0.44 secs, Wall_time = 0.44 secs
Thu Aug 20 13:54:34 2026: Image # 18, module RescaleIntensity # 9: CPU_time = 0.04 secs, Wall_time = 0.04 secs
Thu Aug 20 13:54:35 2026: Image # 18, module RescaleIntensity # 10: CPU_time = 0.05 secs, Wall_time = 0.05 secs
Thu Aug 20 13:54:35 2026: Image # 18, module MeasureTexture # 11: CPU_time = 6.56 secs, Wall_time = 6.55 secs
Thu Aug 20 13:54:41 2026: Image # 18, module ExportToSpreadsheet # 12: CPU_time = 0.00 secs, Wall_time = 0.00 secs
Thu Aug 20 13:54:41 2026: Image # 19, module Images # 1: CPU_time = 0.00 secs, Wall_time = 0.00 secs
Thu Aug 20 13:54:41 2026: Image # 19, module Metadata # 2: CPU_time = 0.00 secs, Wall_time = 0.00 secs
Thu Aug 20 13:54:41 2026: Image # 19, module NamesAndTypes # 3: CPU_time = 4.37 secs, Wall_time = 3.04 secs
Thu Aug 20 13:54:44 2026: Image # 19, module Groups # 4: CPU_time = 0.00 secs, Wall_time = 0.00 secs
Thu Aug 20 13:54:44 2026: Image # 19, module MaskImage # 5: CPU_time = 0.09 secs, Wall_time = 0.08 secs
Thu Aug 20 13:54:44 2026: Image # 19, module MaskImage # 6: CPU_time = 0.06 secs, Wall_time = 0.07 secs
Thu Aug 20 13:54:44 2026: Image # 19, module MaskImage # 7: CPU_time = 0.07 secs, Wall_time = 0.07 secs
Thu Aug 20 13:54:44 2026: Image # 19, module MaskObjects # 8: CPU_time = 0.44 secs, Wall_time = 0.44 secs
Thu Aug 20 13:54:45 2026: Image # 19, module RescaleIntensity # 9: CPU_time = 0.05 secs, Wall_time = 0.04 secs
Thu Aug 20 13:54:45 2026: Image # 19, module RescaleIntensity # 10: CPU_time = 0.03 secs, Wall_time = 0.03 secs
Thu Aug 20 13:54:45 2026: Image # 19, module MeasureTexture # 11: CPU_time = 6.11 secs, Wall_time = 6.11 secs
Thu Aug 20 13:54:51 2026: Image # 19, module ExportToSpreadsheet # 12: CPU_time = 0.00 secs, Wall_time = 0.00 secs
Thu Aug 20 13:54:51 2026: Image # 20, module Images # 1: CPU_time = 0.00 secs, Wall_time = 0.00 secs
Thu Aug 20 13:54:51 2026: Image # 20, module Metadata # 2: CPU_time = 0.00 secs, Wall_time = 0.00 secs
Thu Aug 20 13:54:51 2026: Image # 20, module NamesAndTypes # 3: CPU_time = 4.68 secs, Wall_time = 3.22 secs
Thu Aug 20 13:54:54 2026: Image # 20, module Groups # 4: CPU_time = 0.00 secs, Wall_time = 0.00 secs
Thu Aug 20 13:54:54 2026: Image # 20, module MaskImage # 5: CPU_time = 0.07 secs, Wall_time = 0.08 secs
Thu Aug 20 13:54:54 2026: Image # 20, module MaskImage # 6: CPU_time = 0.07 secs, Wall_time = 0.07 secs
Thu Aug 20 13:54:54 2026: Image # 20, module MaskImage # 7: CPU_time = 0.06 secs, Wall_time = 0.07 secs
Thu Aug 20 13:54:54 2026: Image # 20, module MaskObjects # 8: CPU_time = 0.45 secs, Wall_time = 0.45 secs
Thu Aug 20 13:54:55 2026: Image # 20, module RescaleIntensity # 9: CPU_time = 0.04 secs, Wall_time = 0.04 secs
Thu Aug 20 13:54:55 2026: Image # 20, module RescaleIntensity # 10: CPU_time = 0.04 secs, Wall_time = 0.04 secs
Thu Aug 20 13:54:55 2026: Image # 20, module MeasureTexture # 11: CPU_time = 7.15 secs, Wall_time = 7.13 secs
Thu Aug 20 13:55:02 2026: Image # 20, module ExportToSpreadsheet # 12: CPU_time = 0.00 secs, Wall_time = 0.00 secs
Thu Aug 20 13:55:02 2026: Image # 21, module Images # 1: CPU_time = 0.00 secs, Wall_time = 0.00 secs
Thu Aug 20 13:55:02 2026: Image # 21, module Metadata # 2: CPU_time = 0.00 secs, Wall_time = 0.00 secs
Thu Aug 20 13:55:02 2026: Image # 21, module NamesAndTypes # 3: CPU_time = 4.25 secs, Wall_time = 3.01 secs
Thu Aug 20 13:55:05 2026: Image # 21, module Groups # 4: CPU_time = 0.00 secs, Wall_time = 0.00 secs
Thu Aug 20 13:55:05 2026: Image # 21, module MaskImage # 5: CPU_time = 0.06 secs, Wall_time = 0.06 secs
Thu Aug 20 13:55:05 2026: Image # 21, module MaskImage # 6: CPU_time = 0.07 secs, Wall_time = 0.06 secs
Thu Aug 20 13:55:05 2026: Image # 21, module MaskImage # 7: CPU_time = 0.08 secs, Wall_time = 0.08 secs
Thu Aug 20 13:55:05 2026: Image # 21, module MaskObjects # 8: CPU_time = 0.41 secs, Wall_time = 0.41 secs
Thu Aug 20 13:55:06 2026: Image # 21, module RescaleIntensity # 9: CPU_time = 0.02 secs, Wall_time = 0.03 secs
Thu Aug 20 13:55:06 2026: Image # 21, module RescaleIntensity # 10: CPU_time = 0.03 secs, Wall_time = 0.03 secs
Thu Aug 20 13:55:06 2026: Image # 21, module MeasureTexture # 11: CPU_time = 6.44 secs, Wall_time = 6.43 secs
Thu Aug 20 13:55:12 2026: Image # 21, module ExportToSpreadsheet # 12: CPU_time = 0.00 secs, Wall_time = 0.00 secs
Thu Aug 20 13:55:12 2026: Image # 22, module Images # 1: CPU_time = 0.00 secs, Wall_time = 0.00 secs
Thu Aug 20 13:55:12 2026: Image # 22, module Metadata # 2: CPU_time = 0.00 secs, Wall_time = 0.00 secs
Thu Aug 20 13:55:12 2026: Image # 22, module NamesAndTypes # 3: CPU_time = 3.95 secs, Wall_time = 2.65 secs
Thu Aug 20 13:55:15 2026: Image # 22, module Groups # 4: CPU_time = 0.00 secs, Wall_time = 0.00 secs
Thu Aug 20 13:55:15 2026: Image # 22, module MaskImage # 5: CPU_time = 0.06 secs, Wall_time = 0.07 secs
Thu Aug 20 13:55:15 2026: Image # 22, module MaskImage # 6: CPU_time = 0.06 secs, Wall_time = 0.07 secs
Thu Aug 20 13:55:15 2026: Image # 22, module MaskImage # 7: CPU_time = 0.08 secs, Wall_time = 0.08 secs
Thu Aug 20 13:55:15 2026: Image # 22, module MaskObjects # 8: CPU_time = 0.42 secs, Wall_time = 0.42 secs
Thu Aug 20 13:55:16 2026: Image # 22, module RescaleIntensity # 9: CPU_time = 0.03 secs, Wall_time = 0.03 secs
Thu Aug 20 13:55:16 2026: Image # 22, module RescaleIntensity # 10: CPU_time = 0.02 secs, Wall_time = 0.03 secs
Thu Aug 20 13:55:16 2026: Image # 22, module MeasureTexture # 11: CPU_time = 6.83 secs, Wall_time = 6.83 secs
Thu Aug 20 13:55:23 2026: Image # 22, module ExportToSpreadsheet # 12: CPU_time = 0.00 secs, Wall_time = 0.00 secs
Thu Aug 20 13:55:23 2026: Image # 23, module Images # 1: CPU_time = 0.00 secs, Wall_time = 0.00 secs
Thu Aug 20 13:55:23 2026: Image # 23, module Metadata # 2: CPU_time = 0.00 secs, Wall_time = 0.00 secs
Thu Aug 20 13:55:23 2026: Image # 23, module NamesAndTypes # 3: CPU_time = 4.03 secs, Wall_time = 3.38 secs
Thu Aug 20 13:55:26 2026: Image # 23, module Groups # 4: CPU_time = 0.00 secs, Wall_time = 0.00 secs
Thu Aug 20 13:55:26 2026: Image # 23, module MaskImage # 5: CPU_time = 0.06 secs, Wall_time = 0.06 secs
Thu Aug 20 13:55:26 2026: Image # 23, module MaskImage # 6: CPU_time = 0.06 secs, Wall_time = 0.06 secs
Thu Aug 20 13:55:26 2026: Image # 23, module MaskImage # 7: CPU_time = 0.08 secs, Wall_time = 0.08 secs
Thu Aug 20 13:55:26 2026: Image # 23, module MaskObjects # 8: CPU_time = 0.46 secs, Wall_time = 0.45 secs
Thu Aug 20 13:55:27 2026: Image # 23, module RescaleIntensity # 9: CPU_time = 0.04 secs, Wall_time = 0.03 secs
Thu Aug 20 13:55:27 2026: Image # 23, module RescaleIntensity # 10: CPU_time = 0.03 secs, Wall_time = 0.03 secs
Thu Aug 20 13:55:27 2026: Image # 23, module MeasureTexture # 11: CPU_time = 10.07 secs, Wall_time = 10.07 secs
Thu Aug 20 13:55:37 2026: Image # 23, module ExportToSpreadsheet # 12: CPU_time = 0.00 secs, Wall_time = 0.00 secs
Thu Aug 20 13:55:37 2026: Image # 24, module Images # 1: CPU_time = 0.00 secs, Wall_time = 0.00 secs
Thu Aug 20 13:55:37 2026: Image # 24, module Metadata # 2: CPU_time = 0.00 secs, Wall_time = 0.00 secs
Thu Aug 20 13:55:37 2026: Image # 24, module NamesAndTypes # 3: CPU_time = 4.13 secs, Wall_time = 3.28 secs
Thu Aug 20 13:55:40 2026: Image # 24, module Groups # 4: CPU_time = 0.00 secs, Wall_time = 0.00 secs
Thu Aug 20 13:55:40 2026: Image # 24, module MaskImage # 5: CPU_time = 0.08 secs, Wall_time = 0.07 secs
Thu Aug 20 13:55:40 2026: Image # 24, module MaskImage # 6: CPU_time = 0.07 secs, Wall_time = 0.07 secs
Thu Aug 20 13:55:40 2026: Image # 24, module MaskImage # 7: CPU_time = 0.09 secs, Wall_time = 0.09 secs
Thu Aug 20 13:55:40 2026: Image # 24, module MaskObjects # 8: CPU_time = 0.47 secs, Wall_time = 0.47 secs
Thu Aug 20 13:55:41 2026: Image # 24, module RescaleIntensity # 9: CPU_time = 0.04 secs, Wall_time = 0.04 secs
Thu Aug 20 13:55:41 2026: Image # 24, module RescaleIntensity # 10: CPU_time = 0.05 secs, Wall_time = 0.05 secs
Thu Aug 20 13:55:41 2026: Image # 24, module MeasureTexture # 11: CPU_time = 10.73 secs, Wall_time = 10.72 secs
Thu Aug 20 13:55:52 2026: Image # 24, module ExportToSpreadsheet # 12: CPU_time = 0.00 secs, Wall_time = 0.00 secs
Thu Aug 20 13:55:52 2026: Image # 25, module Images # 1: CPU_time = 0.00 secs, Wall_time = 0.00 secs
Thu Aug 20 13:55:52 2026: Image # 25, module Metadata # 2: CPU_time = 0.00 secs, Wall_time = 0.00 secs
Thu Aug 20 13:55:52 2026: Image # 25, module NamesAndTypes # 3: CPU_time = 4.30 secs, Wall_time = 2.92 secs
Thu Aug 20 13:55:54 2026: Image # 25, module Groups # 4: CPU_time = 0.00 secs, Wall_time = 0.00 secs
Thu Aug 20 13:55:54 2026: Image # 25, module MaskImage # 5: CPU_time = 0.08 secs, Wall_time = 0.08 secs
Thu Aug 20 13:55:55 2026: Image # 25, module MaskImage # 6: CPU_time = 0.06 secs, Wall_time = 0.07 secs
Thu Aug 20 13:55:55 2026: Image # 25, module MaskImage # 7: CPU_time = 0.06 secs, Wall_time = 0.07 secs
Thu Aug 20 13:55:55 2026: Image # 25, module MaskObjects # 8: CPU_time = 0.50 secs, Wall_time = 0.50 secs
Thu Aug 20 13:55:55 2026: Image # 25, module RescaleIntensity # 9: CPU_time = 0.03 secs, Wall_time = 0.04 secs
Thu Aug 20 13:55:55 2026: Image # 25, module RescaleIntensity # 10: CPU_time = 0.03 secs, Wall_time = 0.03 secs
Thu Aug 20 13:55:55 2026: Image # 25, module MeasureTexture # 11: CPU_time = 12.05 secs, Wall_time = 12.04 secs
Thu Aug 20 13:56:07 2026: Image # 25, module ExportToSpreadsheet # 12: CPU_time = 0.00 secs, Wall_time = 0.00 secs
Thu Aug 20 13:56:07 2026: Image # 26, module Images # 1: CPU_time = 0.00 secs, Wall_time = 0.00 secs
Thu Aug 20 13:56:07 2026: Image # 26, module Metadata # 2: CPU_time = 0.00 secs, Wall_time = 0.00 secs
Thu Aug 20 13:56:07 2026: Image # 26, module NamesAndTypes # 3: CPU_time = 4.21 secs, Wall_time = 3.16 secs
Thu Aug 20 13:56:10 2026: Image # 26, module Groups # 4: CPU_time = 0.00 secs, Wall_time = 0.00 secs
Thu Aug 20 13:56:10 2026: Image # 26, module MaskImage # 5: CPU_time = 0.08 secs, Wall_time = 0.08 secs
Thu Aug 20 13:56:11 2026: Image # 26, module MaskImage # 6: CPU_time = 0.07 secs, Wall_time = 0.06 secs
Thu Aug 20 13:56:11 2026: Image # 26, module MaskImage # 7: CPU_time = 0.07 secs, Wall_time = 0.07 secs
Thu Aug 20 13:56:11 2026: Image # 26, module MaskObjects # 8: CPU_time = 0.40 secs, Wall_time = 0.40 secs
Thu Aug 20 13:56:11 2026: Image # 26, module RescaleIntensity # 9: CPU_time = 0.02 secs, Wall_time = 0.03 secs
Thu Aug 20 13:56:11 2026: Image # 26, module RescaleIntensity # 10: CPU_time = 0.04 secs, Wall_time = 0.03 secs
Thu Aug 20 13:56:11 2026: Image # 26, module MeasureTexture # 11: CPU_time = 6.29 secs, Wall_time = 6.29 secs
Thu Aug 20 13:56:17 2026: Image # 26, module ExportToSpreadsheet # 12: CPU_time = 0.00 secs, Wall_time = 0.00 secs
Thu Aug 20 13:56:17 2026: Image # 27, module Images # 1: CPU_time = 0.00 secs, Wall_time = 0.00 secs
Thu Aug 20 13:56:17 2026: Image # 27, module Metadata # 2: CPU_time = 0.00 secs, Wall_time = 0.00 secs
Thu Aug 20 13:56:17 2026: Image # 27, module NamesAndTypes # 3: CPU_time = 4.05 secs, Wall_time = 3.12 secs
Thu Aug 20 13:56:21 2026: Image # 27, module Groups # 4: CPU_time = 0.00 secs, Wall_time = 0.00 secs
Thu Aug 20 13:56:21 2026: Image # 27, module MaskImage # 5: CPU_time = 0.08 secs, Wall_time = 0.08 secs
Thu Aug 20 13:56:21 2026: Image # 27, module MaskImage # 6: CPU_time = 0.06 secs, Wall_time = 0.06 secs
Thu Aug 20 13:56:21 2026: Image # 27, module MaskImage # 7: CPU_time = 0.07 secs, Wall_time = 0.07 secs
Thu Aug 20 13:56:21 2026: Image # 27, module MaskObjects # 8: CPU_time = 0.40 secs, Wall_time = 0.40 secs
Thu Aug 20 13:56:21 2026: Image # 27, module RescaleIntensity # 9: CPU_time = 0.04 secs, Wall_time = 0.04 secs
Thu Aug 20 13:56:21 2026: Image # 27, module RescaleIntensity # 10: CPU_time = 0.04 secs, Wall_time = 0.04 secs
Thu Aug 20 13:56:21 2026: Image # 27, module MeasureTexture # 11: CPU_time = 5.73 secs, Wall_time = 5.73 secs
Thu Aug 20 13:56:27 2026: Image # 27, module ExportToSpreadsheet # 12: CPU_time = 0.00 secs, Wall_time = 0.00 secs
Thu Aug 20 13:56:27 2026: Image # 28, module Images # 1: CPU_time = 0.00 secs, Wall_time = 0.00 secs
Thu Aug 20 13:56:27 2026: Image # 28, module Metadata # 2: CPU_time = 0.00 secs, Wall_time = 0.00 secs
Thu Aug 20 13:56:27 2026: Image # 28, module NamesAndTypes # 3: CPU_time = 4.27 secs, Wall_time = 3.29 secs
Thu Aug 20 13:56:30 2026: Image # 28, module Groups # 4: CPU_time = 0.00 secs, Wall_time = 0.00 secs
Thu Aug 20 13:56:30 2026: Image # 28, module MaskImage # 5: CPU_time = 0.08 secs, Wall_time = 0.08 secs
Thu Aug 20 13:56:30 2026: Image # 28, module MaskImage # 6: CPU_time = 0.06 secs, Wall_time = 0.07 secs
Thu Aug 20 13:56:30 2026: Image # 28, module MaskImage # 7: CPU_time = 0.08 secs, Wall_time = 0.07 secs
Thu Aug 20 13:56:31 2026: Image # 28, module MaskObjects # 8: CPU_time = 0.43 secs, Wall_time = 0.44 secs
Thu Aug 20 13:56:31 2026: Image # 28, module RescaleIntensity # 9: CPU_time = 0.05 secs, Wall_time = 0.04 secs
Thu Aug 20 13:56:31 2026: Image # 28, module RescaleIntensity # 10: CPU_time = 0.03 secs, Wall_time = 0.03 secs
Thu Aug 20 13:56:31 2026: Image # 28, module MeasureTexture # 11: CPU_time = 6.66 secs, Wall_time = 6.66 secs
Thu Aug 20 13:56:38 2026: Image # 28, module ExportToSpreadsheet # 12: CPU_time = 0.00 secs, Wall_time = 0.00 secs
Thu Aug 20 13:56:38 2026: Image # 29, module Images # 1: CPU_time = 0.00 secs, Wall_time = 0.00 secs
Thu Aug 20 13:56:38 2026: Image # 29, module Metadata # 2: CPU_time = 0.00 secs, Wall_time = 0.00 secs
Thu Aug 20 13:56:38 2026: Image # 29, module NamesAndTypes # 3: CPU_time = 4.21 secs, Wall_time = 3.99 secs
Thu Aug 20 13:56:42 2026: Image # 29, module Groups # 4: CPU_time = 0.00 secs, Wall_time = 0.00 secs
Thu Aug 20 13:56:42 2026: Image # 29, module MaskImage # 5: CPU_time = 0.06 secs, Wall_time = 0.06 secs
Thu Aug 20 13:56:42 2026: Image # 29, module MaskImage # 6: CPU_time = 0.07 secs, Wall_time = 0.06 secs
Thu Aug 20 13:56:42 2026: Image # 29, module MaskImage # 7: CPU_time = 0.08 secs, Wall_time = 0.08 secs
Thu Aug 20 13:56:42 2026: Image # 29, module MaskObjects # 8: CPU_time = 0.42 secs, Wall_time = 0.42 secs
Thu Aug 20 13:56:42 2026: Image # 29, module RescaleIntensity # 9: CPU_time = 0.04 secs, Wall_time = 0.04 secs
Thu Aug 20 13:56:42 2026: Image # 29, module RescaleIntensity # 10: CPU_time = 0.04 secs, Wall_time = 0.05 secs
Thu Aug 20 13:56:42 2026: Image # 29, module MeasureTexture # 11: CPU_time = 6.35 secs, Wall_time = 6.34 secs
Thu Aug 20 13:56:49 2026: Image # 29, module ExportToSpreadsheet # 12: CPU_time = 0.00 secs, Wall_time = 0.00 secs
Thu Aug 20 13:56:49 2026: Image # 30, module Images # 1: CPU_time = 0.00 secs, Wall_time = 0.00 secs
Thu Aug 20 13:56:49 2026: Image # 30, module Metadata # 2: CPU_time = 0.00 secs, Wall_time = 0.00 secs
Thu Aug 20 13:56:49 2026: Image # 30, module NamesAndTypes # 3: CPU_time = 4.35 secs, Wall_time = 3.05 secs
Thu Aug 20 13:56:52 2026: Image # 30, module Groups # 4: CPU_time = 0.00 secs, Wall_time = 0.00 secs
Thu Aug 20 13:56:52 2026: Image # 30, module MaskImage # 5: CPU_time = 0.07 secs, Wall_time = 0.07 secs
Thu Aug 20 13:56:52 2026: Image # 30, module MaskImage # 6: CPU_time = 0.07 secs, Wall_time = 0.07 secs
Thu Aug 20 13:56:52 2026: Image # 30, module MaskImage # 7: CPU_time = 0.07 secs, Wall_time = 0.07 secs
Thu Aug 20 13:56:52 2026: Image # 30, module MaskObjects # 8: CPU_time = 0.43 secs, Wall_time = 0.43 secs
Thu Aug 20 13:56:53 2026: Image # 30, module RescaleIntensity # 9: CPU_time = 0.05 secs, Wall_time = 0.04 secs
Thu Aug 20 13:56:53 2026: Image # 30, module RescaleIntensity # 10: CPU_time = 0.04 secs, Wall_time = 0.04 secs
Thu Aug 20 13:56:53 2026: Image # 30, module MeasureTexture # 11: CPU_time = 6.81 secs, Wall_time = 6.81 secs
Thu Aug 20 13:56:59 2026: Image # 30, module ExportToSpreadsheet # 12: CPU_time = 0.00 secs, Wall_time = 0.00 secs
Thu Aug 20 13:56:59 2026: Image # 31, module Images # 1: CPU_time = 0.00 secs, Wall_time = 0.00 secs
Thu Aug 20 13:56:59 2026: Image # 31, module Metadata # 2: CPU_time = 0.00 secs, Wall_time = 0.00 secs
Thu Aug 20 13:56:59 2026: Image # 31, module NamesAndTypes # 3: CPU_time = 4.27 secs, Wall_time = 2.99 secs
Thu Aug 20 13:57:02 2026: Image # 31, module Groups # 4: CPU_time = 0.00 secs, Wall_time = 0.00 secs
Thu Aug 20 13:57:02 2026: Image # 31, module MaskImage # 5: CPU_time = 0.06 secs, Wall_time = 0.07 secs
Thu Aug 20 13:57:03 2026: Image # 31, module MaskImage # 6: CPU_time = 0.07 secs, Wall_time = 0.07 secs
Thu Aug 20 13:57:03 2026: Image # 31, module MaskImage # 7: CPU_time = 0.08 secs, Wall_time = 0.08 secs
Thu Aug 20 13:57:03 2026: Image # 31, module MaskObjects # 8: CPU_time = 0.38 secs, Wall_time = 0.38 secs
Thu Aug 20 13:57:03 2026: Image # 31, module RescaleIntensity # 9: CPU_time = 0.03 secs, Wall_time = 0.03 secs
Thu Aug 20 13:57:03 2026: Image # 31, module RescaleIntensity # 10: CPU_time = 0.03 secs, Wall_time = 0.03 secs
Thu Aug 20 13:57:03 2026: Image # 31, module MeasureTexture # 11: CPU_time = 5.99 secs, Wall_time = 5.98 secs
Thu Aug 20 13:57:09 2026: Image # 31, module ExportToSpreadsheet # 12: CPU_time = 0.00 secs, Wall_time = 0.00 secs
Thu Aug 20 13:57:09 2026: Image # 32, module Images # 1: CPU_time = 0.00 secs, Wall_time = 0.00 secs
Thu Aug 20 13:57:09 2026: Image # 32, module Metadata # 2: CPU_time = 0.00 secs, Wall_time = 0.00 secs
Thu Aug 20 13:57:09 2026: Image # 32, module NamesAndTypes # 3: CPU_time = 4.25 secs, Wall_time = 2.98 secs
Thu Aug 20 13:57:12 2026: Image # 32, module Groups # 4: CPU_time = 0.00 secs, Wall_time = 0.00 secs
Thu Aug 20 13:57:12 2026: Image # 32, module MaskImage # 5: CPU_time = 0.07 secs, Wall_time = 0.07 secs
Thu Aug 20 13:57:12 2026: Image # 32, module MaskImage # 6: CPU_time = 0.07 secs, Wall_time = 0.07 secs
Thu Aug 20 13:57:12 2026: Image # 32, module MaskImage # 7: CPU_time = 0.08 secs, Wall_time = 0.08 secs
Thu Aug 20 13:57:12 2026: Image # 32, module MaskObjects # 8: CPU_time = 0.39 secs, Wall_time = 0.39 secs
Thu Aug 20 13:57:13 2026: Image # 32, module RescaleIntensity # 9: CPU_time = 0.03 secs, Wall_time = 0.02 secs
Thu Aug 20 13:57:13 2026: Image # 32, module RescaleIntensity # 10: CPU_time = 0.04 secs, Wall_time = 0.03 secs
Thu Aug 20 13:57:13 2026: Image # 32, module MeasureTexture # 11: CPU_time = 6.22 secs, Wall_time = 6.22 secs
Thu Aug 20 13:57:19 2026: Image # 32, module ExportToSpreadsheet # 12: CPU_time = 0.00 secs, Wall_time = 0.00 secs
Thu Aug 20 13:57:19 2026: Image # 33, module Images # 1: CPU_time = 0.00 secs, Wall_time = 0.00 secs
Thu Aug 20 13:57:19 2026: Image # 33, module Metadata # 2: CPU_time = 0.00 secs, Wall_time = 0.00 secs
Thu Aug 20 13:57:19 2026: Image # 33, module NamesAndTypes # 3: CPU_time = 4.18 secs, Wall_time = 2.78 secs
Thu Aug 20 13:57:22 2026: Image # 33, module Groups # 4: CPU_time = 0.00 secs, Wall_time = 0.00 secs
Thu Aug 20 13:57:22 2026: Image # 33, module MaskImage # 5: CPU_time = 0.08 secs, Wall_time = 0.08 secs
Thu Aug 20 13:57:22 2026: Image # 33, module MaskImage # 6: CPU_time = 0.07 secs, Wall_time = 0.07 secs
Thu Aug 20 13:57:22 2026: Image # 33, module MaskImage # 7: CPU_time = 0.06 secs, Wall_time = 0.07 secs
Thu Aug 20 13:57:22 2026: Image # 33, module MaskObjects # 8: CPU_time = 0.38 secs, Wall_time = 0.38 secs
Thu Aug 20 13:57:22 2026: Image # 33, module RescaleIntensity # 9: CPU_time = 0.03 secs, Wall_time = 0.03 secs
Thu Aug 20 13:57:22 2026: Image # 33, module RescaleIntensity # 10: CPU_time = 0.03 secs, Wall_time = 0.03 secs
Thu Aug 20 13:57:22 2026: Image # 33, module MeasureTexture # 11: CPU_time = 5.75 secs, Wall_time = 5.74 secs
Thu Aug 20 13:57:28 2026: Image # 33, module ExportToSpreadsheet # 12: CPU_time = 0.00 secs, Wall_time = 0.00 secs
Thu Aug 20 13:57:28 2026: Image # 34, module Images # 1: CPU_time = 0.00 secs, Wall_time = 0.00 secs
Thu Aug 20 13:57:28 2026: Image # 34, module Metadata # 2: CPU_time = 0.00 secs, Wall_time = 0.00 secs
Thu Aug 20 13:57:28 2026: Image # 34, module NamesAndTypes # 3: CPU_time = 4.26 secs, Wall_time = 3.08 secs
Thu Aug 20 13:57:31 2026: Image # 34, module Groups # 4: CPU_time = 0.00 secs, Wall_time = 0.00 secs
Thu Aug 20 13:57:31 2026: Image # 34, module MaskImage # 5: CPU_time = 0.06 secs, Wall_time = 0.07 secs
Thu Aug 20 13:57:31 2026: Image # 34, module MaskImage # 6: CPU_time = 0.07 secs, Wall_time = 0.07 secs
Thu Aug 20 13:57:31 2026: Image # 34, module MaskImage # 7: CPU_time = 0.07 secs, Wall_time = 0.07 secs
Thu Aug 20 13:57:31 2026: Image # 34, module MaskObjects # 8: CPU_time = 0.42 secs, Wall_time = 0.42 secs
Thu Aug 20 13:57:32 2026: Image # 34, module RescaleIntensity # 9: CPU_time = 0.03 secs, Wall_time = 0.03 secs
Thu Aug 20 13:57:32 2026: Image # 34, module RescaleIntensity # 10: CPU_time = 0.03 secs, Wall_time = 0.03 secs
Thu Aug 20 13:57:32 2026: Image # 34, module MeasureTexture # 11: CPU_time = 5.88 secs, Wall_time = 5.88 secs
Thu Aug 20 13:57:38 2026: Image # 34, module ExportToSpreadsheet # 12: CPU_time = 0.00 secs, Wall_time = 0.00 secs
Thu Aug 20 13:57:38 2026: Image # 35, module Images # 1: CPU_time = 0.00 secs, Wall_time = 0.00 secs
Thu Aug 20 13:57:38 2026: Image # 35, module Metadata # 2: CPU_time = 0.00 secs, Wall_time = 0.00 secs
Thu Aug 20 13:57:38 2026: Image # 35, module NamesAndTypes # 3: CPU_time = 4.11 secs, Wall_time = 2.91 secs
Thu Aug 20 13:57:41 2026: Image # 35, module Groups # 4: CPU_time = 0.00 secs, Wall_time = 0.00 secs
Thu Aug 20 13:57:41 2026: Image # 35, module MaskImage # 5: CPU_time = 0.07 secs, Wall_time = 0.06 secs
Thu Aug 20 13:57:41 2026: Image # 35, module MaskImage # 6: CPU_time = 0.06 secs, Wall_time = 0.07 secs
Thu Aug 20 13:57:41 2026: Image # 35, module MaskImage # 7: CPU_time = 0.06 secs, Wall_time = 0.07 secs
Thu Aug 20 13:57:41 2026: Image # 35, module MaskObjects # 8: CPU_time = 0.47 secs, Wall_time = 0.47 secs
Thu Aug 20 13:57:41 2026: Image # 35, module RescaleIntensity # 9: CPU_time = 0.05 secs, Wall_time = 0.04 secs
Thu Aug 20 13:57:42 2026: Image # 35, module RescaleIntensity # 10: CPU_time = 0.04 secs, Wall_time = 0.05 secs
Thu Aug 20 13:57:42 2026: Image # 35, module MeasureTexture # 11: CPU_time = 7.83 secs, Wall_time = 7.83 secs
Thu Aug 20 13:57:49 2026: Image # 35, module ExportToSpreadsheet # 12: CPU_time = 0.00 secs, Wall_time = 0.00 secs
Thu Aug 20 13:57:49 2026: Image # 36, module Images # 1: CPU_time = 0.00 secs, Wall_time = 0.00 secs
Thu Aug 20 13:57:49 2026: Image # 36, module Metadata # 2: CPU_time = 0.00 secs, Wall_time = 0.00 secs
Thu Aug 20 13:57:49 2026: Image # 36, module NamesAndTypes # 3: CPU_time = 4.39 secs, Wall_time = 3.35 secs
Thu Aug 20 13:57:53 2026: Image # 36, module Groups # 4: CPU_time = 0.00 secs, Wall_time = 0.00 secs
Thu Aug 20 13:57:53 2026: Image # 36, module MaskImage # 5: CPU_time = 0.09 secs, Wall_time = 0.08 secs
Thu Aug 20 13:57:53 2026: Image # 36, module MaskImage # 6: CPU_time = 0.07 secs, Wall_time = 0.06 secs
Thu Aug 20 13:57:53 2026: Image # 36, module MaskImage # 7: CPU_time = 0.07 secs, Wall_time = 0.07 secs
Thu Aug 20 13:57:53 2026: Image # 36, module MaskObjects # 8: CPU_time = 0.44 secs, Wall_time = 0.44 secs
Thu Aug 20 13:57:53 2026: Image # 36, module RescaleIntensity # 9: CPU_time = 0.04 secs, Wall_time = 0.04 secs
Thu Aug 20 13:57:53 2026: Image # 36, module RescaleIntensity # 10: CPU_time = 0.04 secs, Wall_time = 0.05 secs
Thu Aug 20 13:57:54 2026: Image # 36, module MeasureTexture # 11: CPU_time = 6.73 secs, Wall_time = 6.74 secs
Thu Aug 20 13:58:00 2026: Image # 36, module ExportToSpreadsheet # 12: CPU_time = 0.00 secs, Wall_time = 0.00 secs
Thu Aug 20 13:58:00 2026: Image # 37, module Images # 1: CPU_time = 0.00 secs, Wall_time = 0.00 secs
Thu Aug 20 13:58:00 2026: Image # 37, module Metadata # 2: CPU_time = 0.00 secs, Wall_time = 0.00 secs
Thu Aug 20 13:58:00 2026: Image # 37, module NamesAndTypes # 3: CPU_time = 4.31 secs, Wall_time = 3.09 secs
Thu Aug 20 13:58:03 2026: Image # 37, module Groups # 4: CPU_time = 0.00 secs, Wall_time = 0.00 secs
Thu Aug 20 13:58:03 2026: Image # 37, module MaskImage # 5: CPU_time = 0.07 secs, Wall_time = 0.06 secs
Thu Aug 20 13:58:03 2026: Image # 37, module MaskImage # 6: CPU_time = 0.06 secs, Wall_time = 0.07 secs
Thu Aug 20 13:58:03 2026: Image # 37, module MaskImage # 7: CPU_time = 0.07 secs, Wall_time = 0.07 secs
Thu Aug 20 13:58:04 2026: Image # 37, module MaskObjects # 8: CPU_time = 0.48 secs, Wall_time = 0.48 secs
Thu Aug 20 13:58:04 2026: Image # 37, module RescaleIntensity # 9: CPU_time = 0.04 secs, Wall_time = 0.04 secs
Thu Aug 20 13:58:04 2026: Image # 37, module RescaleIntensity # 10: CPU_time = 0.04 secs, Wall_time = 0.04 secs
Thu Aug 20 13:58:04 2026: Image # 37, module MeasureTexture # 11: CPU_time = 8.89 secs, Wall_time = 8.88 secs
Thu Aug 20 13:58:13 2026: Image # 37, module ExportToSpreadsheet # 12: CPU_time = 0.00 secs, Wall_time = 0.00 secs
Thu Aug 20 13:58:13 2026: Image # 38, module Images # 1: CPU_time = 0.00 secs, Wall_time = 0.00 secs
Thu Aug 20 13:58:13 2026: Image # 38, module Metadata # 2: CPU_time = 0.00 secs, Wall_time = 0.00 secs
Thu Aug 20 13:58:13 2026: Image # 38, module NamesAndTypes # 3: CPU_time = 4.36 secs, Wall_time = 3.56 secs
Thu Aug 20 13:58:17 2026: Image # 38, module Groups # 4: CPU_time = 0.00 secs, Wall_time = 0.00 secs
Thu Aug 20 13:58:17 2026: Image # 38, module MaskImage # 5: CPU_time = 0.08 secs, Wall_time = 0.08 secs
Thu Aug 20 13:58:17 2026: Image # 38, module MaskImage # 6: CPU_time = 0.07 secs, Wall_time = 0.06 secs
Thu Aug 20 13:58:17 2026: Image # 38, module MaskImage # 7: CPU_time = 0.07 secs, Wall_time = 0.07 secs
Thu Aug 20 13:58:17 2026: Image # 38, module MaskObjects # 8: CPU_time = 0.44 secs, Wall_time = 0.44 secs
Thu Aug 20 13:58:17 2026: Image # 38, module RescaleIntensity # 9: CPU_time = 0.04 secs, Wall_time = 0.04 secs
Thu Aug 20 13:58:17 2026: Image # 38, module RescaleIntensity # 10: CPU_time = 0.04 secs, Wall_time = 0.04 secs
Thu Aug 20 13:58:17 2026: Image # 38, module MeasureTexture # 11: CPU_time = 6.62 secs, Wall_time = 6.61 secs
Thu Aug 20 13:58:24 2026: Image # 38, module ExportToSpreadsheet # 12: CPU_time = 0.00 secs, Wall_time = 0.00 secs
Thu Aug 20 13:58:24 2026: Image # 39, module Images # 1: CPU_time = 0.00 secs, Wall_time = 0.00 secs
Thu Aug 20 13:58:24 2026: Image # 39, module Metadata # 2: CPU_time = 0.00 secs, Wall_time = 0.00 secs
Thu Aug 20 13:58:24 2026: Image # 39, module NamesAndTypes # 3: CPU_time = 3.95 secs, Wall_time = 3.01 secs
Thu Aug 20 13:58:27 2026: Image # 39, module Groups # 4: CPU_time = 0.00 secs, Wall_time = 0.00 secs
Thu Aug 20 13:58:27 2026: Image # 39, module MaskImage # 5: CPU_time = 0.06 secs, Wall_time = 0.07 secs
Thu Aug 20 13:58:27 2026: Image # 39, module MaskImage # 6: CPU_time = 0.06 secs, Wall_time = 0.07 secs
Thu Aug 20 13:58:27 2026: Image # 39, module MaskImage # 7: CPU_time = 0.07 secs, Wall_time = 0.07 secs
Thu Aug 20 13:58:27 2026: Image # 39, module MaskObjects # 8: CPU_time = 0.42 secs, Wall_time = 0.42 secs
Thu Aug 20 13:58:28 2026: Image # 39, module RescaleIntensity # 9: CPU_time = 0.03 secs, Wall_time = 0.03 secs
Thu Aug 20 13:58:28 2026: Image # 39, module RescaleIntensity # 10: CPU_time = 0.03 secs, Wall_time = 0.03 secs
Thu Aug 20 13:58:28 2026: Image # 39, module MeasureTexture # 11: CPU_time = 9.15 secs, Wall_time = 9.13 secs
Thu Aug 20 13:58:37 2026: Image # 39, module ExportToSpreadsheet # 12: CPU_time = 0.00 secs, Wall_time = 0.00 secs
Thu Aug 20 13:58:37 2026: Image # 40, module Images # 1: CPU_time = 0.00 secs, Wall_time = 0.00 secs
Thu Aug 20 13:58:37 2026: Image # 40, module Metadata # 2: CPU_time = 0.00 secs, Wall_time = 0.00 secs
Thu Aug 20 13:58:37 2026: Image # 40, module NamesAndTypes # 3: CPU_time = 3.89 secs, Wall_time = 2.64 secs
Thu Aug 20 13:58:39 2026: Image # 40, module Groups # 4: CPU_time = 0.00 secs, Wall_time = 0.00 secs
Thu Aug 20 13:58:39 2026: Image # 40, module MaskImage # 5: CPU_time = 0.06 secs, Wall_time = 0.06 secs
Thu Aug 20 13:58:40 2026: Image # 40, module MaskImage # 6: CPU_time = 0.06 secs, Wall_time = 0.06 secs
Thu Aug 20 13:58:40 2026: Image # 40, module MaskImage # 7: CPU_time = 0.07 secs, Wall_time = 0.07 secs
Thu Aug 20 13:58:40 2026: Image # 40, module MaskObjects # 8: CPU_time = 0.41 secs, Wall_time = 0.41 secs
Thu Aug 20 13:58:40 2026: Image # 40, module RescaleIntensity # 9: CPU_time = 0.03 secs, Wall_time = 0.02 secs
Thu Aug 20 13:58:40 2026: Image # 40, module RescaleIntensity # 10: CPU_time = 0.02 secs, Wall_time = 0.02 secs
Thu Aug 20 13:58:40 2026: Image # 40, module MeasureTexture # 11: CPU_time = 9.26 secs, Wall_time = 9.25 secs
Thu Aug 20 13:58:49 2026: Image # 40, module ExportToSpreadsheet # 12: CPU_time = 0.00 secs, Wall_time = 0.01 secs
Thu Aug 20 13:58:49 2026: Image # 41, module Images # 1: CPU_time = 0.00 secs, Wall_time = 0.00 secs
Thu Aug 20 13:58:49 2026: Image # 41, module Metadata # 2: CPU_time = 0.00 secs, Wall_time = 0.00 secs
Thu Aug 20 13:58:49 2026: Image # 41, module NamesAndTypes # 3: CPU_time = 3.90 secs, Wall_time = 2.60 secs
Thu Aug 20 13:58:52 2026: Image # 41, module Groups # 4: CPU_time = 0.00 secs, Wall_time = 0.00 secs
Thu Aug 20 13:58:52 2026: Image # 41, module MaskImage # 5: CPU_time = 0.06 secs, Wall_time = 0.06 secs
Thu Aug 20 13:58:52 2026: Image # 41, module MaskImage # 6: CPU_time = 0.06 secs, Wall_time = 0.07 secs
Thu Aug 20 13:58:52 2026: Image # 41, module MaskImage # 7: CPU_time = 0.08 secs, Wall_time = 0.07 secs
Thu Aug 20 13:58:52 2026: Image # 41, module MaskObjects # 8: CPU_time = 0.42 secs, Wall_time = 0.42 secs
Thu Aug 20 13:58:53 2026: Image # 41, module RescaleIntensity # 9: CPU_time = 0.03 secs, Wall_time = 0.03 secs
Thu Aug 20 13:58:53 2026: Image # 41, module RescaleIntensity # 10: CPU_time = 0.03 secs, Wall_time = 0.03 secs
Thu Aug 20 13:58:53 2026: Image # 41, module MeasureTexture # 11: CPU_time = 10.04 secs, Wall_time = 10.04 secs
Thu Aug 20 13:59:03 2026: Image # 41, module ExportToSpreadsheet # 12: CPU_time = 0.01 secs, Wall_time = 0.00 secs
Thu Aug 20 13:59:03 2026: Image # 42, module Images # 1: CPU_time = 0.00 secs, Wall_time = 0.00 secs
Thu Aug 20 13:59:03 2026: Image # 42, module Metadata # 2: CPU_time = 0.00 secs, Wall_time = 0.00 secs
Thu Aug 20 13:59:03 2026: Image # 42, module NamesAndTypes # 3: CPU_time = 3.86 secs, Wall_time = 3.36 secs
Thu Aug 20 13:59:06 2026: Image # 42, module Groups # 4: CPU_time = 0.00 secs, Wall_time = 0.00 secs
Thu Aug 20 13:59:06 2026: Image # 42, module MaskImage # 5: CPU_time = 0.07 secs, Wall_time = 0.08 secs
Thu Aug 20 13:59:06 2026: Image # 42, module MaskImage # 6: CPU_time = 0.06 secs, Wall_time = 0.06 secs
Thu Aug 20 13:59:06 2026: Image # 42, module MaskImage # 7: CPU_time = 0.07 secs, Wall_time = 0.06 secs
Thu Aug 20 13:59:06 2026: Image # 42, module MaskObjects # 8: CPU_time = 0.46 secs, Wall_time = 0.45 secs
Thu Aug 20 13:59:07 2026: Image # 42, module RescaleIntensity # 9: CPU_time = 0.03 secs, Wall_time = 0.04 secs
Thu Aug 20 13:59:07 2026: Image # 42, module RescaleIntensity # 10: CPU_time = 0.03 secs, Wall_time = 0.03 secs
Thu Aug 20 13:59:07 2026: Image # 42, module MeasureTexture # 11: CPU_time = 10.21 secs, Wall_time = 10.20 secs
Thu Aug 20 13:59:17 2026: Image # 42, module ExportToSpreadsheet # 12: CPU_time = 0.00 secs, Wall_time = 0.00 secs
Thu Aug 20 13:59:17 2026: Image # 43, module Images # 1: CPU_time = 0.00 secs, Wall_time = 0.00 secs
Thu Aug 20 13:59:17 2026: Image # 43, module Metadata # 2: CPU_time = 0.00 secs, Wall_time = 0.00 secs
Thu Aug 20 13:59:17 2026: Image # 43, module NamesAndTypes # 3: CPU_time = 4.27 secs, Wall_time = 3.10 secs
Thu Aug 20 13:59:20 2026: Image # 43, module Groups # 4: CPU_time = 0.00 secs, Wall_time = 0.00 secs
Thu Aug 20 13:59:20 2026: Image # 43, module MaskImage # 5: CPU_time = 0.08 secs, Wall_time = 0.08 secs
Thu Aug 20 13:59:20 2026: Image # 43, module MaskImage # 6: CPU_time = 0.07 secs, Wall_time = 0.06 secs
Thu Aug 20 13:59:20 2026: Image # 43, module MaskImage # 7: CPU_time = 0.07 secs, Wall_time = 0.07 secs
Thu Aug 20 13:59:20 2026: Image # 43, module MaskObjects # 8: CPU_time = 0.43 secs, Wall_time = 0.42 secs
Thu Aug 20 13:59:21 2026: Image # 43, module RescaleIntensity # 9: CPU_time = 0.04 secs, Wall_time = 0.04 secs
Thu Aug 20 13:59:21 2026: Image # 43, module RescaleIntensity # 10: CPU_time = 0.05 secs, Wall_time = 0.04 secs
Thu Aug 20 13:59:21 2026: Image # 43, module MeasureTexture # 11: CPU_time = 6.40 secs, Wall_time = 6.40 secs
Thu Aug 20 13:59:27 2026: Image # 43, module ExportToSpreadsheet # 12: CPU_time = 0.00 secs, Wall_time = 0.00 secs
Thu Aug 20 13:59:27 2026: Image # 44, module Images # 1: CPU_time = 0.00 secs, Wall_time = 0.00 secs
Thu Aug 20 13:59:27 2026: Image # 44, module Metadata # 2: CPU_time = 0.00 secs, Wall_time = 0.00 secs
Thu Aug 20 13:59:27 2026: Image # 44, module NamesAndTypes # 3: CPU_time = 3.86 secs, Wall_time = 2.57 secs
Thu Aug 20 13:59:30 2026: Image # 44, module Groups # 4: CPU_time = 0.00 secs, Wall_time = 0.00 secs
Thu Aug 20 13:59:30 2026: Image # 44, module MaskImage # 5: CPU_time = 0.07 secs, Wall_time = 0.08 secs
Thu Aug 20 13:59:30 2026: Image # 44, module MaskImage # 6: CPU_time = 0.06 secs, Wall_time = 0.06 secs
Thu Aug 20 13:59:30 2026: Image # 44, module MaskImage # 7: CPU_time = 0.07 secs, Wall_time = 0.07 secs
Thu Aug 20 13:59:30 2026: Image # 44, module MaskObjects # 8: CPU_time = 0.41 secs, Wall_time = 0.40 secs
Thu Aug 20 13:59:31 2026: Image # 44, module RescaleIntensity # 9: CPU_time = 0.02 secs, Wall_time = 0.03 secs
Thu Aug 20 13:59:31 2026: Image # 44, module RescaleIntensity # 10: CPU_time = 0.02 secs, Wall_time = 0.03 secs
Thu Aug 20 13:59:31 2026: Image # 44, module MeasureTexture # 11: CPU_time = 6.84 secs, Wall_time = 6.83 secs
Thu Aug 20 13:59:37 2026: Image # 44, module ExportToSpreadsheet # 12: CPU_time = 0.01 secs, Wall_time = 0.00 secs
Thu Aug 20 13:59:37 2026: Image # 45, module Images # 1: CPU_time = 0.00 secs, Wall_time = 0.00 secs
Thu Aug 20 13:59:37 2026: Image # 45, module Metadata # 2: CPU_time = 0.00 secs, Wall_time = 0.00 secs
Thu Aug 20 13:59:37 2026: Image # 45, module NamesAndTypes # 3: CPU_time = 4.06 secs, Wall_time = 2.83 secs
Thu Aug 20 13:59:40 2026: Image # 45, module Groups # 4: CPU_time = 0.00 secs, Wall_time = 0.00 secs
Thu Aug 20 13:59:40 2026: Image # 45, module MaskImage # 5: CPU_time = 0.08 secs, Wall_time = 0.08 secs
Thu Aug 20 13:59:40 2026: Image # 45, module MaskImage # 6: CPU_time = 0.06 secs, Wall_time = 0.07 secs
Thu Aug 20 13:59:40 2026: Image # 45, module MaskImage # 7: CPU_time = 0.07 secs, Wall_time = 0.07 secs
Thu Aug 20 13:59:41 2026: Image # 45, module MaskObjects # 8: CPU_time = 0.37 secs, Wall_time = 0.37 secs
Thu Aug 20 13:59:41 2026: Image # 45, module RescaleIntensity # 9: CPU_time = 0.03 secs, Wall_time = 0.03 secs
Thu Aug 20 13:59:41 2026: Image # 45, module RescaleIntensity # 10: CPU_time = 0.03 secs, Wall_time = 0.03 secs
Thu Aug 20 13:59:41 2026: Image # 45, module MeasureTexture # 11: CPU_time = 5.77 secs, Wall_time = 5.77 secs
Thu Aug 20 13:59:47 2026: Image # 45, module ExportToSpreadsheet # 12: CPU_time = 0.00 secs, Wall_time = 0.00 secs
Thu Aug 20 13:59:47 2026: Image # 46, module Images # 1: CPU_time = 0.00 secs, Wall_time = 0.00 secs
Thu Aug 20 13:59:47 2026: Image # 46, module Metadata # 2: CPU_time = 0.00 secs, Wall_time = 0.00 secs
Thu Aug 20 13:59:47 2026: Image # 46, module NamesAndTypes # 3: CPU_time = 4.05 secs, Wall_time = 3.03 secs
Thu Aug 20 13:59:50 2026: Image # 46, module Groups # 4: CPU_time = 0.00 secs, Wall_time = 0.00 secs
Thu Aug 20 13:59:50 2026: Image # 46, module MaskImage # 5: CPU_time = 0.09 secs, Wall_time = 0.08 secs
Thu Aug 20 13:59:50 2026: Image # 46, module MaskImage # 6: CPU_time = 0.06 secs, Wall_time = 0.06 secs
Thu Aug 20 13:59:50 2026: Image # 46, module MaskImage # 7: CPU_time = 0.07 secs, Wall_time = 0.07 secs
Thu Aug 20 13:59:50 2026: Image # 46, module MaskObjects # 8: CPU_time = 0.39 secs, Wall_time = 0.39 secs
Thu Aug 20 13:59:50 2026: Image # 46, module RescaleIntensity # 9: CPU_time = 0.02 secs, Wall_time = 0.03 secs
Thu Aug 20 13:59:50 2026: Image # 46, module RescaleIntensity # 10: CPU_time = 0.02 secs, Wall_time = 0.03 secs
Thu Aug 20 13:59:50 2026: Image # 46, module MeasureTexture # 11: CPU_time = 5.65 secs, Wall_time = 5.65 secs
Thu Aug 20 13:59:56 2026: Image # 46, module ExportToSpreadsheet # 12: CPU_time = 0.00 secs, Wall_time = 0.00 secs
Thu Aug 20 13:59:56 2026: Image # 47, module Images # 1: CPU_time = 0.00 secs, Wall_time = 0.00 secs
Thu Aug 20 13:59:56 2026: Image # 47, module Metadata # 2: CPU_time = 0.00 secs, Wall_time = 0.00 secs
Thu Aug 20 13:59:56 2026: Image # 47, module NamesAndTypes # 3: CPU_time = 4.22 secs, Wall_time = 3.14 secs
Thu Aug 20 13:59:59 2026: Image # 47, module Groups # 4: CPU_time = 0.00 secs, Wall_time = 0.00 secs
Thu Aug 20 13:59:59 2026: Image # 47, module MaskImage # 5: CPU_time = 0.09 secs, Wall_time = 0.09 secs
Thu Aug 20 13:59:59 2026: Image # 47, module MaskImage # 6: CPU_time = 0.07 secs, Wall_time = 0.07 secs
Thu Aug 20 13:59:59 2026: Image # 47, module MaskImage # 7: CPU_time = 0.08 secs, Wall_time = 0.07 secs
Thu Aug 20 13:59:59 2026: Image # 47, module MaskObjects # 8: CPU_time = 0.42 secs, Wall_time = 0.42 secs
Thu Aug 20 14:00:00 2026: Image # 47, module RescaleIntensity # 9: CPU_time = 0.02 secs, Wall_time = 0.03 secs
Thu Aug 20 14:00:00 2026: Image # 47, module RescaleIntensity # 10: CPU_time = 0.03 secs, Wall_time = 0.04 secs
Thu Aug 20 14:00:00 2026: Image # 47, module MeasureTexture # 11: CPU_time = 5.60 secs, Wall_time = 5.60 secs
Thu Aug 20 14:00:06 2026: Image # 47, module ExportToSpreadsheet # 12: CPU_time = 0.00 secs, Wall_time = 0.00 secs
Thu Aug 20 14:00:06 2026: Image # 48, module Images # 1: CPU_time = 0.00 secs, Wall_time = 0.00 secs
Thu Aug 20 14:00:06 2026: Image # 48, module Metadata # 2: CPU_time = 0.00 secs, Wall_time = 0.00 secs
Thu Aug 20 14:00:06 2026: Image # 48, module NamesAndTypes # 3: CPU_time = 4.14 secs, Wall_time = 2.84 secs
Thu Aug 20 14:00:08 2026: Image # 48, module Groups # 4: CPU_time = 0.00 secs, Wall_time = 0.00 secs
Thu Aug 20 14:00:08 2026: Image # 48, module MaskImage # 5: CPU_time = 0.07 secs, Wall_time = 0.06 secs
Thu Aug 20 14:00:08 2026: Image # 48, module MaskImage # 6: CPU_time = 0.07 secs, Wall_time = 0.06 secs
Thu Aug 20 14:00:09 2026: Image # 48, module MaskImage # 7: CPU_time = 0.07 secs, Wall_time = 0.07 secs
Thu Aug 20 14:00:09 2026: Image # 48, module MaskObjects # 8: CPU_time = 0.37 secs, Wall_time = 0.37 secs
Thu Aug 20 14:00:09 2026: Image # 48, module RescaleIntensity # 9: CPU_time = 0.03 secs, Wall_time = 0.03 secs
Thu Aug 20 14:00:09 2026: Image # 48, module RescaleIntensity # 10: CPU_time = 0.03 secs, Wall_time = 0.03 secs
Thu Aug 20 14:00:09 2026: Image # 48, module MeasureTexture # 11: CPU_time = 6.15 secs, Wall_time = 6.15 secs
Thu Aug 20 14:00:15 2026: Image # 48, module ExportToSpreadsheet # 12: CPU_time = 0.00 secs, Wall_time = 0.00 secs
Thu Aug 20 14:00:15 2026: Image # 49, module Images # 1: CPU_time = 0.00 secs, Wall_time = 0.00 secs
Thu Aug 20 14:00:15 2026: Image # 49, module Metadata # 2: CPU_time = 0.00 secs, Wall_time = 0.00 secs
Thu Aug 20 14:00:15 2026: Image # 49, module NamesAndTypes # 3: CPU_time = 4.65 secs, Wall_time = 3.52 secs
Thu Aug 20 14:00:19 2026: Image # 49, module Groups # 4: CPU_time = 0.00 secs, Wall_time = 0.00 secs
Thu Aug 20 14:00:19 2026: Image # 49, module MaskImage # 5: CPU_time = 0.07 secs, Wall_time = 0.07 secs
Thu Aug 20 14:00:19 2026: Image # 49, module MaskImage # 6: CPU_time = 0.08 secs, Wall_time = 0.07 secs
Thu Aug 20 14:00:19 2026: Image # 49, module MaskImage # 7: CPU_time = 0.07 secs, Wall_time = 0.07 secs
Thu Aug 20 14:00:19 2026: Image # 49, module MaskObjects # 8: CPU_time = 0.44 secs, Wall_time = 0.44 secs
Thu Aug 20 14:00:19 2026: Image # 49, module RescaleIntensity # 9: CPU_time = 0.04 secs, Wall_time = 0.04 secs
Thu Aug 20 14:00:19 2026: Image # 49, module RescaleIntensity # 10: CPU_time = 0.03 secs, Wall_time = 0.03 secs
Thu Aug 20 14:00:19 2026: Image # 49, module MeasureTexture # 11: CPU_time = 6.52 secs, Wall_time = 6.52 secs
Thu Aug 20 14:00:26 2026: Image # 49, module ExportToSpreadsheet # 12: CPU_time = 0.00 secs, Wall_time = 0.00 secs
Thu Aug 20 14:00:26 2026: Image # 50, module Images # 1: CPU_time = 0.00 secs, Wall_time = 0.00 secs
Thu Aug 20 14:00:26 2026: Image # 50, module Metadata # 2: CPU_time = 0.00 secs, Wall_time = 0.00 secs
Thu Aug 20 14:00:26 2026: Image # 50, module NamesAndTypes # 3: CPU_time = 4.42 secs, Wall_time = 3.08 secs
Thu Aug 20 14:00:29 2026: Image # 50, module Groups # 4: CPU_time = 0.00 secs, Wall_time = 0.00 secs
Thu Aug 20 14:00:29 2026: Image # 50, module MaskImage # 5: CPU_time = 0.07 secs, Wall_time = 0.07 secs
Thu Aug 20 14:00:29 2026: Image # 50, module MaskImage # 6: CPU_time = 0.07 secs, Wall_time = 0.07 secs
Thu Aug 20 14:00:29 2026: Image # 50, module MaskImage # 7: CPU_time = 0.07 secs, Wall_time = 0.07 secs
Thu Aug 20 14:00:29 2026: Image # 50, module MaskObjects # 8: CPU_time = 0.46 secs, Wall_time = 0.46 secs
Thu Aug 20 14:00:30 2026: Image # 50, module RescaleIntensity # 9: CPU_time = 0.05 secs, Wall_time = 0.04 secs
Thu Aug 20 14:00:30 2026: Image # 50, module RescaleIntensity # 10: CPU_time = 0.05 secs, Wall_time = 0.05 secs
Thu Aug 20 14:00:30 2026: Image # 50, module MeasureTexture # 11: CPU_time = 6.96 secs, Wall_time = 6.97 secs
Thu Aug 20 14:00:37 2026: Image # 50, module ExportToSpreadsheet # 12: CPU_time = 0.00 secs, Wall_time = 0.00 secs
