Error for image set, channel=051, metadata=DNA: Image missing from channel
Error for image set, channel=052, metadata=DNA: Image missing from channel
Error for image set, channel=053, metadata=DNA: Image missing from channel
Error for image set, channel=054, metadata=DNA: Image missing from channel
Error for image set, channel=055, metadata=DNA: Image missing from channel
Error for image set, channel=056, metadata=DNA: Image missing from channel
Error for image set, channel=057, metadata=DNA: Image missing from channel
Error for image set, channel=058, metadata=DNA: Image missing from channel
Error for image set, channel=059, metadata=DNA: Image missing from channel
Error for image set, channel=060, metadata=DNA: Image missing from channel
Error for image set, channel=061, metadata=DNA: Image missing from channel
Error for image set, channel=062, metadata=DNA: Image missing from channel
Error for image set, channel=063, metadata=DNA: Image missing from channel
Error for image set, channel=064, metadata=DNA: Image missing from channel
Error for image set, channel=065, metadata=DNA: Image missing from channel
Error for image set, channel=066, metadata=DNA: Image missing from channel
Error for image set, channel=067, metadata=DNA: Image missing from channel
Error for image set, channel=068, metadata=DNA: Image missing from channel
Error for image set, channel=069, metadata=DNA: Image missing from channel
Error for image set, channel=070, metadata=DNA: Image missing from channel
Error for image set, channel=071, metadata=DNA: Image missing from channel
Error for image set, channel=072, metadata=DNA: Image missing from channel
Error for image set, channel=073, metadata=DNA: Image missing from channel
Error for image set, channel=074, metadata=DNA: Image missing from channel
Error for image set, channel=075, metadata=DNA: Image missing from channel
Error for image set, channel=076, metadata=DNA: Image missing from channel
Error for image set, channel=077, metadata=DNA: Image missing from channel
Error for image set, channel=078, metadata=DNA: Image missing from channel
Error for image set, channel=079, metadata=DNA: Image missing from channel
Error for image set, channel=080, metadata=DNA: Image missing from channel
Error for image set, channel=081, metadata=DNA: Image missing from channel
Error for image set, channel=082, metadata=DNA: Image missing from channel
Error for image set, channel=083, metadata=DNA: Image missing from channel
Error for image set, channel=084, metadata=DNA: Image missing from channel
Error for image set, channel=085, metadata=DNA: Image missing from channel
Error for image set, channel=086, metadata=DNA: Image missing from channel
Error for image set, channel=087, metadata=DNA: Image missing from channel
Error for image set, channel=088, metadata=DNA: Image missing from channel
Error for image set, channel=089, metadata=DNA: Image missing from channel
Error for image set, channel=090, metadata=DNA: Image missing from channel
Error for image set, channel=091, metadata=DNA: Image missing from channel
Error for image set, channel=092, metadata=DNA: Image missing from channel
Error for image set, channel=093, metadata=DNA: Image missing from channel
Error for image set, channel=094, metadata=DNA: Image missing from channel
Error for image set, channel=095, metadata=DNA: Image missing from channel
Error for image set, channel=096, metadata=DNA: Image missing from channel
Error for image set, channel=097, metadata=DNA: Image missing from channel
Error for image set, channel=098, metadata=DNA: Image missing from channel
Error for image set, channel=099, metadata=DNA: Image missing from channel
Error for image set, channel=100, metadata=DNA: Image missing from channel
Error for image set, channel=101, metadata=DNA: Image missing from channel
Error for image set, channel=102, metadata=DNA: Image missing from channel
Error for image set, channel=103, metadata=DNA: Image missing from channel
Error for image set, channel=104, metadata=DNA: Image missing from channel
Error for image set, channel=105, metadata=DNA: Image missing from channel
Error for image set, channel=106, metadata=DNA: Image missing from channel
Error for image set, channel=107, metadata=DNA: Image missing from channel
Error for image set, channel=108, metadata=DNA: Image missing from channel
Error for image set, channel=109, metadata=DNA: Image missing from channel
Error for image set, channel=110, metadata=DNA: Image missing from channel
Error for image set, channel=111, metadata=DNA: Image missing from channel
Error for image set, channel=112, metadata=DNA: Image missing from channel
Error for image set, channel=113, metadata=DNA: Image missing from channel
Error for image set, channel=114, metadata=DNA: Image missing from channel
Error for image set, channel=115, metadata=DNA: Image missing from channel
Error for image set, channel=116, metadata=DNA: Image missing from channel
Error for image set, channel=117, metadata=DNA: Image missing from channel
Error for image set, channel=118, metadata=DNA: Image missing from channel
Error for image set, channel=119, metadata=DNA: Image missing from channel
Error for image set, channel=120, metadata=DNA: Image missing from channel
Error for image set, channel=121, metadata=DNA: Image missing from channel
Error for image set, channel=122, metadata=DNA: Image missing from channel
Error for image set, channel=123, metadata=DNA: Image missing from channel
Error for image set, channel=124, metadata=DNA: Image missing from channel
Error for image set, channel=125, metadata=DNA: Image missing from channel
Error for image set, channel=126, metadata=DNA: Image missing from channel
Error for image set, channel=127, metadata=DNA: Image missing from channel
Error for image set, channel=128, metadata=DNA: Image missing from channel
Error for image set, channel=129, metadata=DNA: Image missing from channel
Error for image set, channel=130, metadata=DNA: Image missing from channel
Error for image set, channel=131, metadata=DNA: Image missing from channel
Error for image set, channel=132, metadata=DNA: Image missing from channel
Error for image set, channel=133, metadata=DNA: Image missing from channel
Error for image set, channel=134, metadata=DNA: Image missing from channel
Error for image set, channel=135, metadata=DNA: Image missing from channel
Error for image set, channel=136, metadata=DNA: Image missing from channel
Error for image set, channel=137, metadata=DNA: Image missing from channel
Error for image set, channel=138, metadata=DNA: Image missing from channel
Error for image set, channel=139, metadata=DNA: Image missing from channel
Error for image set, channel=140, metadata=DNA: Image missing from channel
Error for image set, channel=141, metadata=DNA: Image missing from channel
Error for image set, channel=142, metadata=DNA: Image missing from channel
Error for image set, channel=143, metadata=DNA: Image missing from channel
Error for image set, channel=144, metadata=DNA: Image missing from channel
Error for image set, channel=145, metadata=DNA: Image missing from channel
Error for image set, channel=146, metadata=DNA: Image missing from channel
Error for image set, channel=147, metadata=DNA: Image missing from channel
Error for image set, channel=148, metadata=DNA: Image missing from channel
Error for image set, channel=149, metadata=DNA: Image missing from channel
Error for image set, channel=150, metadata=DNA: Image missing from channel
Times reported are CPU and Wall-clock times for each module
Wed Aug 19 21:46:05 2026: Image # 1, module Images # 1: CPU_time = 0.00 secs, Wall_time = 0.00 secs
Wed Aug 19 21:46:05 2026: Image # 1, module Metadata # 2: CPU_time = 0.00 secs, Wall_time = 0.00 secs
Wed Aug 19 21:46:05 2026: Image # 1, module NamesAndTypes # 3: CPU_time = 6.12 secs, Wall_time = 5.26 secs
Wed Aug 19 21:46:10 2026: Image # 1, module Groups # 4: CPU_time = 0.00 secs, Wall_time = 0.00 secs
Wed Aug 19 21:46:10 2026: Image # 1, module MaskImage # 5: CPU_time = 0.09 secs, Wall_time = 0.10 secs
Wed Aug 19 21:46:10 2026: Image # 1, module MaskImage # 6: CPU_time = 0.10 secs, Wall_time = 0.10 secs
Wed Aug 19 21:46:11 2026: Image # 1, module MaskImage # 7: CPU_time = 0.11 secs, Wall_time = 0.11 secs
Wed Aug 19 21:46:11 2026: Image # 1, module MaskObjects # 8: CPU_time = 0.61 secs, Wall_time = 0.60 secs
Wed Aug 19 21:46:11 2026: Image # 1, module MeasureObjectIntensity # 9: CPU_time = 5.53 secs, Wall_time = 5.51 secs
Wed Aug 19 21:46:17 2026: Image # 1, module MeasureGranularity # 10: CPU_time = 16.76 secs, Wall_time = 16.84 secs
Wed Aug 19 21:46:34 2026: Image # 1, module MeasureGranularity # 11: CPU_time = 24.39 secs, Wall_time = 24.37 secs
Wed Aug 19 21:46:58 2026: Image # 1, module MeasureObjectIntensityDistribution # 12: CPU_time = 6.91 secs, Wall_time = 6.91 secs
Wed Aug 19 21:47:05 2026: Image # 1, module MeasureTexture # 13: CPU_time = 1.95 secs, Wall_time = 1.94 secs
Wed Aug 19 21:47:07 2026: Image # 1, module MeasureColocalization # 14: CPU_time = 108.62 secs, Wall_time = 29.00 secs
Wed Aug 19 21:47:36 2026: Image # 1, module ExportToSpreadsheet # 15: CPU_time = 0.00 secs, Wall_time = 0.00 secs
Wed Aug 19 21:47:36 2026: Image # 2, module Images # 1: CPU_time = 0.00 secs, Wall_time = 0.00 secs
Wed Aug 19 21:47:36 2026: Image # 2, module Metadata # 2: CPU_time = 0.00 secs, Wall_time = 0.00 secs
Wed Aug 19 21:47:36 2026: Image # 2, module NamesAndTypes # 3: CPU_time = 6.83 secs, Wall_time = 6.78 secs
Wed Aug 19 21:47:43 2026: Image # 2, module Groups # 4: CPU_time = 0.00 secs, Wall_time = 0.00 secs
Wed Aug 19 21:47:43 2026: Image # 2, module MaskImage # 5: CPU_time = 0.08 secs, Wall_time = 0.09 secs
Wed Aug 19 21:47:43 2026: Image # 2, module MaskImage # 6: CPU_time = 0.10 secs, Wall_time = 0.11 secs
Wed Aug 19 21:47:43 2026: Image # 2, module MaskImage # 7: CPU_time = 0.10 secs, Wall_time = 0.09 secs
Wed Aug 19 21:47:43 2026: Image # 2, module MaskObjects # 8: CPU_time = 0.56 secs, Wall_time = 0.56 secs
Wed Aug 19 21:47:44 2026: Image # 2, module MeasureObjectIntensity # 9: CPU_time = 5.85 secs, Wall_time = 5.85 secs
Wed Aug 19 21:47:49 2026: Image # 2, module MeasureGranularity # 10: CPU_time = 16.26 secs, Wall_time = 16.25 secs
Wed Aug 19 21:48:06 2026: Image # 2, module MeasureGranularity # 11: CPU_time = 24.65 secs, Wall_time = 24.63 secs
Wed Aug 19 21:48:30 2026: Image # 2, module MeasureObjectIntensityDistribution # 12: CPU_time = 7.57 secs, Wall_time = 7.57 secs
Wed Aug 19 21:48:38 2026: Image # 2, module MeasureTexture # 13: CPU_time = 1.96 secs, Wall_time = 1.96 secs
Wed Aug 19 21:48:40 2026: Image # 2, module MeasureColocalization # 14: CPU_time = 93.32 secs, Wall_time = 25.47 secs
Wed Aug 19 21:49:05 2026: Image # 2, module ExportToSpreadsheet # 15: CPU_time = 0.00 secs, Wall_time = 0.00 secs
Wed Aug 19 21:49:05 2026: Image # 3, module Images # 1: CPU_time = 0.00 secs, Wall_time = 0.00 secs
Wed Aug 19 21:49:05 2026: Image # 3, module Metadata # 2: CPU_time = 0.00 secs, Wall_time = 0.00 secs
Wed Aug 19 21:49:05 2026: Image # 3, module NamesAndTypes # 3: CPU_time = 5.94 secs, Wall_time = 5.01 secs
Wed Aug 19 21:49:10 2026: Image # 3, module Groups # 4: CPU_time = 0.00 secs, Wall_time = 0.00 secs
Wed Aug 19 21:49:10 2026: Image # 3, module MaskImage # 5: CPU_time = 0.09 secs, Wall_time = 0.09 secs
Wed Aug 19 21:49:10 2026: Image # 3, module MaskImage # 6: CPU_time = 0.10 secs, Wall_time = 0.09 secs
Wed Aug 19 21:49:11 2026: Image # 3, module MaskImage # 7: CPU_time = 0.08 secs, Wall_time = 0.10 secs
Wed Aug 19 21:49:11 2026: Image # 3, module MaskObjects # 8: CPU_time = 0.54 secs, Wall_time = 0.54 secs
Wed Aug 19 21:49:11 2026: Image # 3, module MeasureObjectIntensity # 9: CPU_time = 6.99 secs, Wall_time = 6.98 secs
Wed Aug 19 21:49:18 2026: Image # 3, module MeasureGranularity # 10: CPU_time = 17.35 secs, Wall_time = 17.33 secs
Wed Aug 19 21:49:35 2026: Image # 3, module MeasureGranularity # 11: CPU_time = 26.97 secs, Wall_time = 26.96 secs
Wed Aug 19 21:50:02 2026: Image # 3, module MeasureObjectIntensityDistribution # 12: CPU_time = 9.30 secs, Wall_time = 9.30 secs
Wed Aug 19 21:50:12 2026: Image # 3, module MeasureTexture # 13: CPU_time = 2.20 secs, Wall_time = 2.20 secs
Wed Aug 19 21:50:14 2026: Image # 3, module MeasureColocalization # 14: CPU_time = 263.33 secs, Wall_time = 69.55 secs
Wed Aug 19 21:51:23 2026: Image # 3, module ExportToSpreadsheet # 15: CPU_time = 0.00 secs, Wall_time = 0.01 secs
Wed Aug 19 21:51:24 2026: Image # 4, module Images # 1: CPU_time = 0.00 secs, Wall_time = 0.00 secs
Wed Aug 19 21:51:24 2026: Image # 4, module Metadata # 2: CPU_time = 0.00 secs, Wall_time = 0.00 secs
Wed Aug 19 21:51:24 2026: Image # 4, module NamesAndTypes # 3: CPU_time = 6.21 secs, Wall_time = 6.88 secs
Wed Aug 19 21:51:30 2026: Image # 4, module Groups # 4: CPU_time = 0.00 secs, Wall_time = 0.00 secs
Wed Aug 19 21:51:30 2026: Image # 4, module MaskImage # 5: CPU_time = 0.08 secs, Wall_time = 0.09 secs
Wed Aug 19 21:51:30 2026: Image # 4, module MaskImage # 6: CPU_time = 0.09 secs, Wall_time = 0.09 secs
Wed Aug 19 21:51:31 2026: Image # 4, module MaskImage # 7: CPU_time = 0.09 secs, Wall_time = 0.10 secs
Wed Aug 19 21:51:31 2026: Image # 4, module MaskObjects # 8: CPU_time = 0.57 secs, Wall_time = 0.57 secs
Wed Aug 19 21:51:31 2026: Image # 4, module MeasureObjectIntensity # 9: CPU_time = 6.44 secs, Wall_time = 6.44 secs
Wed Aug 19 21:51:38 2026: Image # 4, module MeasureGranularity # 10: CPU_time = 17.17 secs, Wall_time = 17.16 secs
Wed Aug 19 21:51:55 2026: Image # 4, module MeasureGranularity # 11: CPU_time = 21.44 secs, Wall_time = 21.43 secs
Wed Aug 19 21:52:16 2026: Image # 4, module MeasureObjectIntensityDistribution # 12: CPU_time = 7.14 secs, Wall_time = 7.14 secs
Wed Aug 19 21:52:23 2026: Image # 4, module MeasureTexture # 13: CPU_time = 1.72 secs, Wall_time = 1.72 secs
Wed Aug 19 21:52:25 2026: Image # 4, module MeasureColocalization # 14: CPU_time = 259.74 secs, Wall_time = 67.68 secs
Wed Aug 19 21:53:33 2026: Image # 4, module ExportToSpreadsheet # 15: CPU_time = 0.01 secs, Wall_time = 0.00 secs
Wed Aug 19 21:53:33 2026: Image # 5, module Images # 1: CPU_time = 0.00 secs, Wall_time = 0.00 secs
Wed Aug 19 21:53:33 2026: Image # 5, module Metadata # 2: CPU_time = 0.00 secs, Wall_time = 0.00 secs
Wed Aug 19 21:53:33 2026: Image # 5, module NamesAndTypes # 3: CPU_time = 4.93 secs, Wall_time = 4.63 secs
Wed Aug 19 21:53:37 2026: Image # 5, module Groups # 4: CPU_time = 0.00 secs, Wall_time = 0.00 secs
Wed Aug 19 21:53:37 2026: Image # 5, module MaskImage # 5: CPU_time = 0.08 secs, Wall_time = 0.08 secs
Wed Aug 19 21:53:38 2026: Image # 5, module MaskImage # 6: CPU_time = 0.10 secs, Wall_time = 0.09 secs
Wed Aug 19 21:53:38 2026: Image # 5, module MaskImage # 7: CPU_time = 0.09 secs, Wall_time = 0.08 secs
Wed Aug 19 21:53:38 2026: Image # 5, module MaskObjects # 8: CPU_time = 0.54 secs, Wall_time = 0.54 secs
Wed Aug 19 21:53:38 2026: Image # 5, module MeasureObjectIntensity # 9: CPU_time = 9.39 secs, Wall_time = 9.39 secs
Wed Aug 19 21:53:48 2026: Image # 5, module MeasureGranularity # 10: CPU_time = 15.95 secs, Wall_time = 15.94 secs
Wed Aug 19 21:54:04 2026: Image # 5, module MeasureGranularity # 11: CPU_time = 32.00 secs, Wall_time = 31.97 secs
Wed Aug 19 21:54:36 2026: Image # 5, module MeasureObjectIntensityDistribution # 12: CPU_time = 13.48 secs, Wall_time = 13.48 secs
Wed Aug 19 21:54:49 2026: Image # 5, module MeasureTexture # 13: CPU_time = 2.41 secs, Wall_time = 2.40 secs
Wed Aug 19 21:54:52 2026: Image # 5, module MeasureColocalization # 14: CPU_time = 233.66 secs, Wall_time = 75.49 secs
Wed Aug 19 21:56:07 2026: Image # 5, module ExportToSpreadsheet # 15: CPU_time = 0.00 secs, Wall_time = 0.00 secs
Wed Aug 19 21:56:07 2026: Image # 6, module Images # 1: CPU_time = 0.00 secs, Wall_time = 0.00 secs
Wed Aug 19 21:56:07 2026: Image # 6, module Metadata # 2: CPU_time = 0.00 secs, Wall_time = 0.00 secs
Wed Aug 19 21:56:07 2026: Image # 6, module NamesAndTypes # 3: CPU_time = 4.98 secs, Wall_time = 4.62 secs
Wed Aug 19 21:56:12 2026: Image # 6, module Groups # 4: CPU_time = 0.00 secs, Wall_time = 0.00 secs
Wed Aug 19 21:56:12 2026: Image # 6, module MaskImage # 5: CPU_time = 0.08 secs, Wall_time = 0.07 secs
Wed Aug 19 21:56:12 2026: Image # 6, module MaskImage # 6: CPU_time = 0.09 secs, Wall_time = 0.09 secs
Wed Aug 19 21:56:12 2026: Image # 6, module MaskImage # 7: CPU_time = 0.08 secs, Wall_time = 0.08 secs
Wed Aug 19 21:56:12 2026: Image # 6, module MaskObjects # 8: CPU_time = 0.55 secs, Wall_time = 0.55 secs
Wed Aug 19 21:56:12 2026: Image # 6, module MeasureObjectIntensity # 9: CPU_time = 8.82 secs, Wall_time = 8.82 secs
Wed Aug 19 21:56:21 2026: Image # 6, module MeasureGranularity # 10: CPU_time = 15.82 secs, Wall_time = 15.80 secs
Wed Aug 19 21:56:37 2026: Image # 6, module MeasureGranularity # 11: CPU_time = 29.02 secs, Wall_time = 29.00 secs
Wed Aug 19 21:57:06 2026: Image # 6, module MeasureObjectIntensityDistribution # 12: CPU_time = 13.22 secs, Wall_time = 13.21 secs
Wed Aug 19 21:57:19 2026: Image # 6, module MeasureTexture # 13: CPU_time = 2.29 secs, Wall_time = 2.28 secs
Wed Aug 19 21:57:22 2026: Image # 6, module MeasureColocalization # 14: CPU_time = 166.70 secs, Wall_time = 53.36 secs
Wed Aug 19 21:58:15 2026: Image # 6, module ExportToSpreadsheet # 15: CPU_time = 0.00 secs, Wall_time = 0.01 secs
Wed Aug 19 21:58:15 2026: Image # 7, module Images # 1: CPU_time = 0.00 secs, Wall_time = 0.00 secs
Wed Aug 19 21:58:15 2026: Image # 7, module Metadata # 2: CPU_time = 0.00 secs, Wall_time = 0.00 secs
Wed Aug 19 21:58:15 2026: Image # 7, module NamesAndTypes # 3: CPU_time = 4.86 secs, Wall_time = 6.71 secs
Wed Aug 19 21:58:22 2026: Image # 7, module Groups # 4: CPU_time = 0.00 secs, Wall_time = 0.00 secs
Wed Aug 19 21:58:22 2026: Image # 7, module MaskImage # 5: CPU_time = 0.08 secs, Wall_time = 0.07 secs
Wed Aug 19 21:58:22 2026: Image # 7, module MaskImage # 6: CPU_time = 0.07 secs, Wall_time = 0.07 secs
Wed Aug 19 21:58:22 2026: Image # 7, module MaskImage # 7: CPU_time = 0.09 secs, Wall_time = 0.08 secs
Wed Aug 19 21:58:22 2026: Image # 7, module MaskObjects # 8: CPU_time = 0.54 secs, Wall_time = 0.53 secs
Wed Aug 19 21:58:22 2026: Image # 7, module MeasureObjectIntensity # 9: CPU_time = 6.81 secs, Wall_time = 6.81 secs
Wed Aug 19 21:58:29 2026: Image # 7, module MeasureGranularity # 10: CPU_time = 14.61 secs, Wall_time = 14.60 secs
Wed Aug 19 21:58:44 2026: Image # 7, module MeasureGranularity # 11: CPU_time = 24.85 secs, Wall_time = 24.82 secs
Wed Aug 19 21:59:09 2026: Image # 7, module MeasureObjectIntensityDistribution # 12: CPU_time = 9.46 secs, Wall_time = 9.46 secs
Wed Aug 19 21:59:18 2026: Image # 7, module MeasureTexture # 13: CPU_time = 2.03 secs, Wall_time = 2.02 secs
Wed Aug 19 21:59:20 2026: Image # 7, module MeasureColocalization # 14: CPU_time = 203.57 secs, Wall_time = 55.56 secs
Wed Aug 19 22:00:16 2026: Image # 7, module ExportToSpreadsheet # 15: CPU_time = 0.00 secs, Wall_time = 0.01 secs
Wed Aug 19 22:00:16 2026: Image # 8, module Images # 1: CPU_time = 0.00 secs, Wall_time = 0.00 secs
Wed Aug 19 22:00:16 2026: Image # 8, module Metadata # 2: CPU_time = 0.00 secs, Wall_time = 0.00 secs
Wed Aug 19 22:00:16 2026: Image # 8, module NamesAndTypes # 3: CPU_time = 4.81 secs, Wall_time = 5.59 secs
Wed Aug 19 22:00:21 2026: Image # 8, module Groups # 4: CPU_time = 0.00 secs, Wall_time = 0.00 secs
Wed Aug 19 22:00:21 2026: Image # 8, module MaskImage # 5: CPU_time = 0.07 secs, Wall_time = 0.07 secs
Wed Aug 19 22:00:21 2026: Image # 8, module MaskImage # 6: CPU_time = 0.08 secs, Wall_time = 0.08 secs
Wed Aug 19 22:00:22 2026: Image # 8, module MaskImage # 7: CPU_time = 0.08 secs, Wall_time = 0.08 secs
Wed Aug 19 22:00:22 2026: Image # 8, module MaskObjects # 8: CPU_time = 0.54 secs, Wall_time = 0.54 secs
Wed Aug 19 22:00:22 2026: Image # 8, module MeasureObjectIntensity # 9: CPU_time = 7.12 secs, Wall_time = 7.12 secs
Wed Aug 19 22:00:29 2026: Image # 8, module MeasureGranularity # 10: CPU_time = 14.75 secs, Wall_time = 14.73 secs
Wed Aug 19 22:00:44 2026: Image # 8, module MeasureGranularity # 11: CPU_time = 25.99 secs, Wall_time = 25.97 secs
Wed Aug 19 22:01:10 2026: Image # 8, module MeasureObjectIntensityDistribution # 12: CPU_time = 10.73 secs, Wall_time = 10.72 secs
Wed Aug 19 22:01:21 2026: Image # 8, module MeasureTexture # 13: CPU_time = 1.91 secs, Wall_time = 1.91 secs
Wed Aug 19 22:01:23 2026: Image # 8, module MeasureColocalization # 14: CPU_time = 212.00 secs, Wall_time = 65.15 secs
Wed Aug 19 22:02:28 2026: Image # 8, module ExportToSpreadsheet # 15: CPU_time = 0.00 secs, Wall_time = 0.00 secs
Wed Aug 19 22:02:28 2026: Image # 9, module Images # 1: CPU_time = 0.00 secs, Wall_time = 0.00 secs
Wed Aug 19 22:02:28 2026: Image # 9, module Metadata # 2: CPU_time = 0.00 secs, Wall_time = 0.00 secs
Wed Aug 19 22:02:28 2026: Image # 9, module NamesAndTypes # 3: CPU_time = 5.92 secs, Wall_time = 5.22 secs
Wed Aug 19 22:02:33 2026: Image # 9, module Groups # 4: CPU_time = 0.00 secs, Wall_time = 0.00 secs
Wed Aug 19 22:02:33 2026: Image # 9, module MaskImage # 5: CPU_time = 0.08 secs, Wall_time = 0.09 secs
Wed Aug 19 22:02:33 2026: Image # 9, module MaskImage # 6: CPU_time = 0.10 secs, Wall_time = 0.09 secs
Wed Aug 19 22:02:33 2026: Image # 9, module MaskImage # 7: CPU_time = 0.10 secs, Wall_time = 0.10 secs
Wed Aug 19 22:02:33 2026: Image # 9, module MaskObjects # 8: CPU_time = 0.60 secs, Wall_time = 0.60 secs
Wed Aug 19 22:02:34 2026: Image # 9, module MeasureObjectIntensity # 9: CPU_time = 5.60 secs, Wall_time = 5.60 secs
Wed Aug 19 22:02:40 2026: Image # 9, module MeasureGranularity # 10: CPU_time = 15.23 secs, Wall_time = 15.23 secs
Wed Aug 19 22:02:55 2026: Image # 9, module MeasureGranularity # 11: CPU_time = 20.62 secs, Wall_time = 20.60 secs
Wed Aug 19 22:03:15 2026: Image # 9, module MeasureObjectIntensityDistribution # 12: CPU_time = 7.14 secs, Wall_time = 7.14 secs
Wed Aug 19 22:03:23 2026: Image # 9, module MeasureTexture # 13: CPU_time = 1.53 secs, Wall_time = 1.54 secs
Wed Aug 19 22:03:24 2026: Image # 9, module MeasureColocalization # 14: CPU_time = 80.47 secs, Wall_time = 21.81 secs
Wed Aug 19 22:03:46 2026: Image # 9, module ExportToSpreadsheet # 15: CPU_time = 0.00 secs, Wall_time = 0.00 secs
Wed Aug 19 22:03:46 2026: Image # 10, module Images # 1: CPU_time = 0.00 secs, Wall_time = 0.00 secs
Wed Aug 19 22:03:46 2026: Image # 10, module Metadata # 2: CPU_time = 0.00 secs, Wall_time = 0.00 secs
Wed Aug 19 22:03:46 2026: Image # 10, module NamesAndTypes # 3: CPU_time = 4.98 secs, Wall_time = 4.32 secs
Wed Aug 19 22:03:50 2026: Image # 10, module Groups # 4: CPU_time = 0.00 secs, Wall_time = 0.00 secs
Wed Aug 19 22:03:50 2026: Image # 10, module MaskImage # 5: CPU_time = 0.08 secs, Wall_time = 0.08 secs
Wed Aug 19 22:03:50 2026: Image # 10, module MaskImage # 6: CPU_time = 0.07 secs, Wall_time = 0.08 secs
Wed Aug 19 22:03:50 2026: Image # 10, module MaskImage # 7: CPU_time = 0.08 secs, Wall_time = 0.08 secs
Wed Aug 19 22:03:50 2026: Image # 10, module MaskObjects # 8: CPU_time = 0.50 secs, Wall_time = 0.50 secs
Wed Aug 19 22:03:51 2026: Image # 10, module MeasureObjectIntensity # 9: CPU_time = 4.43 secs, Wall_time = 4.42 secs
Wed Aug 19 22:03:55 2026: Image # 10, module MeasureGranularity # 10: CPU_time = 14.06 secs, Wall_time = 14.05 secs
Wed Aug 19 22:04:09 2026: Image # 10, module MeasureGranularity # 11: CPU_time = 20.18 secs, Wall_time = 20.16 secs
Wed Aug 19 22:04:30 2026: Image # 10, module MeasureObjectIntensityDistribution # 12: CPU_time = 6.30 secs, Wall_time = 6.31 secs
Wed Aug 19 22:04:36 2026: Image # 10, module MeasureTexture # 13: CPU_time = 1.40 secs, Wall_time = 1.40 secs
Wed Aug 19 22:04:37 2026: Image # 10, module MeasureColocalization # 14: CPU_time = 55.32 secs, Wall_time = 15.34 secs
Wed Aug 19 22:04:53 2026: Image # 10, module ExportToSpreadsheet # 15: CPU_time = 0.00 secs, Wall_time = 0.00 secs
Wed Aug 19 22:04:53 2026: Image # 11, module Images # 1: CPU_time = 0.00 secs, Wall_time = 0.00 secs
Wed Aug 19 22:04:53 2026: Image # 11, module Metadata # 2: CPU_time = 0.00 secs, Wall_time = 0.00 secs
Wed Aug 19 22:04:53 2026: Image # 11, module NamesAndTypes # 3: CPU_time = 5.21 secs, Wall_time = 3.92 secs
Wed Aug 19 22:04:57 2026: Image # 11, module Groups # 4: CPU_time = 0.00 secs, Wall_time = 0.00 secs
Wed Aug 19 22:04:57 2026: Image # 11, module MaskImage # 5: CPU_time = 0.08 secs, Wall_time = 0.08 secs
Wed Aug 19 22:04:57 2026: Image # 11, module MaskImage # 6: CPU_time = 0.10 secs, Wall_time = 0.10 secs
Wed Aug 19 22:04:57 2026: Image # 11, module MaskImage # 7: CPU_time = 0.09 secs, Wall_time = 0.09 secs
Wed Aug 19 22:04:57 2026: Image # 11, module MaskObjects # 8: CPU_time = 0.45 secs, Wall_time = 0.45 secs
Wed Aug 19 22:04:57 2026: Image # 11, module MeasureObjectIntensity # 9: CPU_time = 4.06 secs, Wall_time = 4.07 secs
Wed Aug 19 22:05:01 2026: Image # 11, module MeasureGranularity # 10: CPU_time = 13.39 secs, Wall_time = 13.39 secs
Wed Aug 19 22:05:15 2026: Image # 11, module MeasureGranularity # 11: CPU_time = 21.54 secs, Wall_time = 21.59 secs
Wed Aug 19 22:05:36 2026: Image # 11, module MeasureObjectIntensityDistribution # 12: CPU_time = 5.95 secs, Wall_time = 5.94 secs
Wed Aug 19 22:05:42 2026: Image # 11, module MeasureTexture # 13: CPU_time = 1.34 secs, Wall_time = 1.34 secs
Wed Aug 19 22:05:44 2026: Image # 11, module MeasureColocalization # 14: CPU_time = 32.10 secs, Wall_time = 9.32 secs
Wed Aug 19 22:05:53 2026: Image # 11, module ExportToSpreadsheet # 15: CPU_time = 0.00 secs, Wall_time = 0.01 secs
Wed Aug 19 22:05:53 2026: Image # 12, module Images # 1: CPU_time = 0.00 secs, Wall_time = 0.00 secs
Wed Aug 19 22:05:53 2026: Image # 12, module Metadata # 2: CPU_time = 0.00 secs, Wall_time = 0.00 secs
Wed Aug 19 22:05:53 2026: Image # 12, module NamesAndTypes # 3: CPU_time = 5.30 secs, Wall_time = 6.33 secs
Wed Aug 19 22:05:59 2026: Image # 12, module Groups # 4: CPU_time = 0.00 secs, Wall_time = 0.00 secs
Wed Aug 19 22:05:59 2026: Image # 12, module MaskImage # 5: CPU_time = 0.07 secs, Wall_time = 0.08 secs
Wed Aug 19 22:05:59 2026: Image # 12, module MaskImage # 6: CPU_time = 0.08 secs, Wall_time = 0.08 secs
Wed Aug 19 22:05:59 2026: Image # 12, module MaskImage # 7: CPU_time = 0.08 secs, Wall_time = 0.08 secs
Wed Aug 19 22:06:00 2026: Image # 12, module MaskObjects # 8: CPU_time = 0.52 secs, Wall_time = 0.52 secs
Wed Aug 19 22:06:00 2026: Image # 12, module MeasureObjectIntensity # 9: CPU_time = 6.59 secs, Wall_time = 6.59 secs
Wed Aug 19 22:06:07 2026: Image # 12, module MeasureGranularity # 10: CPU_time = 14.93 secs, Wall_time = 14.91 secs
Wed Aug 19 22:06:22 2026: Image # 12, module MeasureGranularity # 11: CPU_time = 24.90 secs, Wall_time = 24.89 secs
Wed Aug 19 22:06:46 2026: Image # 12, module MeasureObjectIntensityDistribution # 12: CPU_time = 9.12 secs, Wall_time = 9.11 secs
Wed Aug 19 22:06:56 2026: Image # 12, module MeasureTexture # 13: CPU_time = 1.65 secs, Wall_time = 1.66 secs
Wed Aug 19 22:06:57 2026: Image # 12, module MeasureColocalization # 14: CPU_time = 130.05 secs, Wall_time = 35.50 secs
Wed Aug 19 22:07:33 2026: Image # 12, module ExportToSpreadsheet # 15: CPU_time = 0.00 secs, Wall_time = 0.00 secs
Wed Aug 19 22:07:33 2026: Image # 13, module Images # 1: CPU_time = 0.00 secs, Wall_time = 0.00 secs
Wed Aug 19 22:07:33 2026: Image # 13, module Metadata # 2: CPU_time = 0.00 secs, Wall_time = 0.00 secs
Wed Aug 19 22:07:33 2026: Image # 13, module NamesAndTypes # 3: CPU_time = 5.23 secs, Wall_time = 5.43 secs
Wed Aug 19 22:07:38 2026: Image # 13, module Groups # 4: CPU_time = 0.00 secs, Wall_time = 0.00 secs
Wed Aug 19 22:07:38 2026: Image # 13, module MaskImage # 5: CPU_time = 0.08 secs, Wall_time = 0.08 secs
Wed Aug 19 22:07:38 2026: Image # 13, module MaskImage # 6: CPU_time = 0.09 secs, Wall_time = 0.09 secs
Wed Aug 19 22:07:38 2026: Image # 13, module MaskImage # 7: CPU_time = 0.07 secs, Wall_time = 0.08 secs
Wed Aug 19 22:07:38 2026: Image # 13, module MaskObjects # 8: CPU_time = 0.46 secs, Wall_time = 0.45 secs
Wed Aug 19 22:07:39 2026: Image # 13, module MeasureObjectIntensity # 9: CPU_time = 6.36 secs, Wall_time = 6.36 secs
Wed Aug 19 22:07:45 2026: Image # 13, module MeasureGranularity # 10: CPU_time = 15.55 secs, Wall_time = 15.56 secs
Wed Aug 19 22:08:01 2026: Image # 13, module MeasureGranularity # 11: CPU_time = 27.46 secs, Wall_time = 27.64 secs
Wed Aug 19 22:08:29 2026: Image # 13, module MeasureObjectIntensityDistribution # 12: CPU_time = 8.41 secs, Wall_time = 8.40 secs
Wed Aug 19 22:08:37 2026: Image # 13, module MeasureTexture # 13: CPU_time = 1.72 secs, Wall_time = 1.73 secs
Wed Aug 19 22:08:39 2026: Image # 13, module MeasureColocalization # 14: CPU_time = 262.62 secs, Wall_time = 69.49 secs
Wed Aug 19 22:09:48 2026: Image # 13, module ExportToSpreadsheet # 15: CPU_time = 0.01 secs, Wall_time = 0.00 secs
Wed Aug 19 22:09:48 2026: Image # 14, module Images # 1: CPU_time = 0.00 secs, Wall_time = 0.00 secs
Wed Aug 19 22:09:48 2026: Image # 14, module Metadata # 2: CPU_time = 0.00 secs, Wall_time = 0.00 secs
Wed Aug 19 22:09:48 2026: Image # 14, module NamesAndTypes # 3: CPU_time = 5.19 secs, Wall_time = 4.53 secs
Wed Aug 19 22:09:53 2026: Image # 14, module Groups # 4: CPU_time = 0.00 secs, Wall_time = 0.00 secs
Wed Aug 19 22:09:53 2026: Image # 14, module MaskImage # 5: CPU_time = 0.07 secs, Wall_time = 0.08 secs
Wed Aug 19 22:09:53 2026: Image # 14, module MaskImage # 6: CPU_time = 0.10 secs, Wall_time = 0.10 secs
Wed Aug 19 22:09:53 2026: Image # 14, module MaskImage # 7: CPU_time = 0.09 secs, Wall_time = 0.08 secs
Wed Aug 19 22:09:53 2026: Image # 14, module MaskObjects # 8: CPU_time = 0.54 secs, Wall_time = 0.54 secs
Wed Aug 19 22:09:53 2026: Image # 14, module MeasureObjectIntensity # 9: CPU_time = 7.16 secs, Wall_time = 7.16 secs
Wed Aug 19 22:10:01 2026: Image # 14, module MeasureGranularity # 10: CPU_time = 15.88 secs, Wall_time = 15.87 secs
Wed Aug 19 22:10:17 2026: Image # 14, module MeasureGranularity # 11: CPU_time = 26.28 secs, Wall_time = 26.25 secs
Wed Aug 19 22:10:43 2026: Image # 14, module MeasureObjectIntensityDistribution # 12: CPU_time = 10.55 secs, Wall_time = 10.54 secs
Wed Aug 19 22:10:53 2026: Image # 14, module MeasureTexture # 13: CPU_time = 2.06 secs, Wall_time = 2.06 secs
Wed Aug 19 22:10:55 2026: Image # 14, module MeasureColocalization # 14: CPU_time = 376.23 secs, Wall_time = 105.77 secs
Wed Aug 19 22:12:41 2026: Image # 14, module ExportToSpreadsheet # 15: CPU_time = 0.00 secs, Wall_time = 0.00 secs
Wed Aug 19 22:12:41 2026: Image # 15, module Images # 1: CPU_time = 0.00 secs, Wall_time = 0.00 secs
Wed Aug 19 22:12:41 2026: Image # 15, module Metadata # 2: CPU_time = 0.00 secs, Wall_time = 0.00 secs
Wed Aug 19 22:12:41 2026: Image # 15, module NamesAndTypes # 3: CPU_time = 6.63 secs, Wall_time = 5.83 secs
Wed Aug 19 22:12:47 2026: Image # 15, module Groups # 4: CPU_time = 0.00 secs, Wall_time = 0.00 secs
Wed Aug 19 22:12:47 2026: Image # 15, module MaskImage # 5: CPU_time = 0.10 secs, Wall_time = 0.10 secs
Wed Aug 19 22:12:47 2026: Image # 15, module MaskImage # 6: CPU_time = 0.10 secs, Wall_time = 0.10 secs
Wed Aug 19 22:12:47 2026: Image # 15, module MaskImage # 7: CPU_time = 0.10 secs, Wall_time = 0.10 secs
Wed Aug 19 22:12:47 2026: Image # 15, module MaskObjects # 8: CPU_time = 0.54 secs, Wall_time = 0.54 secs
Wed Aug 19 22:12:48 2026: Image # 15, module MeasureObjectIntensity # 9: CPU_time = 5.93 secs, Wall_time = 5.94 secs
Wed Aug 19 22:12:54 2026: Image # 15, module MeasureGranularity # 10: CPU_time = 18.21 secs, Wall_time = 18.22 secs
Wed Aug 19 22:13:12 2026: Image # 15, module MeasureGranularity # 11: CPU_time = 26.16 secs, Wall_time = 26.16 secs
Wed Aug 19 22:13:38 2026: Image # 15, module MeasureObjectIntensityDistribution # 12: CPU_time = 8.45 secs, Wall_time = 8.45 secs
Wed Aug 19 22:13:47 2026: Image # 15, module MeasureTexture # 13: CPU_time = 1.87 secs, Wall_time = 1.87 secs
Wed Aug 19 22:13:49 2026: Image # 15, module MeasureColocalization # 14: CPU_time = 209.08 secs, Wall_time = 54.61 secs
Wed Aug 19 22:14:43 2026: Image # 15, module ExportToSpreadsheet # 15: CPU_time = 0.00 secs, Wall_time = 0.00 secs
Wed Aug 19 22:14:43 2026: Image # 16, module Images # 1: CPU_time = 0.00 secs, Wall_time = 0.00 secs
Wed Aug 19 22:14:43 2026: Image # 16, module Metadata # 2: CPU_time = 0.00 secs, Wall_time = 0.00 secs
Wed Aug 19 22:14:43 2026: Image # 16, module NamesAndTypes # 3: CPU_time = 6.08 secs, Wall_time = 5.98 secs
Wed Aug 19 22:14:49 2026: Image # 16, module Groups # 4: CPU_time = 0.00 secs, Wall_time = 0.00 secs
Wed Aug 19 22:14:49 2026: Image # 16, module MaskImage # 5: CPU_time = 0.09 secs, Wall_time = 0.09 secs
Wed Aug 19 22:14:49 2026: Image # 16, module MaskImage # 6: CPU_time = 0.10 secs, Wall_time = 0.09 secs
Wed Aug 19 22:14:49 2026: Image # 16, module MaskImage # 7: CPU_time = 0.09 secs, Wall_time = 0.09 secs
Wed Aug 19 22:14:49 2026: Image # 16, module MaskObjects # 8: CPU_time = 0.57 secs, Wall_time = 0.57 secs
Wed Aug 19 22:14:50 2026: Image # 16, module MeasureObjectIntensity # 9: CPU_time = 4.94 secs, Wall_time = 4.94 secs
Wed Aug 19 22:14:55 2026: Image # 16, module MeasureGranularity # 10: CPU_time = 17.64 secs, Wall_time = 17.65 secs
Wed Aug 19 22:15:13 2026: Image # 16, module MeasureGranularity # 11: CPU_time = 28.69 secs, Wall_time = 28.93 secs
Wed Aug 19 22:15:42 2026: Image # 16, module MeasureObjectIntensityDistribution # 12: CPU_time = 6.36 secs, Wall_time = 6.35 secs
Wed Aug 19 22:15:48 2026: Image # 16, module MeasureTexture # 13: CPU_time = 1.81 secs, Wall_time = 1.80 secs
Wed Aug 19 22:15:50 2026: Image # 16, module MeasureColocalization # 14: CPU_time = 104.58 secs, Wall_time = 27.97 secs
Wed Aug 19 22:16:18 2026: Image # 16, module ExportToSpreadsheet # 15: CPU_time = 0.00 secs, Wall_time = 0.00 secs
Wed Aug 19 22:16:18 2026: Image # 17, module Images # 1: CPU_time = 0.00 secs, Wall_time = 0.00 secs
Wed Aug 19 22:16:18 2026: Image # 17, module Metadata # 2: CPU_time = 0.00 secs, Wall_time = 0.00 secs
Wed Aug 19 22:16:18 2026: Image # 17, module NamesAndTypes # 3: CPU_time = 6.24 secs, Wall_time = 5.96 secs
Wed Aug 19 22:16:24 2026: Image # 17, module Groups # 4: CPU_time = 0.00 secs, Wall_time = 0.00 secs
Wed Aug 19 22:16:24 2026: Image # 17, module MaskImage # 5: CPU_time = 0.09 secs, Wall_time = 0.09 secs
Wed Aug 19 22:16:24 2026: Image # 17, module MaskImage # 6: CPU_time = 0.11 secs, Wall_time = 0.11 secs
Wed Aug 19 22:16:24 2026: Image # 17, module MaskImage # 7: CPU_time = 0.10 secs, Wall_time = 0.09 secs
Wed Aug 19 22:16:24 2026: Image # 17, module MaskObjects # 8: CPU_time = 0.59 secs, Wall_time = 0.59 secs
Wed Aug 19 22:16:25 2026: Image # 17, module MeasureObjectIntensity # 9: CPU_time = 5.62 secs, Wall_time = 5.62 secs
Wed Aug 19 22:16:30 2026: Image # 17, module MeasureGranularity # 10: CPU_time = 17.17 secs, Wall_time = 17.15 secs
Wed Aug 19 22:16:47 2026: Image # 17, module MeasureGranularity # 11: CPU_time = 25.12 secs, Wall_time = 25.10 secs
Wed Aug 19 22:17:12 2026: Image # 17, module MeasureObjectIntensityDistribution # 12: CPU_time = 8.06 secs, Wall_time = 8.05 secs
Wed Aug 19 22:17:20 2026: Image # 17, module MeasureTexture # 13: CPU_time = 1.82 secs, Wall_time = 1.83 secs
Wed Aug 19 22:17:22 2026: Image # 17, module MeasureColocalization # 14: CPU_time = 170.20 secs, Wall_time = 44.99 secs
Wed Aug 19 22:18:07 2026: Image # 17, module ExportToSpreadsheet # 15: CPU_time = 0.00 secs, Wall_time = 0.00 secs
Wed Aug 19 22:18:07 2026: Image # 18, module Images # 1: CPU_time = 0.00 secs, Wall_time = 0.00 secs
Wed Aug 19 22:18:07 2026: Image # 18, module Metadata # 2: CPU_time = 0.00 secs, Wall_time = 0.00 secs
Wed Aug 19 22:18:07 2026: Image # 18, module NamesAndTypes # 3: CPU_time = 5.84 secs, Wall_time = 5.30 secs
Wed Aug 19 22:18:13 2026: Image # 18, module Groups # 4: CPU_time = 0.00 secs, Wall_time = 0.00 secs
Wed Aug 19 22:18:13 2026: Image # 18, module MaskImage # 5: CPU_time = 0.10 secs, Wall_time = 0.09 secs
Wed Aug 19 22:18:13 2026: Image # 18, module MaskImage # 6: CPU_time = 0.09 secs, Wall_time = 0.09 secs
Wed Aug 19 22:18:13 2026: Image # 18, module MaskImage # 7: CPU_time = 0.10 secs, Wall_time = 0.09 secs
Wed Aug 19 22:18:13 2026: Image # 18, module MaskObjects # 8: CPU_time = 0.56 secs, Wall_time = 0.56 secs
Wed Aug 19 22:18:13 2026: Image # 18, module MeasureObjectIntensity # 9: CPU_time = 5.88 secs, Wall_time = 5.87 secs
Wed Aug 19 22:18:19 2026: Image # 18, module MeasureGranularity # 10: CPU_time = 16.45 secs, Wall_time = 16.44 secs
Wed Aug 19 22:18:36 2026: Image # 18, module MeasureGranularity # 11: CPU_time = 24.93 secs, Wall_time = 24.90 secs
Wed Aug 19 22:19:01 2026: Image # 18, module MeasureObjectIntensityDistribution # 12: CPU_time = 6.81 secs, Wall_time = 6.81 secs
Wed Aug 19 22:19:08 2026: Image # 18, module MeasureTexture # 13: CPU_time = 1.50 secs, Wall_time = 1.50 secs
/lab/cheeseman_sequencing/jhe/miniforge3/envs/cellprofiler_env/lib/python3.8/site-packages/scipy/stats/_stats_py.py:4424: ConstantInputWarning: An input array is constant; the correlation coefficient is not defined.
  warnings.warn(stats.ConstantInputWarning(msg))
Wed Aug 19 22:19:09 2026: Image # 18, module MeasureColocalization # 14: CPU_time = 63.21 secs, Wall_time = 17.84 secs
Wed Aug 19 22:19:27 2026: Image # 18, module ExportToSpreadsheet # 15: CPU_time = 0.00 secs, Wall_time = 0.00 secs
Wed Aug 19 22:19:27 2026: Image # 19, module Images # 1: CPU_time = 0.00 secs, Wall_time = 0.00 secs
Wed Aug 19 22:19:27 2026: Image # 19, module Metadata # 2: CPU_time = 0.00 secs, Wall_time = 0.00 secs
Wed Aug 19 22:19:27 2026: Image # 19, module NamesAndTypes # 3: CPU_time = 5.35 secs, Wall_time = 5.25 secs
Wed Aug 19 22:19:32 2026: Image # 19, module Groups # 4: CPU_time = 0.00 secs, Wall_time = 0.00 secs
Wed Aug 19 22:19:32 2026: Image # 19, module MaskImage # 5: CPU_time = 0.09 secs, Wall_time = 0.09 secs
Wed Aug 19 22:19:32 2026: Image # 19, module MaskImage # 6: CPU_time = 0.10 secs, Wall_time = 0.09 secs
Wed Aug 19 22:19:32 2026: Image # 19, module MaskImage # 7: CPU_time = 0.09 secs, Wall_time = 0.10 secs
Wed Aug 19 22:19:32 2026: Image # 19, module MaskObjects # 8: CPU_time = 0.53 secs, Wall_time = 0.53 secs
Wed Aug 19 22:19:33 2026: Image # 19, module MeasureObjectIntensity # 9: CPU_time = 5.52 secs, Wall_time = 5.52 secs
Wed Aug 19 22:19:38 2026: Image # 19, module MeasureGranularity # 10: CPU_time = 13.56 secs, Wall_time = 13.54 secs
Wed Aug 19 22:19:52 2026: Image # 19, module MeasureGranularity # 11: CPU_time = 20.53 secs, Wall_time = 20.51 secs
Wed Aug 19 22:20:13 2026: Image # 19, module MeasureObjectIntensityDistribution # 12: CPU_time = 5.99 secs, Wall_time = 5.98 secs
Wed Aug 19 22:20:19 2026: Image # 19, module MeasureTexture # 13: CPU_time = 1.47 secs, Wall_time = 1.46 secs
Wed Aug 19 22:20:20 2026: Image # 19, module MeasureColocalization # 14: CPU_time = 33.18 secs, Wall_time = 10.01 secs
Wed Aug 19 22:20:30 2026: Image # 19, module ExportToSpreadsheet # 15: CPU_time = 0.00 secs, Wall_time = 0.00 secs
Wed Aug 19 22:20:30 2026: Image # 20, module Images # 1: CPU_time = 0.00 secs, Wall_time = 0.00 secs
Wed Aug 19 22:20:30 2026: Image # 20, module Metadata # 2: CPU_time = 0.00 secs, Wall_time = 0.00 secs
Wed Aug 19 22:20:30 2026: Image # 20, module NamesAndTypes # 3: CPU_time = 5.83 secs, Wall_time = 4.99 secs
Wed Aug 19 22:20:35 2026: Image # 20, module Groups # 4: CPU_time = 0.00 secs, Wall_time = 0.00 secs
Wed Aug 19 22:20:35 2026: Image # 20, module MaskImage # 5: CPU_time = 0.09 secs, Wall_time = 0.10 secs
Wed Aug 19 22:20:35 2026: Image # 20, module MaskImage # 6: CPU_time = 0.10 secs, Wall_time = 0.10 secs
Wed Aug 19 22:20:35 2026: Image # 20, module MaskImage # 7: CPU_time = 0.09 secs, Wall_time = 0.10 secs
Wed Aug 19 22:20:35 2026: Image # 20, module MaskObjects # 8: CPU_time = 0.55 secs, Wall_time = 0.55 secs
Wed Aug 19 22:20:36 2026: Image # 20, module MeasureObjectIntensity # 9: CPU_time = 8.17 secs, Wall_time = 8.16 secs
Wed Aug 19 22:20:44 2026: Image # 20, module MeasureGranularity # 10: CPU_time = 14.97 secs, Wall_time = 14.96 secs
Wed Aug 19 22:20:59 2026: Image # 20, module MeasureGranularity # 11: CPU_time = 27.13 secs, Wall_time = 27.18 secs
Wed Aug 19 22:21:26 2026: Image # 20, module MeasureObjectIntensityDistribution # 12: CPU_time = 8.26 secs, Wall_time = 8.25 secs
Wed Aug 19 22:21:34 2026: Image # 20, module MeasureTexture # 13: CPU_time = 1.51 secs, Wall_time = 1.51 secs
Wed Aug 19 22:21:36 2026: Image # 20, module MeasureColocalization # 14: CPU_time = 46.14 secs, Wall_time = 14.65 secs
Wed Aug 19 22:21:51 2026: Image # 20, module ExportToSpreadsheet # 15: CPU_time = 0.00 secs, Wall_time = 0.00 secs
Wed Aug 19 22:21:51 2026: Image # 21, module Images # 1: CPU_time = 0.00 secs, Wall_time = 0.00 secs
Wed Aug 19 22:21:51 2026: Image # 21, module Metadata # 2: CPU_time = 0.00 secs, Wall_time = 0.00 secs
Wed Aug 19 22:21:51 2026: Image # 21, module NamesAndTypes # 3: CPU_time = 5.10 secs, Wall_time = 3.69 secs
Wed Aug 19 22:21:54 2026: Image # 21, module Groups # 4: CPU_time = 0.00 secs, Wall_time = 0.00 secs
Wed Aug 19 22:21:54 2026: Image # 21, module MaskImage # 5: CPU_time = 0.08 secs, Wall_time = 0.08 secs
Wed Aug 19 22:21:54 2026: Image # 21, module MaskImage # 6: CPU_time = 0.09 secs, Wall_time = 0.09 secs
Wed Aug 19 22:21:54 2026: Image # 21, module MaskImage # 7: CPU_time = 0.09 secs, Wall_time = 0.08 secs
Wed Aug 19 22:21:55 2026: Image # 21, module MaskObjects # 8: CPU_time = 0.45 secs, Wall_time = 0.45 secs
Wed Aug 19 22:21:55 2026: Image # 21, module MeasureObjectIntensity # 9: CPU_time = 5.60 secs, Wall_time = 5.60 secs
Wed Aug 19 22:22:01 2026: Image # 21, module MeasureGranularity # 10: CPU_time = 13.41 secs, Wall_time = 13.41 secs
Wed Aug 19 22:22:14 2026: Image # 21, module MeasureGranularity # 11: CPU_time = 21.50 secs, Wall_time = 21.47 secs
Wed Aug 19 22:22:36 2026: Image # 21, module MeasureObjectIntensityDistribution # 12: CPU_time = 6.85 secs, Wall_time = 6.84 secs
Wed Aug 19 22:22:42 2026: Image # 21, module MeasureTexture # 13: CPU_time = 1.44 secs, Wall_time = 1.45 secs
Wed Aug 19 22:22:44 2026: Image # 21, module MeasureColocalization # 14: CPU_time = 47.06 secs, Wall_time = 13.98 secs
Wed Aug 19 22:22:58 2026: Image # 21, module ExportToSpreadsheet # 15: CPU_time = 0.00 secs, Wall_time = 0.00 secs
Wed Aug 19 22:22:58 2026: Image # 22, module Images # 1: CPU_time = 0.00 secs, Wall_time = 0.00 secs
Wed Aug 19 22:22:58 2026: Image # 22, module Metadata # 2: CPU_time = 0.00 secs, Wall_time = 0.00 secs
Wed Aug 19 22:22:58 2026: Image # 22, module NamesAndTypes # 3: CPU_time = 4.67 secs, Wall_time = 6.34 secs
Wed Aug 19 22:23:04 2026: Image # 22, module Groups # 4: CPU_time = 0.00 secs, Wall_time = 0.00 secs
Wed Aug 19 22:23:04 2026: Image # 22, module MaskImage # 5: CPU_time = 0.09 secs, Wall_time = 0.08 secs
Wed Aug 19 22:23:04 2026: Image # 22, module MaskImage # 6: CPU_time = 0.10 secs, Wall_time = 0.09 secs
Wed Aug 19 22:23:04 2026: Image # 22, module MaskImage # 7: CPU_time = 0.07 secs, Wall_time = 0.08 secs
Wed Aug 19 22:23:04 2026: Image # 22, module MaskObjects # 8: CPU_time = 0.48 secs, Wall_time = 0.46 secs
Wed Aug 19 22:23:05 2026: Image # 22, module MeasureObjectIntensity # 9: CPU_time = 3.93 secs, Wall_time = 3.93 secs
Wed Aug 19 22:23:09 2026: Image # 22, module MeasureGranularity # 10: CPU_time = 12.67 secs, Wall_time = 12.66 secs
Wed Aug 19 22:23:21 2026: Image # 22, module MeasureGranularity # 11: CPU_time = 19.15 secs, Wall_time = 19.13 secs
Wed Aug 19 22:23:41 2026: Image # 22, module MeasureObjectIntensityDistribution # 12: CPU_time = 5.97 secs, Wall_time = 5.96 secs
Wed Aug 19 22:23:47 2026: Image # 22, module MeasureTexture # 13: CPU_time = 1.81 secs, Wall_time = 1.81 secs
Wed Aug 19 22:23:48 2026: Image # 22, module MeasureColocalization # 14: CPU_time = 133.44 secs, Wall_time = 34.61 secs
Wed Aug 19 22:24:23 2026: Image # 22, module ExportToSpreadsheet # 15: CPU_time = 0.00 secs, Wall_time = 0.00 secs
Wed Aug 19 22:24:23 2026: Image # 23, module Images # 1: CPU_time = 0.00 secs, Wall_time = 0.00 secs
Wed Aug 19 22:24:23 2026: Image # 23, module Metadata # 2: CPU_time = 0.00 secs, Wall_time = 0.00 secs
Wed Aug 19 22:24:23 2026: Image # 23, module NamesAndTypes # 3: CPU_time = 4.78 secs, Wall_time = 5.82 secs
Wed Aug 19 22:24:29 2026: Image # 23, module Groups # 4: CPU_time = 0.00 secs, Wall_time = 0.00 secs
Wed Aug 19 22:24:29 2026: Image # 23, module MaskImage # 5: CPU_time = 0.07 secs, Wall_time = 0.08 secs
Wed Aug 19 22:24:29 2026: Image # 23, module MaskImage # 6: CPU_time = 0.11 secs, Wall_time = 0.10 secs
Wed Aug 19 22:24:29 2026: Image # 23, module MaskImage # 7: CPU_time = 0.08 secs, Wall_time = 0.08 secs
Wed Aug 19 22:24:29 2026: Image # 23, module MaskObjects # 8: CPU_time = 0.48 secs, Wall_time = 0.49 secs
Wed Aug 19 22:24:30 2026: Image # 23, module MeasureObjectIntensity # 9: CPU_time = 7.73 secs, Wall_time = 7.73 secs
Wed Aug 19 22:24:37 2026: Image # 23, module MeasureGranularity # 10: CPU_time = 14.67 secs, Wall_time = 14.67 secs
Wed Aug 19 22:24:52 2026: Image # 23, module MeasureGranularity # 11: CPU_time = 28.61 secs, Wall_time = 28.67 secs
Wed Aug 19 22:25:21 2026: Image # 23, module MeasureObjectIntensityDistribution # 12: CPU_time = 10.39 secs, Wall_time = 10.39 secs
Wed Aug 19 22:25:31 2026: Image # 23, module MeasureTexture # 13: CPU_time = 1.73 secs, Wall_time = 1.72 secs
Wed Aug 19 22:25:33 2026: Image # 23, module MeasureColocalization # 14: CPU_time = 86.42 secs, Wall_time = 25.82 secs
Wed Aug 19 22:25:59 2026: Image # 23, module ExportToSpreadsheet # 15: CPU_time = 0.00 secs, Wall_time = 0.01 secs
Wed Aug 19 22:25:59 2026: Image # 24, module Images # 1: CPU_time = 0.00 secs, Wall_time = 0.00 secs
Wed Aug 19 22:25:59 2026: Image # 24, module Metadata # 2: CPU_time = 0.00 secs, Wall_time = 0.00 secs
Wed Aug 19 22:25:59 2026: Image # 24, module NamesAndTypes # 3: CPU_time = 4.83 secs, Wall_time = 5.50 secs
Wed Aug 19 22:26:04 2026: Image # 24, module Groups # 4: CPU_time = 0.00 secs, Wall_time = 0.00 secs
Wed Aug 19 22:26:04 2026: Image # 24, module MaskImage # 5: CPU_time = 0.08 secs, Wall_time = 0.08 secs
Wed Aug 19 22:26:04 2026: Image # 24, module MaskImage # 6: CPU_time = 0.09 secs, Wall_time = 0.09 secs
Wed Aug 19 22:26:04 2026: Image # 24, module MaskImage # 7: CPU_time = 0.07 secs, Wall_time = 0.08 secs
Wed Aug 19 22:26:04 2026: Image # 24, module MaskObjects # 8: CPU_time = 0.49 secs, Wall_time = 0.49 secs
Wed Aug 19 22:26:05 2026: Image # 24, module MeasureObjectIntensity # 9: CPU_time = 7.93 secs, Wall_time = 7.94 secs
Wed Aug 19 22:26:13 2026: Image # 24, module MeasureGranularity # 10: CPU_time = 14.91 secs, Wall_time = 14.91 secs
Wed Aug 19 22:26:28 2026: Image # 24, module MeasureGranularity # 11: CPU_time = 31.10 secs, Wall_time = 31.24 secs
Wed Aug 19 22:26:59 2026: Image # 24, module MeasureObjectIntensityDistribution # 12: CPU_time = 10.25 secs, Wall_time = 10.26 secs
Wed Aug 19 22:27:09 2026: Image # 24, module MeasureTexture # 13: CPU_time = 2.16 secs, Wall_time = 2.15 secs
Wed Aug 19 22:27:11 2026: Image # 24, module MeasureColocalization # 14: CPU_time = 233.78 secs, Wall_time = 65.42 secs
Wed Aug 19 22:28:17 2026: Image # 24, module ExportToSpreadsheet # 15: CPU_time = 0.00 secs, Wall_time = 0.00 secs
Wed Aug 19 22:28:17 2026: Image # 25, module Images # 1: CPU_time = 0.00 secs, Wall_time = 0.00 secs
Wed Aug 19 22:28:17 2026: Image # 25, module Metadata # 2: CPU_time = 0.00 secs, Wall_time = 0.00 secs
Wed Aug 19 22:28:17 2026: Image # 25, module NamesAndTypes # 3: CPU_time = 5.05 secs, Wall_time = 3.95 secs
Wed Aug 19 22:28:21 2026: Image # 25, module Groups # 4: CPU_time = 0.00 secs, Wall_time = 0.00 secs
Wed Aug 19 22:28:21 2026: Image # 25, module MaskImage # 5: CPU_time = 0.08 secs, Wall_time = 0.08 secs
Wed Aug 19 22:28:21 2026: Image # 25, module MaskImage # 6: CPU_time = 0.07 secs, Wall_time = 0.08 secs
Wed Aug 19 22:28:21 2026: Image # 25, module MaskImage # 7: CPU_time = 0.09 secs, Wall_time = 0.08 secs
Wed Aug 19 22:28:21 2026: Image # 25, module MaskObjects # 8: CPU_time = 0.51 secs, Wall_time = 0.51 secs
Wed Aug 19 22:28:22 2026: Image # 25, module MeasureObjectIntensity # 9: CPU_time = 9.22 secs, Wall_time = 9.21 secs
Wed Aug 19 22:28:31 2026: Image # 25, module MeasureGranularity # 10: CPU_time = 15.38 secs, Wall_time = 15.37 secs
Wed Aug 19 22:28:46 2026: Image # 25, module MeasureGranularity # 11: CPU_time = 32.93 secs, Wall_time = 32.91 secs
Wed Aug 19 22:29:19 2026: Image # 25, module MeasureObjectIntensityDistribution # 12: CPU_time = 12.50 secs, Wall_time = 12.49 secs
Wed Aug 19 22:29:32 2026: Image # 25, module MeasureTexture # 13: CPU_time = 1.95 secs, Wall_time = 1.95 secs
Wed Aug 19 22:29:34 2026: Image # 25, module MeasureColocalization # 14: CPU_time = 188.78 secs, Wall_time = 64.60 secs
Wed Aug 19 22:30:38 2026: Image # 25, module ExportToSpreadsheet # 15: CPU_time = 0.00 secs, Wall_time = 0.00 secs
Wed Aug 19 22:30:38 2026: Image # 26, module Images # 1: CPU_time = 0.00 secs, Wall_time = 0.00 secs
Wed Aug 19 22:30:38 2026: Image # 26, module Metadata # 2: CPU_time = 0.00 secs, Wall_time = 0.00 secs
Wed Aug 19 22:30:38 2026: Image # 26, module NamesAndTypes # 3: CPU_time = 4.97 secs, Wall_time = 4.91 secs
Wed Aug 19 22:30:43 2026: Image # 26, module Groups # 4: CPU_time = 0.00 secs, Wall_time = 0.00 secs
Wed Aug 19 22:30:43 2026: Image # 26, module MaskImage # 5: CPU_time = 0.08 secs, Wall_time = 0.08 secs
Wed Aug 19 22:30:43 2026: Image # 26, module MaskImage # 6: CPU_time = 0.07 secs, Wall_time = 0.08 secs
Wed Aug 19 22:30:43 2026: Image # 26, module MaskImage # 7: CPU_time = 0.07 secs, Wall_time = 0.08 secs
Wed Aug 19 22:30:43 2026: Image # 26, module MaskObjects # 8: CPU_time = 0.46 secs, Wall_time = 0.45 secs
Wed Aug 19 22:30:44 2026: Image # 26, module MeasureObjectIntensity # 9: CPU_time = 5.33 secs, Wall_time = 5.34 secs
Wed Aug 19 22:30:49 2026: Image # 26, module MeasureGranularity # 10: CPU_time = 13.66 secs, Wall_time = 13.64 secs
Wed Aug 19 22:31:03 2026: Image # 26, module MeasureGranularity # 11: CPU_time = 21.63 secs, Wall_time = 21.61 secs
Wed Aug 19 22:31:24 2026: Image # 26, module MeasureObjectIntensityDistribution # 12: CPU_time = 6.93 secs, Wall_time = 6.92 secs
Wed Aug 19 22:31:31 2026: Image # 26, module MeasureTexture # 13: CPU_time = 1.43 secs, Wall_time = 1.43 secs
Wed Aug 19 22:31:33 2026: Image # 26, module MeasureColocalization # 14: CPU_time = 82.66 secs, Wall_time = 22.93 secs
Wed Aug 19 22:31:56 2026: Image # 26, module ExportToSpreadsheet # 15: CPU_time = 0.00 secs, Wall_time = 0.00 secs
Wed Aug 19 22:31:56 2026: Image # 27, module Images # 1: CPU_time = 0.00 secs, Wall_time = 0.00 secs
Wed Aug 19 22:31:56 2026: Image # 27, module Metadata # 2: CPU_time = 0.00 secs, Wall_time = 0.00 secs
Wed Aug 19 22:31:56 2026: Image # 27, module NamesAndTypes # 3: CPU_time = 5.14 secs, Wall_time = 4.08 secs
Wed Aug 19 22:32:00 2026: Image # 27, module Groups # 4: CPU_time = 0.00 secs, Wall_time = 0.00 secs
Wed Aug 19 22:32:00 2026: Image # 27, module MaskImage # 5: CPU_time = 0.07 secs, Wall_time = 0.08 secs
Wed Aug 19 22:32:00 2026: Image # 27, module MaskImage # 6: CPU_time = 0.09 secs, Wall_time = 0.08 secs
Wed Aug 19 22:32:00 2026: Image # 27, module MaskImage # 7: CPU_time = 0.09 secs, Wall_time = 0.09 secs
Wed Aug 19 22:32:00 2026: Image # 27, module MaskObjects # 8: CPU_time = 0.47 secs, Wall_time = 0.47 secs
Wed Aug 19 22:32:00 2026: Image # 27, module MeasureObjectIntensity # 9: CPU_time = 4.00 secs, Wall_time = 4.00 secs
Wed Aug 19 22:32:04 2026: Image # 27, module MeasureGranularity # 10: CPU_time = 14.64 secs, Wall_time = 14.64 secs
Wed Aug 19 22:32:19 2026: Image # 27, module MeasureGranularity # 11: CPU_time = 20.38 secs, Wall_time = 20.36 secs
Wed Aug 19 22:32:39 2026: Image # 27, module MeasureObjectIntensityDistribution # 12: CPU_time = 6.75 secs, Wall_time = 6.74 secs
Wed Aug 19 22:32:46 2026: Image # 27, module MeasureTexture # 13: CPU_time = 1.75 secs, Wall_time = 1.89 secs
Wed Aug 19 22:32:48 2026: Image # 27, module MeasureColocalization # 14: CPU_time = 56.96 secs, Wall_time = 15.80 secs
Wed Aug 19 22:33:04 2026: Image # 27, module ExportToSpreadsheet # 15: CPU_time = 0.00 secs, Wall_time = 0.00 secs
Wed Aug 19 22:33:04 2026: Image # 28, module Images # 1: CPU_time = 0.00 secs, Wall_time = 0.00 secs
Wed Aug 19 22:33:04 2026: Image # 28, module Metadata # 2: CPU_time = 0.00 secs, Wall_time = 0.00 secs
Wed Aug 19 22:33:04 2026: Image # 28, module NamesAndTypes # 3: CPU_time = 6.17 secs, Wall_time = 5.40 secs
Wed Aug 19 22:33:09 2026: Image # 28, module Groups # 4: CPU_time = 0.00 secs, Wall_time = 0.00 secs
Wed Aug 19 22:33:09 2026: Image # 28, module MaskImage # 5: CPU_time = 0.09 secs, Wall_time = 0.09 secs
Wed Aug 19 22:33:09 2026: Image # 28, module MaskImage # 6: CPU_time = 0.09 secs, Wall_time = 0.09 secs
Wed Aug 19 22:33:10 2026: Image # 28, module MaskImage # 7: CPU_time = 0.09 secs, Wall_time = 0.09 secs
Wed Aug 19 22:33:10 2026: Image # 28, module MaskObjects # 8: CPU_time = 0.57 secs, Wall_time = 0.57 secs
Wed Aug 19 22:33:10 2026: Image # 28, module MeasureObjectIntensity # 9: CPU_time = 7.15 secs, Wall_time = 7.14 secs
Wed Aug 19 22:33:17 2026: Image # 28, module MeasureGranularity # 10: CPU_time = 16.65 secs, Wall_time = 16.64 secs
Wed Aug 19 22:33:34 2026: Image # 28, module MeasureGranularity # 11: CPU_time = 27.15 secs, Wall_time = 27.11 secs
Wed Aug 19 22:34:01 2026: Image # 28, module MeasureObjectIntensityDistribution # 12: CPU_time = 9.41 secs, Wall_time = 9.40 secs
Wed Aug 19 22:34:11 2026: Image # 28, module MeasureTexture # 13: CPU_time = 1.89 secs, Wall_time = 1.89 secs
Wed Aug 19 22:34:12 2026: Image # 28, module MeasureColocalization # 14: CPU_time = 169.96 secs, Wall_time = 45.56 secs
Wed Aug 19 22:34:58 2026: Image # 28, module ExportToSpreadsheet # 15: CPU_time = 0.00 secs, Wall_time = 0.01 secs
Wed Aug 19 22:34:58 2026: Image # 29, module Images # 1: CPU_time = 0.00 secs, Wall_time = 0.00 secs
Wed Aug 19 22:34:58 2026: Image # 29, module Metadata # 2: CPU_time = 0.00 secs, Wall_time = 0.00 secs
Wed Aug 19 22:34:58 2026: Image # 29, module NamesAndTypes # 3: CPU_time = 6.26 secs, Wall_time = 8.92 secs
Wed Aug 19 22:35:07 2026: Image # 29, module Groups # 4: CPU_time = 0.00 secs, Wall_time = 0.00 secs
Wed Aug 19 22:35:07 2026: Image # 29, module MaskImage # 5: CPU_time = 0.09 secs, Wall_time = 0.09 secs
Wed Aug 19 22:35:07 2026: Image # 29, module MaskImage # 6: CPU_time = 0.11 secs, Wall_time = 0.11 secs
Wed Aug 19 22:35:07 2026: Image # 29, module MaskImage # 7: CPU_time = 0.09 secs, Wall_time = 0.09 secs
Wed Aug 19 22:35:07 2026: Image # 29, module MaskObjects # 8: CPU_time = 0.53 secs, Wall_time = 0.53 secs
Wed Aug 19 22:35:08 2026: Image # 29, module MeasureObjectIntensity # 9: CPU_time = 5.32 secs, Wall_time = 5.32 secs
Wed Aug 19 22:35:13 2026: Image # 29, module MeasureGranularity # 10: CPU_time = 16.34 secs, Wall_time = 16.32 secs
Wed Aug 19 22:35:29 2026: Image # 29, module MeasureGranularity # 11: CPU_time = 24.12 secs, Wall_time = 24.10 secs
Wed Aug 19 22:35:54 2026: Image # 29, module MeasureObjectIntensityDistribution # 12: CPU_time = 7.69 secs, Wall_time = 7.68 secs
Wed Aug 19 22:36:01 2026: Image # 29, module MeasureTexture # 13: CPU_time = 1.74 secs, Wall_time = 1.74 secs
Wed Aug 19 22:36:03 2026: Image # 29, module MeasureColocalization # 14: CPU_time = 61.34 secs, Wall_time = 17.29 secs
Wed Aug 19 22:36:20 2026: Image # 29, module ExportToSpreadsheet # 15: CPU_time = 0.01 secs, Wall_time = 0.00 secs
Wed Aug 19 22:36:20 2026: Image # 30, module Images # 1: CPU_time = 0.00 secs, Wall_time = 0.00 secs
Wed Aug 19 22:36:20 2026: Image # 30, module Metadata # 2: CPU_time = 0.00 secs, Wall_time = 0.00 secs
Wed Aug 19 22:36:20 2026: Image # 30, module NamesAndTypes # 3: CPU_time = 6.42 secs, Wall_time = 7.54 secs
Wed Aug 19 22:36:28 2026: Image # 30, module Groups # 4: CPU_time = 0.00 secs, Wall_time = 0.00 secs
Wed Aug 19 22:36:28 2026: Image # 30, module MaskImage # 5: CPU_time = 0.09 secs, Wall_time = 0.09 secs
Wed Aug 19 22:36:28 2026: Image # 30, module MaskImage # 6: CPU_time = 0.09 secs, Wall_time = 0.09 secs
Wed Aug 19 22:36:28 2026: Image # 30, module MaskImage # 7: CPU_time = 0.10 secs, Wall_time = 0.09 secs
Wed Aug 19 22:36:28 2026: Image # 30, module MaskObjects # 8: CPU_time = 0.59 secs, Wall_time = 0.59 secs
Wed Aug 19 22:36:29 2026: Image # 30, module MeasureObjectIntensity # 9: CPU_time = 5.97 secs, Wall_time = 5.96 secs
Wed Aug 19 22:36:35 2026: Image # 30, module MeasureGranularity # 10: CPU_time = 17.12 secs, Wall_time = 17.11 secs
Wed Aug 19 22:36:52 2026: Image # 30, module MeasureGranularity # 11: CPU_time = 25.36 secs, Wall_time = 25.34 secs
Wed Aug 19 22:37:17 2026: Image # 30, module MeasureObjectIntensityDistribution # 12: CPU_time = 8.64 secs, Wall_time = 8.63 secs
Wed Aug 19 22:37:26 2026: Image # 30, module MeasureTexture # 13: CPU_time = 1.89 secs, Wall_time = 1.89 secs
Wed Aug 19 22:37:28 2026: Image # 30, module MeasureColocalization # 14: CPU_time = 218.23 secs, Wall_time = 57.22 secs
Wed Aug 19 22:38:25 2026: Image # 30, module ExportToSpreadsheet # 15: CPU_time = 0.00 secs, Wall_time = 0.00 secs
Wed Aug 19 22:38:25 2026: Image # 31, module Images # 1: CPU_time = 0.00 secs, Wall_time = 0.00 secs
Wed Aug 19 22:38:25 2026: Image # 31, module Metadata # 2: CPU_time = 0.00 secs, Wall_time = 0.00 secs
Wed Aug 19 22:38:25 2026: Image # 31, module NamesAndTypes # 3: CPU_time = 6.45 secs, Wall_time = 6.39 secs
Wed Aug 19 22:38:31 2026: Image # 31, module Groups # 4: CPU_time = 0.00 secs, Wall_time = 0.00 secs
Wed Aug 19 22:38:31 2026: Image # 31, module MaskImage # 5: CPU_time = 0.09 secs, Wall_time = 0.09 secs
Wed Aug 19 22:38:31 2026: Image # 31, module MaskImage # 6: CPU_time = 0.12 secs, Wall_time = 0.11 secs
Wed Aug 19 22:38:31 2026: Image # 31, module MaskImage # 7: CPU_time = 0.09 secs, Wall_time = 0.09 secs
Wed Aug 19 22:38:32 2026: Image # 31, module MaskObjects # 8: CPU_time = 0.53 secs, Wall_time = 0.53 secs
Wed Aug 19 22:38:32 2026: Image # 31, module MeasureObjectIntensity # 9: CPU_time = 5.15 secs, Wall_time = 5.15 secs
Wed Aug 19 22:38:37 2026: Image # 31, module MeasureGranularity # 10: CPU_time = 16.70 secs, Wall_time = 16.69 secs
Wed Aug 19 22:38:54 2026: Image # 31, module MeasureGranularity # 11: CPU_time = 23.63 secs, Wall_time = 23.61 secs
Wed Aug 19 22:39:18 2026: Image # 31, module MeasureObjectIntensityDistribution # 12: CPU_time = 7.34 secs, Wall_time = 7.33 secs
Wed Aug 19 22:39:25 2026: Image # 31, module MeasureTexture # 13: CPU_time = 1.50 secs, Wall_time = 1.50 secs
Wed Aug 19 22:39:26 2026: Image # 31, module MeasureColocalization # 14: CPU_time = 124.86 secs, Wall_time = 32.87 secs
Wed Aug 19 22:39:59 2026: Image # 31, module ExportToSpreadsheet # 15: CPU_time = 0.00 secs, Wall_time = 0.00 secs
Wed Aug 19 22:39:59 2026: Image # 32, module Images # 1: CPU_time = 0.00 secs, Wall_time = 0.00 secs
Wed Aug 19 22:39:59 2026: Image # 32, module Metadata # 2: CPU_time = 0.00 secs, Wall_time = 0.00 secs
Wed Aug 19 22:39:59 2026: Image # 32, module NamesAndTypes # 3: CPU_time = 6.12 secs, Wall_time = 6.01 secs
Wed Aug 19 22:40:05 2026: Image # 32, module Groups # 4: CPU_time = 0.00 secs, Wall_time = 0.00 secs
Wed Aug 19 22:40:05 2026: Image # 32, module MaskImage # 5: CPU_time = 0.09 secs, Wall_time = 0.09 secs
Wed Aug 19 22:40:05 2026: Image # 32, module MaskImage # 6: CPU_time = 0.11 secs, Wall_time = 0.11 secs
Wed Aug 19 22:40:06 2026: Image # 32, module MaskImage # 7: CPU_time = 0.09 secs, Wall_time = 0.10 secs
Wed Aug 19 22:40:06 2026: Image # 32, module MaskObjects # 8: CPU_time = 0.59 secs, Wall_time = 0.59 secs
Wed Aug 19 22:40:06 2026: Image # 32, module MeasureObjectIntensity # 9: CPU_time = 4.71 secs, Wall_time = 4.71 secs
Wed Aug 19 22:40:11 2026: Image # 32, module MeasureGranularity # 10: CPU_time = 15.09 secs, Wall_time = 15.07 secs
Wed Aug 19 22:40:26 2026: Image # 32, module MeasureGranularity # 11: CPU_time = 21.04 secs, Wall_time = 21.03 secs
Wed Aug 19 22:40:47 2026: Image # 32, module MeasureObjectIntensityDistribution # 12: CPU_time = 6.94 secs, Wall_time = 6.93 secs
Wed Aug 19 22:40:54 2026: Image # 32, module MeasureTexture # 13: CPU_time = 1.54 secs, Wall_time = 1.55 secs
Wed Aug 19 22:40:56 2026: Image # 32, module MeasureColocalization # 14: CPU_time = 206.83 secs, Wall_time = 53.64 secs
Wed Aug 19 22:41:49 2026: Image # 32, module ExportToSpreadsheet # 15: CPU_time = 0.00 secs, Wall_time = 0.19 secs
Wed Aug 19 22:41:49 2026: Image # 33, module Images # 1: CPU_time = 0.00 secs, Wall_time = 0.00 secs
Wed Aug 19 22:41:49 2026: Image # 33, module Metadata # 2: CPU_time = 0.00 secs, Wall_time = 0.00 secs
Wed Aug 19 22:41:49 2026: Image # 33, module NamesAndTypes # 3: CPU_time = 6.10 secs, Wall_time = 5.52 secs
Wed Aug 19 22:41:55 2026: Image # 33, module Groups # 4: CPU_time = 0.00 secs, Wall_time = 0.00 secs
Wed Aug 19 22:41:55 2026: Image # 33, module MaskImage # 5: CPU_time = 0.09 secs, Wall_time = 0.09 secs
Wed Aug 19 22:41:55 2026: Image # 33, module MaskImage # 6: CPU_time = 0.10 secs, Wall_time = 0.09 secs
Wed Aug 19 22:41:55 2026: Image # 33, module MaskImage # 7: CPU_time = 0.09 secs, Wall_time = 0.10 secs
Wed Aug 19 22:41:55 2026: Image # 33, module MaskObjects # 8: CPU_time = 0.52 secs, Wall_time = 0.53 secs
Wed Aug 19 22:41:56 2026: Image # 33, module MeasureObjectIntensity # 9: CPU_time = 4.04 secs, Wall_time = 4.04 secs
Wed Aug 19 22:42:00 2026: Image # 33, module MeasureGranularity # 10: CPU_time = 13.62 secs, Wall_time = 13.60 secs
Wed Aug 19 22:42:13 2026: Image # 33, module MeasureGranularity # 11: CPU_time = 20.15 secs, Wall_time = 20.14 secs
Wed Aug 19 22:42:34 2026: Image # 33, module MeasureObjectIntensityDistribution # 12: CPU_time = 5.62 secs, Wall_time = 5.62 secs
Wed Aug 19 22:42:39 2026: Image # 33, module MeasureTexture # 13: CPU_time = 1.41 secs, Wall_time = 1.41 secs
Wed Aug 19 22:42:41 2026: Image # 33, module MeasureColocalization # 14: CPU_time = 97.12 secs, Wall_time = 25.99 secs
Wed Aug 19 22:43:07 2026: Image # 33, module ExportToSpreadsheet # 15: CPU_time = 0.00 secs, Wall_time = 0.00 secs
Wed Aug 19 22:43:07 2026: Image # 34, module Images # 1: CPU_time = 0.00 secs, Wall_time = 0.00 secs
Wed Aug 19 22:43:07 2026: Image # 34, module Metadata # 2: CPU_time = 0.00 secs, Wall_time = 0.00 secs
Wed Aug 19 22:43:07 2026: Image # 34, module NamesAndTypes # 3: CPU_time = 6.49 secs, Wall_time = 8.08 secs
Wed Aug 19 22:43:15 2026: Image # 34, module Groups # 4: CPU_time = 0.00 secs, Wall_time = 0.00 secs
Wed Aug 19 22:43:15 2026: Image # 34, module MaskImage # 5: CPU_time = 0.09 secs, Wall_time = 0.09 secs
Wed Aug 19 22:43:15 2026: Image # 34, module MaskImage # 6: CPU_time = 0.10 secs, Wall_time = 0.09 secs
Wed Aug 19 22:43:15 2026: Image # 34, module MaskImage # 7: CPU_time = 0.10 secs, Wall_time = 0.10 secs
Wed Aug 19 22:43:15 2026: Image # 34, module MaskObjects # 8: CPU_time = 0.62 secs, Wall_time = 0.61 secs
Wed Aug 19 22:43:16 2026: Image # 34, module MeasureObjectIntensity # 9: CPU_time = 5.10 secs, Wall_time = 5.10 secs
Wed Aug 19 22:43:21 2026: Image # 34, module MeasureGranularity # 10: CPU_time = 16.44 secs, Wall_time = 16.43 secs
Wed Aug 19 22:43:37 2026: Image # 34, module MeasureGranularity # 11: CPU_time = 24.43 secs, Wall_time = 24.40 secs
Wed Aug 19 22:44:02 2026: Image # 34, module MeasureObjectIntensityDistribution # 12: CPU_time = 6.91 secs, Wall_time = 6.90 secs
Wed Aug 19 22:44:08 2026: Image # 34, module MeasureTexture # 13: CPU_time = 1.82 secs, Wall_time = 1.81 secs
Wed Aug 19 22:44:10 2026: Image # 34, module MeasureColocalization # 14: CPU_time = 128.03 secs, Wall_time = 33.83 secs
Wed Aug 19 22:44:44 2026: Image # 34, module ExportToSpreadsheet # 15: CPU_time = 0.00 secs, Wall_time = 0.00 secs
Wed Aug 19 22:44:44 2026: Image # 35, module Images # 1: CPU_time = 0.00 secs, Wall_time = 0.00 secs
Wed Aug 19 22:44:44 2026: Image # 35, module Metadata # 2: CPU_time = 0.00 secs, Wall_time = 0.00 secs
Wed Aug 19 22:44:44 2026: Image # 35, module NamesAndTypes # 3: CPU_time = 6.40 secs, Wall_time = 7.09 secs
Wed Aug 19 22:44:51 2026: Image # 35, module Groups # 4: CPU_time = 0.00 secs, Wall_time = 0.00 secs
Wed Aug 19 22:44:51 2026: Image # 35, module MaskImage # 5: CPU_time = 0.09 secs, Wall_time = 0.09 secs
Wed Aug 19 22:44:51 2026: Image # 35, module MaskImage # 6: CPU_time = 0.10 secs, Wall_time = 0.10 secs
Wed Aug 19 22:44:51 2026: Image # 35, module MaskImage # 7: CPU_time = 0.10 secs, Wall_time = 0.10 secs
Wed Aug 19 22:44:52 2026: Image # 35, module MaskObjects # 8: CPU_time = 0.68 secs, Wall_time = 0.67 secs
Wed Aug 19 22:44:52 2026: Image # 35, module MeasureObjectIntensity # 9: CPU_time = 9.78 secs, Wall_time = 9.77 secs
Wed Aug 19 22:45:02 2026: Image # 35, module MeasureGranularity # 10: CPU_time = 18.91 secs, Wall_time = 18.89 secs
Wed Aug 19 22:45:21 2026: Image # 35, module MeasureGranularity # 11: CPU_time = 32.19 secs, Wall_time = 32.16 secs
Wed Aug 19 22:45:53 2026: Image # 35, module MeasureObjectIntensityDistribution # 12: CPU_time = 11.12 secs, Wall_time = 11.11 secs
Wed Aug 19 22:46:04 2026: Image # 35, module MeasureTexture # 13: CPU_time = 2.04 secs, Wall_time = 2.04 secs
Wed Aug 19 22:46:06 2026: Image # 35, module MeasureColocalization # 14: CPU_time = 27.74 secs, Wall_time = 10.91 secs
Wed Aug 19 22:46:17 2026: Image # 35, module ExportToSpreadsheet # 15: CPU_time = 0.00 secs, Wall_time = 0.11 secs
Wed Aug 19 22:46:17 2026: Image # 36, module Images # 1: CPU_time = 0.00 secs, Wall_time = 0.00 secs
Wed Aug 19 22:46:17 2026: Image # 36, module Metadata # 2: CPU_time = 0.00 secs, Wall_time = 0.00 secs
Wed Aug 19 22:46:17 2026: Image # 36, module NamesAndTypes # 3: CPU_time = 5.88 secs, Wall_time = 4.82 secs
Wed Aug 19 22:46:22 2026: Image # 36, module Groups # 4: CPU_time = 0.00 secs, Wall_time = 0.00 secs
Wed Aug 19 22:46:22 2026: Image # 36, module MaskImage # 5: CPU_time = 0.09 secs, Wall_time = 0.09 secs
Wed Aug 19 22:46:22 2026: Image # 36, module MaskImage # 6: CPU_time = 0.12 secs, Wall_time = 0.11 secs
Wed Aug 19 22:46:22 2026: Image # 36, module MaskImage # 7: CPU_time = 0.10 secs, Wall_time = 0.10 secs
Wed Aug 19 22:46:22 2026: Image # 36, module MaskObjects # 8: CPU_time = 0.55 secs, Wall_time = 0.55 secs
Wed Aug 19 22:46:23 2026: Image # 36, module MeasureObjectIntensity # 9: CPU_time = 6.27 secs, Wall_time = 6.27 secs
Wed Aug 19 22:46:29 2026: Image # 36, module MeasureGranularity # 10: CPU_time = 15.95 secs, Wall_time = 15.94 secs
Wed Aug 19 22:46:45 2026: Image # 36, module MeasureGranularity # 11: CPU_time = 25.18 secs, Wall_time = 25.15 secs
Wed Aug 19 22:47:10 2026: Image # 36, module MeasureObjectIntensityDistribution # 12: CPU_time = 7.74 secs, Wall_time = 7.73 secs
Wed Aug 19 22:47:18 2026: Image # 36, module MeasureTexture # 13: CPU_time = 1.78 secs, Wall_time = 1.78 secs
Wed Aug 19 22:47:20 2026: Image # 36, module MeasureColocalization # 14: CPU_time = 20.10 secs, Wall_time = 7.52 secs
Wed Aug 19 22:47:27 2026: Image # 36, module ExportToSpreadsheet # 15: CPU_time = 0.00 secs, Wall_time = 0.00 secs
Wed Aug 19 22:47:27 2026: Image # 37, module Images # 1: CPU_time = 0.00 secs, Wall_time = 0.00 secs
Wed Aug 19 22:47:27 2026: Image # 37, module Metadata # 2: CPU_time = 0.00 secs, Wall_time = 0.00 secs
Wed Aug 19 22:47:27 2026: Image # 37, module NamesAndTypes # 3: CPU_time = 5.67 secs, Wall_time = 4.63 secs
Wed Aug 19 22:47:32 2026: Image # 37, module Groups # 4: CPU_time = 0.00 secs, Wall_time = 0.00 secs
Wed Aug 19 22:47:32 2026: Image # 37, module MaskImage # 5: CPU_time = 0.10 secs, Wall_time = 0.09 secs
Wed Aug 19 22:47:32 2026: Image # 37, module MaskImage # 6: CPU_time = 0.09 secs, Wall_time = 0.09 secs
Wed Aug 19 22:47:32 2026: Image # 37, module MaskImage # 7: CPU_time = 0.10 secs, Wall_time = 0.10 secs
Wed Aug 19 22:47:32 2026: Image # 37, module MaskObjects # 8: CPU_time = 0.61 secs, Wall_time = 0.61 secs
Wed Aug 19 22:47:33 2026: Image # 37, module MeasureObjectIntensity # 9: CPU_time = 10.85 secs, Wall_time = 10.85 secs
Wed Aug 19 22:47:44 2026: Image # 37, module MeasureGranularity # 10: CPU_time = 17.86 secs, Wall_time = 17.84 secs
Wed Aug 19 22:48:02 2026: Image # 37, module MeasureGranularity # 11: CPU_time = 34.57 secs, Wall_time = 34.53 secs
Wed Aug 19 22:48:36 2026: Image # 37, module MeasureObjectIntensityDistribution # 12: CPU_time = 13.02 secs, Wall_time = 13.02 secs
Wed Aug 19 22:48:49 2026: Image # 37, module MeasureTexture # 13: CPU_time = 2.13 secs, Wall_time = 2.12 secs
Wed Aug 19 22:48:51 2026: Image # 37, module MeasureColocalization # 14: CPU_time = 30.20 secs, Wall_time = 12.95 secs
Wed Aug 19 22:49:04 2026: Image # 37, module ExportToSpreadsheet # 15: CPU_time = 0.01 secs, Wall_time = 0.01 secs
Wed Aug 19 22:49:04 2026: Image # 38, module Images # 1: CPU_time = 0.00 secs, Wall_time = 0.00 secs
Wed Aug 19 22:49:04 2026: Image # 38, module Metadata # 2: CPU_time = 0.00 secs, Wall_time = 0.00 secs
Wed Aug 19 22:49:04 2026: Image # 38, module NamesAndTypes # 3: CPU_time = 6.15 secs, Wall_time = 6.08 secs
Wed Aug 19 22:49:10 2026: Image # 38, module Groups # 4: CPU_time = 0.00 secs, Wall_time = 0.00 secs
Wed Aug 19 22:49:10 2026: Image # 38, module MaskImage # 5: CPU_time = 0.10 secs, Wall_time = 0.09 secs
Wed Aug 19 22:49:10 2026: Image # 38, module MaskImage # 6: CPU_time = 0.11 secs, Wall_time = 0.11 secs
Wed Aug 19 22:49:11 2026: Image # 38, module MaskImage # 7: CPU_time = 0.12 secs, Wall_time = 0.10 secs
Wed Aug 19 22:49:11 2026: Image # 38, module MaskObjects # 8: CPU_time = 0.54 secs, Wall_time = 0.54 secs
Wed Aug 19 22:49:11 2026: Image # 38, module MeasureObjectIntensity # 9: CPU_time = 6.12 secs, Wall_time = 6.11 secs
Wed Aug 19 22:49:17 2026: Image # 38, module MeasureGranularity # 10: CPU_time = 15.81 secs, Wall_time = 15.81 secs
Wed Aug 19 22:49:33 2026: Image # 38, module MeasureGranularity # 11: CPU_time = 24.85 secs, Wall_time = 24.82 secs
Wed Aug 19 22:49:58 2026: Image # 38, module MeasureObjectIntensityDistribution # 12: CPU_time = 7.61 secs, Wall_time = 7.60 secs
Wed Aug 19 22:50:06 2026: Image # 38, module MeasureTexture # 13: CPU_time = 1.78 secs, Wall_time = 1.77 secs
Wed Aug 19 22:50:07 2026: Image # 38, module MeasureColocalization # 14: CPU_time = 21.39 secs, Wall_time = 7.48 secs
Wed Aug 19 22:50:15 2026: Image # 38, module ExportToSpreadsheet # 15: CPU_time = 0.00 secs, Wall_time = 0.00 secs
Wed Aug 19 22:50:15 2026: Image # 39, module Images # 1: CPU_time = 0.00 secs, Wall_time = 0.00 secs
Wed Aug 19 22:50:15 2026: Image # 39, module Metadata # 2: CPU_time = 0.00 secs, Wall_time = 0.00 secs
Wed Aug 19 22:50:15 2026: Image # 39, module NamesAndTypes # 3: CPU_time = 5.92 secs, Wall_time = 5.85 secs
Wed Aug 19 22:50:21 2026: Image # 39, module Groups # 4: CPU_time = 0.00 secs, Wall_time = 0.00 secs
Wed Aug 19 22:50:21 2026: Image # 39, module MaskImage # 5: CPU_time = 0.08 secs, Wall_time = 0.09 secs
Wed Aug 19 22:50:21 2026: Image # 39, module MaskImage # 6: CPU_time = 0.09 secs, Wall_time = 0.09 secs
Wed Aug 19 22:50:21 2026: Image # 39, module MaskImage # 7: CPU_time = 0.10 secs, Wall_time = 0.10 secs
Wed Aug 19 22:50:21 2026: Image # 39, module MaskObjects # 8: CPU_time = 0.59 secs, Wall_time = 0.59 secs
Wed Aug 19 22:50:22 2026: Image # 39, module MeasureObjectIntensity # 9: CPU_time = 8.06 secs, Wall_time = 8.05 secs
Wed Aug 19 22:50:30 2026: Image # 39, module MeasureGranularity # 10: CPU_time = 16.92 secs, Wall_time = 16.91 secs
Wed Aug 19 22:50:47 2026: Image # 39, module MeasureGranularity # 11: CPU_time = 29.03 secs, Wall_time = 29.00 secs
Wed Aug 19 22:51:16 2026: Image # 39, module MeasureObjectIntensityDistribution # 12: CPU_time = 10.89 secs, Wall_time = 10.88 secs
Wed Aug 19 22:51:26 2026: Image # 39, module MeasureTexture # 13: CPU_time = 1.96 secs, Wall_time = 1.97 secs
Wed Aug 19 22:51:28 2026: Image # 39, module MeasureColocalization # 14: CPU_time = 29.36 secs, Wall_time = 10.36 secs
Wed Aug 19 22:51:39 2026: Image # 39, module ExportToSpreadsheet # 15: CPU_time = 0.00 secs, Wall_time = 0.04 secs
Wed Aug 19 22:51:39 2026: Image # 40, module Images # 1: CPU_time = 0.00 secs, Wall_time = 0.00 secs
Wed Aug 19 22:51:39 2026: Image # 40, module Metadata # 2: CPU_time = 0.00 secs, Wall_time = 0.00 secs
Wed Aug 19 22:51:39 2026: Image # 40, module NamesAndTypes # 3: CPU_time = 5.73 secs, Wall_time = 5.08 secs
Wed Aug 19 22:51:44 2026: Image # 40, module Groups # 4: CPU_time = 0.00 secs, Wall_time = 0.00 secs
Wed Aug 19 22:51:44 2026: Image # 40, module MaskImage # 5: CPU_time = 0.09 secs, Wall_time = 0.09 secs
Wed Aug 19 22:51:44 2026: Image # 40, module MaskImage # 6: CPU_time = 0.09 secs, Wall_time = 0.09 secs
Wed Aug 19 22:51:44 2026: Image # 40, module MaskImage # 7: CPU_time = 0.09 secs, Wall_time = 0.09 secs
Wed Aug 19 22:51:44 2026: Image # 40, module MaskObjects # 8: CPU_time = 0.59 secs, Wall_time = 0.59 secs
Wed Aug 19 22:51:45 2026: Image # 40, module MeasureObjectIntensity # 9: CPU_time = 8.59 secs, Wall_time = 8.59 secs
Wed Aug 19 22:51:53 2026: Image # 40, module MeasureGranularity # 10: CPU_time = 17.18 secs, Wall_time = 17.16 secs
Wed Aug 19 22:52:11 2026: Image # 40, module MeasureGranularity # 11: CPU_time = 30.37 secs, Wall_time = 30.35 secs
Wed Aug 19 22:52:41 2026: Image # 40, module MeasureObjectIntensityDistribution # 12: CPU_time = 11.69 secs, Wall_time = 11.69 secs
Wed Aug 19 22:52:53 2026: Image # 40, module MeasureTexture # 13: CPU_time = 2.00 secs, Wall_time = 2.00 secs
Wed Aug 19 22:52:55 2026: Image # 40, module MeasureColocalization # 14: CPU_time = 29.86 secs, Wall_time = 11.38 secs
Wed Aug 19 22:53:06 2026: Image # 40, module ExportToSpreadsheet # 15: CPU_time = 0.00 secs, Wall_time = 0.00 secs
Wed Aug 19 22:53:06 2026: Image # 41, module Images # 1: CPU_time = 0.00 secs, Wall_time = 0.00 secs
Wed Aug 19 22:53:06 2026: Image # 41, module Metadata # 2: CPU_time = 0.00 secs, Wall_time = 0.00 secs
Wed Aug 19 22:53:06 2026: Image # 41, module NamesAndTypes # 3: CPU_time = 5.94 secs, Wall_time = 6.85 secs
Wed Aug 19 22:53:13 2026: Image # 41, module Groups # 4: CPU_time = 0.00 secs, Wall_time = 0.00 secs
Wed Aug 19 22:53:13 2026: Image # 41, module MaskImage # 5: CPU_time = 0.09 secs, Wall_time = 0.09 secs
Wed Aug 19 22:53:13 2026: Image # 41, module MaskImage # 6: CPU_time = 0.09 secs, Wall_time = 0.09 secs
Wed Aug 19 22:53:13 2026: Image # 41, module MaskImage # 7: CPU_time = 0.10 secs, Wall_time = 0.10 secs
Wed Aug 19 22:53:13 2026: Image # 41, module MaskObjects # 8: CPU_time = 0.59 secs, Wall_time = 0.60 secs
Wed Aug 19 22:53:14 2026: Image # 41, module MeasureObjectIntensity # 9: CPU_time = 9.71 secs, Wall_time = 9.70 secs
Wed Aug 19 22:53:23 2026: Image # 41, module MeasureGranularity # 10: CPU_time = 18.04 secs, Wall_time = 18.03 secs
Wed Aug 19 22:53:41 2026: Image # 41, module MeasureGranularity # 11: CPU_time = 37.80 secs, Wall_time = 37.77 secs
Wed Aug 19 22:54:19 2026: Image # 41, module MeasureObjectIntensityDistribution # 12: CPU_time = 14.15 secs, Wall_time = 14.13 secs
Wed Aug 19 22:54:33 2026: Image # 41, module MeasureTexture # 13: CPU_time = 2.12 secs, Wall_time = 2.12 secs
Wed Aug 19 22:54:36 2026: Image # 41, module MeasureColocalization # 14: CPU_time = 27.36 secs, Wall_time = 12.73 secs
Wed Aug 19 22:54:48 2026: Image # 41, module ExportToSpreadsheet # 15: CPU_time = 0.00 secs, Wall_time = 0.00 secs
Wed Aug 19 22:54:48 2026: Image # 42, module Images # 1: CPU_time = 0.00 secs, Wall_time = 0.00 secs
Wed Aug 19 22:54:48 2026: Image # 42, module Metadata # 2: CPU_time = 0.00 secs, Wall_time = 0.00 secs
Wed Aug 19 22:54:48 2026: Image # 42, module NamesAndTypes # 3: CPU_time = 6.34 secs, Wall_time = 5.62 secs
Wed Aug 19 22:54:54 2026: Image # 42, module Groups # 4: CPU_time = 0.00 secs, Wall_time = 0.00 secs
Wed Aug 19 22:54:54 2026: Image # 42, module MaskImage # 5: CPU_time = 0.10 secs, Wall_time = 0.09 secs
Wed Aug 19 22:54:54 2026: Image # 42, module MaskImage # 6: CPU_time = 0.12 secs, Wall_time = 0.11 secs
Wed Aug 19 22:54:54 2026: Image # 42, module MaskImage # 7: CPU_time = 0.09 secs, Wall_time = 0.10 secs
Wed Aug 19 22:54:54 2026: Image # 42, module MaskObjects # 8: CPU_time = 0.60 secs, Wall_time = 0.60 secs
Wed Aug 19 22:54:55 2026: Image # 42, module MeasureObjectIntensity # 9: CPU_time = 10.80 secs, Wall_time = 10.78 secs
Wed Aug 19 22:55:06 2026: Image # 42, module MeasureGranularity # 10: CPU_time = 19.48 secs, Wall_time = 19.46 secs
Wed Aug 19 22:55:25 2026: Image # 42, module MeasureGranularity # 11: CPU_time = 41.35 secs, Wall_time = 41.32 secs
Wed Aug 19 22:56:06 2026: Image # 42, module MeasureObjectIntensityDistribution # 12: CPU_time = 14.74 secs, Wall_time = 14.74 secs
Wed Aug 19 22:56:21 2026: Image # 42, module MeasureTexture # 13: CPU_time = 2.07 secs, Wall_time = 2.07 secs
Wed Aug 19 22:56:23 2026: Image # 42, module MeasureColocalization # 14: CPU_time = 26.64 secs, Wall_time = 12.81 secs
Wed Aug 19 22:56:36 2026: Image # 42, module ExportToSpreadsheet # 15: CPU_time = 0.00 secs, Wall_time = 0.00 secs
Wed Aug 19 22:56:36 2026: Image # 43, module Images # 1: CPU_time = 0.00 secs, Wall_time = 0.00 secs
Wed Aug 19 22:56:36 2026: Image # 43, module Metadata # 2: CPU_time = 0.00 secs, Wall_time = 0.00 secs
Wed Aug 19 22:56:36 2026: Image # 43, module NamesAndTypes # 3: CPU_time = 5.99 secs, Wall_time = 6.33 secs
Wed Aug 19 22:56:42 2026: Image # 43, module Groups # 4: CPU_time = 0.00 secs, Wall_time = 0.00 secs
Wed Aug 19 22:56:42 2026: Image # 43, module MaskImage # 5: CPU_time = 0.08 secs, Wall_time = 0.09 secs
Wed Aug 19 22:56:42 2026: Image # 43, module MaskImage # 6: CPU_time = 0.11 secs, Wall_time = 0.11 secs
Wed Aug 19 22:56:43 2026: Image # 43, module MaskImage # 7: CPU_time = 0.10 secs, Wall_time = 0.10 secs
Wed Aug 19 22:56:43 2026: Image # 43, module MaskObjects # 8: CPU_time = 0.53 secs, Wall_time = 0.53 secs
Wed Aug 19 22:56:43 2026: Image # 43, module MeasureObjectIntensity # 9: CPU_time = 6.20 secs, Wall_time = 6.19 secs
Wed Aug 19 22:56:49 2026: Image # 43, module MeasureGranularity # 10: CPU_time = 15.73 secs, Wall_time = 15.72 secs
Wed Aug 19 22:57:05 2026: Image # 43, module MeasureGranularity # 11: CPU_time = 27.90 secs, Wall_time = 27.92 secs
Wed Aug 19 22:57:33 2026: Image # 43, module MeasureObjectIntensityDistribution # 12: CPU_time = 8.69 secs, Wall_time = 8.69 secs
Wed Aug 19 22:57:42 2026: Image # 43, module MeasureTexture # 13: CPU_time = 1.52 secs, Wall_time = 1.51 secs
Wed Aug 19 22:57:43 2026: Image # 43, module MeasureColocalization # 14: CPU_time = 15.66 secs, Wall_time = 5.94 secs
Wed Aug 19 22:57:49 2026: Image # 43, module ExportToSpreadsheet # 15: CPU_time = 0.00 secs, Wall_time = 0.00 secs
Wed Aug 19 22:57:49 2026: Image # 44, module Images # 1: CPU_time = 0.00 secs, Wall_time = 0.00 secs
Wed Aug 19 22:57:49 2026: Image # 44, module Metadata # 2: CPU_time = 0.00 secs, Wall_time = 0.00 secs
Wed Aug 19 22:57:49 2026: Image # 44, module NamesAndTypes # 3: CPU_time = 6.02 secs, Wall_time = 5.30 secs
Wed Aug 19 22:57:55 2026: Image # 44, module Groups # 4: CPU_time = 0.00 secs, Wall_time = 0.00 secs
Wed Aug 19 22:57:55 2026: Image # 44, module MaskImage # 5: CPU_time = 0.09 secs, Wall_time = 0.09 secs
Wed Aug 19 22:57:55 2026: Image # 44, module MaskImage # 6: CPU_time = 0.10 secs, Wall_time = 0.11 secs
Wed Aug 19 22:57:55 2026: Image # 44, module MaskImage # 7: CPU_time = 0.09 secs, Wall_time = 0.10 secs
Wed Aug 19 22:57:55 2026: Image # 44, module MaskObjects # 8: CPU_time = 0.58 secs, Wall_time = 0.58 secs
Wed Aug 19 22:57:55 2026: Image # 44, module MeasureObjectIntensity # 9: CPU_time = 8.00 secs, Wall_time = 8.02 secs
Wed Aug 19 22:58:03 2026: Image # 44, module MeasureGranularity # 10: CPU_time = 17.43 secs, Wall_time = 17.45 secs
Wed Aug 19 22:58:21 2026: Image # 44, module MeasureGranularity # 11: CPU_time = 31.09 secs, Wall_time = 31.12 secs
Wed Aug 19 22:58:52 2026: Image # 44, module MeasureObjectIntensityDistribution # 12: CPU_time = 10.63 secs, Wall_time = 10.62 secs
Wed Aug 19 22:59:03 2026: Image # 44, module MeasureTexture # 13: CPU_time = 1.80 secs, Wall_time = 1.80 secs
Wed Aug 19 22:59:04 2026: Image # 44, module MeasureColocalization # 14: CPU_time = 35.60 secs, Wall_time = 12.32 secs
Wed Aug 19 22:59:17 2026: Image # 44, module ExportToSpreadsheet # 15: CPU_time = 0.00 secs, Wall_time = 0.00 secs
Wed Aug 19 22:59:17 2026: Image # 45, module Images # 1: CPU_time = 0.00 secs, Wall_time = 0.00 secs
Wed Aug 19 22:59:17 2026: Image # 45, module Metadata # 2: CPU_time = 0.00 secs, Wall_time = 0.00 secs
Wed Aug 19 22:59:17 2026: Image # 45, module NamesAndTypes # 3: CPU_time = 6.06 secs, Wall_time = 6.48 secs
Wed Aug 19 22:59:23 2026: Image # 45, module Groups # 4: CPU_time = 0.00 secs, Wall_time = 0.00 secs
Wed Aug 19 22:59:23 2026: Image # 45, module MaskImage # 5: CPU_time = 0.10 secs, Wall_time = 0.09 secs
Wed Aug 19 22:59:23 2026: Image # 45, module MaskImage # 6: CPU_time = 0.11 secs, Wall_time = 0.11 secs
Wed Aug 19 22:59:23 2026: Image # 45, module MaskImage # 7: CPU_time = 0.10 secs, Wall_time = 0.10 secs
Wed Aug 19 22:59:24 2026: Image # 45, module MaskObjects # 8: CPU_time = 0.67 secs, Wall_time = 0.67 secs
Wed Aug 19 22:59:24 2026: Image # 45, module MeasureObjectIntensity # 9: CPU_time = 5.89 secs, Wall_time = 5.91 secs
Wed Aug 19 22:59:30 2026: Image # 45, module MeasureGranularity # 10: CPU_time = 16.94 secs, Wall_time = 16.94 secs
Wed Aug 19 22:59:47 2026: Image # 45, module MeasureGranularity # 11: CPU_time = 23.47 secs, Wall_time = 23.48 secs
Wed Aug 19 23:00:11 2026: Image # 45, module MeasureObjectIntensityDistribution # 12: CPU_time = 8.02 secs, Wall_time = 8.02 secs
Wed Aug 19 23:00:19 2026: Image # 45, module MeasureTexture # 13: CPU_time = 1.62 secs, Wall_time = 1.62 secs
Wed Aug 19 23:00:20 2026: Image # 45, module MeasureColocalization # 14: CPU_time = 13.27 secs, Wall_time = 4.92 secs
Wed Aug 19 23:00:25 2026: Image # 45, module ExportToSpreadsheet # 15: CPU_time = 0.00 secs, Wall_time = 0.00 secs
Wed Aug 19 23:00:25 2026: Image # 46, module Images # 1: CPU_time = 0.00 secs, Wall_time = 0.00 secs
Wed Aug 19 23:00:25 2026: Image # 46, module Metadata # 2: CPU_time = 0.00 secs, Wall_time = 0.00 secs
Wed Aug 19 23:00:25 2026: Image # 46, module NamesAndTypes # 3: CPU_time = 5.87 secs, Wall_time = 6.77 secs
Wed Aug 19 23:00:32 2026: Image # 46, module Groups # 4: CPU_time = 0.00 secs, Wall_time = 0.00 secs
Wed Aug 19 23:00:32 2026: Image # 46, module MaskImage # 5: CPU_time = 0.10 secs, Wall_time = 0.09 secs
Wed Aug 19 23:00:32 2026: Image # 46, module MaskImage # 6: CPU_time = 0.11 secs, Wall_time = 0.11 secs
Wed Aug 19 23:00:32 2026: Image # 46, module MaskImage # 7: CPU_time = 0.08 secs, Wall_time = 0.09 secs
Wed Aug 19 23:00:32 2026: Image # 46, module MaskObjects # 8: CPU_time = 0.56 secs, Wall_time = 0.57 secs
Wed Aug 19 23:00:33 2026: Image # 46, module MeasureObjectIntensity # 9: CPU_time = 5.67 secs, Wall_time = 5.68 secs
Wed Aug 19 23:00:39 2026: Image # 46, module MeasureGranularity # 10: CPU_time = 18.10 secs, Wall_time = 18.12 secs
Wed Aug 19 23:00:57 2026: Image # 46, module MeasureGranularity # 11: CPU_time = 26.63 secs, Wall_time = 26.71 secs
Wed Aug 19 23:01:23 2026: Image # 46, module MeasureObjectIntensityDistribution # 12: CPU_time = 7.64 secs, Wall_time = 7.65 secs
Wed Aug 19 23:01:31 2026: Image # 46, module MeasureTexture # 13: CPU_time = 1.65 secs, Wall_time = 1.64 secs
Wed Aug 19 23:01:33 2026: Image # 46, module MeasureColocalization # 14: CPU_time = 11.79 secs, Wall_time = 4.40 secs
Wed Aug 19 23:01:37 2026: Image # 46, module ExportToSpreadsheet # 15: CPU_time = 0.00 secs, Wall_time = 0.00 secs
Wed Aug 19 23:01:37 2026: Image # 47, module Images # 1: CPU_time = 0.00 secs, Wall_time = 0.00 secs
Wed Aug 19 23:01:37 2026: Image # 47, module Metadata # 2: CPU_time = 0.00 secs, Wall_time = 0.00 secs
Wed Aug 19 23:01:37 2026: Image # 47, module NamesAndTypes # 3: CPU_time = 5.94 secs, Wall_time = 5.88 secs
Wed Aug 19 23:01:43 2026: Image # 47, module Groups # 4: CPU_time = 0.00 secs, Wall_time = 0.00 secs
Wed Aug 19 23:01:43 2026: Image # 47, module MaskImage # 5: CPU_time = 0.10 secs, Wall_time = 0.09 secs
Wed Aug 19 23:01:43 2026: Image # 47, module MaskImage # 6: CPU_time = 0.11 secs, Wall_time = 0.11 secs
Wed Aug 19 23:01:43 2026: Image # 47, module MaskImage # 7: CPU_time = 0.09 secs, Wall_time = 0.10 secs
Wed Aug 19 23:01:43 2026: Image # 47, module MaskObjects # 8: CPU_time = 0.57 secs, Wall_time = 0.56 secs
Wed Aug 19 23:01:44 2026: Image # 47, module MeasureObjectIntensity # 9: CPU_time = 5.42 secs, Wall_time = 5.42 secs
Wed Aug 19 23:01:49 2026: Image # 47, module MeasureGranularity # 10: CPU_time = 17.08 secs, Wall_time = 17.12 secs
Wed Aug 19 23:02:06 2026: Image # 47, module MeasureGranularity # 11: CPU_time = 25.15 secs, Wall_time = 25.19 secs
Wed Aug 19 23:02:32 2026: Image # 47, module MeasureObjectIntensityDistribution # 12: CPU_time = 6.68 secs, Wall_time = 6.68 secs
Wed Aug 19 23:02:38 2026: Image # 47, module MeasureTexture # 13: CPU_time = 1.35 secs, Wall_time = 1.35 secs
Wed Aug 19 23:02:40 2026: Image # 47, module MeasureColocalization # 14: CPU_time = 19.69 secs, Wall_time = 6.23 secs
Wed Aug 19 23:02:46 2026: Image # 47, module ExportToSpreadsheet # 15: CPU_time = 0.00 secs, Wall_time = 0.00 secs
Wed Aug 19 23:02:46 2026: Image # 48, module Images # 1: CPU_time = 0.00 secs, Wall_time = 0.00 secs
Wed Aug 19 23:02:46 2026: Image # 48, module Metadata # 2: CPU_time = 0.00 secs, Wall_time = 0.00 secs
Wed Aug 19 23:02:46 2026: Image # 48, module NamesAndTypes # 3: CPU_time = 5.37 secs, Wall_time = 7.80 secs
Wed Aug 19 23:02:54 2026: Image # 48, module Groups # 4: CPU_time = 0.00 secs, Wall_time = 0.00 secs
Wed Aug 19 23:02:54 2026: Image # 48, module MaskImage # 5: CPU_time = 0.09 secs, Wall_time = 0.08 secs
Wed Aug 19 23:02:54 2026: Image # 48, module MaskImage # 6: CPU_time = 0.08 secs, Wall_time = 0.09 secs
Wed Aug 19 23:02:54 2026: Image # 48, module MaskImage # 7: CPU_time = 0.10 secs, Wall_time = 0.09 secs
Wed Aug 19 23:02:54 2026: Image # 48, module MaskObjects # 8: CPU_time = 0.49 secs, Wall_time = 0.50 secs
Wed Aug 19 23:02:54 2026: Image # 48, module MeasureObjectIntensity # 9: CPU_time = 6.30 secs, Wall_time = 6.31 secs
Wed Aug 19 23:03:01 2026: Image # 48, module MeasureGranularity # 10: CPU_time = 15.90 secs, Wall_time = 15.90 secs
Wed Aug 19 23:03:17 2026: Image # 48, module MeasureGranularity # 11: CPU_time = 25.50 secs, Wall_time = 25.47 secs
Wed Aug 19 23:03:42 2026: Image # 48, module MeasureObjectIntensityDistribution # 12: CPU_time = 8.44 secs, Wall_time = 8.44 secs
Wed Aug 19 23:03:51 2026: Image # 48, module MeasureTexture # 13: CPU_time = 1.70 secs, Wall_time = 1.70 secs
Wed Aug 19 23:03:52 2026: Image # 48, module MeasureColocalization # 14: CPU_time = 65.60 secs, Wall_time = 18.58 secs
Wed Aug 19 23:04:11 2026: Image # 48, module ExportToSpreadsheet # 15: CPU_time = 0.00 secs, Wall_time = 0.00 secs
Wed Aug 19 23:04:11 2026: Image # 49, module Images # 1: CPU_time = 0.00 secs, Wall_time = 0.00 secs
Wed Aug 19 23:04:11 2026: Image # 49, module Metadata # 2: CPU_time = 0.00 secs, Wall_time = 0.00 secs
Wed Aug 19 23:04:11 2026: Image # 49, module NamesAndTypes # 3: CPU_time = 6.14 secs, Wall_time = 7.23 secs
Wed Aug 19 23:04:18 2026: Image # 49, module Groups # 4: CPU_time = 0.00 secs, Wall_time = 0.00 secs
Wed Aug 19 23:04:18 2026: Image # 49, module MaskImage # 5: CPU_time = 0.09 secs, Wall_time = 0.09 secs
Wed Aug 19 23:04:18 2026: Image # 49, module MaskImage # 6: CPU_time = 0.10 secs, Wall_time = 0.09 secs
Wed Aug 19 23:04:18 2026: Image # 49, module MaskImage # 7: CPU_time = 0.09 secs, Wall_time = 0.10 secs
Wed Aug 19 23:04:18 2026: Image # 49, module MaskObjects # 8: CPU_time = 0.61 secs, Wall_time = 0.60 secs
Wed Aug 19 23:04:19 2026: Image # 49, module MeasureObjectIntensity # 9: CPU_time = 6.82 secs, Wall_time = 6.82 secs
Wed Aug 19 23:04:26 2026: Image # 49, module MeasureGranularity # 10: CPU_time = 14.49 secs, Wall_time = 14.48 secs
Wed Aug 19 23:04:40 2026: Image # 49, module MeasureGranularity # 11: CPU_time = 26.88 secs, Wall_time = 26.86 secs
Wed Aug 19 23:05:07 2026: Image # 49, module MeasureObjectIntensityDistribution # 12: CPU_time = 9.48 secs, Wall_time = 9.48 secs
Wed Aug 19 23:05:17 2026: Image # 49, module MeasureTexture # 13: CPU_time = 1.73 secs, Wall_time = 1.72 secs
Wed Aug 19 23:05:18 2026: Image # 49, module MeasureColocalization # 14: CPU_time = 49.87 secs, Wall_time = 15.33 secs
Wed Aug 19 23:05:34 2026: Image # 49, module ExportToSpreadsheet # 15: CPU_time = 0.00 secs, Wall_time = 0.00 secs
Wed Aug 19 23:05:34 2026: Image # 50, module Images # 1: CPU_time = 0.00 secs, Wall_time = 0.00 secs
Wed Aug 19 23:05:34 2026: Image # 50, module Metadata # 2: CPU_time = 0.00 secs, Wall_time = 0.00 secs
Wed Aug 19 23:05:34 2026: Image # 50, module NamesAndTypes # 3: CPU_time = 6.29 secs, Wall_time = 6.48 secs
Wed Aug 19 23:05:40 2026: Image # 50, module Groups # 4: CPU_time = 0.00 secs, Wall_time = 0.00 secs
Wed Aug 19 23:05:40 2026: Image # 50, module MaskImage # 5: CPU_time = 0.10 secs, Wall_time = 0.09 secs
Wed Aug 19 23:05:40 2026: Image # 50, module MaskImage # 6: CPU_time = 0.09 secs, Wall_time = 0.09 secs
Wed Aug 19 23:05:40 2026: Image # 50, module MaskImage # 7: CPU_time = 0.09 secs, Wall_time = 0.10 secs
Wed Aug 19 23:05:40 2026: Image # 50, module MaskObjects # 8: CPU_time = 0.60 secs, Wall_time = 0.61 secs
Wed Aug 19 23:05:41 2026: Image # 50, module MeasureObjectIntensity # 9: CPU_time = 5.72 secs, Wall_time = 5.72 secs
Wed Aug 19 23:05:47 2026: Image # 50, module MeasureGranularity # 10: CPU_time = 16.51 secs, Wall_time = 16.50 secs
Wed Aug 19 23:06:03 2026: Image # 50, module MeasureGranularity # 11: CPU_time = 23.77 secs, Wall_time = 23.75 secs
Wed Aug 19 23:06:27 2026: Image # 50, module MeasureObjectIntensityDistribution # 12: CPU_time = 9.62 secs, Wall_time = 9.63 secs
Wed Aug 19 23:06:37 2026: Image # 50, module MeasureTexture # 13: CPU_time = 1.70 secs, Wall_time = 1.71 secs
Wed Aug 19 23:06:38 2026: Image # 50, module MeasureColocalization # 14: CPU_time = 42.81 secs, Wall_time = 13.31 secs
Wed Aug 19 23:06:52 2026: Image # 50, module ExportToSpreadsheet # 15: CPU_time = 0.00 secs, Wall_time = 0.00 secs
