Error for image set, channel=051, metadata=DNA: Image missing from channel
Error for image set, channel=052, metadata=DNA: Image missing from channel
Error for image set, channel=053, metadata=DNA: Image missing from channel
Error for image set, channel=054, metadata=DNA: Image missing from channel
Error for image set, channel=055, metadata=DNA: Image missing from channel
Error for image set, channel=056, metadata=DNA: Image missing from channel
Error for image set, channel=057, metadata=DNA: Image missing from channel
Error for image set, channel=058, metadata=DNA: Image missing from channel
Error for image set, channel=059, metadata=DNA: Image missing from channel
Error for image set, channel=060, metadata=DNA: Image missing from channel
Error for image set, channel=061, metadata=DNA: Image missing from channel
Error for image set, channel=062, metadata=DNA: Image missing from channel
Error for image set, channel=063, metadata=DNA: Image missing from channel
Error for image set, channel=064, metadata=DNA: Image missing from channel
Error for image set, channel=065, metadata=DNA: Image missing from channel
Error for image set, channel=066, metadata=DNA: Image missing from channel
Error for image set, channel=067, metadata=DNA: Image missing from channel
Error for image set, channel=068, metadata=DNA: Image missing from channel
Error for image set, channel=069, metadata=DNA: Image missing from channel
Error for image set, channel=070, metadata=DNA: Image missing from channel
Error for image set, channel=071, metadata=DNA: Image missing from channel
Error for image set, channel=072, metadata=DNA: Image missing from channel
Error for image set, channel=073, metadata=DNA: Image missing from channel
Error for image set, channel=074, metadata=DNA: Image missing from channel
Error for image set, channel=075, metadata=DNA: Image missing from channel
Error for image set, channel=076, metadata=DNA: Image missing from channel
Error for image set, channel=077, metadata=DNA: Image missing from channel
Error for image set, channel=078, metadata=DNA: Image missing from channel
Error for image set, channel=079, metadata=DNA: Image missing from channel
Error for image set, channel=080, metadata=DNA: Image missing from channel
Error for image set, channel=081, metadata=DNA: Image missing from channel
Error for image set, channel=082, metadata=DNA: Image missing from channel
Error for image set, channel=083, metadata=DNA: Image missing from channel
Error for image set, channel=084, metadata=DNA: Image missing from channel
Error for image set, channel=085, metadata=DNA: Image missing from channel
Error for image set, channel=086, metadata=DNA: Image missing from channel
Error for image set, channel=087, metadata=DNA: Image missing from channel
Error for image set, channel=088, metadata=DNA: Image missing from channel
Error for image set, channel=089, metadata=DNA: Image missing from channel
Error for image set, channel=090, metadata=DNA: Image missing from channel
Error for image set, channel=091, metadata=DNA: Image missing from channel
Error for image set, channel=092, metadata=DNA: Image missing from channel
Error for image set, channel=093, metadata=DNA: Image missing from channel
Error for image set, channel=094, metadata=DNA: Image missing from channel
Error for image set, channel=095, metadata=DNA: Image missing from channel
Error for image set, channel=096, metadata=DNA: Image missing from channel
Error for image set, channel=097, metadata=DNA: Image missing from channel
Error for image set, channel=098, metadata=DNA: Image missing from channel
Error for image set, channel=099, metadata=DNA: Image missing from channel
Error for image set, channel=100, metadata=DNA: Image missing from channel
Error for image set, channel=101, metadata=DNA: Image missing from channel
Error for image set, channel=102, metadata=DNA: Image missing from channel
Error for image set, channel=103, metadata=DNA: Image missing from channel
Error for image set, channel=104, metadata=DNA: Image missing from channel
Error for image set, channel=105, metadata=DNA: Image missing from channel
Error for image set, channel=106, metadata=DNA: Image missing from channel
Error for image set, channel=107, metadata=DNA: Image missing from channel
Error for image set, channel=108, metadata=DNA: Image missing from channel
Error for image set, channel=109, metadata=DNA: Image missing from channel
Error for image set, channel=110, metadata=DNA: Image missing from channel
Error for image set, channel=111, metadata=DNA: Image missing from channel
Error for image set, channel=112, metadata=DNA: Image missing from channel
Error for image set, channel=113, metadata=DNA: Image missing from channel
Error for image set, channel=114, metadata=DNA: Image missing from channel
Error for image set, channel=115, metadata=DNA: Image missing from channel
Error for image set, channel=116, metadata=DNA: Image missing from channel
Error for image set, channel=117, metadata=DNA: Image missing from channel
Error for image set, channel=118, metadata=DNA: Image missing from channel
Error for image set, channel=119, metadata=DNA: Image missing from channel
Error for image set, channel=120, metadata=DNA: Image missing from channel
Error for image set, channel=121, metadata=DNA: Image missing from channel
Error for image set, channel=122, metadata=DNA: Image missing from channel
Error for image set, channel=123, metadata=DNA: Image missing from channel
Error for image set, channel=124, metadata=DNA: Image missing from channel
Error for image set, channel=125, metadata=DNA: Image missing from channel
Error for image set, channel=126, metadata=DNA: Image missing from channel
Error for image set, channel=127, metadata=DNA: Image missing from channel
Error for image set, channel=128, metadata=DNA: Image missing from channel
Error for image set, channel=129, metadata=DNA: Image missing from channel
Error for image set, channel=130, metadata=DNA: Image missing from channel
Error for image set, channel=131, metadata=DNA: Image missing from channel
Error for image set, channel=132, metadata=DNA: Image missing from channel
Error for image set, channel=133, metadata=DNA: Image missing from channel
Error for image set, channel=134, metadata=DNA: Image missing from channel
Error for image set, channel=135, metadata=DNA: Image missing from channel
Error for image set, channel=136, metadata=DNA: Image missing from channel
Error for image set, channel=137, metadata=DNA: Image missing from channel
Error for image set, channel=138, metadata=DNA: Image missing from channel
Error for image set, channel=139, metadata=DNA: Image missing from channel
Error for image set, channel=140, metadata=DNA: Image missing from channel
Error for image set, channel=141, metadata=DNA: Image missing from channel
Error for image set, channel=142, metadata=DNA: Image missing from channel
Error for image set, channel=143, metadata=DNA: Image missing from channel
Error for image set, channel=144, metadata=DNA: Image missing from channel
Error for image set, channel=145, metadata=DNA: Image missing from channel
Error for image set, channel=146, metadata=DNA: Image missing from channel
Error for image set, channel=147, metadata=DNA: Image missing from channel
Error for image set, channel=148, metadata=DNA: Image missing from channel
Error for image set, channel=149, metadata=DNA: Image missing from channel
Error for image set, channel=150, metadata=DNA: Image missing from channel
Times reported are CPU and Wall-clock times for each module
Wed Aug 19 18:30:36 2026: Image # 1, module Images # 1: CPU_time = 0.00 secs, Wall_time = 0.00 secs
Wed Aug 19 18:30:36 2026: Image # 1, module Metadata # 2: CPU_time = 0.00 secs, Wall_time = 0.00 secs
Wed Aug 19 18:30:36 2026: Image # 1, module NamesAndTypes # 3: CPU_time = 5.63 secs, Wall_time = 3.94 secs
Wed Aug 19 18:30:40 2026: Image # 1, module Groups # 4: CPU_time = 0.00 secs, Wall_time = 0.00 secs
Wed Aug 19 18:30:40 2026: Image # 1, module MaskImage # 5: CPU_time = 0.09 secs, Wall_time = 0.09 secs
Wed Aug 19 18:30:40 2026: Image # 1, module MaskImage # 6: CPU_time = 0.10 secs, Wall_time = 0.10 secs
Wed Aug 19 18:30:40 2026: Image # 1, module MaskImage # 7: CPU_time = 0.10 secs, Wall_time = 0.10 secs
Wed Aug 19 18:30:40 2026: Image # 1, module MaskObjects # 8: CPU_time = 0.57 secs, Wall_time = 0.57 secs
Wed Aug 19 18:30:41 2026: Image # 1, module MeasureObjectIntensity # 9: CPU_time = 5.32 secs, Wall_time = 5.32 secs
Wed Aug 19 18:30:46 2026: Image # 1, module MeasureGranularity # 10: CPU_time = 16.27 secs, Wall_time = 16.29 secs
Wed Aug 19 18:31:02 2026: Image # 1, module MeasureGranularity # 11: CPU_time = 25.50 secs, Wall_time = 25.48 secs
Wed Aug 19 18:31:28 2026: Image # 1, module MeasureObjectIntensityDistribution # 12: CPU_time = 6.50 secs, Wall_time = 6.50 secs
Wed Aug 19 18:31:34 2026: Image # 1, module MeasureTexture # 13: CPU_time = 1.88 secs, Wall_time = 1.89 secs
Wed Aug 19 18:31:36 2026: Image # 1, module MeasureColocalization # 14: CPU_time = 152.95 secs, Wall_time = 40.31 secs
Wed Aug 19 18:32:16 2026: Image # 1, module ExportToSpreadsheet # 15: CPU_time = 0.00 secs, Wall_time = 0.01 secs
Wed Aug 19 18:32:16 2026: Image # 2, module Images # 1: CPU_time = 0.00 secs, Wall_time = 0.00 secs
Wed Aug 19 18:32:16 2026: Image # 2, module Metadata # 2: CPU_time = 0.00 secs, Wall_time = 0.00 secs
Wed Aug 19 18:32:17 2026: Image # 2, module NamesAndTypes # 3: CPU_time = 6.34 secs, Wall_time = 4.26 secs
Wed Aug 19 18:32:21 2026: Image # 2, module Groups # 4: CPU_time = 0.00 secs, Wall_time = 0.00 secs
Wed Aug 19 18:32:21 2026: Image # 2, module MaskImage # 5: CPU_time = 0.09 secs, Wall_time = 0.08 secs
Wed Aug 19 18:32:21 2026: Image # 2, module MaskImage # 6: CPU_time = 0.08 secs, Wall_time = 0.09 secs
Wed Aug 19 18:32:21 2026: Image # 2, module MaskImage # 7: CPU_time = 0.10 secs, Wall_time = 0.09 secs
Wed Aug 19 18:32:21 2026: Image # 2, module MaskObjects # 8: CPU_time = 0.57 secs, Wall_time = 0.56 secs
Wed Aug 19 18:32:22 2026: Image # 2, module MeasureObjectIntensity # 9: CPU_time = 5.67 secs, Wall_time = 5.67 secs
Wed Aug 19 18:32:27 2026: Image # 2, module MeasureGranularity # 10: CPU_time = 15.64 secs, Wall_time = 15.64 secs
Wed Aug 19 18:32:43 2026: Image # 2, module MeasureGranularity # 11: CPU_time = 24.10 secs, Wall_time = 24.08 secs
Wed Aug 19 18:33:07 2026: Image # 2, module MeasureObjectIntensityDistribution # 12: CPU_time = 7.04 secs, Wall_time = 7.04 secs
Wed Aug 19 18:33:14 2026: Image # 2, module MeasureTexture # 13: CPU_time = 1.87 secs, Wall_time = 1.86 secs
Wed Aug 19 18:33:16 2026: Image # 2, module MeasureColocalization # 14: CPU_time = 136.30 secs, Wall_time = 36.54 secs
Wed Aug 19 18:33:52 2026: Image # 2, module ExportToSpreadsheet # 15: CPU_time = 0.00 secs, Wall_time = 0.00 secs
Wed Aug 19 18:33:52 2026: Image # 3, module Images # 1: CPU_time = 0.00 secs, Wall_time = 0.00 secs
Wed Aug 19 18:33:52 2026: Image # 3, module Metadata # 2: CPU_time = 0.00 secs, Wall_time = 0.00 secs
Wed Aug 19 18:33:52 2026: Image # 3, module NamesAndTypes # 3: CPU_time = 5.70 secs, Wall_time = 4.34 secs
Wed Aug 19 18:33:57 2026: Image # 3, module Groups # 4: CPU_time = 0.00 secs, Wall_time = 0.00 secs
Wed Aug 19 18:33:57 2026: Image # 3, module MaskImage # 5: CPU_time = 0.08 secs, Wall_time = 0.08 secs
Wed Aug 19 18:33:57 2026: Image # 3, module MaskImage # 6: CPU_time = 0.08 secs, Wall_time = 0.09 secs
Wed Aug 19 18:33:57 2026: Image # 3, module MaskImage # 7: CPU_time = 0.09 secs, Wall_time = 0.09 secs
Wed Aug 19 18:33:57 2026: Image # 3, module MaskObjects # 8: CPU_time = 0.51 secs, Wall_time = 0.51 secs
Wed Aug 19 18:33:58 2026: Image # 3, module MeasureObjectIntensity # 9: CPU_time = 6.71 secs, Wall_time = 6.70 secs
Wed Aug 19 18:34:04 2026: Image # 3, module MeasureGranularity # 10: CPU_time = 16.03 secs, Wall_time = 16.02 secs
Wed Aug 19 18:34:20 2026: Image # 3, module MeasureGranularity # 11: CPU_time = 30.16 secs, Wall_time = 30.13 secs
Wed Aug 19 18:34:50 2026: Image # 3, module MeasureObjectIntensityDistribution # 12: CPU_time = 8.41 secs, Wall_time = 8.41 secs
Wed Aug 19 18:34:59 2026: Image # 3, module MeasureTexture # 13: CPU_time = 1.95 secs, Wall_time = 1.95 secs
Wed Aug 19 18:35:01 2026: Image # 3, module MeasureColocalization # 14: CPU_time = 289.56 secs, Wall_time = 76.78 secs
Wed Aug 19 18:36:18 2026: Image # 3, module ExportToSpreadsheet # 15: CPU_time = 0.00 secs, Wall_time = 0.00 secs
Wed Aug 19 18:36:18 2026: Image # 4, module Images # 1: CPU_time = 0.00 secs, Wall_time = 0.00 secs
Wed Aug 19 18:36:18 2026: Image # 4, module Metadata # 2: CPU_time = 0.00 secs, Wall_time = 0.00 secs
Wed Aug 19 18:36:18 2026: Image # 4, module NamesAndTypes # 3: CPU_time = 5.29 secs, Wall_time = 3.60 secs
Wed Aug 19 18:36:21 2026: Image # 4, module Groups # 4: CPU_time = 0.00 secs, Wall_time = 0.00 secs
Wed Aug 19 18:36:21 2026: Image # 4, module MaskImage # 5: CPU_time = 0.09 secs, Wall_time = 0.08 secs
Wed Aug 19 18:36:21 2026: Image # 4, module MaskImage # 6: CPU_time = 0.09 secs, Wall_time = 0.09 secs
Wed Aug 19 18:36:21 2026: Image # 4, module MaskImage # 7: CPU_time = 0.10 secs, Wall_time = 0.09 secs
Wed Aug 19 18:36:22 2026: Image # 4, module MaskObjects # 8: CPU_time = 0.54 secs, Wall_time = 0.54 secs
Wed Aug 19 18:36:22 2026: Image # 4, module MeasureObjectIntensity # 9: CPU_time = 6.15 secs, Wall_time = 6.14 secs
Wed Aug 19 18:36:28 2026: Image # 4, module MeasureGranularity # 10: CPU_time = 15.53 secs, Wall_time = 15.52 secs
Wed Aug 19 18:36:44 2026: Image # 4, module MeasureGranularity # 11: CPU_time = 25.79 secs, Wall_time = 25.77 secs
Wed Aug 19 18:37:09 2026: Image # 4, module MeasureObjectIntensityDistribution # 12: CPU_time = 7.93 secs, Wall_time = 7.92 secs
Wed Aug 19 18:37:17 2026: Image # 4, module MeasureTexture # 13: CPU_time = 1.82 secs, Wall_time = 1.82 secs
Wed Aug 19 18:37:19 2026: Image # 4, module MeasureColocalization # 14: CPU_time = 260.94 secs, Wall_time = 68.47 secs
Wed Aug 19 18:38:28 2026: Image # 4, module ExportToSpreadsheet # 15: CPU_time = 0.00 secs, Wall_time = 0.01 secs
Wed Aug 19 18:38:28 2026: Image # 5, module Images # 1: CPU_time = 0.00 secs, Wall_time = 0.00 secs
Wed Aug 19 18:38:28 2026: Image # 5, module Metadata # 2: CPU_time = 0.00 secs, Wall_time = 0.00 secs
Wed Aug 19 18:38:28 2026: Image # 5, module NamesAndTypes # 3: CPU_time = 5.46 secs, Wall_time = 4.09 secs
Wed Aug 19 18:38:32 2026: Image # 5, module Groups # 4: CPU_time = 0.00 secs, Wall_time = 0.00 secs
Wed Aug 19 18:38:32 2026: Image # 5, module MaskImage # 5: CPU_time = 0.08 secs, Wall_time = 0.09 secs
Wed Aug 19 18:38:32 2026: Image # 5, module MaskImage # 6: CPU_time = 0.10 secs, Wall_time = 0.09 secs
Wed Aug 19 18:38:32 2026: Image # 5, module MaskImage # 7: CPU_time = 0.08 secs, Wall_time = 0.09 secs
Wed Aug 19 18:38:32 2026: Image # 5, module MaskObjects # 8: CPU_time = 0.63 secs, Wall_time = 0.62 secs
Wed Aug 19 18:38:33 2026: Image # 5, module MeasureObjectIntensity # 9: CPU_time = 9.62 secs, Wall_time = 9.62 secs
Wed Aug 19 18:38:42 2026: Image # 5, module MeasureGranularity # 10: CPU_time = 17.39 secs, Wall_time = 17.37 secs
Wed Aug 19 18:39:00 2026: Image # 5, module MeasureGranularity # 11: CPU_time = 31.61 secs, Wall_time = 31.58 secs
Wed Aug 19 18:39:31 2026: Image # 5, module MeasureObjectIntensityDistribution # 12: CPU_time = 15.83 secs, Wall_time = 15.81 secs
Wed Aug 19 18:39:47 2026: Image # 5, module MeasureTexture # 13: CPU_time = 2.93 secs, Wall_time = 2.93 secs
Wed Aug 19 18:39:50 2026: Image # 5, module MeasureColocalization # 14: CPU_time = 238.32 secs, Wall_time = 83.09 secs
Wed Aug 19 18:41:13 2026: Image # 5, module ExportToSpreadsheet # 15: CPU_time = 0.00 secs, Wall_time = 0.02 secs
Wed Aug 19 18:41:13 2026: Image # 6, module Images # 1: CPU_time = 0.00 secs, Wall_time = 0.00 secs
Wed Aug 19 18:41:13 2026: Image # 6, module Metadata # 2: CPU_time = 0.00 secs, Wall_time = 0.00 secs
Wed Aug 19 18:41:13 2026: Image # 6, module NamesAndTypes # 3: CPU_time = 5.71 secs, Wall_time = 3.91 secs
Wed Aug 19 18:41:17 2026: Image # 6, module Groups # 4: CPU_time = 0.00 secs, Wall_time = 0.00 secs
Wed Aug 19 18:41:17 2026: Image # 6, module MaskImage # 5: CPU_time = 0.09 secs, Wall_time = 0.08 secs
Wed Aug 19 18:41:17 2026: Image # 6, module MaskImage # 6: CPU_time = 0.08 secs, Wall_time = 0.08 secs
Wed Aug 19 18:41:17 2026: Image # 6, module MaskImage # 7: CPU_time = 0.08 secs, Wall_time = 0.09 secs
Wed Aug 19 18:41:17 2026: Image # 6, module MaskObjects # 8: CPU_time = 0.65 secs, Wall_time = 0.64 secs
Wed Aug 19 18:41:18 2026: Image # 6, module MeasureObjectIntensity # 9: CPU_time = 10.40 secs, Wall_time = 10.38 secs
Wed Aug 19 18:41:28 2026: Image # 6, module MeasureGranularity # 10: CPU_time = 18.94 secs, Wall_time = 18.92 secs
Wed Aug 19 18:41:47 2026: Image # 6, module MeasureGranularity # 11: CPU_time = 36.47 secs, Wall_time = 36.43 secs
Wed Aug 19 18:42:24 2026: Image # 6, module MeasureObjectIntensityDistribution # 12: CPU_time = 16.03 secs, Wall_time = 16.02 secs
Wed Aug 19 18:42:40 2026: Image # 6, module MeasureTexture # 13: CPU_time = 2.66 secs, Wall_time = 2.66 secs
Wed Aug 19 18:42:42 2026: Image # 6, module MeasureColocalization # 14: CPU_time = 169.21 secs, Wall_time = 57.80 secs
Wed Aug 19 18:43:40 2026: Image # 6, module ExportToSpreadsheet # 15: CPU_time = 0.00 secs, Wall_time = 0.01 secs
Wed Aug 19 18:43:40 2026: Image # 7, module Images # 1: CPU_time = 0.00 secs, Wall_time = 0.00 secs
Wed Aug 19 18:43:40 2026: Image # 7, module Metadata # 2: CPU_time = 0.00 secs, Wall_time = 0.00 secs
Wed Aug 19 18:43:40 2026: Image # 7, module NamesAndTypes # 3: CPU_time = 5.78 secs, Wall_time = 5.20 secs
Wed Aug 19 18:43:46 2026: Image # 7, module Groups # 4: CPU_time = 0.00 secs, Wall_time = 0.00 secs
Wed Aug 19 18:43:46 2026: Image # 7, module MaskImage # 5: CPU_time = 0.09 secs, Wall_time = 0.08 secs
Wed Aug 19 18:43:46 2026: Image # 7, module MaskImage # 6: CPU_time = 0.10 secs, Wall_time = 0.09 secs
Wed Aug 19 18:43:46 2026: Image # 7, module MaskImage # 7: CPU_time = 0.09 secs, Wall_time = 0.09 secs
Wed Aug 19 18:43:46 2026: Image # 7, module MaskObjects # 8: CPU_time = 0.63 secs, Wall_time = 0.62 secs
Wed Aug 19 18:43:46 2026: Image # 7, module MeasureObjectIntensity # 9: CPU_time = 8.10 secs, Wall_time = 8.10 secs
Wed Aug 19 18:43:55 2026: Image # 7, module MeasureGranularity # 10: CPU_time = 17.59 secs, Wall_time = 17.57 secs
Wed Aug 19 18:44:12 2026: Image # 7, module MeasureGranularity # 11: CPU_time = 30.81 secs, Wall_time = 30.78 secs
Wed Aug 19 18:44:43 2026: Image # 7, module MeasureObjectIntensityDistribution # 12: CPU_time = 10.97 secs, Wall_time = 10.96 secs
Wed Aug 19 18:44:54 2026: Image # 7, module MeasureTexture # 13: CPU_time = 2.43 secs, Wall_time = 2.43 secs
Wed Aug 19 18:44:56 2026: Image # 7, module MeasureColocalization # 14: CPU_time = 209.27 secs, Wall_time = 61.51 secs
Wed Aug 19 18:45:58 2026: Image # 7, module ExportToSpreadsheet # 15: CPU_time = 0.01 secs, Wall_time = 0.00 secs
Wed Aug 19 18:45:58 2026: Image # 8, module Images # 1: CPU_time = 0.00 secs, Wall_time = 0.00 secs
Wed Aug 19 18:45:58 2026: Image # 8, module Metadata # 2: CPU_time = 0.00 secs, Wall_time = 0.00 secs
Wed Aug 19 18:45:58 2026: Image # 8, module NamesAndTypes # 3: CPU_time = 5.46 secs, Wall_time = 3.78 secs
Wed Aug 19 18:46:02 2026: Image # 8, module Groups # 4: CPU_time = 0.00 secs, Wall_time = 0.00 secs
Wed Aug 19 18:46:02 2026: Image # 8, module MaskImage # 5: CPU_time = 0.08 secs, Wall_time = 0.09 secs
Wed Aug 19 18:46:02 2026: Image # 8, module MaskImage # 6: CPU_time = 0.08 secs, Wall_time = 0.08 secs
Wed Aug 19 18:46:02 2026: Image # 8, module MaskImage # 7: CPU_time = 0.10 secs, Wall_time = 0.09 secs
Wed Aug 19 18:46:02 2026: Image # 8, module MaskObjects # 8: CPU_time = 0.61 secs, Wall_time = 0.62 secs
Wed Aug 19 18:46:03 2026: Image # 8, module MeasureObjectIntensity # 9: CPU_time = 9.00 secs, Wall_time = 8.99 secs
Wed Aug 19 18:46:11 2026: Image # 8, module MeasureGranularity # 10: CPU_time = 17.96 secs, Wall_time = 17.95 secs
Wed Aug 19 18:46:29 2026: Image # 8, module MeasureGranularity # 11: CPU_time = 31.40 secs, Wall_time = 31.37 secs
Wed Aug 19 18:47:01 2026: Image # 8, module MeasureObjectIntensityDistribution # 12: CPU_time = 12.35 secs, Wall_time = 12.35 secs
Wed Aug 19 18:47:13 2026: Image # 8, module MeasureTexture # 13: CPU_time = 2.24 secs, Wall_time = 2.24 secs
Wed Aug 19 18:47:15 2026: Image # 8, module MeasureColocalization # 14: CPU_time = 206.46 secs, Wall_time = 62.84 secs
Wed Aug 19 18:48:18 2026: Image # 8, module ExportToSpreadsheet # 15: CPU_time = 0.00 secs, Wall_time = 0.02 secs
Wed Aug 19 18:48:18 2026: Image # 9, module Images # 1: CPU_time = 0.00 secs, Wall_time = 0.00 secs
Wed Aug 19 18:48:18 2026: Image # 9, module Metadata # 2: CPU_time = 0.00 secs, Wall_time = 0.00 secs
Wed Aug 19 18:48:18 2026: Image # 9, module NamesAndTypes # 3: CPU_time = 5.65 secs, Wall_time = 4.08 secs
Wed Aug 19 18:48:22 2026: Image # 9, module Groups # 4: CPU_time = 0.00 secs, Wall_time = 0.00 secs
Wed Aug 19 18:48:22 2026: Image # 9, module MaskImage # 5: CPU_time = 0.09 secs, Wall_time = 0.09 secs
Wed Aug 19 18:48:22 2026: Image # 9, module MaskImage # 6: CPU_time = 0.09 secs, Wall_time = 0.09 secs
Wed Aug 19 18:48:23 2026: Image # 9, module MaskImage # 7: CPU_time = 0.08 secs, Wall_time = 0.09 secs
Wed Aug 19 18:48:23 2026: Image # 9, module MaskObjects # 8: CPU_time = 0.54 secs, Wall_time = 0.54 secs
Wed Aug 19 18:48:23 2026: Image # 9, module MeasureObjectIntensity # 9: CPU_time = 5.30 secs, Wall_time = 5.29 secs
Wed Aug 19 18:48:28 2026: Image # 9, module MeasureGranularity # 10: CPU_time = 15.48 secs, Wall_time = 15.47 secs
Wed Aug 19 18:48:44 2026: Image # 9, module MeasureGranularity # 11: CPU_time = 24.16 secs, Wall_time = 24.13 secs
Wed Aug 19 18:49:08 2026: Image # 9, module MeasureObjectIntensityDistribution # 12: CPU_time = 8.26 secs, Wall_time = 8.25 secs
Wed Aug 19 18:49:16 2026: Image # 9, module MeasureTexture # 13: CPU_time = 1.71 secs, Wall_time = 1.71 secs
Wed Aug 19 18:49:18 2026: Image # 9, module MeasureColocalization # 14: CPU_time = 89.35 secs, Wall_time = 24.34 secs
Wed Aug 19 18:49:42 2026: Image # 9, module ExportToSpreadsheet # 15: CPU_time = 0.00 secs, Wall_time = 0.00 secs
Wed Aug 19 18:49:42 2026: Image # 10, module Images # 1: CPU_time = 0.00 secs, Wall_time = 0.00 secs
Wed Aug 19 18:49:42 2026: Image # 10, module Metadata # 2: CPU_time = 0.00 secs, Wall_time = 0.00 secs
Wed Aug 19 18:49:42 2026: Image # 10, module NamesAndTypes # 3: CPU_time = 5.82 secs, Wall_time = 3.69 secs
Wed Aug 19 18:49:46 2026: Image # 10, module Groups # 4: CPU_time = 0.00 secs, Wall_time = 0.00 secs
Wed Aug 19 18:49:46 2026: Image # 10, module MaskImage # 5: CPU_time = 0.09 secs, Wall_time = 0.09 secs
Wed Aug 19 18:49:46 2026: Image # 10, module MaskImage # 6: CPU_time = 0.09 secs, Wall_time = 0.09 secs
Wed Aug 19 18:49:46 2026: Image # 10, module MaskImage # 7: CPU_time = 0.10 secs, Wall_time = 0.10 secs
Wed Aug 19 18:49:46 2026: Image # 10, module MaskObjects # 8: CPU_time = 0.53 secs, Wall_time = 0.53 secs
Wed Aug 19 18:49:47 2026: Image # 10, module MeasureObjectIntensity # 9: CPU_time = 5.01 secs, Wall_time = 5.01 secs
Wed Aug 19 18:49:52 2026: Image # 10, module MeasureGranularity # 10: CPU_time = 15.35 secs, Wall_time = 15.33 secs
Wed Aug 19 18:50:07 2026: Image # 10, module MeasureGranularity # 11: CPU_time = 23.44 secs, Wall_time = 23.42 secs
Wed Aug 19 18:50:31 2026: Image # 10, module MeasureObjectIntensityDistribution # 12: CPU_time = 7.13 secs, Wall_time = 7.12 secs
Wed Aug 19 18:50:38 2026: Image # 10, module MeasureTexture # 13: CPU_time = 1.62 secs, Wall_time = 1.62 secs
Wed Aug 19 18:50:39 2026: Image # 10, module MeasureColocalization # 14: CPU_time = 62.53 secs, Wall_time = 17.47 secs
Wed Aug 19 18:50:57 2026: Image # 10, module ExportToSpreadsheet # 15: CPU_time = 0.00 secs, Wall_time = 0.01 secs
Wed Aug 19 18:50:57 2026: Image # 11, module Images # 1: CPU_time = 0.00 secs, Wall_time = 0.00 secs
Wed Aug 19 18:50:57 2026: Image # 11, module Metadata # 2: CPU_time = 0.00 secs, Wall_time = 0.00 secs
Wed Aug 19 18:50:57 2026: Image # 11, module NamesAndTypes # 3: CPU_time = 5.46 secs, Wall_time = 3.84 secs
Wed Aug 19 18:51:01 2026: Image # 11, module Groups # 4: CPU_time = 0.00 secs, Wall_time = 0.00 secs
Wed Aug 19 18:51:01 2026: Image # 11, module MaskImage # 5: CPU_time = 0.09 secs, Wall_time = 0.09 secs
Wed Aug 19 18:51:01 2026: Image # 11, module MaskImage # 6: CPU_time = 0.09 secs, Wall_time = 0.09 secs
Wed Aug 19 18:51:01 2026: Image # 11, module MaskImage # 7: CPU_time = 0.10 secs, Wall_time = 0.09 secs
Wed Aug 19 18:51:01 2026: Image # 11, module MaskObjects # 8: CPU_time = 0.54 secs, Wall_time = 0.54 secs
Wed Aug 19 18:51:02 2026: Image # 11, module MeasureObjectIntensity # 9: CPU_time = 4.77 secs, Wall_time = 4.77 secs
Wed Aug 19 18:51:06 2026: Image # 11, module MeasureGranularity # 10: CPU_time = 15.88 secs, Wall_time = 15.87 secs
Wed Aug 19 18:51:22 2026: Image # 11, module MeasureGranularity # 11: CPU_time = 22.73 secs, Wall_time = 22.71 secs
Wed Aug 19 18:51:45 2026: Image # 11, module MeasureObjectIntensityDistribution # 12: CPU_time = 6.78 secs, Wall_time = 6.76 secs
Wed Aug 19 18:51:52 2026: Image # 11, module MeasureTexture # 13: CPU_time = 1.55 secs, Wall_time = 1.55 secs
Wed Aug 19 18:51:53 2026: Image # 11, module MeasureColocalization # 14: CPU_time = 36.33 secs, Wall_time = 10.64 secs
Wed Aug 19 18:52:04 2026: Image # 11, module ExportToSpreadsheet # 15: CPU_time = 0.00 secs, Wall_time = 0.00 secs
Wed Aug 19 18:52:04 2026: Image # 12, module Images # 1: CPU_time = 0.00 secs, Wall_time = 0.00 secs
Wed Aug 19 18:52:04 2026: Image # 12, module Metadata # 2: CPU_time = 0.00 secs, Wall_time = 0.00 secs
Wed Aug 19 18:52:04 2026: Image # 12, module NamesAndTypes # 3: CPU_time = 6.09 secs, Wall_time = 4.50 secs
Wed Aug 19 18:52:08 2026: Image # 12, module Groups # 4: CPU_time = 0.00 secs, Wall_time = 0.00 secs
Wed Aug 19 18:52:08 2026: Image # 12, module MaskImage # 5: CPU_time = 0.09 secs, Wall_time = 0.08 secs
Wed Aug 19 18:52:09 2026: Image # 12, module MaskImage # 6: CPU_time = 0.09 secs, Wall_time = 0.09 secs
Wed Aug 19 18:52:09 2026: Image # 12, module MaskImage # 7: CPU_time = 0.09 secs, Wall_time = 0.09 secs
Wed Aug 19 18:52:09 2026: Image # 12, module MaskObjects # 8: CPU_time = 0.59 secs, Wall_time = 0.59 secs
Wed Aug 19 18:52:09 2026: Image # 12, module MeasureObjectIntensity # 9: CPU_time = 7.52 secs, Wall_time = 7.52 secs
Wed Aug 19 18:52:17 2026: Image # 12, module MeasureGranularity # 10: CPU_time = 16.63 secs, Wall_time = 16.63 secs
Wed Aug 19 18:52:34 2026: Image # 12, module MeasureGranularity # 11: CPU_time = 29.50 secs, Wall_time = 29.47 secs
Wed Aug 19 18:53:03 2026: Image # 12, module MeasureObjectIntensityDistribution # 12: CPU_time = 10.37 secs, Wall_time = 10.37 secs
Wed Aug 19 18:53:13 2026: Image # 12, module MeasureTexture # 13: CPU_time = 1.78 secs, Wall_time = 1.78 secs
Wed Aug 19 18:53:15 2026: Image # 12, module MeasureColocalization # 14: CPU_time = 136.78 secs, Wall_time = 38.35 secs
Wed Aug 19 18:53:53 2026: Image # 12, module ExportToSpreadsheet # 15: CPU_time = 0.00 secs, Wall_time = 0.01 secs
Wed Aug 19 18:53:54 2026: Image # 13, module Images # 1: CPU_time = 0.00 secs, Wall_time = 0.00 secs
Wed Aug 19 18:53:54 2026: Image # 13, module Metadata # 2: CPU_time = 0.00 secs, Wall_time = 0.00 secs
Wed Aug 19 18:53:54 2026: Image # 13, module NamesAndTypes # 3: CPU_time = 5.89 secs, Wall_time = 4.54 secs
Wed Aug 19 18:53:58 2026: Image # 13, module Groups # 4: CPU_time = 0.00 secs, Wall_time = 0.00 secs
Wed Aug 19 18:53:58 2026: Image # 13, module MaskImage # 5: CPU_time = 0.09 secs, Wall_time = 0.09 secs
Wed Aug 19 18:53:58 2026: Image # 13, module MaskImage # 6: CPU_time = 0.08 secs, Wall_time = 0.08 secs
Wed Aug 19 18:53:58 2026: Image # 13, module MaskImage # 7: CPU_time = 0.09 secs, Wall_time = 0.09 secs
Wed Aug 19 18:53:58 2026: Image # 13, module MaskObjects # 8: CPU_time = 0.58 secs, Wall_time = 0.57 secs
Wed Aug 19 18:53:59 2026: Image # 13, module MeasureObjectIntensity # 9: CPU_time = 6.86 secs, Wall_time = 6.86 secs
Wed Aug 19 18:54:06 2026: Image # 13, module MeasureGranularity # 10: CPU_time = 16.95 secs, Wall_time = 16.94 secs
Wed Aug 19 18:54:23 2026: Image # 13, module MeasureGranularity # 11: CPU_time = 27.22 secs, Wall_time = 27.19 secs
Wed Aug 19 18:54:50 2026: Image # 13, module MeasureObjectIntensityDistribution # 12: CPU_time = 9.54 secs, Wall_time = 9.54 secs
Wed Aug 19 18:54:59 2026: Image # 13, module MeasureTexture # 13: CPU_time = 1.95 secs, Wall_time = 1.94 secs
Wed Aug 19 18:55:01 2026: Image # 13, module MeasureColocalization # 14: CPU_time = 240.54 secs, Wall_time = 65.16 secs
Wed Aug 19 18:56:07 2026: Image # 13, module ExportToSpreadsheet # 15: CPU_time = 0.00 secs, Wall_time = 0.00 secs
Wed Aug 19 18:56:07 2026: Image # 14, module Images # 1: CPU_time = 0.00 secs, Wall_time = 0.00 secs
Wed Aug 19 18:56:07 2026: Image # 14, module Metadata # 2: CPU_time = 0.00 secs, Wall_time = 0.00 secs
Wed Aug 19 18:56:07 2026: Image # 14, module NamesAndTypes # 3: CPU_time = 5.93 secs, Wall_time = 3.51 secs
Wed Aug 19 18:56:10 2026: Image # 14, module Groups # 4: CPU_time = 0.00 secs, Wall_time = 0.00 secs
Wed Aug 19 18:56:10 2026: Image # 14, module MaskImage # 5: CPU_time = 0.09 secs, Wall_time = 0.08 secs
Wed Aug 19 18:56:10 2026: Image # 14, module MaskImage # 6: CPU_time = 0.09 secs, Wall_time = 0.08 secs
Wed Aug 19 18:56:10 2026: Image # 14, module MaskImage # 7: CPU_time = 0.09 secs, Wall_time = 0.09 secs
Wed Aug 19 18:56:10 2026: Image # 14, module MaskObjects # 8: CPU_time = 0.60 secs, Wall_time = 0.60 secs
Wed Aug 19 18:56:11 2026: Image # 14, module MeasureObjectIntensity # 9: CPU_time = 7.52 secs, Wall_time = 7.52 secs
Wed Aug 19 18:56:18 2026: Image # 14, module MeasureGranularity # 10: CPU_time = 17.23 secs, Wall_time = 17.21 secs
Wed Aug 19 18:56:36 2026: Image # 14, module MeasureGranularity # 11: CPU_time = 28.52 secs, Wall_time = 28.49 secs
Wed Aug 19 18:57:04 2026: Image # 14, module MeasureObjectIntensityDistribution # 12: CPU_time = 9.82 secs, Wall_time = 9.81 secs
Wed Aug 19 18:57:14 2026: Image # 14, module MeasureTexture # 13: CPU_time = 1.95 secs, Wall_time = 1.95 secs
Wed Aug 19 18:57:16 2026: Image # 14, module MeasureColocalization # 14: CPU_time = 362.47 secs, Wall_time = 101.16 secs
Wed Aug 19 18:58:57 2026: Image # 14, module ExportToSpreadsheet # 15: CPU_time = 0.00 secs, Wall_time = 0.00 secs
Wed Aug 19 18:58:57 2026: Image # 15, module Images # 1: CPU_time = 0.00 secs, Wall_time = 0.00 secs
Wed Aug 19 18:58:57 2026: Image # 15, module Metadata # 2: CPU_time = 0.00 secs, Wall_time = 0.00 secs
Wed Aug 19 18:58:57 2026: Image # 15, module NamesAndTypes # 3: CPU_time = 5.75 secs, Wall_time = 3.84 secs
Wed Aug 19 18:59:01 2026: Image # 15, module Groups # 4: CPU_time = 0.00 secs, Wall_time = 0.00 secs
Wed Aug 19 18:59:01 2026: Image # 15, module MaskImage # 5: CPU_time = 0.09 secs, Wall_time = 0.08 secs
Wed Aug 19 18:59:01 2026: Image # 15, module MaskImage # 6: CPU_time = 0.09 secs, Wall_time = 0.09 secs
Wed Aug 19 18:59:01 2026: Image # 15, module MaskImage # 7: CPU_time = 0.09 secs, Wall_time = 0.09 secs
Wed Aug 19 18:59:01 2026: Image # 15, module MaskObjects # 8: CPU_time = 0.51 secs, Wall_time = 0.51 secs
Wed Aug 19 18:59:02 2026: Image # 15, module MeasureObjectIntensity # 9: CPU_time = 5.30 secs, Wall_time = 5.30 secs
Wed Aug 19 18:59:07 2026: Image # 15, module MeasureGranularity # 10: CPU_time = 15.57 secs, Wall_time = 15.56 secs
Wed Aug 19 18:59:23 2026: Image # 15, module MeasureGranularity # 11: CPU_time = 24.00 secs, Wall_time = 23.99 secs
Wed Aug 19 18:59:47 2026: Image # 15, module MeasureObjectIntensityDistribution # 12: CPU_time = 7.73 secs, Wall_time = 7.72 secs
Wed Aug 19 18:59:54 2026: Image # 15, module MeasureTexture # 13: CPU_time = 1.77 secs, Wall_time = 1.78 secs
Wed Aug 19 18:59:56 2026: Image # 15, module MeasureColocalization # 14: CPU_time = 185.77 secs, Wall_time = 48.91 secs
Wed Aug 19 19:00:45 2026: Image # 15, module ExportToSpreadsheet # 15: CPU_time = 0.00 secs, Wall_time = 0.00 secs
Wed Aug 19 19:00:45 2026: Image # 16, module Images # 1: CPU_time = 0.00 secs, Wall_time = 0.00 secs
Wed Aug 19 19:00:45 2026: Image # 16, module Metadata # 2: CPU_time = 0.00 secs, Wall_time = 0.00 secs
Wed Aug 19 19:00:45 2026: Image # 16, module NamesAndTypes # 3: CPU_time = 5.93 secs, Wall_time = 3.89 secs
Wed Aug 19 19:00:49 2026: Image # 16, module Groups # 4: CPU_time = 0.00 secs, Wall_time = 0.00 secs
Wed Aug 19 19:00:49 2026: Image # 16, module MaskImage # 5: CPU_time = 0.09 secs, Wall_time = 0.08 secs
Wed Aug 19 19:00:49 2026: Image # 16, module MaskImage # 6: CPU_time = 0.09 secs, Wall_time = 0.09 secs
Wed Aug 19 19:00:49 2026: Image # 16, module MaskImage # 7: CPU_time = 0.10 secs, Wall_time = 0.09 secs
Wed Aug 19 19:00:49 2026: Image # 16, module MaskObjects # 8: CPU_time = 0.50 secs, Wall_time = 0.50 secs
Wed Aug 19 19:00:50 2026: Image # 16, module MeasureObjectIntensity # 9: CPU_time = 4.89 secs, Wall_time = 4.89 secs
Wed Aug 19 19:00:55 2026: Image # 16, module MeasureGranularity # 10: CPU_time = 16.05 secs, Wall_time = 16.03 secs
Wed Aug 19 19:01:11 2026: Image # 16, module MeasureGranularity # 11: CPU_time = 22.96 secs, Wall_time = 22.93 secs
Wed Aug 19 19:01:34 2026: Image # 16, module MeasureObjectIntensityDistribution # 12: CPU_time = 6.96 secs, Wall_time = 6.95 secs
Wed Aug 19 19:01:41 2026: Image # 16, module MeasureTexture # 13: CPU_time = 1.87 secs, Wall_time = 1.88 secs
Wed Aug 19 19:01:42 2026: Image # 16, module MeasureColocalization # 14: CPU_time = 123.31 secs, Wall_time = 33.10 secs
Wed Aug 19 19:02:16 2026: Image # 16, module ExportToSpreadsheet # 15: CPU_time = 0.00 secs, Wall_time = 0.00 secs
Wed Aug 19 19:02:16 2026: Image # 17, module Images # 1: CPU_time = 0.00 secs, Wall_time = 0.00 secs
Wed Aug 19 19:02:16 2026: Image # 17, module Metadata # 2: CPU_time = 0.00 secs, Wall_time = 0.00 secs
Wed Aug 19 19:02:16 2026: Image # 17, module NamesAndTypes # 3: CPU_time = 5.61 secs, Wall_time = 3.73 secs
Wed Aug 19 19:02:19 2026: Image # 17, module Groups # 4: CPU_time = 0.00 secs, Wall_time = 0.00 secs
Wed Aug 19 19:02:19 2026: Image # 17, module MaskImage # 5: CPU_time = 0.09 secs, Wall_time = 0.09 secs
Wed Aug 19 19:02:19 2026: Image # 17, module MaskImage # 6: CPU_time = 0.08 secs, Wall_time = 0.09 secs
Wed Aug 19 19:02:20 2026: Image # 17, module MaskImage # 7: CPU_time = 0.10 secs, Wall_time = 0.09 secs
Wed Aug 19 19:02:20 2026: Image # 17, module MaskObjects # 8: CPU_time = 0.55 secs, Wall_time = 0.54 secs
Wed Aug 19 19:02:20 2026: Image # 17, module MeasureObjectIntensity # 9: CPU_time = 5.54 secs, Wall_time = 5.54 secs
Wed Aug 19 19:02:26 2026: Image # 17, module MeasureGranularity # 10: CPU_time = 16.23 secs, Wall_time = 16.23 secs
Wed Aug 19 19:02:42 2026: Image # 17, module MeasureGranularity # 11: CPU_time = 27.21 secs, Wall_time = 27.19 secs
Wed Aug 19 19:03:09 2026: Image # 17, module MeasureObjectIntensityDistribution # 12: CPU_time = 8.11 secs, Wall_time = 8.12 secs
Wed Aug 19 19:03:17 2026: Image # 17, module MeasureTexture # 13: CPU_time = 1.78 secs, Wall_time = 1.78 secs
Wed Aug 19 19:03:19 2026: Image # 17, module MeasureColocalization # 14: CPU_time = 153.69 secs, Wall_time = 41.25 secs
Wed Aug 19 19:04:00 2026: Image # 17, module ExportToSpreadsheet # 15: CPU_time = 0.00 secs, Wall_time = 0.02 secs
Wed Aug 19 19:04:00 2026: Image # 18, module Images # 1: CPU_time = 0.00 secs, Wall_time = 0.00 secs
Wed Aug 19 19:04:00 2026: Image # 18, module Metadata # 2: CPU_time = 0.00 secs, Wall_time = 0.00 secs
Wed Aug 19 19:04:00 2026: Image # 18, module NamesAndTypes # 3: CPU_time = 6.04 secs, Wall_time = 3.80 secs
Wed Aug 19 19:04:04 2026: Image # 18, module Groups # 4: CPU_time = 0.00 secs, Wall_time = 0.00 secs
Wed Aug 19 19:04:04 2026: Image # 18, module MaskImage # 5: CPU_time = 0.09 secs, Wall_time = 0.09 secs
Wed Aug 19 19:04:04 2026: Image # 18, module MaskImage # 6: CPU_time = 0.09 secs, Wall_time = 0.09 secs
Wed Aug 19 19:04:04 2026: Image # 18, module MaskImage # 7: CPU_time = 0.08 secs, Wall_time = 0.09 secs
Wed Aug 19 19:04:04 2026: Image # 18, module MaskObjects # 8: CPU_time = 0.51 secs, Wall_time = 0.51 secs
Wed Aug 19 19:04:05 2026: Image # 18, module MeasureObjectIntensity # 9: CPU_time = 5.81 secs, Wall_time = 5.80 secs
Wed Aug 19 19:04:11 2026: Image # 18, module MeasureGranularity # 10: CPU_time = 17.05 secs, Wall_time = 17.04 secs
Wed Aug 19 19:04:28 2026: Image # 18, module MeasureGranularity # 11: CPU_time = 26.77 secs, Wall_time = 26.75 secs
Wed Aug 19 19:04:55 2026: Image # 18, module MeasureObjectIntensityDistribution # 12: CPU_time = 7.78 secs, Wall_time = 7.78 secs
Wed Aug 19 19:05:02 2026: Image # 18, module MeasureTexture # 13: CPU_time = 1.68 secs, Wall_time = 1.68 secs
/lab/cheeseman_sequencing/jhe/miniforge3/envs/cellprofiler_env/lib/python3.8/site-packages/scipy/stats/_stats_py.py:4424: ConstantInputWarning: An input array is constant; the correlation coefficient is not defined.
  warnings.warn(stats.ConstantInputWarning(msg))
Wed Aug 19 19:05:04 2026: Image # 18, module MeasureColocalization # 14: CPU_time = 58.90 secs, Wall_time = 17.85 secs
Wed Aug 19 19:05:22 2026: Image # 18, module ExportToSpreadsheet # 15: CPU_time = 0.00 secs, Wall_time = 0.00 secs
Wed Aug 19 19:05:22 2026: Image # 19, module Images # 1: CPU_time = 0.00 secs, Wall_time = 0.00 secs
Wed Aug 19 19:05:22 2026: Image # 19, module Metadata # 2: CPU_time = 0.00 secs, Wall_time = 0.00 secs
Wed Aug 19 19:05:22 2026: Image # 19, module NamesAndTypes # 3: CPU_time = 5.71 secs, Wall_time = 4.20 secs
Wed Aug 19 19:05:26 2026: Image # 19, module Groups # 4: CPU_time = 0.00 secs, Wall_time = 0.00 secs
Wed Aug 19 19:05:26 2026: Image # 19, module MaskImage # 5: CPU_time = 0.08 secs, Wall_time = 0.08 secs
Wed Aug 19 19:05:26 2026: Image # 19, module MaskImage # 6: CPU_time = 0.10 secs, Wall_time = 0.09 secs
Wed Aug 19 19:05:26 2026: Image # 19, module MaskImage # 7: CPU_time = 0.09 secs, Wall_time = 0.09 secs
Wed Aug 19 19:05:26 2026: Image # 19, module MaskObjects # 8: CPU_time = 0.50 secs, Wall_time = 0.51 secs
Wed Aug 19 19:05:27 2026: Image # 19, module MeasureObjectIntensity # 9: CPU_time = 5.38 secs, Wall_time = 5.38 secs
Wed Aug 19 19:05:32 2026: Image # 19, module MeasureGranularity # 10: CPU_time = 15.08 secs, Wall_time = 15.07 secs
Wed Aug 19 19:05:47 2026: Image # 19, module MeasureGranularity # 11: CPU_time = 22.86 secs, Wall_time = 22.83 secs
Wed Aug 19 19:06:10 2026: Image # 19, module MeasureObjectIntensityDistribution # 12: CPU_time = 6.73 secs, Wall_time = 6.73 secs
Wed Aug 19 19:06:17 2026: Image # 19, module MeasureTexture # 13: CPU_time = 1.65 secs, Wall_time = 1.64 secs
Wed Aug 19 19:06:19 2026: Image # 19, module MeasureColocalization # 14: CPU_time = 36.93 secs, Wall_time = 11.22 secs
Wed Aug 19 19:06:30 2026: Image # 19, module ExportToSpreadsheet # 15: CPU_time = 0.01 secs, Wall_time = 0.00 secs
Wed Aug 19 19:06:30 2026: Image # 20, module Images # 1: CPU_time = 0.00 secs, Wall_time = 0.00 secs
Wed Aug 19 19:06:30 2026: Image # 20, module Metadata # 2: CPU_time = 0.00 secs, Wall_time = 0.00 secs
Wed Aug 19 19:06:30 2026: Image # 20, module NamesAndTypes # 3: CPU_time = 6.07 secs, Wall_time = 3.75 secs
Wed Aug 19 19:06:33 2026: Image # 20, module Groups # 4: CPU_time = 0.00 secs, Wall_time = 0.00 secs
Wed Aug 19 19:06:33 2026: Image # 20, module MaskImage # 5: CPU_time = 0.09 secs, Wall_time = 0.09 secs
Wed Aug 19 19:06:34 2026: Image # 20, module MaskImage # 6: CPU_time = 0.10 secs, Wall_time = 0.09 secs
Wed Aug 19 19:06:34 2026: Image # 20, module MaskImage # 7: CPU_time = 0.09 secs, Wall_time = 0.09 secs
Wed Aug 19 19:06:34 2026: Image # 20, module MaskObjects # 8: CPU_time = 0.51 secs, Wall_time = 0.52 secs
Wed Aug 19 19:06:34 2026: Image # 20, module MeasureObjectIntensity # 9: CPU_time = 7.92 secs, Wall_time = 7.92 secs
Wed Aug 19 19:06:42 2026: Image # 20, module MeasureGranularity # 10: CPU_time = 16.10 secs, Wall_time = 16.09 secs
Wed Aug 19 19:06:58 2026: Image # 20, module MeasureGranularity # 11: CPU_time = 28.56 secs, Wall_time = 28.53 secs
Wed Aug 19 19:07:27 2026: Image # 20, module MeasureObjectIntensityDistribution # 12: CPU_time = 9.44 secs, Wall_time = 9.43 secs
Wed Aug 19 19:07:36 2026: Image # 20, module MeasureTexture # 13: CPU_time = 1.76 secs, Wall_time = 1.75 secs
Wed Aug 19 19:07:38 2026: Image # 20, module MeasureColocalization # 14: CPU_time = 50.75 secs, Wall_time = 16.30 secs
Wed Aug 19 19:07:54 2026: Image # 20, module ExportToSpreadsheet # 15: CPU_time = 0.00 secs, Wall_time = 0.00 secs
Wed Aug 19 19:07:54 2026: Image # 21, module Images # 1: CPU_time = 0.00 secs, Wall_time = 0.00 secs
Wed Aug 19 19:07:54 2026: Image # 21, module Metadata # 2: CPU_time = 0.00 secs, Wall_time = 0.00 secs
Wed Aug 19 19:07:54 2026: Image # 21, module NamesAndTypes # 3: CPU_time = 5.82 secs, Wall_time = 3.70 secs
Wed Aug 19 19:07:58 2026: Image # 21, module Groups # 4: CPU_time = 0.00 secs, Wall_time = 0.00 secs
Wed Aug 19 19:07:58 2026: Image # 21, module MaskImage # 5: CPU_time = 0.09 secs, Wall_time = 0.08 secs
Wed Aug 19 19:07:58 2026: Image # 21, module MaskImage # 6: CPU_time = 0.08 secs, Wall_time = 0.08 secs
Wed Aug 19 19:07:58 2026: Image # 21, module MaskImage # 7: CPU_time = 0.09 secs, Wall_time = 0.09 secs
Wed Aug 19 19:07:58 2026: Image # 21, module MaskObjects # 8: CPU_time = 0.52 secs, Wall_time = 0.52 secs
Wed Aug 19 19:07:59 2026: Image # 21, module MeasureObjectIntensity # 9: CPU_time = 6.35 secs, Wall_time = 6.35 secs
Wed Aug 19 19:08:05 2026: Image # 21, module MeasureGranularity # 10: CPU_time = 15.43 secs, Wall_time = 15.42 secs
Wed Aug 19 19:08:21 2026: Image # 21, module MeasureGranularity # 11: CPU_time = 25.44 secs, Wall_time = 25.42 secs
Wed Aug 19 19:08:46 2026: Image # 21, module MeasureObjectIntensityDistribution # 12: CPU_time = 8.53 secs, Wall_time = 8.52 secs
Wed Aug 19 19:08:55 2026: Image # 21, module MeasureTexture # 13: CPU_time = 1.66 secs, Wall_time = 1.66 secs
Wed Aug 19 19:08:56 2026: Image # 21, module MeasureColocalization # 14: CPU_time = 53.27 secs, Wall_time = 16.06 secs
Wed Aug 19 19:09:12 2026: Image # 21, module ExportToSpreadsheet # 15: CPU_time = 0.00 secs, Wall_time = 0.01 secs
Wed Aug 19 19:09:12 2026: Image # 22, module Images # 1: CPU_time = 0.00 secs, Wall_time = 0.00 secs
Wed Aug 19 19:09:12 2026: Image # 22, module Metadata # 2: CPU_time = 0.00 secs, Wall_time = 0.00 secs
Wed Aug 19 19:09:12 2026: Image # 22, module NamesAndTypes # 3: CPU_time = 5.39 secs, Wall_time = 4.72 secs
Wed Aug 19 19:09:17 2026: Image # 22, module Groups # 4: CPU_time = 0.00 secs, Wall_time = 0.00 secs
Wed Aug 19 19:09:17 2026: Image # 22, module MaskImage # 5: CPU_time = 0.09 secs, Wall_time = 0.09 secs
Wed Aug 19 19:09:17 2026: Image # 22, module MaskImage # 6: CPU_time = 0.08 secs, Wall_time = 0.08 secs
Wed Aug 19 19:09:17 2026: Image # 22, module MaskImage # 7: CPU_time = 0.09 secs, Wall_time = 0.09 secs
Wed Aug 19 19:09:17 2026: Image # 22, module MaskObjects # 8: CPU_time = 0.53 secs, Wall_time = 0.52 secs
Wed Aug 19 19:09:18 2026: Image # 22, module MeasureObjectIntensity # 9: CPU_time = 4.57 secs, Wall_time = 4.56 secs
Wed Aug 19 19:09:22 2026: Image # 22, module MeasureGranularity # 10: CPU_time = 14.75 secs, Wall_time = 14.73 secs
Wed Aug 19 19:09:37 2026: Image # 22, module MeasureGranularity # 11: CPU_time = 21.70 secs, Wall_time = 21.68 secs
Wed Aug 19 19:09:59 2026: Image # 22, module MeasureObjectIntensityDistribution # 12: CPU_time = 6.90 secs, Wall_time = 6.90 secs
Wed Aug 19 19:10:06 2026: Image # 22, module MeasureTexture # 13: CPU_time = 2.17 secs, Wall_time = 2.16 secs
Wed Aug 19 19:10:08 2026: Image # 22, module MeasureColocalization # 14: CPU_time = 152.04 secs, Wall_time = 39.55 secs
Wed Aug 19 19:10:47 2026: Image # 22, module ExportToSpreadsheet # 15: CPU_time = 0.00 secs, Wall_time = 0.00 secs
Wed Aug 19 19:10:47 2026: Image # 23, module Images # 1: CPU_time = 0.00 secs, Wall_time = 0.00 secs
Wed Aug 19 19:10:47 2026: Image # 23, module Metadata # 2: CPU_time = 0.00 secs, Wall_time = 0.00 secs
Wed Aug 19 19:10:47 2026: Image # 23, module NamesAndTypes # 3: CPU_time = 5.76 secs, Wall_time = 3.90 secs
Wed Aug 19 19:10:51 2026: Image # 23, module Groups # 4: CPU_time = 0.00 secs, Wall_time = 0.00 secs
Wed Aug 19 19:10:51 2026: Image # 23, module MaskImage # 5: CPU_time = 0.09 secs, Wall_time = 0.09 secs
Wed Aug 19 19:10:51 2026: Image # 23, module MaskImage # 6: CPU_time = 0.08 secs, Wall_time = 0.08 secs
Wed Aug 19 19:10:52 2026: Image # 23, module MaskImage # 7: CPU_time = 0.09 secs, Wall_time = 0.09 secs
Wed Aug 19 19:10:52 2026: Image # 23, module MaskObjects # 8: CPU_time = 0.56 secs, Wall_time = 0.55 secs
Wed Aug 19 19:10:52 2026: Image # 23, module MeasureObjectIntensity # 9: CPU_time = 8.41 secs, Wall_time = 8.41 secs
Wed Aug 19 19:11:01 2026: Image # 23, module MeasureGranularity # 10: CPU_time = 17.03 secs, Wall_time = 17.02 secs
Wed Aug 19 19:11:18 2026: Image # 23, module MeasureGranularity # 11: CPU_time = 32.07 secs, Wall_time = 32.04 secs
Wed Aug 19 19:11:50 2026: Image # 23, module MeasureObjectIntensityDistribution # 12: CPU_time = 11.80 secs, Wall_time = 11.79 secs
Wed Aug 19 19:12:02 2026: Image # 23, module MeasureTexture # 13: CPU_time = 1.99 secs, Wall_time = 1.99 secs
Wed Aug 19 19:12:03 2026: Image # 23, module MeasureColocalization # 14: CPU_time = 93.54 secs, Wall_time = 28.71 secs
Wed Aug 19 19:12:32 2026: Image # 23, module ExportToSpreadsheet # 15: CPU_time = 0.01 secs, Wall_time = 0.00 secs
Wed Aug 19 19:12:32 2026: Image # 24, module Images # 1: CPU_time = 0.00 secs, Wall_time = 0.00 secs
Wed Aug 19 19:12:32 2026: Image # 24, module Metadata # 2: CPU_time = 0.00 secs, Wall_time = 0.00 secs
Wed Aug 19 19:12:32 2026: Image # 24, module NamesAndTypes # 3: CPU_time = 5.70 secs, Wall_time = 3.75 secs
Wed Aug 19 19:12:36 2026: Image # 24, module Groups # 4: CPU_time = 0.00 secs, Wall_time = 0.00 secs
Wed Aug 19 19:12:36 2026: Image # 24, module MaskImage # 5: CPU_time = 0.08 secs, Wall_time = 0.08 secs
Wed Aug 19 19:12:36 2026: Image # 24, module MaskImage # 6: CPU_time = 0.09 secs, Wall_time = 0.09 secs
Wed Aug 19 19:12:36 2026: Image # 24, module MaskImage # 7: CPU_time = 0.09 secs, Wall_time = 0.09 secs
Wed Aug 19 19:12:36 2026: Image # 24, module MaskObjects # 8: CPU_time = 0.56 secs, Wall_time = 0.56 secs
Wed Aug 19 19:12:37 2026: Image # 24, module MeasureObjectIntensity # 9: CPU_time = 8.50 secs, Wall_time = 8.50 secs
Wed Aug 19 19:12:45 2026: Image # 24, module MeasureGranularity # 10: CPU_time = 16.89 secs, Wall_time = 16.86 secs
Wed Aug 19 19:13:02 2026: Image # 24, module MeasureGranularity # 11: CPU_time = 32.54 secs, Wall_time = 32.52 secs
Wed Aug 19 19:13:35 2026: Image # 24, module MeasureObjectIntensityDistribution # 12: CPU_time = 11.70 secs, Wall_time = 11.69 secs
Wed Aug 19 19:13:46 2026: Image # 24, module MeasureTexture # 13: CPU_time = 2.50 secs, Wall_time = 2.50 secs
Wed Aug 19 19:13:49 2026: Image # 24, module MeasureColocalization # 14: CPU_time = 248.56 secs, Wall_time = 74.11 secs
Wed Aug 19 19:15:03 2026: Image # 24, module ExportToSpreadsheet # 15: CPU_time = 0.00 secs, Wall_time = 0.01 secs
Wed Aug 19 19:15:03 2026: Image # 25, module Images # 1: CPU_time = 0.00 secs, Wall_time = 0.00 secs
Wed Aug 19 19:15:03 2026: Image # 25, module Metadata # 2: CPU_time = 0.00 secs, Wall_time = 0.00 secs
Wed Aug 19 19:15:03 2026: Image # 25, module NamesAndTypes # 3: CPU_time = 5.54 secs, Wall_time = 3.67 secs
Wed Aug 19 19:15:07 2026: Image # 25, module Groups # 4: CPU_time = 0.00 secs, Wall_time = 0.00 secs
Wed Aug 19 19:15:07 2026: Image # 25, module MaskImage # 5: CPU_time = 0.09 secs, Wall_time = 0.09 secs
Wed Aug 19 19:15:07 2026: Image # 25, module MaskImage # 6: CPU_time = 0.10 secs, Wall_time = 0.09 secs
Wed Aug 19 19:15:07 2026: Image # 25, module MaskImage # 7: CPU_time = 0.09 secs, Wall_time = 0.09 secs
Wed Aug 19 19:15:07 2026: Image # 25, module MaskObjects # 8: CPU_time = 0.57 secs, Wall_time = 0.57 secs
Wed Aug 19 19:15:08 2026: Image # 25, module MeasureObjectIntensity # 9: CPU_time = 10.95 secs, Wall_time = 10.94 secs
Wed Aug 19 19:15:19 2026: Image # 25, module MeasureGranularity # 10: CPU_time = 18.29 secs, Wall_time = 18.28 secs
Wed Aug 19 19:15:37 2026: Image # 25, module MeasureGranularity # 11: CPU_time = 38.97 secs, Wall_time = 38.94 secs
Wed Aug 19 19:16:16 2026: Image # 25, module MeasureObjectIntensityDistribution # 12: CPU_time = 14.39 secs, Wall_time = 14.38 secs
Wed Aug 19 19:16:30 2026: Image # 25, module MeasureTexture # 13: CPU_time = 2.26 secs, Wall_time = 2.25 secs
Wed Aug 19 19:16:32 2026: Image # 25, module MeasureColocalization # 14: CPU_time = 185.96 secs, Wall_time = 65.36 secs
Wed Aug 19 19:17:38 2026: Image # 25, module ExportToSpreadsheet # 15: CPU_time = 0.00 secs, Wall_time = 0.00 secs
Wed Aug 19 19:17:38 2026: Image # 26, module Images # 1: CPU_time = 0.00 secs, Wall_time = 0.00 secs
Wed Aug 19 19:17:38 2026: Image # 26, module Metadata # 2: CPU_time = 0.00 secs, Wall_time = 0.00 secs
Wed Aug 19 19:17:38 2026: Image # 26, module NamesAndTypes # 3: CPU_time = 5.73 secs, Wall_time = 4.18 secs
Wed Aug 19 19:17:42 2026: Image # 26, module Groups # 4: CPU_time = 0.00 secs, Wall_time = 0.00 secs
Wed Aug 19 19:17:42 2026: Image # 26, module MaskImage # 5: CPU_time = 0.08 secs, Wall_time = 0.08 secs
Wed Aug 19 19:17:42 2026: Image # 26, module MaskImage # 6: CPU_time = 0.09 secs, Wall_time = 0.10 secs
Wed Aug 19 19:17:42 2026: Image # 26, module MaskImage # 7: CPU_time = 0.10 secs, Wall_time = 0.09 secs
Wed Aug 19 19:17:42 2026: Image # 26, module MaskObjects # 8: CPU_time = 0.52 secs, Wall_time = 0.52 secs
Wed Aug 19 19:17:43 2026: Image # 26, module MeasureObjectIntensity # 9: CPU_time = 6.16 secs, Wall_time = 6.16 secs
Wed Aug 19 19:17:49 2026: Image # 26, module MeasureGranularity # 10: CPU_time = 15.90 secs, Wall_time = 15.90 secs
Wed Aug 19 19:18:05 2026: Image # 26, module MeasureGranularity # 11: CPU_time = 25.41 secs, Wall_time = 25.40 secs
Wed Aug 19 19:18:30 2026: Image # 26, module MeasureObjectIntensityDistribution # 12: CPU_time = 8.31 secs, Wall_time = 8.31 secs
Wed Aug 19 19:18:39 2026: Image # 26, module MeasureTexture # 13: CPU_time = 1.64 secs, Wall_time = 1.63 secs
Wed Aug 19 19:18:40 2026: Image # 26, module MeasureColocalization # 14: CPU_time = 86.71 secs, Wall_time = 24.31 secs
Wed Aug 19 19:19:04 2026: Image # 26, module ExportToSpreadsheet # 15: CPU_time = 0.00 secs, Wall_time = 0.00 secs
Wed Aug 19 19:19:04 2026: Image # 27, module Images # 1: CPU_time = 0.00 secs, Wall_time = 0.00 secs
Wed Aug 19 19:19:04 2026: Image # 27, module Metadata # 2: CPU_time = 0.00 secs, Wall_time = 0.00 secs
Wed Aug 19 19:19:04 2026: Image # 27, module NamesAndTypes # 3: CPU_time = 5.39 secs, Wall_time = 3.68 secs
Wed Aug 19 19:19:08 2026: Image # 27, module Groups # 4: CPU_time = 0.00 secs, Wall_time = 0.00 secs
Wed Aug 19 19:19:08 2026: Image # 27, module MaskImage # 5: CPU_time = 0.09 secs, Wall_time = 0.08 secs
Wed Aug 19 19:19:08 2026: Image # 27, module MaskImage # 6: CPU_time = 0.10 secs, Wall_time = 0.09 secs
Wed Aug 19 19:19:08 2026: Image # 27, module MaskImage # 7: CPU_time = 0.09 secs, Wall_time = 0.09 secs
Wed Aug 19 19:19:08 2026: Image # 27, module MaskObjects # 8: CPU_time = 0.52 secs, Wall_time = 0.53 secs
Wed Aug 19 19:19:09 2026: Image # 27, module MeasureObjectIntensity # 9: CPU_time = 4.41 secs, Wall_time = 4.40 secs
Wed Aug 19 19:19:13 2026: Image # 27, module MeasureGranularity # 10: CPU_time = 15.80 secs, Wall_time = 15.78 secs
Wed Aug 19 19:19:29 2026: Image # 27, module MeasureGranularity # 11: CPU_time = 22.02 secs, Wall_time = 22.00 secs
Wed Aug 19 19:19:51 2026: Image # 27, module MeasureObjectIntensityDistribution # 12: CPU_time = 6.55 secs, Wall_time = 6.54 secs
Wed Aug 19 19:19:58 2026: Image # 27, module MeasureTexture # 13: CPU_time = 1.63 secs, Wall_time = 1.63 secs
Wed Aug 19 19:19:59 2026: Image # 27, module MeasureColocalization # 14: CPU_time = 55.86 secs, Wall_time = 15.49 secs
Wed Aug 19 19:20:15 2026: Image # 27, module ExportToSpreadsheet # 15: CPU_time = 0.00 secs, Wall_time = 0.01 secs
Wed Aug 19 19:20:15 2026: Image # 28, module Images # 1: CPU_time = 0.00 secs, Wall_time = 0.00 secs
Wed Aug 19 19:20:15 2026: Image # 28, module Metadata # 2: CPU_time = 0.00 secs, Wall_time = 0.00 secs
Wed Aug 19 19:20:15 2026: Image # 28, module NamesAndTypes # 3: CPU_time = 5.81 secs, Wall_time = 4.47 secs
Wed Aug 19 19:20:19 2026: Image # 28, module Groups # 4: CPU_time = 0.00 secs, Wall_time = 0.00 secs
Wed Aug 19 19:20:19 2026: Image # 28, module MaskImage # 5: CPU_time = 0.09 secs, Wall_time = 0.08 secs
Wed Aug 19 19:20:19 2026: Image # 28, module MaskImage # 6: CPU_time = 0.10 secs, Wall_time = 0.10 secs
Wed Aug 19 19:20:20 2026: Image # 28, module MaskImage # 7: CPU_time = 0.09 secs, Wall_time = 0.09 secs
Wed Aug 19 19:20:20 2026: Image # 28, module MaskObjects # 8: CPU_time = 0.57 secs, Wall_time = 0.57 secs
Wed Aug 19 19:20:20 2026: Image # 28, module MeasureObjectIntensity # 9: CPU_time = 6.82 secs, Wall_time = 6.81 secs
Wed Aug 19 19:20:27 2026: Image # 28, module MeasureGranularity # 10: CPU_time = 17.05 secs, Wall_time = 17.04 secs
Wed Aug 19 19:20:44 2026: Image # 28, module MeasureGranularity # 11: CPU_time = 33.42 secs, Wall_time = 33.39 secs
Wed Aug 19 19:21:17 2026: Image # 28, module MeasureObjectIntensityDistribution # 12: CPU_time = 9.62 secs, Wall_time = 9.61 secs
Wed Aug 19 19:21:27 2026: Image # 28, module MeasureTexture # 13: CPU_time = 1.87 secs, Wall_time = 1.87 secs
Wed Aug 19 19:21:29 2026: Image # 28, module MeasureColocalization # 14: CPU_time = 191.66 secs, Wall_time = 51.95 secs
Wed Aug 19 19:22:21 2026: Image # 28, module ExportToSpreadsheet # 15: CPU_time = 0.00 secs, Wall_time = 0.00 secs
Wed Aug 19 19:22:21 2026: Image # 29, module Images # 1: CPU_time = 0.00 secs, Wall_time = 0.00 secs
Wed Aug 19 19:22:21 2026: Image # 29, module Metadata # 2: CPU_time = 0.00 secs, Wall_time = 0.00 secs
Wed Aug 19 19:22:21 2026: Image # 29, module NamesAndTypes # 3: CPU_time = 5.76 secs, Wall_time = 4.80 secs
Wed Aug 19 19:22:26 2026: Image # 29, module Groups # 4: CPU_time = 0.00 secs, Wall_time = 0.00 secs
Wed Aug 19 19:22:26 2026: Image # 29, module MaskImage # 5: CPU_time = 0.09 secs, Wall_time = 0.09 secs
Wed Aug 19 19:22:26 2026: Image # 29, module MaskImage # 6: CPU_time = 0.09 secs, Wall_time = 0.09 secs
Wed Aug 19 19:22:26 2026: Image # 29, module MaskImage # 7: CPU_time = 0.10 secs, Wall_time = 0.09 secs
Wed Aug 19 19:22:26 2026: Image # 29, module MaskObjects # 8: CPU_time = 0.54 secs, Wall_time = 0.54 secs
Wed Aug 19 19:22:27 2026: Image # 29, module MeasureObjectIntensity # 9: CPU_time = 5.43 secs, Wall_time = 5.43 secs
Wed Aug 19 19:22:32 2026: Image # 29, module MeasureGranularity # 10: CPU_time = 16.01 secs, Wall_time = 16.00 secs
Wed Aug 19 19:22:48 2026: Image # 29, module MeasureGranularity # 11: CPU_time = 25.86 secs, Wall_time = 25.85 secs
Wed Aug 19 19:23:14 2026: Image # 29, module MeasureObjectIntensityDistribution # 12: CPU_time = 7.60 secs, Wall_time = 7.60 secs
Wed Aug 19 19:23:21 2026: Image # 29, module MeasureTexture # 13: CPU_time = 1.71 secs, Wall_time = 1.70 secs
Wed Aug 19 19:23:23 2026: Image # 29, module MeasureColocalization # 14: CPU_time = 73.71 secs, Wall_time = 20.71 secs
Wed Aug 19 19:23:44 2026: Image # 29, module ExportToSpreadsheet # 15: CPU_time = 0.00 secs, Wall_time = 0.00 secs
Wed Aug 19 19:23:44 2026: Image # 30, module Images # 1: CPU_time = 0.00 secs, Wall_time = 0.00 secs
Wed Aug 19 19:23:44 2026: Image # 30, module Metadata # 2: CPU_time = 0.00 secs, Wall_time = 0.00 secs
Wed Aug 19 19:23:44 2026: Image # 30, module NamesAndTypes # 3: CPU_time = 5.67 secs, Wall_time = 3.97 secs
Wed Aug 19 19:23:48 2026: Image # 30, module Groups # 4: CPU_time = 0.00 secs, Wall_time = 0.00 secs
Wed Aug 19 19:23:48 2026: Image # 30, module MaskImage # 5: CPU_time = 0.10 secs, Wall_time = 0.09 secs
Wed Aug 19 19:23:48 2026: Image # 30, module MaskImage # 6: CPU_time = 0.08 secs, Wall_time = 0.09 secs
Wed Aug 19 19:23:48 2026: Image # 30, module MaskImage # 7: CPU_time = 0.10 secs, Wall_time = 0.09 secs
Wed Aug 19 19:23:48 2026: Image # 30, module MaskObjects # 8: CPU_time = 0.58 secs, Wall_time = 0.57 secs
Wed Aug 19 19:23:49 2026: Image # 30, module MeasureObjectIntensity # 9: CPU_time = 5.99 secs, Wall_time = 5.99 secs
Wed Aug 19 19:23:55 2026: Image # 30, module MeasureGranularity # 10: CPU_time = 16.72 secs, Wall_time = 16.70 secs
Wed Aug 19 19:24:11 2026: Image # 30, module MeasureGranularity # 11: CPU_time = 26.28 secs, Wall_time = 26.25 secs
Wed Aug 19 19:24:38 2026: Image # 30, module MeasureObjectIntensityDistribution # 12: CPU_time = 8.53 secs, Wall_time = 8.52 secs
Wed Aug 19 19:24:46 2026: Image # 30, module MeasureTexture # 13: CPU_time = 1.86 secs, Wall_time = 1.87 secs
Wed Aug 19 19:24:48 2026: Image # 30, module MeasureColocalization # 14: CPU_time = 235.79 secs, Wall_time = 62.01 secs
Wed Aug 19 19:25:50 2026: Image # 30, module ExportToSpreadsheet # 15: CPU_time = 0.00 secs, Wall_time = 0.02 secs
Wed Aug 19 19:25:50 2026: Image # 31, module Images # 1: CPU_time = 0.00 secs, Wall_time = 0.00 secs
Wed Aug 19 19:25:50 2026: Image # 31, module Metadata # 2: CPU_time = 0.00 secs, Wall_time = 0.00 secs
Wed Aug 19 19:25:50 2026: Image # 31, module NamesAndTypes # 3: CPU_time = 5.63 secs, Wall_time = 4.09 secs
Wed Aug 19 19:25:54 2026: Image # 31, module Groups # 4: CPU_time = 0.00 secs, Wall_time = 0.00 secs
Wed Aug 19 19:25:54 2026: Image # 31, module MaskImage # 5: CPU_time = 0.09 secs, Wall_time = 0.08 secs
Wed Aug 19 19:25:54 2026: Image # 31, module MaskImage # 6: CPU_time = 0.09 secs, Wall_time = 0.09 secs
Wed Aug 19 19:25:54 2026: Image # 31, module MaskImage # 7: CPU_time = 0.08 secs, Wall_time = 0.09 secs
Wed Aug 19 19:25:54 2026: Image # 31, module MaskObjects # 8: CPU_time = 0.51 secs, Wall_time = 0.50 secs
Wed Aug 19 19:25:55 2026: Image # 31, module MeasureObjectIntensity # 9: CPU_time = 4.92 secs, Wall_time = 4.92 secs
Wed Aug 19 19:26:00 2026: Image # 31, module MeasureGranularity # 10: CPU_time = 16.13 secs, Wall_time = 16.12 secs
Wed Aug 19 19:26:16 2026: Image # 31, module MeasureGranularity # 11: CPU_time = 23.35 secs, Wall_time = 23.33 secs
Wed Aug 19 19:26:39 2026: Image # 31, module MeasureObjectIntensityDistribution # 12: CPU_time = 7.62 secs, Wall_time = 7.61 secs
Wed Aug 19 19:26:47 2026: Image # 31, module MeasureTexture # 13: CPU_time = 1.82 secs, Wall_time = 1.82 secs
Wed Aug 19 19:26:49 2026: Image # 31, module MeasureColocalization # 14: CPU_time = 148.62 secs, Wall_time = 39.26 secs
Wed Aug 19 19:27:28 2026: Image # 31, module ExportToSpreadsheet # 15: CPU_time = 0.00 secs, Wall_time = 0.00 secs
Wed Aug 19 19:27:28 2026: Image # 32, module Images # 1: CPU_time = 0.00 secs, Wall_time = 0.00 secs
Wed Aug 19 19:27:28 2026: Image # 32, module Metadata # 2: CPU_time = 0.00 secs, Wall_time = 0.00 secs
Wed Aug 19 19:27:28 2026: Image # 32, module NamesAndTypes # 3: CPU_time = 5.61 secs, Wall_time = 3.82 secs
Wed Aug 19 19:27:32 2026: Image # 32, module Groups # 4: CPU_time = 0.00 secs, Wall_time = 0.00 secs
Wed Aug 19 19:27:32 2026: Image # 32, module MaskImage # 5: CPU_time = 0.10 secs, Wall_time = 0.09 secs
Wed Aug 19 19:27:32 2026: Image # 32, module MaskImage # 6: CPU_time = 0.08 secs, Wall_time = 0.09 secs
Wed Aug 19 19:27:32 2026: Image # 32, module MaskImage # 7: CPU_time = 0.10 secs, Wall_time = 0.09 secs
Wed Aug 19 19:27:32 2026: Image # 32, module MaskObjects # 8: CPU_time = 0.53 secs, Wall_time = 0.53 secs
Wed Aug 19 19:27:33 2026: Image # 32, module MeasureObjectIntensity # 9: CPU_time = 5.49 secs, Wall_time = 5.48 secs
Wed Aug 19 19:27:38 2026: Image # 32, module MeasureGranularity # 10: CPU_time = 16.34 secs, Wall_time = 16.33 secs
Wed Aug 19 19:27:55 2026: Image # 32, module MeasureGranularity # 11: CPU_time = 24.20 secs, Wall_time = 24.18 secs
Wed Aug 19 19:28:19 2026: Image # 32, module MeasureObjectIntensityDistribution # 12: CPU_time = 8.07 secs, Wall_time = 8.06 secs
Wed Aug 19 19:28:27 2026: Image # 32, module MeasureTexture # 13: CPU_time = 1.81 secs, Wall_time = 1.81 secs
Wed Aug 19 19:28:29 2026: Image # 32, module MeasureColocalization # 14: CPU_time = 208.63 secs, Wall_time = 54.69 secs
Wed Aug 19 19:29:23 2026: Image # 32, module ExportToSpreadsheet # 15: CPU_time = 0.00 secs, Wall_time = 0.00 secs
Wed Aug 19 19:29:23 2026: Image # 33, module Images # 1: CPU_time = 0.00 secs, Wall_time = 0.00 secs
Wed Aug 19 19:29:23 2026: Image # 33, module Metadata # 2: CPU_time = 0.00 secs, Wall_time = 0.00 secs
Wed Aug 19 19:29:23 2026: Image # 33, module NamesAndTypes # 3: CPU_time = 5.85 secs, Wall_time = 3.88 secs
Wed Aug 19 19:29:27 2026: Image # 33, module Groups # 4: CPU_time = 0.00 secs, Wall_time = 0.00 secs
Wed Aug 19 19:29:27 2026: Image # 33, module MaskImage # 5: CPU_time = 0.08 secs, Wall_time = 0.08 secs
Wed Aug 19 19:29:27 2026: Image # 33, module MaskImage # 6: CPU_time = 0.08 secs, Wall_time = 0.08 secs
Wed Aug 19 19:29:27 2026: Image # 33, module MaskImage # 7: CPU_time = 0.11 secs, Wall_time = 0.10 secs
Wed Aug 19 19:29:27 2026: Image # 33, module MaskObjects # 8: CPU_time = 0.53 secs, Wall_time = 0.53 secs
Wed Aug 19 19:29:28 2026: Image # 33, module MeasureObjectIntensity # 9: CPU_time = 4.53 secs, Wall_time = 4.53 secs
Wed Aug 19 19:29:33 2026: Image # 33, module MeasureGranularity # 10: CPU_time = 15.88 secs, Wall_time = 15.86 secs
Wed Aug 19 19:29:48 2026: Image # 33, module MeasureGranularity # 11: CPU_time = 22.39 secs, Wall_time = 22.37 secs
Wed Aug 19 19:30:11 2026: Image # 33, module MeasureObjectIntensityDistribution # 12: CPU_time = 6.10 secs, Wall_time = 6.10 secs
Wed Aug 19 19:30:17 2026: Image # 33, module MeasureTexture # 13: CPU_time = 1.73 secs, Wall_time = 1.72 secs
Wed Aug 19 19:30:19 2026: Image # 33, module MeasureColocalization # 14: CPU_time = 116.63 secs, Wall_time = 31.18 secs
Wed Aug 19 19:30:50 2026: Image # 33, module ExportToSpreadsheet # 15: CPU_time = 0.00 secs, Wall_time = 0.01 secs
Wed Aug 19 19:30:50 2026: Image # 34, module Images # 1: CPU_time = 0.00 secs, Wall_time = 0.00 secs
Wed Aug 19 19:30:50 2026: Image # 34, module Metadata # 2: CPU_time = 0.00 secs, Wall_time = 0.00 secs
Wed Aug 19 19:30:50 2026: Image # 34, module NamesAndTypes # 3: CPU_time = 5.50 secs, Wall_time = 3.99 secs
Wed Aug 19 19:30:54 2026: Image # 34, module Groups # 4: CPU_time = 0.00 secs, Wall_time = 0.00 secs
Wed Aug 19 19:30:54 2026: Image # 34, module MaskImage # 5: CPU_time = 0.09 secs, Wall_time = 0.09 secs
Wed Aug 19 19:30:54 2026: Image # 34, module MaskImage # 6: CPU_time = 0.09 secs, Wall_time = 0.08 secs
Wed Aug 19 19:30:54 2026: Image # 34, module MaskImage # 7: CPU_time = 0.09 secs, Wall_time = 0.09 secs
Wed Aug 19 19:30:54 2026: Image # 34, module MaskObjects # 8: CPU_time = 0.63 secs, Wall_time = 0.63 secs
Wed Aug 19 19:30:55 2026: Image # 34, module MeasureObjectIntensity # 9: CPU_time = 5.18 secs, Wall_time = 5.19 secs
Wed Aug 19 19:31:00 2026: Image # 34, module MeasureGranularity # 10: CPU_time = 15.19 secs, Wall_time = 15.20 secs
Wed Aug 19 19:31:15 2026: Image # 34, module MeasureGranularity # 11: CPU_time = 22.80 secs, Wall_time = 22.78 secs
Wed Aug 19 19:31:38 2026: Image # 34, module MeasureObjectIntensityDistribution # 12: CPU_time = 6.23 secs, Wall_time = 6.24 secs
Wed Aug 19 19:31:44 2026: Image # 34, module MeasureTexture # 13: CPU_time = 1.58 secs, Wall_time = 1.58 secs
Wed Aug 19 19:31:46 2026: Image # 34, module MeasureColocalization # 14: CPU_time = 139.68 secs, Wall_time = 36.85 secs
Wed Aug 19 19:32:23 2026: Image # 34, module ExportToSpreadsheet # 15: CPU_time = 0.00 secs, Wall_time = 0.00 secs
Wed Aug 19 19:32:23 2026: Image # 35, module Images # 1: CPU_time = 0.00 secs, Wall_time = 0.00 secs
Wed Aug 19 19:32:23 2026: Image # 35, module Metadata # 2: CPU_time = 0.00 secs, Wall_time = 0.00 secs
Wed Aug 19 19:32:23 2026: Image # 35, module NamesAndTypes # 3: CPU_time = 4.96 secs, Wall_time = 3.98 secs
Wed Aug 19 19:32:27 2026: Image # 35, module Groups # 4: CPU_time = 0.00 secs, Wall_time = 0.00 secs
Wed Aug 19 19:32:27 2026: Image # 35, module MaskImage # 5: CPU_time = 0.07 secs, Wall_time = 0.08 secs
Wed Aug 19 19:32:27 2026: Image # 35, module MaskImage # 6: CPU_time = 0.08 secs, Wall_time = 0.08 secs
Wed Aug 19 19:32:27 2026: Image # 35, module MaskImage # 7: CPU_time = 0.09 secs, Wall_time = 0.08 secs
Wed Aug 19 19:32:27 2026: Image # 35, module MaskObjects # 8: CPU_time = 0.58 secs, Wall_time = 0.57 secs
Wed Aug 19 19:32:27 2026: Image # 35, module MeasureObjectIntensity # 9: CPU_time = 9.00 secs, Wall_time = 8.99 secs
Wed Aug 19 19:32:36 2026: Image # 35, module MeasureGranularity # 10: CPU_time = 16.36 secs, Wall_time = 16.34 secs
Wed Aug 19 19:32:53 2026: Image # 35, module MeasureGranularity # 11: CPU_time = 32.97 secs, Wall_time = 32.95 secs
Wed Aug 19 19:33:26 2026: Image # 35, module MeasureObjectIntensityDistribution # 12: CPU_time = 10.75 secs, Wall_time = 10.74 secs
Wed Aug 19 19:33:36 2026: Image # 35, module MeasureTexture # 13: CPU_time = 1.95 secs, Wall_time = 1.95 secs
Wed Aug 19 19:33:38 2026: Image # 35, module MeasureColocalization # 14: CPU_time = 26.05 secs, Wall_time = 10.21 secs
Wed Aug 19 19:33:49 2026: Image # 35, module ExportToSpreadsheet # 15: CPU_time = 0.00 secs, Wall_time = 0.00 secs
Wed Aug 19 19:33:49 2026: Image # 36, module Images # 1: CPU_time = 0.00 secs, Wall_time = 0.00 secs
Wed Aug 19 19:33:49 2026: Image # 36, module Metadata # 2: CPU_time = 0.00 secs, Wall_time = 0.00 secs
Wed Aug 19 19:33:49 2026: Image # 36, module NamesAndTypes # 3: CPU_time = 5.40 secs, Wall_time = 3.78 secs
Wed Aug 19 19:33:52 2026: Image # 36, module Groups # 4: CPU_time = 0.00 secs, Wall_time = 0.00 secs
Wed Aug 19 19:33:52 2026: Image # 36, module MaskImage # 5: CPU_time = 0.09 secs, Wall_time = 0.08 secs
Wed Aug 19 19:33:52 2026: Image # 36, module MaskImage # 6: CPU_time = 0.08 secs, Wall_time = 0.08 secs
Wed Aug 19 19:33:53 2026: Image # 36, module MaskImage # 7: CPU_time = 0.09 secs, Wall_time = 0.09 secs
Wed Aug 19 19:33:53 2026: Image # 36, module MaskObjects # 8: CPU_time = 0.51 secs, Wall_time = 0.51 secs
Wed Aug 19 19:33:53 2026: Image # 36, module MeasureObjectIntensity # 9: CPU_time = 5.84 secs, Wall_time = 5.83 secs
Wed Aug 19 19:33:59 2026: Image # 36, module MeasureGranularity # 10: CPU_time = 12.92 secs, Wall_time = 12.92 secs
Wed Aug 19 19:34:12 2026: Image # 36, module MeasureGranularity # 11: CPU_time = 20.00 secs, Wall_time = 19.97 secs
Wed Aug 19 19:34:32 2026: Image # 36, module MeasureObjectIntensityDistribution # 12: CPU_time = 5.95 secs, Wall_time = 5.94 secs
Wed Aug 19 19:34:38 2026: Image # 36, module MeasureTexture # 13: CPU_time = 1.33 secs, Wall_time = 1.33 secs
Wed Aug 19 19:34:39 2026: Image # 36, module MeasureColocalization # 14: CPU_time = 16.64 secs, Wall_time = 6.00 secs
Wed Aug 19 19:34:45 2026: Image # 36, module ExportToSpreadsheet # 15: CPU_time = 0.00 secs, Wall_time = 0.00 secs
Wed Aug 19 19:34:45 2026: Image # 37, module Images # 1: CPU_time = 0.00 secs, Wall_time = 0.00 secs
Wed Aug 19 19:34:45 2026: Image # 37, module Metadata # 2: CPU_time = 0.00 secs, Wall_time = 0.00 secs
Wed Aug 19 19:34:45 2026: Image # 37, module NamesAndTypes # 3: CPU_time = 5.08 secs, Wall_time = 3.56 secs
Wed Aug 19 19:34:49 2026: Image # 37, module Groups # 4: CPU_time = 0.00 secs, Wall_time = 0.00 secs
Wed Aug 19 19:34:49 2026: Image # 37, module MaskImage # 5: CPU_time = 0.08 secs, Wall_time = 0.08 secs
Wed Aug 19 19:34:49 2026: Image # 37, module MaskImage # 6: CPU_time = 0.09 secs, Wall_time = 0.09 secs
Wed Aug 19 19:34:49 2026: Image # 37, module MaskImage # 7: CPU_time = 0.10 secs, Wall_time = 0.09 secs
Wed Aug 19 19:34:49 2026: Image # 37, module MaskObjects # 8: CPU_time = 0.57 secs, Wall_time = 0.57 secs
Wed Aug 19 19:34:50 2026: Image # 37, module MeasureObjectIntensity # 9: CPU_time = 10.18 secs, Wall_time = 10.17 secs
Wed Aug 19 19:35:00 2026: Image # 37, module MeasureGranularity # 10: CPU_time = 16.87 secs, Wall_time = 16.87 secs
Wed Aug 19 19:35:17 2026: Image # 37, module MeasureGranularity # 11: CPU_time = 32.47 secs, Wall_time = 32.43 secs
Wed Aug 19 19:35:49 2026: Image # 37, module MeasureObjectIntensityDistribution # 12: CPU_time = 12.32 secs, Wall_time = 12.31 secs
Wed Aug 19 19:36:01 2026: Image # 37, module MeasureTexture # 13: CPU_time = 2.00 secs, Wall_time = 2.00 secs
Wed Aug 19 19:36:03 2026: Image # 37, module MeasureColocalization # 14: CPU_time = 27.29 secs, Wall_time = 11.66 secs
Wed Aug 19 19:36:15 2026: Image # 37, module ExportToSpreadsheet # 15: CPU_time = 0.00 secs, Wall_time = 0.01 secs
Wed Aug 19 19:36:15 2026: Image # 38, module Images # 1: CPU_time = 0.00 secs, Wall_time = 0.00 secs
Wed Aug 19 19:36:15 2026: Image # 38, module Metadata # 2: CPU_time = 0.00 secs, Wall_time = 0.00 secs
Wed Aug 19 19:36:15 2026: Image # 38, module NamesAndTypes # 3: CPU_time = 5.52 secs, Wall_time = 3.82 secs
Wed Aug 19 19:36:19 2026: Image # 38, module Groups # 4: CPU_time = 0.00 secs, Wall_time = 0.00 secs
Wed Aug 19 19:36:19 2026: Image # 38, module MaskImage # 5: CPU_time = 0.08 secs, Wall_time = 0.08 secs
Wed Aug 19 19:36:19 2026: Image # 38, module MaskImage # 6: CPU_time = 0.08 secs, Wall_time = 0.09 secs
Wed Aug 19 19:36:19 2026: Image # 38, module MaskImage # 7: CPU_time = 0.09 secs, Wall_time = 0.09 secs
Wed Aug 19 19:36:19 2026: Image # 38, module MaskObjects # 8: CPU_time = 0.50 secs, Wall_time = 0.51 secs
Wed Aug 19 19:36:20 2026: Image # 38, module MeasureObjectIntensity # 9: CPU_time = 5.75 secs, Wall_time = 5.76 secs
Wed Aug 19 19:36:25 2026: Image # 38, module MeasureGranularity # 10: CPU_time = 14.93 secs, Wall_time = 14.92 secs
Wed Aug 19 19:36:40 2026: Image # 38, module MeasureGranularity # 11: CPU_time = 23.47 secs, Wall_time = 23.44 secs
Wed Aug 19 19:37:04 2026: Image # 38, module MeasureObjectIntensityDistribution # 12: CPU_time = 5.98 secs, Wall_time = 5.97 secs
Wed Aug 19 19:37:10 2026: Image # 38, module MeasureTexture # 13: CPU_time = 1.36 secs, Wall_time = 1.36 secs
Wed Aug 19 19:37:11 2026: Image # 38, module MeasureColocalization # 14: CPU_time = 19.03 secs, Wall_time = 6.56 secs
Wed Aug 19 19:37:18 2026: Image # 38, module ExportToSpreadsheet # 15: CPU_time = 0.00 secs, Wall_time = 0.00 secs
Wed Aug 19 19:37:18 2026: Image # 39, module Images # 1: CPU_time = 0.00 secs, Wall_time = 0.00 secs
Wed Aug 19 19:37:18 2026: Image # 39, module Metadata # 2: CPU_time = 0.00 secs, Wall_time = 0.00 secs
Wed Aug 19 19:37:18 2026: Image # 39, module NamesAndTypes # 3: CPU_time = 5.37 secs, Wall_time = 3.72 secs
Wed Aug 19 19:37:21 2026: Image # 39, module Groups # 4: CPU_time = 0.00 secs, Wall_time = 0.00 secs
Wed Aug 19 19:37:21 2026: Image # 39, module MaskImage # 5: CPU_time = 0.09 secs, Wall_time = 0.08 secs
Wed Aug 19 19:37:22 2026: Image # 39, module MaskImage # 6: CPU_time = 0.09 secs, Wall_time = 0.09 secs
Wed Aug 19 19:37:22 2026: Image # 39, module MaskImage # 7: CPU_time = 0.08 secs, Wall_time = 0.09 secs
Wed Aug 19 19:37:22 2026: Image # 39, module MaskObjects # 8: CPU_time = 0.55 secs, Wall_time = 0.55 secs
Wed Aug 19 19:37:22 2026: Image # 39, module MeasureObjectIntensity # 9: CPU_time = 7.60 secs, Wall_time = 7.59 secs
Wed Aug 19 19:37:30 2026: Image # 39, module MeasureGranularity # 10: CPU_time = 16.32 secs, Wall_time = 16.30 secs
Wed Aug 19 19:37:46 2026: Image # 39, module MeasureGranularity # 11: CPU_time = 29.63 secs, Wall_time = 29.61 secs
Wed Aug 19 19:38:16 2026: Image # 39, module MeasureObjectIntensityDistribution # 12: CPU_time = 10.59 secs, Wall_time = 10.58 secs
Wed Aug 19 19:38:26 2026: Image # 39, module MeasureTexture # 13: CPU_time = 1.88 secs, Wall_time = 1.89 secs
Wed Aug 19 19:38:28 2026: Image # 39, module MeasureColocalization # 14: CPU_time = 31.95 secs, Wall_time = 11.29 secs
Wed Aug 19 19:38:40 2026: Image # 39, module ExportToSpreadsheet # 15: CPU_time = 0.00 secs, Wall_time = 0.00 secs
Wed Aug 19 19:38:40 2026: Image # 40, module Images # 1: CPU_time = 0.00 secs, Wall_time = 0.00 secs
Wed Aug 19 19:38:40 2026: Image # 40, module Metadata # 2: CPU_time = 0.00 secs, Wall_time = 0.00 secs
Wed Aug 19 19:38:40 2026: Image # 40, module NamesAndTypes # 3: CPU_time = 5.43 secs, Wall_time = 3.51 secs
Wed Aug 19 19:38:43 2026: Image # 40, module Groups # 4: CPU_time = 0.00 secs, Wall_time = 0.00 secs
Wed Aug 19 19:38:43 2026: Image # 40, module MaskImage # 5: CPU_time = 0.09 secs, Wall_time = 0.08 secs
Wed Aug 19 19:38:43 2026: Image # 40, module MaskImage # 6: CPU_time = 0.08 secs, Wall_time = 0.08 secs
Wed Aug 19 19:38:43 2026: Image # 40, module MaskImage # 7: CPU_time = 0.09 secs, Wall_time = 0.09 secs
Wed Aug 19 19:38:43 2026: Image # 40, module MaskObjects # 8: CPU_time = 0.56 secs, Wall_time = 0.56 secs
Wed Aug 19 19:38:44 2026: Image # 40, module MeasureObjectIntensity # 9: CPU_time = 8.35 secs, Wall_time = 8.34 secs
Wed Aug 19 19:38:52 2026: Image # 40, module MeasureGranularity # 10: CPU_time = 16.88 secs, Wall_time = 16.87 secs
Wed Aug 19 19:39:09 2026: Image # 40, module MeasureGranularity # 11: CPU_time = 31.17 secs, Wall_time = 31.14 secs
Wed Aug 19 19:39:40 2026: Image # 40, module MeasureObjectIntensityDistribution # 12: CPU_time = 11.44 secs, Wall_time = 11.43 secs
Wed Aug 19 19:39:52 2026: Image # 40, module MeasureTexture # 13: CPU_time = 1.92 secs, Wall_time = 1.91 secs
Wed Aug 19 19:39:54 2026: Image # 40, module MeasureColocalization # 14: CPU_time = 29.89 secs, Wall_time = 11.32 secs
Wed Aug 19 19:40:05 2026: Image # 40, module ExportToSpreadsheet # 15: CPU_time = 0.00 secs, Wall_time = 0.01 secs
Wed Aug 19 19:40:05 2026: Image # 41, module Images # 1: CPU_time = 0.00 secs, Wall_time = 0.00 secs
Wed Aug 19 19:40:05 2026: Image # 41, module Metadata # 2: CPU_time = 0.00 secs, Wall_time = 0.00 secs
Wed Aug 19 19:40:05 2026: Image # 41, module NamesAndTypes # 3: CPU_time = 5.58 secs, Wall_time = 4.35 secs
Wed Aug 19 19:40:09 2026: Image # 41, module Groups # 4: CPU_time = 0.00 secs, Wall_time = 0.00 secs
Wed Aug 19 19:40:09 2026: Image # 41, module MaskImage # 5: CPU_time = 0.09 secs, Wall_time = 0.08 secs
Wed Aug 19 19:40:09 2026: Image # 41, module MaskImage # 6: CPU_time = 0.09 secs, Wall_time = 0.08 secs
Wed Aug 19 19:40:10 2026: Image # 41, module MaskImage # 7: CPU_time = 0.09 secs, Wall_time = 0.09 secs
Wed Aug 19 19:40:10 2026: Image # 41, module MaskObjects # 8: CPU_time = 0.57 secs, Wall_time = 0.57 secs
Wed Aug 19 19:40:10 2026: Image # 41, module MeasureObjectIntensity # 9: CPU_time = 9.47 secs, Wall_time = 9.47 secs
Wed Aug 19 19:40:20 2026: Image # 41, module MeasureGranularity # 10: CPU_time = 17.25 secs, Wall_time = 17.24 secs
Wed Aug 19 19:40:37 2026: Image # 41, module MeasureGranularity # 11: CPU_time = 34.59 secs, Wall_time = 34.56 secs
Wed Aug 19 19:41:11 2026: Image # 41, module MeasureObjectIntensityDistribution # 12: CPU_time = 13.31 secs, Wall_time = 13.29 secs
Wed Aug 19 19:41:25 2026: Image # 41, module MeasureTexture # 13: CPU_time = 2.01 secs, Wall_time = 2.01 secs
Wed Aug 19 19:41:27 2026: Image # 41, module MeasureColocalization # 14: CPU_time = 25.36 secs, Wall_time = 11.27 secs
Wed Aug 19 19:41:38 2026: Image # 41, module ExportToSpreadsheet # 15: CPU_time = 0.00 secs, Wall_time = 0.02 secs
Wed Aug 19 19:41:38 2026: Image # 42, module Images # 1: CPU_time = 0.00 secs, Wall_time = 0.00 secs
Wed Aug 19 19:41:38 2026: Image # 42, module Metadata # 2: CPU_time = 0.00 secs, Wall_time = 0.00 secs
Wed Aug 19 19:41:38 2026: Image # 42, module NamesAndTypes # 3: CPU_time = 5.19 secs, Wall_time = 3.44 secs
Wed Aug 19 19:41:42 2026: Image # 42, module Groups # 4: CPU_time = 0.00 secs, Wall_time = 0.00 secs
Wed Aug 19 19:41:42 2026: Image # 42, module MaskImage # 5: CPU_time = 0.08 secs, Wall_time = 0.09 secs
Wed Aug 19 19:41:42 2026: Image # 42, module MaskImage # 6: CPU_time = 0.09 secs, Wall_time = 0.09 secs
Wed Aug 19 19:41:42 2026: Image # 42, module MaskImage # 7: CPU_time = 0.10 secs, Wall_time = 0.09 secs
Wed Aug 19 19:41:42 2026: Image # 42, module MaskObjects # 8: CPU_time = 0.57 secs, Wall_time = 0.57 secs
Wed Aug 19 19:41:42 2026: Image # 42, module MeasureObjectIntensity # 9: CPU_time = 10.28 secs, Wall_time = 10.27 secs
Wed Aug 19 19:41:53 2026: Image # 42, module MeasureGranularity # 10: CPU_time = 18.50 secs, Wall_time = 18.51 secs
Wed Aug 19 19:42:11 2026: Image # 42, module MeasureGranularity # 11: CPU_time = 38.13 secs, Wall_time = 38.11 secs
Wed Aug 19 19:42:49 2026: Image # 42, module MeasureObjectIntensityDistribution # 12: CPU_time = 14.09 secs, Wall_time = 14.08 secs
Wed Aug 19 19:43:03 2026: Image # 42, module MeasureTexture # 13: CPU_time = 1.98 secs, Wall_time = 1.98 secs
Wed Aug 19 19:43:05 2026: Image # 42, module MeasureColocalization # 14: CPU_time = 25.73 secs, Wall_time = 12.30 secs
Wed Aug 19 19:43:18 2026: Image # 42, module ExportToSpreadsheet # 15: CPU_time = 0.00 secs, Wall_time = 0.00 secs
Wed Aug 19 19:43:18 2026: Image # 43, module Images # 1: CPU_time = 0.00 secs, Wall_time = 0.00 secs
Wed Aug 19 19:43:18 2026: Image # 43, module Metadata # 2: CPU_time = 0.00 secs, Wall_time = 0.00 secs
Wed Aug 19 19:43:18 2026: Image # 43, module NamesAndTypes # 3: CPU_time = 5.64 secs, Wall_time = 3.64 secs
Wed Aug 19 19:43:21 2026: Image # 43, module Groups # 4: CPU_time = 0.00 secs, Wall_time = 0.00 secs
Wed Aug 19 19:43:21 2026: Image # 43, module MaskImage # 5: CPU_time = 0.08 secs, Wall_time = 0.09 secs
Wed Aug 19 19:43:21 2026: Image # 43, module MaskImage # 6: CPU_time = 0.09 secs, Wall_time = 0.08 secs
Wed Aug 19 19:43:22 2026: Image # 43, module MaskImage # 7: CPU_time = 0.09 secs, Wall_time = 0.09 secs
Wed Aug 19 19:43:22 2026: Image # 43, module MaskObjects # 8: CPU_time = 0.51 secs, Wall_time = 0.51 secs
Wed Aug 19 19:43:22 2026: Image # 43, module MeasureObjectIntensity # 9: CPU_time = 6.66 secs, Wall_time = 6.64 secs
Wed Aug 19 19:43:29 2026: Image # 43, module MeasureGranularity # 10: CPU_time = 16.96 secs, Wall_time = 16.94 secs
Wed Aug 19 19:43:46 2026: Image # 43, module MeasureGranularity # 11: CPU_time = 29.76 secs, Wall_time = 29.73 secs
Wed Aug 19 19:44:15 2026: Image # 43, module MeasureObjectIntensityDistribution # 12: CPU_time = 8.73 secs, Wall_time = 8.72 secs
Wed Aug 19 19:44:24 2026: Image # 43, module MeasureTexture # 13: CPU_time = 1.62 secs, Wall_time = 1.63 secs
Wed Aug 19 19:44:26 2026: Image # 43, module MeasureColocalization # 14: CPU_time = 18.72 secs, Wall_time = 7.36 secs
Wed Aug 19 19:44:33 2026: Image # 43, module ExportToSpreadsheet # 15: CPU_time = 0.01 secs, Wall_time = 0.00 secs
Wed Aug 19 19:44:33 2026: Image # 44, module Images # 1: CPU_time = 0.00 secs, Wall_time = 0.00 secs
Wed Aug 19 19:44:33 2026: Image # 44, module Metadata # 2: CPU_time = 0.00 secs, Wall_time = 0.00 secs
Wed Aug 19 19:44:33 2026: Image # 44, module NamesAndTypes # 3: CPU_time = 5.56 secs, Wall_time = 4.02 secs
Wed Aug 19 19:44:37 2026: Image # 44, module Groups # 4: CPU_time = 0.00 secs, Wall_time = 0.00 secs
Wed Aug 19 19:44:37 2026: Image # 44, module MaskImage # 5: CPU_time = 0.08 secs, Wall_time = 0.08 secs
Wed Aug 19 19:44:37 2026: Image # 44, module MaskImage # 6: CPU_time = 0.09 secs, Wall_time = 0.09 secs
Wed Aug 19 19:44:37 2026: Image # 44, module MaskImage # 7: CPU_time = 0.09 secs, Wall_time = 0.09 secs
Wed Aug 19 19:44:37 2026: Image # 44, module MaskObjects # 8: CPU_time = 0.57 secs, Wall_time = 0.56 secs
Wed Aug 19 19:44:38 2026: Image # 44, module MeasureObjectIntensity # 9: CPU_time = 8.47 secs, Wall_time = 8.46 secs
Wed Aug 19 19:44:47 2026: Image # 44, module MeasureGranularity # 10: CPU_time = 19.20 secs, Wall_time = 19.20 secs
Wed Aug 19 19:45:06 2026: Image # 44, module MeasureGranularity # 11: CPU_time = 35.56 secs, Wall_time = 35.53 secs
Wed Aug 19 19:45:41 2026: Image # 44, module MeasureObjectIntensityDistribution # 12: CPU_time = 10.46 secs, Wall_time = 10.45 secs
Wed Aug 19 19:45:52 2026: Image # 44, module MeasureTexture # 13: CPU_time = 1.80 secs, Wall_time = 1.80 secs
Wed Aug 19 19:45:54 2026: Image # 44, module MeasureColocalization # 14: CPU_time = 38.17 secs, Wall_time = 14.03 secs
Wed Aug 19 19:46:08 2026: Image # 44, module ExportToSpreadsheet # 15: CPU_time = 0.00 secs, Wall_time = 0.00 secs
Wed Aug 19 19:46:08 2026: Image # 45, module Images # 1: CPU_time = 0.00 secs, Wall_time = 0.00 secs
Wed Aug 19 19:46:08 2026: Image # 45, module Metadata # 2: CPU_time = 0.00 secs, Wall_time = 0.00 secs
Wed Aug 19 19:46:08 2026: Image # 45, module NamesAndTypes # 3: CPU_time = 5.50 secs, Wall_time = 3.64 secs
Wed Aug 19 19:46:11 2026: Image # 45, module Groups # 4: CPU_time = 0.00 secs, Wall_time = 0.00 secs
Wed Aug 19 19:46:11 2026: Image # 45, module MaskImage # 5: CPU_time = 0.09 secs, Wall_time = 0.09 secs
Wed Aug 19 19:46:11 2026: Image # 45, module MaskImage # 6: CPU_time = 0.08 secs, Wall_time = 0.09 secs
Wed Aug 19 19:46:11 2026: Image # 45, module MaskImage # 7: CPU_time = 0.09 secs, Wall_time = 0.09 secs
Wed Aug 19 19:46:11 2026: Image # 45, module MaskObjects # 8: CPU_time = 0.60 secs, Wall_time = 0.60 secs
Wed Aug 19 19:46:12 2026: Image # 45, module MeasureObjectIntensity # 9: CPU_time = 5.67 secs, Wall_time = 5.68 secs
Wed Aug 19 19:46:18 2026: Image # 45, module MeasureGranularity # 10: CPU_time = 17.75 secs, Wall_time = 17.73 secs
Wed Aug 19 19:46:35 2026: Image # 45, module MeasureGranularity # 11: CPU_time = 27.16 secs, Wall_time = 27.14 secs
Wed Aug 19 19:47:03 2026: Image # 45, module MeasureObjectIntensityDistribution # 12: CPU_time = 7.59 secs, Wall_time = 7.59 secs
Wed Aug 19 19:47:10 2026: Image # 45, module MeasureTexture # 13: CPU_time = 1.56 secs, Wall_time = 1.56 secs
Wed Aug 19 19:47:12 2026: Image # 45, module MeasureColocalization # 14: CPU_time = 15.17 secs, Wall_time = 5.62 secs
Wed Aug 19 19:47:17 2026: Image # 45, module ExportToSpreadsheet # 15: CPU_time = 0.00 secs, Wall_time = 0.00 secs
Wed Aug 19 19:47:17 2026: Image # 46, module Images # 1: CPU_time = 0.00 secs, Wall_time = 0.00 secs
Wed Aug 19 19:47:17 2026: Image # 46, module Metadata # 2: CPU_time = 0.00 secs, Wall_time = 0.00 secs
Wed Aug 19 19:47:17 2026: Image # 46, module NamesAndTypes # 3: CPU_time = 5.76 secs, Wall_time = 3.84 secs
Wed Aug 19 19:47:21 2026: Image # 46, module Groups # 4: CPU_time = 0.00 secs, Wall_time = 0.00 secs
Wed Aug 19 19:47:21 2026: Image # 46, module MaskImage # 5: CPU_time = 0.08 secs, Wall_time = 0.08 secs
Wed Aug 19 19:47:21 2026: Image # 46, module MaskImage # 6: CPU_time = 0.09 secs, Wall_time = 0.09 secs
Wed Aug 19 19:47:21 2026: Image # 46, module MaskImage # 7: CPU_time = 0.09 secs, Wall_time = 0.09 secs
Wed Aug 19 19:47:22 2026: Image # 46, module MaskObjects # 8: CPU_time = 0.56 secs, Wall_time = 0.57 secs
Wed Aug 19 19:47:22 2026: Image # 46, module MeasureObjectIntensity # 9: CPU_time = 5.24 secs, Wall_time = 5.23 secs
Wed Aug 19 19:47:27 2026: Image # 46, module MeasureGranularity # 10: CPU_time = 18.43 secs, Wall_time = 18.41 secs
Wed Aug 19 19:47:46 2026: Image # 46, module MeasureGranularity # 11: CPU_time = 26.82 secs, Wall_time = 26.79 secs
Wed Aug 19 19:48:13 2026: Image # 46, module MeasureObjectIntensityDistribution # 12: CPU_time = 7.67 secs, Wall_time = 7.66 secs
Wed Aug 19 19:48:20 2026: Image # 46, module MeasureTexture # 13: CPU_time = 1.59 secs, Wall_time = 1.59 secs
Wed Aug 19 19:48:22 2026: Image # 46, module MeasureColocalization # 14: CPU_time = 13.29 secs, Wall_time = 5.01 secs
Wed Aug 19 19:48:27 2026: Image # 46, module ExportToSpreadsheet # 15: CPU_time = 0.00 secs, Wall_time = 0.00 secs
Wed Aug 19 19:48:27 2026: Image # 47, module Images # 1: CPU_time = 0.00 secs, Wall_time = 0.00 secs
Wed Aug 19 19:48:27 2026: Image # 47, module Metadata # 2: CPU_time = 0.00 secs, Wall_time = 0.00 secs
Wed Aug 19 19:48:27 2026: Image # 47, module NamesAndTypes # 3: CPU_time = 5.71 secs, Wall_time = 4.24 secs
Wed Aug 19 19:48:31 2026: Image # 47, module Groups # 4: CPU_time = 0.00 secs, Wall_time = 0.00 secs
Wed Aug 19 19:48:31 2026: Image # 47, module MaskImage # 5: CPU_time = 0.09 secs, Wall_time = 0.09 secs
Wed Aug 19 19:48:31 2026: Image # 47, module MaskImage # 6: CPU_time = 0.08 secs, Wall_time = 0.08 secs
Wed Aug 19 19:48:31 2026: Image # 47, module MaskImage # 7: CPU_time = 0.10 secs, Wall_time = 0.09 secs
Wed Aug 19 19:48:31 2026: Image # 47, module MaskObjects # 8: CPU_time = 0.57 secs, Wall_time = 0.56 secs
Wed Aug 19 19:48:32 2026: Image # 47, module MeasureObjectIntensity # 9: CPU_time = 4.99 secs, Wall_time = 4.99 secs
Wed Aug 19 19:48:37 2026: Image # 47, module MeasureGranularity # 10: CPU_time = 17.62 secs, Wall_time = 17.60 secs
Wed Aug 19 19:48:55 2026: Image # 47, module MeasureGranularity # 11: CPU_time = 26.78 secs, Wall_time = 26.75 secs
Wed Aug 19 19:49:21 2026: Image # 47, module MeasureObjectIntensityDistribution # 12: CPU_time = 7.42 secs, Wall_time = 7.41 secs
Wed Aug 19 19:49:29 2026: Image # 47, module MeasureTexture # 13: CPU_time = 1.62 secs, Wall_time = 1.63 secs
Wed Aug 19 19:49:30 2026: Image # 47, module MeasureColocalization # 14: CPU_time = 21.87 secs, Wall_time = 6.91 secs
Wed Aug 19 19:49:37 2026: Image # 47, module ExportToSpreadsheet # 15: CPU_time = 0.00 secs, Wall_time = 0.00 secs
Wed Aug 19 19:49:37 2026: Image # 48, module Images # 1: CPU_time = 0.00 secs, Wall_time = 0.00 secs
Wed Aug 19 19:49:37 2026: Image # 48, module Metadata # 2: CPU_time = 0.00 secs, Wall_time = 0.00 secs
Wed Aug 19 19:49:37 2026: Image # 48, module NamesAndTypes # 3: CPU_time = 6.03 secs, Wall_time = 4.28 secs
Wed Aug 19 19:49:42 2026: Image # 48, module Groups # 4: CPU_time = 0.00 secs, Wall_time = 0.00 secs
Wed Aug 19 19:49:42 2026: Image # 48, module MaskImage # 5: CPU_time = 0.09 secs, Wall_time = 0.09 secs
Wed Aug 19 19:49:42 2026: Image # 48, module MaskImage # 6: CPU_time = 0.09 secs, Wall_time = 0.09 secs
Wed Aug 19 19:49:42 2026: Image # 48, module MaskImage # 7: CPU_time = 0.10 secs, Wall_time = 0.09 secs
Wed Aug 19 19:49:42 2026: Image # 48, module MaskObjects # 8: CPU_time = 0.57 secs, Wall_time = 0.57 secs
Wed Aug 19 19:49:42 2026: Image # 48, module MeasureObjectIntensity # 9: CPU_time = 6.25 secs, Wall_time = 6.25 secs
Wed Aug 19 19:49:49 2026: Image # 48, module MeasureGranularity # 10: CPU_time = 19.07 secs, Wall_time = 19.05 secs
Wed Aug 19 19:50:08 2026: Image # 48, module MeasureGranularity # 11: CPU_time = 30.48 secs, Wall_time = 30.46 secs
Wed Aug 19 19:50:38 2026: Image # 48, module MeasureObjectIntensityDistribution # 12: CPU_time = 8.66 secs, Wall_time = 8.66 secs
Wed Aug 19 19:50:47 2026: Image # 48, module MeasureTexture # 13: CPU_time = 1.65 secs, Wall_time = 1.65 secs
Wed Aug 19 19:50:48 2026: Image # 48, module MeasureColocalization # 14: CPU_time = 76.47 secs, Wall_time = 21.97 secs
Wed Aug 19 19:51:10 2026: Image # 48, module ExportToSpreadsheet # 15: CPU_time = 0.00 secs, Wall_time = 0.00 secs
Wed Aug 19 19:51:10 2026: Image # 49, module Images # 1: CPU_time = 0.00 secs, Wall_time = 0.00 secs
Wed Aug 19 19:51:10 2026: Image # 49, module Metadata # 2: CPU_time = 0.00 secs, Wall_time = 0.00 secs
Wed Aug 19 19:51:10 2026: Image # 49, module NamesAndTypes # 3: CPU_time = 6.24 secs, Wall_time = 4.57 secs
Wed Aug 19 19:51:15 2026: Image # 49, module Groups # 4: CPU_time = 0.00 secs, Wall_time = 0.00 secs
Wed Aug 19 19:51:15 2026: Image # 49, module MaskImage # 5: CPU_time = 0.09 secs, Wall_time = 0.09 secs
Wed Aug 19 19:51:15 2026: Image # 49, module MaskImage # 6: CPU_time = 0.09 secs, Wall_time = 0.09 secs
Wed Aug 19 19:51:15 2026: Image # 49, module MaskImage # 7: CPU_time = 0.09 secs, Wall_time = 0.09 secs
Wed Aug 19 19:51:15 2026: Image # 49, module MaskObjects # 8: CPU_time = 0.61 secs, Wall_time = 0.60 secs
Wed Aug 19 19:51:16 2026: Image # 49, module MeasureObjectIntensity # 9: CPU_time = 7.52 secs, Wall_time = 7.52 secs
Wed Aug 19 19:51:23 2026: Image # 49, module MeasureGranularity # 10: CPU_time = 19.91 secs, Wall_time = 19.90 secs
Wed Aug 19 19:51:43 2026: Image # 49, module MeasureGranularity # 11: CPU_time = 33.57 secs, Wall_time = 33.54 secs
Wed Aug 19 19:52:17 2026: Image # 49, module MeasureObjectIntensityDistribution # 12: CPU_time = 9.75 secs, Wall_time = 9.75 secs
Wed Aug 19 19:52:27 2026: Image # 49, module MeasureTexture # 13: CPU_time = 1.68 secs, Wall_time = 1.69 secs
Wed Aug 19 19:52:28 2026: Image # 49, module MeasureColocalization # 14: CPU_time = 59.08 secs, Wall_time = 19.25 secs
Wed Aug 19 19:52:48 2026: Image # 49, module ExportToSpreadsheet # 15: CPU_time = 0.00 secs, Wall_time = 0.00 secs
Wed Aug 19 19:52:48 2026: Image # 50, module Images # 1: CPU_time = 0.00 secs, Wall_time = 0.00 secs
Wed Aug 19 19:52:48 2026: Image # 50, module Metadata # 2: CPU_time = 0.00 secs, Wall_time = 0.00 secs
Wed Aug 19 19:52:48 2026: Image # 50, module NamesAndTypes # 3: CPU_time = 6.04 secs, Wall_time = 4.19 secs
Wed Aug 19 19:52:52 2026: Image # 50, module Groups # 4: CPU_time = 0.00 secs, Wall_time = 0.00 secs
Wed Aug 19 19:52:52 2026: Image # 50, module MaskImage # 5: CPU_time = 0.09 secs, Wall_time = 0.09 secs
Wed Aug 19 19:52:52 2026: Image # 50, module MaskImage # 6: CPU_time = 0.09 secs, Wall_time = 0.09 secs
Wed Aug 19 19:52:52 2026: Image # 50, module MaskImage # 7: CPU_time = 0.10 secs, Wall_time = 0.10 secs
Wed Aug 19 19:52:52 2026: Image # 50, module MaskObjects # 8: CPU_time = 0.60 secs, Wall_time = 0.60 secs
Wed Aug 19 19:52:53 2026: Image # 50, module MeasureObjectIntensity # 9: CPU_time = 7.54 secs, Wall_time = 7.54 secs
Wed Aug 19 19:53:00 2026: Image # 50, module MeasureGranularity # 10: CPU_time = 19.80 secs, Wall_time = 19.78 secs
Wed Aug 19 19:53:20 2026: Image # 50, module MeasureGranularity # 11: CPU_time = 33.14 secs, Wall_time = 33.12 secs
Wed Aug 19 19:53:53 2026: Image # 50, module MeasureObjectIntensityDistribution # 12: CPU_time = 9.99 secs, Wall_time = 9.99 secs
Wed Aug 19 19:54:03 2026: Image # 50, module MeasureTexture # 13: CPU_time = 1.68 secs, Wall_time = 1.67 secs
Wed Aug 19 19:54:05 2026: Image # 50, module MeasureColocalization # 14: CPU_time = 51.52 secs, Wall_time = 16.90 secs
Wed Aug 19 19:54:22 2026: Image # 50, module ExportToSpreadsheet # 15: CPU_time = 0.00 secs, Wall_time = 0.00 secs
