Error for image set, channel=051, metadata=DNA: Image missing from channel
Error for image set, channel=052, metadata=DNA: Image missing from channel
Error for image set, channel=053, metadata=DNA: Image missing from channel
Error for image set, channel=054, metadata=DNA: Image missing from channel
Error for image set, channel=055, metadata=DNA: Image missing from channel
Error for image set, channel=056, metadata=DNA: Image missing from channel
Error for image set, channel=057, metadata=DNA: Image missing from channel
Error for image set, channel=058, metadata=DNA: Image missing from channel
Error for image set, channel=059, metadata=DNA: Image missing from channel
Error for image set, channel=060, metadata=DNA: Image missing from channel
Error for image set, channel=061, metadata=DNA: Image missing from channel
Error for image set, channel=062, metadata=DNA: Image missing from channel
Error for image set, channel=063, metadata=DNA: Image missing from channel
Error for image set, channel=064, metadata=DNA: Image missing from channel
Error for image set, channel=065, metadata=DNA: Image missing from channel
Error for image set, channel=066, metadata=DNA: Image missing from channel
Error for image set, channel=067, metadata=DNA: Image missing from channel
Error for image set, channel=068, metadata=DNA: Image missing from channel
Error for image set, channel=069, metadata=DNA: Image missing from channel
Error for image set, channel=070, metadata=DNA: Image missing from channel
Error for image set, channel=071, metadata=DNA: Image missing from channel
Error for image set, channel=072, metadata=DNA: Image missing from channel
Error for image set, channel=073, metadata=DNA: Image missing from channel
Error for image set, channel=074, metadata=DNA: Image missing from channel
Error for image set, channel=075, metadata=DNA: Image missing from channel
Error for image set, channel=076, metadata=DNA: Image missing from channel
Error for image set, channel=077, metadata=DNA: Image missing from channel
Error for image set, channel=078, metadata=DNA: Image missing from channel
Error for image set, channel=079, metadata=DNA: Image missing from channel
Error for image set, channel=080, metadata=DNA: Image missing from channel
Error for image set, channel=081, metadata=DNA: Image missing from channel
Error for image set, channel=082, metadata=DNA: Image missing from channel
Error for image set, channel=083, metadata=DNA: Image missing from channel
Error for image set, channel=084, metadata=DNA: Image missing from channel
Error for image set, channel=085, metadata=DNA: Image missing from channel
Error for image set, channel=086, metadata=DNA: Image missing from channel
Error for image set, channel=087, metadata=DNA: Image missing from channel
Error for image set, channel=088, metadata=DNA: Image missing from channel
Error for image set, channel=089, metadata=DNA: Image missing from channel
Error for image set, channel=090, metadata=DNA: Image missing from channel
Error for image set, channel=091, metadata=DNA: Image missing from channel
Error for image set, channel=092, metadata=DNA: Image missing from channel
Error for image set, channel=093, metadata=DNA: Image missing from channel
Error for image set, channel=094, metadata=DNA: Image missing from channel
Error for image set, channel=095, metadata=DNA: Image missing from channel
Error for image set, channel=096, metadata=DNA: Image missing from channel
Error for image set, channel=097, metadata=DNA: Image missing from channel
Error for image set, channel=098, metadata=DNA: Image missing from channel
Error for image set, channel=099, metadata=DNA: Image missing from channel
Error for image set, channel=100, metadata=DNA: Image missing from channel
Error for image set, channel=101, metadata=DNA: Image missing from channel
Error for image set, channel=102, metadata=DNA: Image missing from channel
Error for image set, channel=103, metadata=DNA: Image missing from channel
Error for image set, channel=104, metadata=DNA: Image missing from channel
Error for image set, channel=105, metadata=DNA: Image missing from channel
Error for image set, channel=106, metadata=DNA: Image missing from channel
Error for image set, channel=107, metadata=DNA: Image missing from channel
Error for image set, channel=108, metadata=DNA: Image missing from channel
Error for image set, channel=109, metadata=DNA: Image missing from channel
Error for image set, channel=110, metadata=DNA: Image missing from channel
Error for image set, channel=111, metadata=DNA: Image missing from channel
Error for image set, channel=112, metadata=DNA: Image missing from channel
Error for image set, channel=113, metadata=DNA: Image missing from channel
Error for image set, channel=114, metadata=DNA: Image missing from channel
Error for image set, channel=115, metadata=DNA: Image missing from channel
Error for image set, channel=116, metadata=DNA: Image missing from channel
Error for image set, channel=117, metadata=DNA: Image missing from channel
Error for image set, channel=118, metadata=DNA: Image missing from channel
Error for image set, channel=119, metadata=DNA: Image missing from channel
Error for image set, channel=120, metadata=DNA: Image missing from channel
Error for image set, channel=121, metadata=DNA: Image missing from channel
Error for image set, channel=122, metadata=DNA: Image missing from channel
Error for image set, channel=123, metadata=DNA: Image missing from channel
Error for image set, channel=124, metadata=DNA: Image missing from channel
Error for image set, channel=125, metadata=DNA: Image missing from channel
Error for image set, channel=126, metadata=DNA: Image missing from channel
Error for image set, channel=127, metadata=DNA: Image missing from channel
Error for image set, channel=128, metadata=DNA: Image missing from channel
Error for image set, channel=129, metadata=DNA: Image missing from channel
Error for image set, channel=130, metadata=DNA: Image missing from channel
Error for image set, channel=131, metadata=DNA: Image missing from channel
Error for image set, channel=132, metadata=DNA: Image missing from channel
Error for image set, channel=133, metadata=DNA: Image missing from channel
Error for image set, channel=134, metadata=DNA: Image missing from channel
Error for image set, channel=135, metadata=DNA: Image missing from channel
Error for image set, channel=136, metadata=DNA: Image missing from channel
Error for image set, channel=137, metadata=DNA: Image missing from channel
Error for image set, channel=138, metadata=DNA: Image missing from channel
Error for image set, channel=139, metadata=DNA: Image missing from channel
Error for image set, channel=140, metadata=DNA: Image missing from channel
Error for image set, channel=141, metadata=DNA: Image missing from channel
Error for image set, channel=142, metadata=DNA: Image missing from channel
Error for image set, channel=143, metadata=DNA: Image missing from channel
Error for image set, channel=144, metadata=DNA: Image missing from channel
Error for image set, channel=145, metadata=DNA: Image missing from channel
Error for image set, channel=146, metadata=DNA: Image missing from channel
Error for image set, channel=147, metadata=DNA: Image missing from channel
Error for image set, channel=148, metadata=DNA: Image missing from channel
Error for image set, channel=149, metadata=DNA: Image missing from channel
Error for image set, channel=150, metadata=DNA: Image missing from channel
Times reported are CPU and Wall-clock times for each module
Thu Aug 20 09:11:57 2026: Image # 1, module Images # 1: CPU_time = 0.00 secs, Wall_time = 0.00 secs
Thu Aug 20 09:11:57 2026: Image # 1, module Metadata # 2: CPU_time = 0.00 secs, Wall_time = 0.00 secs
Thu Aug 20 09:11:57 2026: Image # 1, module NamesAndTypes # 3: CPU_time = 5.15 secs, Wall_time = 3.27 secs
Thu Aug 20 09:12:00 2026: Image # 1, module Groups # 4: CPU_time = 0.00 secs, Wall_time = 0.00 secs
Thu Aug 20 09:12:00 2026: Image # 1, module MaskImage # 5: CPU_time = 0.08 secs, Wall_time = 0.08 secs
Thu Aug 20 09:12:00 2026: Image # 1, module MaskImage # 6: CPU_time = 0.08 secs, Wall_time = 0.08 secs
Thu Aug 20 09:12:00 2026: Image # 1, module MaskImage # 7: CPU_time = 0.13 secs, Wall_time = 0.10 secs
Thu Aug 20 09:12:00 2026: Image # 1, module MaskObjects # 8: CPU_time = 0.49 secs, Wall_time = 0.50 secs
Thu Aug 20 09:12:01 2026: Image # 1, module MeasureObjectIntensity # 9: CPU_time = 4.58 secs, Wall_time = 4.58 secs
Thu Aug 20 09:12:05 2026: Image # 1, module MeasureGranularity # 10: CPU_time = 14.14 secs, Wall_time = 14.16 secs
Thu Aug 20 09:12:20 2026: Image # 1, module MeasureGranularity # 11: CPU_time = 20.62 secs, Wall_time = 20.61 secs
Thu Aug 20 09:12:40 2026: Image # 1, module MeasureObjectIntensityDistribution # 12: CPU_time = 6.46 secs, Wall_time = 6.46 secs
Thu Aug 20 09:12:47 2026: Image # 1, module MeasureObjectIntensityDistribution # 13: CPU_time = 5.23 secs, Wall_time = 5.23 secs
Thu Aug 20 09:12:52 2026: Image # 1, module MeasureTexture # 14: CPU_time = 1.60 secs, Wall_time = 1.60 secs
Thu Aug 20 09:12:53 2026: Image # 1, module MeasureColocalization # 15: CPU_time = 131.54 secs, Wall_time = 34.67 secs
Thu Aug 20 09:13:28 2026: Image # 1, module ExportToSpreadsheet # 16: CPU_time = 0.00 secs, Wall_time = 0.00 secs
Thu Aug 20 09:13:28 2026: Image # 2, module Images # 1: CPU_time = 0.00 secs, Wall_time = 0.00 secs
Thu Aug 20 09:13:28 2026: Image # 2, module Metadata # 2: CPU_time = 0.00 secs, Wall_time = 0.00 secs
Thu Aug 20 09:13:28 2026: Image # 2, module NamesAndTypes # 3: CPU_time = 5.03 secs, Wall_time = 3.34 secs
Thu Aug 20 09:13:32 2026: Image # 2, module Groups # 4: CPU_time = 0.00 secs, Wall_time = 0.00 secs
Thu Aug 20 09:13:32 2026: Image # 2, module MaskImage # 5: CPU_time = 0.07 secs, Wall_time = 0.07 secs
Thu Aug 20 09:13:32 2026: Image # 2, module MaskImage # 6: CPU_time = 0.07 secs, Wall_time = 0.07 secs
Thu Aug 20 09:13:32 2026: Image # 2, module MaskImage # 7: CPU_time = 0.08 secs, Wall_time = 0.08 secs
Thu Aug 20 09:13:32 2026: Image # 2, module MaskObjects # 8: CPU_time = 0.48 secs, Wall_time = 0.49 secs
Thu Aug 20 09:13:32 2026: Image # 2, module MeasureObjectIntensity # 9: CPU_time = 4.78 secs, Wall_time = 4.77 secs
Thu Aug 20 09:13:37 2026: Image # 2, module MeasureGranularity # 10: CPU_time = 13.52 secs, Wall_time = 13.52 secs
Thu Aug 20 09:13:51 2026: Image # 2, module MeasureGranularity # 11: CPU_time = 20.90 secs, Wall_time = 20.88 secs
Thu Aug 20 09:14:11 2026: Image # 2, module MeasureObjectIntensityDistribution # 12: CPU_time = 6.67 secs, Wall_time = 6.66 secs
Thu Aug 20 09:14:18 2026: Image # 2, module MeasureObjectIntensityDistribution # 13: CPU_time = 6.61 secs, Wall_time = 6.60 secs
Thu Aug 20 09:14:25 2026: Image # 2, module MeasureTexture # 14: CPU_time = 1.83 secs, Wall_time = 1.83 secs
Thu Aug 20 09:14:27 2026: Image # 2, module MeasureColocalization # 15: CPU_time = 142.46 secs, Wall_time = 38.10 secs
Thu Aug 20 09:15:05 2026: Image # 2, module ExportToSpreadsheet # 16: CPU_time = 0.00 secs, Wall_time = 0.00 secs
Thu Aug 20 09:15:05 2026: Image # 3, module Images # 1: CPU_time = 0.00 secs, Wall_time = 0.00 secs
Thu Aug 20 09:15:05 2026: Image # 3, module Metadata # 2: CPU_time = 0.00 secs, Wall_time = 0.00 secs
Thu Aug 20 09:15:05 2026: Image # 3, module NamesAndTypes # 3: CPU_time = 4.92 secs, Wall_time = 3.46 secs
Thu Aug 20 09:15:08 2026: Image # 3, module Groups # 4: CPU_time = 0.00 secs, Wall_time = 0.00 secs
Thu Aug 20 09:15:08 2026: Image # 3, module MaskImage # 5: CPU_time = 0.07 secs, Wall_time = 0.07 secs
Thu Aug 20 09:15:08 2026: Image # 3, module MaskImage # 6: CPU_time = 0.07 secs, Wall_time = 0.07 secs
Thu Aug 20 09:15:08 2026: Image # 3, module MaskImage # 7: CPU_time = 0.08 secs, Wall_time = 0.08 secs
Thu Aug 20 09:15:08 2026: Image # 3, module MaskObjects # 8: CPU_time = 0.47 secs, Wall_time = 0.47 secs
Thu Aug 20 09:15:09 2026: Image # 3, module MeasureObjectIntensity # 9: CPU_time = 5.83 secs, Wall_time = 5.82 secs
Thu Aug 20 09:15:15 2026: Image # 3, module MeasureGranularity # 10: CPU_time = 14.53 secs, Wall_time = 14.51 secs
Thu Aug 20 09:15:29 2026: Image # 3, module MeasureGranularity # 11: CPU_time = 22.71 secs, Wall_time = 22.69 secs
Thu Aug 20 09:15:52 2026: Image # 3, module MeasureObjectIntensityDistribution # 12: CPU_time = 7.60 secs, Wall_time = 7.60 secs
Thu Aug 20 09:15:59 2026: Image # 3, module MeasureObjectIntensityDistribution # 13: CPU_time = 6.63 secs, Wall_time = 6.62 secs
Thu Aug 20 09:16:06 2026: Image # 3, module MeasureTexture # 14: CPU_time = 1.79 secs, Wall_time = 1.79 secs
Thu Aug 20 09:16:08 2026: Image # 3, module MeasureColocalization # 15: CPU_time = 269.89 secs, Wall_time = 71.20 secs
Thu Aug 20 09:17:19 2026: Image # 3, module ExportToSpreadsheet # 16: CPU_time = 0.00 secs, Wall_time = 0.00 secs
Thu Aug 20 09:17:19 2026: Image # 4, module Images # 1: CPU_time = 0.00 secs, Wall_time = 0.00 secs
Thu Aug 20 09:17:19 2026: Image # 4, module Metadata # 2: CPU_time = 0.00 secs, Wall_time = 0.00 secs
Thu Aug 20 09:17:19 2026: Image # 4, module NamesAndTypes # 3: CPU_time = 4.88 secs, Wall_time = 3.50 secs
Thu Aug 20 09:17:23 2026: Image # 4, module Groups # 4: CPU_time = 0.00 secs, Wall_time = 0.00 secs
Thu Aug 20 09:17:23 2026: Image # 4, module MaskImage # 5: CPU_time = 0.07 secs, Wall_time = 0.07 secs
Thu Aug 20 09:17:23 2026: Image # 4, module MaskImage # 6: CPU_time = 0.07 secs, Wall_time = 0.08 secs
Thu Aug 20 09:17:23 2026: Image # 4, module MaskImage # 7: CPU_time = 0.09 secs, Wall_time = 0.08 secs
Thu Aug 20 09:17:23 2026: Image # 4, module MaskObjects # 8: CPU_time = 0.46 secs, Wall_time = 0.46 secs
Thu Aug 20 09:17:23 2026: Image # 4, module MeasureObjectIntensity # 9: CPU_time = 5.32 secs, Wall_time = 5.31 secs
Thu Aug 20 09:17:29 2026: Image # 4, module MeasureGranularity # 10: CPU_time = 15.77 secs, Wall_time = 15.76 secs
Thu Aug 20 09:17:44 2026: Image # 4, module MeasureGranularity # 11: CPU_time = 22.46 secs, Wall_time = 22.44 secs
Thu Aug 20 09:18:07 2026: Image # 4, module MeasureObjectIntensityDistribution # 12: CPU_time = 8.60 secs, Wall_time = 8.58 secs
Thu Aug 20 09:18:15 2026: Image # 4, module MeasureObjectIntensityDistribution # 13: CPU_time = 6.33 secs, Wall_time = 6.32 secs
Thu Aug 20 09:18:22 2026: Image # 4, module MeasureTexture # 14: CPU_time = 1.68 secs, Wall_time = 1.68 secs
Thu Aug 20 09:18:23 2026: Image # 4, module MeasureColocalization # 15: CPU_time = 264.03 secs, Wall_time = 69.07 secs
Thu Aug 20 09:19:32 2026: Image # 4, module ExportToSpreadsheet # 16: CPU_time = 0.00 secs, Wall_time = 0.00 secs
Thu Aug 20 09:19:32 2026: Image # 5, module Images # 1: CPU_time = 0.00 secs, Wall_time = 0.00 secs
Thu Aug 20 09:19:32 2026: Image # 5, module Metadata # 2: CPU_time = 0.00 secs, Wall_time = 0.00 secs
Thu Aug 20 09:19:32 2026: Image # 5, module NamesAndTypes # 3: CPU_time = 5.02 secs, Wall_time = 3.26 secs
Thu Aug 20 09:19:36 2026: Image # 5, module Groups # 4: CPU_time = 0.00 secs, Wall_time = 0.00 secs
Thu Aug 20 09:19:36 2026: Image # 5, module MaskImage # 5: CPU_time = 0.08 secs, Wall_time = 0.07 secs
Thu Aug 20 09:19:36 2026: Image # 5, module MaskImage # 6: CPU_time = 0.07 secs, Wall_time = 0.07 secs
Thu Aug 20 09:19:36 2026: Image # 5, module MaskImage # 7: CPU_time = 0.08 secs, Wall_time = 0.08 secs
Thu Aug 20 09:19:36 2026: Image # 5, module MaskObjects # 8: CPU_time = 0.52 secs, Wall_time = 0.52 secs
Thu Aug 20 09:19:37 2026: Image # 5, module MeasureObjectIntensity # 9: CPU_time = 9.72 secs, Wall_time = 9.71 secs
Thu Aug 20 09:19:46 2026: Image # 5, module MeasureGranularity # 10: CPU_time = 19.16 secs, Wall_time = 19.14 secs
Thu Aug 20 09:20:05 2026: Image # 5, module MeasureGranularity # 11: CPU_time = 35.41 secs, Wall_time = 35.38 secs
Thu Aug 20 09:20:41 2026: Image # 5, module MeasureObjectIntensityDistribution # 12: CPU_time = 13.10 secs, Wall_time = 13.09 secs
Thu Aug 20 09:20:54 2026: Image # 5, module MeasureObjectIntensityDistribution # 13: CPU_time = 8.78 secs, Wall_time = 8.77 secs
Thu Aug 20 09:21:03 2026: Image # 5, module MeasureTexture # 14: CPU_time = 2.42 secs, Wall_time = 2.40 secs
Thu Aug 20 09:21:05 2026: Image # 5, module MeasureColocalization # 15: CPU_time = 223.38 secs, Wall_time = 78.57 secs
Thu Aug 20 09:22:24 2026: Image # 5, module ExportToSpreadsheet # 16: CPU_time = 0.00 secs, Wall_time = 0.00 secs
Thu Aug 20 09:22:24 2026: Image # 6, module Images # 1: CPU_time = 0.00 secs, Wall_time = 0.00 secs
Thu Aug 20 09:22:24 2026: Image # 6, module Metadata # 2: CPU_time = 0.00 secs, Wall_time = 0.00 secs
Thu Aug 20 09:22:24 2026: Image # 6, module NamesAndTypes # 3: CPU_time = 5.71 secs, Wall_time = 4.22 secs
Thu Aug 20 09:22:28 2026: Image # 6, module Groups # 4: CPU_time = 0.00 secs, Wall_time = 0.00 secs
Thu Aug 20 09:22:28 2026: Image # 6, module MaskImage # 5: CPU_time = 0.08 secs, Wall_time = 0.08 secs
Thu Aug 20 09:22:28 2026: Image # 6, module MaskImage # 6: CPU_time = 0.08 secs, Wall_time = 0.08 secs
Thu Aug 20 09:22:28 2026: Image # 6, module MaskImage # 7: CPU_time = 0.10 secs, Wall_time = 0.09 secs
Thu Aug 20 09:22:28 2026: Image # 6, module MaskObjects # 8: CPU_time = 0.63 secs, Wall_time = 0.62 secs
Thu Aug 20 09:22:29 2026: Image # 6, module MeasureObjectIntensity # 9: CPU_time = 10.19 secs, Wall_time = 10.19 secs
Thu Aug 20 09:22:39 2026: Image # 6, module MeasureGranularity # 10: CPU_time = 18.51 secs, Wall_time = 18.50 secs
Thu Aug 20 09:22:57 2026: Image # 6, module MeasureGranularity # 11: CPU_time = 37.53 secs, Wall_time = 37.50 secs
Thu Aug 20 09:23:35 2026: Image # 6, module MeasureObjectIntensityDistribution # 12: CPU_time = 15.48 secs, Wall_time = 15.46 secs
Thu Aug 20 09:23:50 2026: Image # 6, module MeasureObjectIntensityDistribution # 13: CPU_time = 9.88 secs, Wall_time = 9.87 secs
Thu Aug 20 09:24:00 2026: Image # 6, module MeasureTexture # 14: CPU_time = 2.62 secs, Wall_time = 2.61 secs
Thu Aug 20 09:24:03 2026: Image # 6, module MeasureColocalization # 15: CPU_time = 157.28 secs, Wall_time = 54.26 secs
Thu Aug 20 09:24:57 2026: Image # 6, module ExportToSpreadsheet # 16: CPU_time = 0.00 secs, Wall_time = 0.00 secs
Thu Aug 20 09:24:57 2026: Image # 7, module Images # 1: CPU_time = 0.00 secs, Wall_time = 0.00 secs
Thu Aug 20 09:24:57 2026: Image # 7, module Metadata # 2: CPU_time = 0.00 secs, Wall_time = 0.00 secs
Thu Aug 20 09:24:57 2026: Image # 7, module NamesAndTypes # 3: CPU_time = 4.71 secs, Wall_time = 3.36 secs
Thu Aug 20 09:25:01 2026: Image # 7, module Groups # 4: CPU_time = 0.00 secs, Wall_time = 0.00 secs
Thu Aug 20 09:25:01 2026: Image # 7, module MaskImage # 5: CPU_time = 0.07 secs, Wall_time = 0.08 secs
Thu Aug 20 09:25:01 2026: Image # 7, module MaskImage # 6: CPU_time = 0.08 secs, Wall_time = 0.08 secs
Thu Aug 20 09:25:01 2026: Image # 7, module MaskImage # 7: CPU_time = 0.09 secs, Wall_time = 0.08 secs
Thu Aug 20 09:25:01 2026: Image # 7, module MaskObjects # 8: CPU_time = 0.54 secs, Wall_time = 0.54 secs
Thu Aug 20 09:25:01 2026: Image # 7, module MeasureObjectIntensity # 9: CPU_time = 6.84 secs, Wall_time = 6.84 secs
Thu Aug 20 09:25:08 2026: Image # 7, module MeasureGranularity # 10: CPU_time = 15.55 secs, Wall_time = 15.54 secs
Thu Aug 20 09:25:24 2026: Image # 7, module MeasureGranularity # 11: CPU_time = 28.47 secs, Wall_time = 28.45 secs
Thu Aug 20 09:25:52 2026: Image # 7, module MeasureObjectIntensityDistribution # 12: CPU_time = 11.40 secs, Wall_time = 11.38 secs
Thu Aug 20 09:26:04 2026: Image # 7, module MeasureObjectIntensityDistribution # 13: CPU_time = 8.96 secs, Wall_time = 8.95 secs
Thu Aug 20 09:26:12 2026: Image # 7, module MeasureTexture # 14: CPU_time = 2.16 secs, Wall_time = 2.16 secs
Thu Aug 20 09:26:15 2026: Image # 7, module MeasureColocalization # 15: CPU_time = 209.27 secs, Wall_time = 67.24 secs
Thu Aug 20 09:27:22 2026: Image # 7, module ExportToSpreadsheet # 16: CPU_time = 0.00 secs, Wall_time = 0.00 secs
Thu Aug 20 09:27:22 2026: Image # 8, module Images # 1: CPU_time = 0.00 secs, Wall_time = 0.00 secs
Thu Aug 20 09:27:22 2026: Image # 8, module Metadata # 2: CPU_time = 0.00 secs, Wall_time = 0.00 secs
Thu Aug 20 09:27:22 2026: Image # 8, module NamesAndTypes # 3: CPU_time = 5.88 secs, Wall_time = 4.18 secs
Thu Aug 20 09:27:26 2026: Image # 8, module Groups # 4: CPU_time = 0.00 secs, Wall_time = 0.00 secs
Thu Aug 20 09:27:26 2026: Image # 8, module MaskImage # 5: CPU_time = 0.10 secs, Wall_time = 0.09 secs
Thu Aug 20 09:27:26 2026: Image # 8, module MaskImage # 6: CPU_time = 0.09 secs, Wall_time = 0.10 secs
Thu Aug 20 09:27:26 2026: Image # 8, module MaskImage # 7: CPU_time = 0.11 secs, Wall_time = 0.11 secs
Thu Aug 20 09:27:26 2026: Image # 8, module MaskObjects # 8: CPU_time = 0.66 secs, Wall_time = 0.65 secs
Thu Aug 20 09:27:27 2026: Image # 8, module MeasureObjectIntensity # 9: CPU_time = 9.04 secs, Wall_time = 9.03 secs
Thu Aug 20 09:27:36 2026: Image # 8, module MeasureGranularity # 10: CPU_time = 14.81 secs, Wall_time = 14.79 secs
Thu Aug 20 09:27:51 2026: Image # 8, module MeasureGranularity # 11: CPU_time = 27.18 secs, Wall_time = 27.16 secs
Thu Aug 20 09:28:18 2026: Image # 8, module MeasureObjectIntensityDistribution # 12: CPU_time = 10.37 secs, Wall_time = 10.35 secs
Thu Aug 20 09:28:28 2026: Image # 8, module MeasureObjectIntensityDistribution # 13: CPU_time = 7.63 secs, Wall_time = 7.63 secs
Thu Aug 20 09:28:36 2026: Image # 8, module MeasureTexture # 14: CPU_time = 1.87 secs, Wall_time = 1.87 secs
Thu Aug 20 09:28:38 2026: Image # 8, module MeasureColocalization # 15: CPU_time = 187.32 secs, Wall_time = 54.61 secs
Thu Aug 20 09:29:33 2026: Image # 8, module ExportToSpreadsheet # 16: CPU_time = 0.00 secs, Wall_time = 0.00 secs
Thu Aug 20 09:29:33 2026: Image # 9, module Images # 1: CPU_time = 0.00 secs, Wall_time = 0.00 secs
Thu Aug 20 09:29:33 2026: Image # 9, module Metadata # 2: CPU_time = 0.00 secs, Wall_time = 0.00 secs
Thu Aug 20 09:29:33 2026: Image # 9, module NamesAndTypes # 3: CPU_time = 5.13 secs, Wall_time = 3.57 secs
Thu Aug 20 09:29:36 2026: Image # 9, module Groups # 4: CPU_time = 0.00 secs, Wall_time = 0.00 secs
Thu Aug 20 09:29:36 2026: Image # 9, module MaskImage # 5: CPU_time = 0.07 secs, Wall_time = 0.07 secs
Thu Aug 20 09:29:36 2026: Image # 9, module MaskImage # 6: CPU_time = 0.07 secs, Wall_time = 0.08 secs
Thu Aug 20 09:29:36 2026: Image # 9, module MaskImage # 7: CPU_time = 0.08 secs, Wall_time = 0.08 secs
Thu Aug 20 09:29:36 2026: Image # 9, module MaskObjects # 8: CPU_time = 0.46 secs, Wall_time = 0.46 secs
Thu Aug 20 09:29:37 2026: Image # 9, module MeasureObjectIntensity # 9: CPU_time = 4.74 secs, Wall_time = 4.74 secs
Thu Aug 20 09:29:42 2026: Image # 9, module MeasureGranularity # 10: CPU_time = 14.32 secs, Wall_time = 14.31 secs
Thu Aug 20 09:29:56 2026: Image # 9, module MeasureGranularity # 11: CPU_time = 22.32 secs, Wall_time = 22.30 secs
Thu Aug 20 09:30:18 2026: Image # 9, module MeasureObjectIntensityDistribution # 12: CPU_time = 7.12 secs, Wall_time = 7.11 secs
Thu Aug 20 09:30:25 2026: Image # 9, module MeasureObjectIntensityDistribution # 13: CPU_time = 6.48 secs, Wall_time = 6.48 secs
Thu Aug 20 09:30:32 2026: Image # 9, module MeasureTexture # 14: CPU_time = 1.46 secs, Wall_time = 1.45 secs
Thu Aug 20 09:30:33 2026: Image # 9, module MeasureColocalization # 15: CPU_time = 81.25 secs, Wall_time = 22.11 secs
Thu Aug 20 09:30:55 2026: Image # 9, module ExportToSpreadsheet # 16: CPU_time = 0.00 secs, Wall_time = 0.00 secs
Thu Aug 20 09:30:55 2026: Image # 10, module Images # 1: CPU_time = 0.00 secs, Wall_time = 0.00 secs
Thu Aug 20 09:30:55 2026: Image # 10, module Metadata # 2: CPU_time = 0.00 secs, Wall_time = 0.00 secs
Thu Aug 20 09:30:55 2026: Image # 10, module NamesAndTypes # 3: CPU_time = 4.92 secs, Wall_time = 3.57 secs
Thu Aug 20 09:30:59 2026: Image # 10, module Groups # 4: CPU_time = 0.00 secs, Wall_time = 0.00 secs
Thu Aug 20 09:30:59 2026: Image # 10, module MaskImage # 5: CPU_time = 0.07 secs, Wall_time = 0.07 secs
Thu Aug 20 09:30:59 2026: Image # 10, module MaskImage # 6: CPU_time = 0.07 secs, Wall_time = 0.08 secs
Thu Aug 20 09:30:59 2026: Image # 10, module MaskImage # 7: CPU_time = 0.09 secs, Wall_time = 0.08 secs
Thu Aug 20 09:30:59 2026: Image # 10, module MaskObjects # 8: CPU_time = 0.49 secs, Wall_time = 0.49 secs
Thu Aug 20 09:31:00 2026: Image # 10, module MeasureObjectIntensity # 9: CPU_time = 4.49 secs, Wall_time = 4.49 secs
Thu Aug 20 09:31:04 2026: Image # 10, module MeasureGranularity # 10: CPU_time = 14.13 secs, Wall_time = 14.11 secs
Thu Aug 20 09:31:18 2026: Image # 10, module MeasureGranularity # 11: CPU_time = 24.41 secs, Wall_time = 24.38 secs
Thu Aug 20 09:31:43 2026: Image # 10, module MeasureObjectIntensityDistribution # 12: CPU_time = 8.46 secs, Wall_time = 8.45 secs
Thu Aug 20 09:31:51 2026: Image # 10, module MeasureObjectIntensityDistribution # 13: CPU_time = 7.38 secs, Wall_time = 7.37 secs
Thu Aug 20 09:31:58 2026: Image # 10, module MeasureTexture # 14: CPU_time = 1.94 secs, Wall_time = 1.93 secs
Thu Aug 20 09:32:00 2026: Image # 10, module MeasureColocalization # 15: CPU_time = 83.09 secs, Wall_time = 23.58 secs
Thu Aug 20 09:32:24 2026: Image # 10, module ExportToSpreadsheet # 16: CPU_time = 0.00 secs, Wall_time = 0.00 secs
Thu Aug 20 09:32:24 2026: Image # 11, module Images # 1: CPU_time = 0.00 secs, Wall_time = 0.00 secs
Thu Aug 20 09:32:24 2026: Image # 11, module Metadata # 2: CPU_time = 0.00 secs, Wall_time = 0.00 secs
Thu Aug 20 09:32:24 2026: Image # 11, module NamesAndTypes # 3: CPU_time = 5.59 secs, Wall_time = 4.28 secs
Thu Aug 20 09:32:28 2026: Image # 11, module Groups # 4: CPU_time = 0.00 secs, Wall_time = 0.00 secs
Thu Aug 20 09:32:28 2026: Image # 11, module MaskImage # 5: CPU_time = 0.09 secs, Wall_time = 0.09 secs
Thu Aug 20 09:32:28 2026: Image # 11, module MaskImage # 6: CPU_time = 0.09 secs, Wall_time = 0.09 secs
Thu Aug 20 09:32:29 2026: Image # 11, module MaskImage # 7: CPU_time = 0.09 secs, Wall_time = 0.09 secs
Thu Aug 20 09:32:29 2026: Image # 11, module MaskObjects # 8: CPU_time = 0.54 secs, Wall_time = 0.54 secs
Thu Aug 20 09:32:29 2026: Image # 11, module MeasureObjectIntensity # 9: CPU_time = 5.10 secs, Wall_time = 5.10 secs
Thu Aug 20 09:32:34 2026: Image # 11, module MeasureGranularity # 10: CPU_time = 14.06 secs, Wall_time = 14.04 secs
Thu Aug 20 09:32:48 2026: Image # 11, module MeasureGranularity # 11: CPU_time = 18.91 secs, Wall_time = 18.89 secs
Thu Aug 20 09:33:07 2026: Image # 11, module MeasureObjectIntensityDistribution # 12: CPU_time = 5.91 secs, Wall_time = 5.91 secs
Thu Aug 20 09:33:13 2026: Image # 11, module MeasureObjectIntensityDistribution # 13: CPU_time = 5.24 secs, Wall_time = 5.23 secs
Thu Aug 20 09:33:18 2026: Image # 11, module MeasureTexture # 14: CPU_time = 1.38 secs, Wall_time = 1.38 secs
Thu Aug 20 09:33:20 2026: Image # 11, module MeasureColocalization # 15: CPU_time = 30.83 secs, Wall_time = 9.07 secs
Thu Aug 20 09:33:29 2026: Image # 11, module ExportToSpreadsheet # 16: CPU_time = 0.00 secs, Wall_time = 0.00 secs
Thu Aug 20 09:33:29 2026: Image # 12, module Images # 1: CPU_time = 0.00 secs, Wall_time = 0.00 secs
Thu Aug 20 09:33:29 2026: Image # 12, module Metadata # 2: CPU_time = 0.00 secs, Wall_time = 0.00 secs
Thu Aug 20 09:33:29 2026: Image # 12, module NamesAndTypes # 3: CPU_time = 4.79 secs, Wall_time = 3.50 secs
Thu Aug 20 09:33:32 2026: Image # 12, module Groups # 4: CPU_time = 0.00 secs, Wall_time = 0.00 secs
Thu Aug 20 09:33:32 2026: Image # 12, module MaskImage # 5: CPU_time = 0.07 secs, Wall_time = 0.07 secs
Thu Aug 20 09:33:32 2026: Image # 12, module MaskImage # 6: CPU_time = 0.08 secs, Wall_time = 0.07 secs
Thu Aug 20 09:33:32 2026: Image # 12, module MaskImage # 7: CPU_time = 0.08 secs, Wall_time = 0.08 secs
Thu Aug 20 09:33:33 2026: Image # 12, module MaskObjects # 8: CPU_time = 0.46 secs, Wall_time = 0.47 secs
Thu Aug 20 09:33:33 2026: Image # 12, module MeasureObjectIntensity # 9: CPU_time = 6.27 secs, Wall_time = 6.26 secs
Thu Aug 20 09:33:39 2026: Image # 12, module MeasureGranularity # 10: CPU_time = 14.45 secs, Wall_time = 14.44 secs
Thu Aug 20 09:33:54 2026: Image # 12, module MeasureGranularity # 11: CPU_time = 23.35 secs, Wall_time = 23.33 secs
Thu Aug 20 09:34:17 2026: Image # 12, module MeasureObjectIntensityDistribution # 12: CPU_time = 8.86 secs, Wall_time = 8.86 secs
Thu Aug 20 09:34:26 2026: Image # 12, module MeasureObjectIntensityDistribution # 13: CPU_time = 7.81 secs, Wall_time = 7.80 secs
Thu Aug 20 09:34:34 2026: Image # 12, module MeasureTexture # 14: CPU_time = 1.49 secs, Wall_time = 1.49 secs
Thu Aug 20 09:34:35 2026: Image # 12, module MeasureColocalization # 15: CPU_time = 126.42 secs, Wall_time = 35.31 secs
Thu Aug 20 09:35:11 2026: Image # 12, module ExportToSpreadsheet # 16: CPU_time = 0.00 secs, Wall_time = 0.00 secs
Thu Aug 20 09:35:11 2026: Image # 13, module Images # 1: CPU_time = 0.00 secs, Wall_time = 0.00 secs
Thu Aug 20 09:35:11 2026: Image # 13, module Metadata # 2: CPU_time = 0.00 secs, Wall_time = 0.00 secs
Thu Aug 20 09:35:11 2026: Image # 13, module NamesAndTypes # 3: CPU_time = 4.97 secs, Wall_time = 3.58 secs
Thu Aug 20 09:35:14 2026: Image # 13, module Groups # 4: CPU_time = 0.00 secs, Wall_time = 0.00 secs
Thu Aug 20 09:35:14 2026: Image # 13, module MaskImage # 5: CPU_time = 0.09 secs, Wall_time = 0.09 secs
Thu Aug 20 09:35:14 2026: Image # 13, module MaskImage # 6: CPU_time = 0.08 secs, Wall_time = 0.08 secs
Thu Aug 20 09:35:14 2026: Image # 13, module MaskImage # 7: CPU_time = 0.08 secs, Wall_time = 0.08 secs
Thu Aug 20 09:35:14 2026: Image # 13, module MaskObjects # 8: CPU_time = 0.45 secs, Wall_time = 0.45 secs
Thu Aug 20 09:35:15 2026: Image # 13, module MeasureObjectIntensity # 9: CPU_time = 6.15 secs, Wall_time = 6.14 secs
Thu Aug 20 09:35:21 2026: Image # 13, module MeasureGranularity # 10: CPU_time = 14.46 secs, Wall_time = 14.45 secs
Thu Aug 20 09:35:35 2026: Image # 13, module MeasureGranularity # 11: CPU_time = 26.61 secs, Wall_time = 26.60 secs
Thu Aug 20 09:36:02 2026: Image # 13, module MeasureObjectIntensityDistribution # 12: CPU_time = 8.35 secs, Wall_time = 8.34 secs
Thu Aug 20 09:36:10 2026: Image # 13, module MeasureObjectIntensityDistribution # 13: CPU_time = 6.65 secs, Wall_time = 6.63 secs
Thu Aug 20 09:36:17 2026: Image # 13, module MeasureTexture # 14: CPU_time = 1.57 secs, Wall_time = 1.57 secs
Thu Aug 20 09:36:19 2026: Image # 13, module MeasureColocalization # 15: CPU_time = 255.39 secs, Wall_time = 71.51 secs
Thu Aug 20 09:37:30 2026: Image # 13, module ExportToSpreadsheet # 16: CPU_time = 0.00 secs, Wall_time = 0.00 secs
Thu Aug 20 09:37:30 2026: Image # 14, module Images # 1: CPU_time = 0.00 secs, Wall_time = 0.00 secs
Thu Aug 20 09:37:30 2026: Image # 14, module Metadata # 2: CPU_time = 0.00 secs, Wall_time = 0.00 secs
Thu Aug 20 09:37:30 2026: Image # 14, module NamesAndTypes # 3: CPU_time = 5.27 secs, Wall_time = 3.74 secs
Thu Aug 20 09:37:34 2026: Image # 14, module Groups # 4: CPU_time = 0.00 secs, Wall_time = 0.00 secs
Thu Aug 20 09:37:34 2026: Image # 14, module MaskImage # 5: CPU_time = 0.13 secs, Wall_time = 0.11 secs
Thu Aug 20 09:37:34 2026: Image # 14, module MaskImage # 6: CPU_time = 0.09 secs, Wall_time = 0.09 secs
Thu Aug 20 09:37:34 2026: Image # 14, module MaskImage # 7: CPU_time = 0.10 secs, Wall_time = 0.10 secs
Thu Aug 20 09:37:34 2026: Image # 14, module MaskObjects # 8: CPU_time = 0.60 secs, Wall_time = 0.59 secs
Thu Aug 20 09:37:35 2026: Image # 14, module MeasureObjectIntensity # 9: CPU_time = 7.98 secs, Wall_time = 7.98 secs
Thu Aug 20 09:37:43 2026: Image # 14, module MeasureGranularity # 10: CPU_time = 14.99 secs, Wall_time = 14.97 secs
Thu Aug 20 09:37:58 2026: Image # 14, module MeasureGranularity # 11: CPU_time = 24.20 secs, Wall_time = 24.17 secs
Thu Aug 20 09:38:22 2026: Image # 14, module MeasureObjectIntensityDistribution # 12: CPU_time = 8.45 secs, Wall_time = 8.45 secs
Thu Aug 20 09:38:30 2026: Image # 14, module MeasureObjectIntensityDistribution # 13: CPU_time = 6.81 secs, Wall_time = 6.81 secs
Thu Aug 20 09:38:37 2026: Image # 14, module MeasureTexture # 14: CPU_time = 1.65 secs, Wall_time = 1.65 secs
Thu Aug 20 09:38:39 2026: Image # 14, module MeasureColocalization # 15: CPU_time = 290.01 secs, Wall_time = 77.34 secs
Thu Aug 20 09:39:56 2026: Image # 14, module ExportToSpreadsheet # 16: CPU_time = 0.00 secs, Wall_time = 0.00 secs
Thu Aug 20 09:39:56 2026: Image # 15, module Images # 1: CPU_time = 0.00 secs, Wall_time = 0.00 secs
Thu Aug 20 09:39:56 2026: Image # 15, module Metadata # 2: CPU_time = 0.00 secs, Wall_time = 0.00 secs
Thu Aug 20 09:39:56 2026: Image # 15, module NamesAndTypes # 3: CPU_time = 4.95 secs, Wall_time = 3.35 secs
Thu Aug 20 09:40:00 2026: Image # 15, module Groups # 4: CPU_time = 0.00 secs, Wall_time = 0.00 secs
Thu Aug 20 09:40:00 2026: Image # 15, module MaskImage # 5: CPU_time = 0.09 secs, Wall_time = 0.08 secs
Thu Aug 20 09:40:00 2026: Image # 15, module MaskImage # 6: CPU_time = 0.07 secs, Wall_time = 0.08 secs
Thu Aug 20 09:40:00 2026: Image # 15, module MaskImage # 7: CPU_time = 0.08 secs, Wall_time = 0.08 secs
Thu Aug 20 09:40:00 2026: Image # 15, module MaskObjects # 8: CPU_time = 0.45 secs, Wall_time = 0.45 secs
Thu Aug 20 09:40:00 2026: Image # 15, module MeasureObjectIntensity # 9: CPU_time = 4.74 secs, Wall_time = 4.73 secs
Thu Aug 20 09:40:05 2026: Image # 15, module MeasureGranularity # 10: CPU_time = 14.56 secs, Wall_time = 14.55 secs
Thu Aug 20 09:40:20 2026: Image # 15, module MeasureGranularity # 11: CPU_time = 22.84 secs, Wall_time = 22.81 secs
Thu Aug 20 09:40:42 2026: Image # 15, module MeasureObjectIntensityDistribution # 12: CPU_time = 7.12 secs, Wall_time = 7.11 secs
Thu Aug 20 09:40:49 2026: Image # 15, module MeasureObjectIntensityDistribution # 13: CPU_time = 5.71 secs, Wall_time = 5.71 secs
Thu Aug 20 09:40:55 2026: Image # 15, module MeasureTexture # 14: CPU_time = 1.53 secs, Wall_time = 1.53 secs
Thu Aug 20 09:40:57 2026: Image # 15, module MeasureColocalization # 15: CPU_time = 210.06 secs, Wall_time = 54.99 secs
Thu Aug 20 09:41:52 2026: Image # 15, module ExportToSpreadsheet # 16: CPU_time = 0.00 secs, Wall_time = 0.01 secs
Thu Aug 20 09:41:52 2026: Image # 16, module Images # 1: CPU_time = 0.00 secs, Wall_time = 0.00 secs
Thu Aug 20 09:41:52 2026: Image # 16, module Metadata # 2: CPU_time = 0.00 secs, Wall_time = 0.00 secs
Thu Aug 20 09:41:52 2026: Image # 16, module NamesAndTypes # 3: CPU_time = 5.51 secs, Wall_time = 3.80 secs
Thu Aug 20 09:41:56 2026: Image # 16, module Groups # 4: CPU_time = 0.00 secs, Wall_time = 0.00 secs
Thu Aug 20 09:41:56 2026: Image # 16, module MaskImage # 5: CPU_time = 0.09 secs, Wall_time = 0.10 secs
Thu Aug 20 09:41:56 2026: Image # 16, module MaskImage # 6: CPU_time = 0.08 secs, Wall_time = 0.09 secs
Thu Aug 20 09:41:56 2026: Image # 16, module MaskImage # 7: CPU_time = 0.11 secs, Wall_time = 0.10 secs
Thu Aug 20 09:41:56 2026: Image # 16, module MaskObjects # 8: CPU_time = 0.59 secs, Wall_time = 0.60 secs
Thu Aug 20 09:41:56 2026: Image # 16, module MeasureObjectIntensity # 9: CPU_time = 5.41 secs, Wall_time = 5.40 secs
Thu Aug 20 09:42:02 2026: Image # 16, module MeasureGranularity # 10: CPU_time = 18.15 secs, Wall_time = 18.13 secs
Thu Aug 20 09:42:20 2026: Image # 16, module MeasureGranularity # 11: CPU_time = 30.11 secs, Wall_time = 30.06 secs
Thu Aug 20 09:42:50 2026: Image # 16, module MeasureObjectIntensityDistribution # 12: CPU_time = 5.80 secs, Wall_time = 5.79 secs
Thu Aug 20 09:42:56 2026: Image # 16, module MeasureObjectIntensityDistribution # 13: CPU_time = 4.54 secs, Wall_time = 4.54 secs
Thu Aug 20 09:43:00 2026: Image # 16, module MeasureTexture # 14: CPU_time = 1.41 secs, Wall_time = 1.41 secs
Thu Aug 20 09:43:02 2026: Image # 16, module MeasureColocalization # 15: CPU_time = 96.98 secs, Wall_time = 25.83 secs
Thu Aug 20 09:43:28 2026: Image # 16, module ExportToSpreadsheet # 16: CPU_time = 0.00 secs, Wall_time = 0.00 secs
Thu Aug 20 09:43:28 2026: Image # 17, module Images # 1: CPU_time = 0.00 secs, Wall_time = 0.00 secs
Thu Aug 20 09:43:28 2026: Image # 17, module Metadata # 2: CPU_time = 0.00 secs, Wall_time = 0.00 secs
Thu Aug 20 09:43:28 2026: Image # 17, module NamesAndTypes # 3: CPU_time = 4.98 secs, Wall_time = 3.41 secs
Thu Aug 20 09:43:31 2026: Image # 17, module Groups # 4: CPU_time = 0.00 secs, Wall_time = 0.00 secs
Thu Aug 20 09:43:31 2026: Image # 17, module MaskImage # 5: CPU_time = 0.07 secs, Wall_time = 0.08 secs
Thu Aug 20 09:43:31 2026: Image # 17, module MaskImage # 6: CPU_time = 0.08 secs, Wall_time = 0.08 secs
Thu Aug 20 09:43:31 2026: Image # 17, module MaskImage # 7: CPU_time = 0.08 secs, Wall_time = 0.08 secs
Thu Aug 20 09:43:31 2026: Image # 17, module MaskObjects # 8: CPU_time = 0.49 secs, Wall_time = 0.48 secs
Thu Aug 20 09:43:32 2026: Image # 17, module MeasureObjectIntensity # 9: CPU_time = 4.73 secs, Wall_time = 4.73 secs
Thu Aug 20 09:43:37 2026: Image # 17, module MeasureGranularity # 10: CPU_time = 13.95 secs, Wall_time = 13.95 secs
Thu Aug 20 09:43:50 2026: Image # 17, module MeasureGranularity # 11: CPU_time = 20.11 secs, Wall_time = 20.10 secs
Thu Aug 20 09:44:11 2026: Image # 17, module MeasureObjectIntensityDistribution # 12: CPU_time = 6.50 secs, Wall_time = 6.50 secs
Thu Aug 20 09:44:17 2026: Image # 17, module MeasureObjectIntensityDistribution # 13: CPU_time = 5.50 secs, Wall_time = 5.50 secs
Thu Aug 20 09:44:23 2026: Image # 17, module MeasureTexture # 14: CPU_time = 1.48 secs, Wall_time = 1.48 secs
Thu Aug 20 09:44:24 2026: Image # 17, module MeasureColocalization # 15: CPU_time = 125.36 secs, Wall_time = 33.46 secs
Thu Aug 20 09:44:58 2026: Image # 17, module ExportToSpreadsheet # 16: CPU_time = 0.00 secs, Wall_time = 0.00 secs
Thu Aug 20 09:44:58 2026: Image # 18, module Images # 1: CPU_time = 0.00 secs, Wall_time = 0.00 secs
Thu Aug 20 09:44:58 2026: Image # 18, module Metadata # 2: CPU_time = 0.00 secs, Wall_time = 0.00 secs
Thu Aug 20 09:44:58 2026: Image # 18, module NamesAndTypes # 3: CPU_time = 4.92 secs, Wall_time = 3.39 secs
Thu Aug 20 09:45:01 2026: Image # 18, module Groups # 4: CPU_time = 0.00 secs, Wall_time = 0.00 secs
Thu Aug 20 09:45:01 2026: Image # 18, module MaskImage # 5: CPU_time = 0.10 secs, Wall_time = 0.09 secs
Thu Aug 20 09:45:01 2026: Image # 18, module MaskImage # 6: CPU_time = 0.08 secs, Wall_time = 0.08 secs
Thu Aug 20 09:45:01 2026: Image # 18, module MaskImage # 7: CPU_time = 0.08 secs, Wall_time = 0.08 secs
Thu Aug 20 09:45:01 2026: Image # 18, module MaskObjects # 8: CPU_time = 0.45 secs, Wall_time = 0.45 secs
Thu Aug 20 09:45:02 2026: Image # 18, module MeasureObjectIntensity # 9: CPU_time = 5.00 secs, Wall_time = 4.99 secs
Thu Aug 20 09:45:07 2026: Image # 18, module MeasureGranularity # 10: CPU_time = 14.49 secs, Wall_time = 14.47 secs
Thu Aug 20 09:45:21 2026: Image # 18, module MeasureGranularity # 11: CPU_time = 23.54 secs, Wall_time = 23.51 secs
Thu Aug 20 09:45:45 2026: Image # 18, module MeasureObjectIntensityDistribution # 12: CPU_time = 6.90 secs, Wall_time = 6.90 secs
Thu Aug 20 09:45:52 2026: Image # 18, module MeasureObjectIntensityDistribution # 13: CPU_time = 6.03 secs, Wall_time = 6.02 secs
Thu Aug 20 09:45:58 2026: Image # 18, module MeasureTexture # 14: CPU_time = 1.58 secs, Wall_time = 1.57 secs
/lab/cheeseman_sequencing/jhe/miniforge3/envs/cellprofiler_env/lib/python3.8/site-packages/scipy/stats/_stats_py.py:4424: ConstantInputWarning: An input array is constant; the correlation coefficient is not defined.
  warnings.warn(stats.ConstantInputWarning(msg))
Thu Aug 20 09:45:59 2026: Image # 18, module MeasureColocalization # 15: CPU_time = 44.72 secs, Wall_time = 13.16 secs
Thu Aug 20 09:46:12 2026: Image # 18, module ExportToSpreadsheet # 16: CPU_time = 0.00 secs, Wall_time = 0.00 secs
Thu Aug 20 09:46:12 2026: Image # 19, module Images # 1: CPU_time = 0.00 secs, Wall_time = 0.00 secs
Thu Aug 20 09:46:12 2026: Image # 19, module Metadata # 2: CPU_time = 0.00 secs, Wall_time = 0.00 secs
Thu Aug 20 09:46:12 2026: Image # 19, module NamesAndTypes # 3: CPU_time = 4.85 secs, Wall_time = 3.42 secs
Thu Aug 20 09:46:16 2026: Image # 19, module Groups # 4: CPU_time = 0.00 secs, Wall_time = 0.00 secs
Thu Aug 20 09:46:16 2026: Image # 19, module MaskImage # 5: CPU_time = 0.08 secs, Wall_time = 0.08 secs
Thu Aug 20 09:46:16 2026: Image # 19, module MaskImage # 6: CPU_time = 0.07 secs, Wall_time = 0.08 secs
Thu Aug 20 09:46:16 2026: Image # 19, module MaskImage # 7: CPU_time = 0.08 secs, Wall_time = 0.08 secs
Thu Aug 20 09:46:16 2026: Image # 19, module MaskObjects # 8: CPU_time = 0.45 secs, Wall_time = 0.45 secs
Thu Aug 20 09:46:16 2026: Image # 19, module MeasureObjectIntensity # 9: CPU_time = 4.90 secs, Wall_time = 4.89 secs
Thu Aug 20 09:46:21 2026: Image # 19, module MeasureGranularity # 10: CPU_time = 13.75 secs, Wall_time = 13.75 secs
Thu Aug 20 09:46:35 2026: Image # 19, module MeasureGranularity # 11: CPU_time = 23.53 secs, Wall_time = 23.50 secs
Thu Aug 20 09:46:59 2026: Image # 19, module MeasureObjectIntensityDistribution # 12: CPU_time = 7.32 secs, Wall_time = 7.30 secs
Thu Aug 20 09:47:06 2026: Image # 19, module MeasureObjectIntensityDistribution # 13: CPU_time = 6.40 secs, Wall_time = 6.39 secs
Thu Aug 20 09:47:12 2026: Image # 19, module MeasureTexture # 14: CPU_time = 1.74 secs, Wall_time = 1.74 secs
Thu Aug 20 09:47:14 2026: Image # 19, module MeasureColocalization # 15: CPU_time = 44.35 secs, Wall_time = 13.70 secs
Thu Aug 20 09:47:28 2026: Image # 19, module ExportToSpreadsheet # 16: CPU_time = 0.00 secs, Wall_time = 0.00 secs
Thu Aug 20 09:47:28 2026: Image # 20, module Images # 1: CPU_time = 0.00 secs, Wall_time = 0.00 secs
Thu Aug 20 09:47:28 2026: Image # 20, module Metadata # 2: CPU_time = 0.00 secs, Wall_time = 0.00 secs
Thu Aug 20 09:47:28 2026: Image # 20, module NamesAndTypes # 3: CPU_time = 5.43 secs, Wall_time = 3.94 secs
Thu Aug 20 09:47:32 2026: Image # 20, module Groups # 4: CPU_time = 0.00 secs, Wall_time = 0.00 secs
Thu Aug 20 09:47:32 2026: Image # 20, module MaskImage # 5: CPU_time = 0.11 secs, Wall_time = 0.11 secs
Thu Aug 20 09:47:32 2026: Image # 20, module MaskImage # 6: CPU_time = 0.10 secs, Wall_time = 0.10 secs
Thu Aug 20 09:47:32 2026: Image # 20, module MaskImage # 7: CPU_time = 0.10 secs, Wall_time = 0.10 secs
Thu Aug 20 09:47:32 2026: Image # 20, module MaskObjects # 8: CPU_time = 0.59 secs, Wall_time = 0.59 secs
Thu Aug 20 09:47:33 2026: Image # 20, module MeasureObjectIntensity # 9: CPU_time = 9.66 secs, Wall_time = 9.65 secs
Thu Aug 20 09:47:42 2026: Image # 20, module MeasureGranularity # 10: CPU_time = 17.62 secs, Wall_time = 17.59 secs
Thu Aug 20 09:48:00 2026: Image # 20, module MeasureGranularity # 11: CPU_time = 23.44 secs, Wall_time = 23.41 secs
Thu Aug 20 09:48:23 2026: Image # 20, module MeasureObjectIntensityDistribution # 12: CPU_time = 7.88 secs, Wall_time = 7.88 secs
Thu Aug 20 09:48:31 2026: Image # 20, module MeasureObjectIntensityDistribution # 13: CPU_time = 7.05 secs, Wall_time = 7.05 secs
Thu Aug 20 09:48:38 2026: Image # 20, module MeasureTexture # 14: CPU_time = 1.46 secs, Wall_time = 1.46 secs
Thu Aug 20 09:48:40 2026: Image # 20, module MeasureColocalization # 15: CPU_time = 43.71 secs, Wall_time = 14.00 secs
Thu Aug 20 09:48:54 2026: Image # 20, module ExportToSpreadsheet # 16: CPU_time = 0.01 secs, Wall_time = 0.00 secs
Thu Aug 20 09:48:54 2026: Image # 21, module Images # 1: CPU_time = 0.00 secs, Wall_time = 0.00 secs
Thu Aug 20 09:48:54 2026: Image # 21, module Metadata # 2: CPU_time = 0.00 secs, Wall_time = 0.00 secs
Thu Aug 20 09:48:54 2026: Image # 21, module NamesAndTypes # 3: CPU_time = 4.74 secs, Wall_time = 3.52 secs
Thu Aug 20 09:48:57 2026: Image # 21, module Groups # 4: CPU_time = 0.00 secs, Wall_time = 0.00 secs
Thu Aug 20 09:48:57 2026: Image # 21, module MaskImage # 5: CPU_time = 0.09 secs, Wall_time = 0.09 secs
Thu Aug 20 09:48:57 2026: Image # 21, module MaskImage # 6: CPU_time = 0.07 secs, Wall_time = 0.07 secs
Thu Aug 20 09:48:57 2026: Image # 21, module MaskImage # 7: CPU_time = 0.08 secs, Wall_time = 0.08 secs
Thu Aug 20 09:48:57 2026: Image # 21, module MaskObjects # 8: CPU_time = 0.44 secs, Wall_time = 0.44 secs
Thu Aug 20 09:48:58 2026: Image # 21, module MeasureObjectIntensity # 9: CPU_time = 5.45 secs, Wall_time = 5.45 secs
Thu Aug 20 09:49:03 2026: Image # 21, module MeasureGranularity # 10: CPU_time = 13.02 secs, Wall_time = 13.01 secs
Thu Aug 20 09:49:16 2026: Image # 21, module MeasureGranularity # 11: CPU_time = 21.08 secs, Wall_time = 21.07 secs
Thu Aug 20 09:49:37 2026: Image # 21, module MeasureObjectIntensityDistribution # 12: CPU_time = 6.72 secs, Wall_time = 6.72 secs
Thu Aug 20 09:49:44 2026: Image # 21, module MeasureObjectIntensityDistribution # 13: CPU_time = 5.94 secs, Wall_time = 5.93 secs
Thu Aug 20 09:49:50 2026: Image # 21, module MeasureTexture # 14: CPU_time = 1.40 secs, Wall_time = 1.40 secs
Thu Aug 20 09:49:52 2026: Image # 21, module MeasureColocalization # 15: CPU_time = 47.28 secs, Wall_time = 14.23 secs
Thu Aug 20 09:50:06 2026: Image # 21, module ExportToSpreadsheet # 16: CPU_time = 0.00 secs, Wall_time = 0.00 secs
Thu Aug 20 09:50:06 2026: Image # 22, module Images # 1: CPU_time = 0.00 secs, Wall_time = 0.00 secs
Thu Aug 20 09:50:06 2026: Image # 22, module Metadata # 2: CPU_time = 0.00 secs, Wall_time = 0.00 secs
Thu Aug 20 09:50:06 2026: Image # 22, module NamesAndTypes # 3: CPU_time = 4.45 secs, Wall_time = 3.17 secs
Thu Aug 20 09:50:09 2026: Image # 22, module Groups # 4: CPU_time = 0.00 secs, Wall_time = 0.00 secs
Thu Aug 20 09:50:09 2026: Image # 22, module MaskImage # 5: CPU_time = 0.10 secs, Wall_time = 0.10 secs
Thu Aug 20 09:50:09 2026: Image # 22, module MaskImage # 6: CPU_time = 0.08 secs, Wall_time = 0.08 secs
Thu Aug 20 09:50:09 2026: Image # 22, module MaskImage # 7: CPU_time = 0.09 secs, Wall_time = 0.09 secs
Thu Aug 20 09:50:09 2026: Image # 22, module MaskObjects # 8: CPU_time = 0.46 secs, Wall_time = 0.46 secs
Thu Aug 20 09:50:10 2026: Image # 22, module MeasureObjectIntensity # 9: CPU_time = 4.13 secs, Wall_time = 4.12 secs
Thu Aug 20 09:50:14 2026: Image # 22, module MeasureGranularity # 10: CPU_time = 13.16 secs, Wall_time = 13.15 secs
Thu Aug 20 09:50:27 2026: Image # 22, module MeasureGranularity # 11: CPU_time = 20.24 secs, Wall_time = 20.22 secs
Thu Aug 20 09:50:47 2026: Image # 22, module MeasureObjectIntensityDistribution # 12: CPU_time = 6.31 secs, Wall_time = 6.30 secs
Thu Aug 20 09:50:53 2026: Image # 22, module MeasureObjectIntensityDistribution # 13: CPU_time = 5.10 secs, Wall_time = 5.09 secs
Thu Aug 20 09:50:59 2026: Image # 22, module MeasureTexture # 14: CPU_time = 1.94 secs, Wall_time = 1.94 secs
Thu Aug 20 09:51:01 2026: Image # 22, module MeasureColocalization # 15: CPU_time = 149.82 secs, Wall_time = 38.95 secs
Thu Aug 20 09:51:39 2026: Image # 22, module ExportToSpreadsheet # 16: CPU_time = 0.00 secs, Wall_time = 0.00 secs
Thu Aug 20 09:51:39 2026: Image # 23, module Images # 1: CPU_time = 0.00 secs, Wall_time = 0.00 secs
Thu Aug 20 09:51:39 2026: Image # 23, module Metadata # 2: CPU_time = 0.00 secs, Wall_time = 0.00 secs
Thu Aug 20 09:51:39 2026: Image # 23, module NamesAndTypes # 3: CPU_time = 4.73 secs, Wall_time = 3.81 secs
Thu Aug 20 09:51:43 2026: Image # 23, module Groups # 4: CPU_time = 0.00 secs, Wall_time = 0.00 secs
Thu Aug 20 09:51:43 2026: Image # 23, module MaskImage # 5: CPU_time = 0.08 secs, Wall_time = 0.08 secs
Thu Aug 20 09:51:43 2026: Image # 23, module MaskImage # 6: CPU_time = 0.08 secs, Wall_time = 0.08 secs
Thu Aug 20 09:51:43 2026: Image # 23, module MaskImage # 7: CPU_time = 0.07 secs, Wall_time = 0.08 secs
Thu Aug 20 09:51:44 2026: Image # 23, module MaskObjects # 8: CPU_time = 0.50 secs, Wall_time = 0.50 secs
Thu Aug 20 09:51:44 2026: Image # 23, module MeasureObjectIntensity # 9: CPU_time = 7.61 secs, Wall_time = 7.61 secs
Thu Aug 20 09:51:52 2026: Image # 23, module MeasureGranularity # 10: CPU_time = 16.95 secs, Wall_time = 16.93 secs
Thu Aug 20 09:52:09 2026: Image # 23, module MeasureGranularity # 11: CPU_time = 49.10 secs, Wall_time = 49.02 secs
Thu Aug 20 09:52:58 2026: Image # 23, module MeasureObjectIntensityDistribution # 12: CPU_time = 11.79 secs, Wall_time = 11.78 secs
Thu Aug 20 09:53:09 2026: Image # 23, module MeasureObjectIntensityDistribution # 13: CPU_time = 6.89 secs, Wall_time = 6.88 secs
Thu Aug 20 09:53:16 2026: Image # 23, module MeasureTexture # 14: CPU_time = 1.68 secs, Wall_time = 1.68 secs
Thu Aug 20 09:53:18 2026: Image # 23, module MeasureColocalization # 15: CPU_time = 78.46 secs, Wall_time = 22.94 secs
Thu Aug 20 09:53:41 2026: Image # 23, module ExportToSpreadsheet # 16: CPU_time = 0.00 secs, Wall_time = 0.00 secs
Thu Aug 20 09:53:41 2026: Image # 24, module Images # 1: CPU_time = 0.00 secs, Wall_time = 0.00 secs
Thu Aug 20 09:53:41 2026: Image # 24, module Metadata # 2: CPU_time = 0.00 secs, Wall_time = 0.00 secs
Thu Aug 20 09:53:41 2026: Image # 24, module NamesAndTypes # 3: CPU_time = 4.63 secs, Wall_time = 3.41 secs
Thu Aug 20 09:53:44 2026: Image # 24, module Groups # 4: CPU_time = 0.00 secs, Wall_time = 0.00 secs
Thu Aug 20 09:53:44 2026: Image # 24, module MaskImage # 5: CPU_time = 0.07 secs, Wall_time = 0.08 secs
Thu Aug 20 09:53:44 2026: Image # 24, module MaskImage # 6: CPU_time = 0.08 secs, Wall_time = 0.08 secs
Thu Aug 20 09:53:45 2026: Image # 24, module MaskImage # 7: CPU_time = 0.08 secs, Wall_time = 0.08 secs
Thu Aug 20 09:53:45 2026: Image # 24, module MaskObjects # 8: CPU_time = 0.48 secs, Wall_time = 0.48 secs
Thu Aug 20 09:53:45 2026: Image # 24, module MeasureObjectIntensity # 9: CPU_time = 7.77 secs, Wall_time = 7.76 secs
Thu Aug 20 09:53:53 2026: Image # 24, module MeasureGranularity # 10: CPU_time = 14.55 secs, Wall_time = 14.53 secs
Thu Aug 20 09:54:07 2026: Image # 24, module MeasureGranularity # 11: CPU_time = 29.40 secs, Wall_time = 29.37 secs
Thu Aug 20 09:54:37 2026: Image # 24, module MeasureObjectIntensityDistribution # 12: CPU_time = 11.00 secs, Wall_time = 10.99 secs
Thu Aug 20 09:54:48 2026: Image # 24, module MeasureObjectIntensityDistribution # 13: CPU_time = 7.47 secs, Wall_time = 7.47 secs
Thu Aug 20 09:54:55 2026: Image # 24, module MeasureTexture # 14: CPU_time = 2.13 secs, Wall_time = 2.14 secs
Thu Aug 20 09:54:57 2026: Image # 24, module MeasureColocalization # 15: CPU_time = 225.14 secs, Wall_time = 64.73 secs
Thu Aug 20 09:56:02 2026: Image # 24, module ExportToSpreadsheet # 16: CPU_time = 0.00 secs, Wall_time = 0.00 secs
Thu Aug 20 09:56:02 2026: Image # 25, module Images # 1: CPU_time = 0.00 secs, Wall_time = 0.00 secs
Thu Aug 20 09:56:02 2026: Image # 25, module Metadata # 2: CPU_time = 0.00 secs, Wall_time = 0.00 secs
Thu Aug 20 09:56:02 2026: Image # 25, module NamesAndTypes # 3: CPU_time = 4.84 secs, Wall_time = 3.43 secs
Thu Aug 20 09:56:06 2026: Image # 25, module Groups # 4: CPU_time = 0.00 secs, Wall_time = 0.00 secs
Thu Aug 20 09:56:06 2026: Image # 25, module MaskImage # 5: CPU_time = 0.07 secs, Wall_time = 0.08 secs
Thu Aug 20 09:56:06 2026: Image # 25, module MaskImage # 6: CPU_time = 0.07 secs, Wall_time = 0.08 secs
Thu Aug 20 09:56:06 2026: Image # 25, module MaskImage # 7: CPU_time = 0.08 secs, Wall_time = 0.08 secs
Thu Aug 20 09:56:06 2026: Image # 25, module MaskObjects # 8: CPU_time = 0.50 secs, Wall_time = 0.50 secs
Thu Aug 20 09:56:06 2026: Image # 25, module MeasureObjectIntensity # 9: CPU_time = 9.98 secs, Wall_time = 9.98 secs
Thu Aug 20 09:56:16 2026: Image # 25, module MeasureGranularity # 10: CPU_time = 19.61 secs, Wall_time = 19.59 secs
Thu Aug 20 09:56:36 2026: Image # 25, module MeasureGranularity # 11: CPU_time = 45.73 secs, Wall_time = 45.68 secs
Thu Aug 20 09:57:22 2026: Image # 25, module MeasureObjectIntensityDistribution # 12: CPU_time = 18.01 secs, Wall_time = 18.00 secs
Thu Aug 20 09:57:40 2026: Image # 25, module MeasureObjectIntensityDistribution # 13: CPU_time = 11.11 secs, Wall_time = 11.09 secs
Thu Aug 20 09:57:51 2026: Image # 25, module MeasureTexture # 14: CPU_time = 2.28 secs, Wall_time = 2.29 secs
Thu Aug 20 09:57:53 2026: Image # 25, module MeasureColocalization # 15: CPU_time = 171.61 secs, Wall_time = 60.03 secs
Thu Aug 20 09:58:53 2026: Image # 25, module ExportToSpreadsheet # 16: CPU_time = 0.00 secs, Wall_time = 0.00 secs
Thu Aug 20 09:58:53 2026: Image # 26, module Images # 1: CPU_time = 0.00 secs, Wall_time = 0.00 secs
Thu Aug 20 09:58:53 2026: Image # 26, module Metadata # 2: CPU_time = 0.00 secs, Wall_time = 0.00 secs
Thu Aug 20 09:58:53 2026: Image # 26, module NamesAndTypes # 3: CPU_time = 4.71 secs, Wall_time = 3.32 secs
Thu Aug 20 09:58:56 2026: Image # 26, module Groups # 4: CPU_time = 0.00 secs, Wall_time = 0.00 secs
Thu Aug 20 09:58:56 2026: Image # 26, module MaskImage # 5: CPU_time = 0.08 secs, Wall_time = 0.09 secs
Thu Aug 20 09:58:56 2026: Image # 26, module MaskImage # 6: CPU_time = 0.07 secs, Wall_time = 0.07 secs
Thu Aug 20 09:58:56 2026: Image # 26, module MaskImage # 7: CPU_time = 0.08 secs, Wall_time = 0.08 secs
Thu Aug 20 09:58:57 2026: Image # 26, module MaskObjects # 8: CPU_time = 0.43 secs, Wall_time = 0.44 secs
Thu Aug 20 09:58:57 2026: Image # 26, module MeasureObjectIntensity # 9: CPU_time = 5.14 secs, Wall_time = 5.13 secs
Thu Aug 20 09:59:02 2026: Image # 26, module MeasureGranularity # 10: CPU_time = 13.12 secs, Wall_time = 13.11 secs
Thu Aug 20 09:59:15 2026: Image # 26, module MeasureGranularity # 11: CPU_time = 22.13 secs, Wall_time = 22.10 secs
Thu Aug 20 09:59:37 2026: Image # 26, module MeasureObjectIntensityDistribution # 12: CPU_time = 6.56 secs, Wall_time = 6.56 secs
Thu Aug 20 09:59:44 2026: Image # 26, module MeasureObjectIntensityDistribution # 13: CPU_time = 5.64 secs, Wall_time = 5.63 secs
Thu Aug 20 09:59:50 2026: Image # 26, module MeasureTexture # 14: CPU_time = 1.40 secs, Wall_time = 1.40 secs
Thu Aug 20 09:59:51 2026: Image # 26, module MeasureColocalization # 15: CPU_time = 58.40 secs, Wall_time = 17.03 secs
Thu Aug 20 10:00:08 2026: Image # 26, module ExportToSpreadsheet # 16: CPU_time = 0.00 secs, Wall_time = 0.00 secs
Thu Aug 20 10:00:08 2026: Image # 27, module Images # 1: CPU_time = 0.00 secs, Wall_time = 0.00 secs
Thu Aug 20 10:00:08 2026: Image # 27, module Metadata # 2: CPU_time = 0.00 secs, Wall_time = 0.00 secs
Thu Aug 20 10:00:08 2026: Image # 27, module NamesAndTypes # 3: CPU_time = 4.71 secs, Wall_time = 3.12 secs
Thu Aug 20 10:00:11 2026: Image # 27, module Groups # 4: CPU_time = 0.00 secs, Wall_time = 0.00 secs
Thu Aug 20 10:00:11 2026: Image # 27, module MaskImage # 5: CPU_time = 0.09 secs, Wall_time = 0.09 secs
Thu Aug 20 10:00:11 2026: Image # 27, module MaskImage # 6: CPU_time = 0.08 secs, Wall_time = 0.08 secs
Thu Aug 20 10:00:11 2026: Image # 27, module MaskImage # 7: CPU_time = 0.09 secs, Wall_time = 0.08 secs
Thu Aug 20 10:00:11 2026: Image # 27, module MaskObjects # 8: CPU_time = 0.44 secs, Wall_time = 0.44 secs
Thu Aug 20 10:00:12 2026: Image # 27, module MeasureObjectIntensity # 9: CPU_time = 3.82 secs, Wall_time = 3.82 secs
Thu Aug 20 10:00:16 2026: Image # 27, module MeasureGranularity # 10: CPU_time = 13.25 secs, Wall_time = 13.24 secs
Thu Aug 20 10:00:29 2026: Image # 27, module MeasureGranularity # 11: CPU_time = 21.13 secs, Wall_time = 21.10 secs
Thu Aug 20 10:00:50 2026: Image # 27, module MeasureObjectIntensityDistribution # 12: CPU_time = 5.49 secs, Wall_time = 5.47 secs
Thu Aug 20 10:00:55 2026: Image # 27, module MeasureObjectIntensityDistribution # 13: CPU_time = 4.72 secs, Wall_time = 4.72 secs
Thu Aug 20 10:01:00 2026: Image # 27, module MeasureTexture # 14: CPU_time = 1.46 secs, Wall_time = 1.45 secs
Thu Aug 20 10:01:02 2026: Image # 27, module MeasureColocalization # 15: CPU_time = 55.66 secs, Wall_time = 15.51 secs
Thu Aug 20 10:01:17 2026: Image # 27, module ExportToSpreadsheet # 16: CPU_time = 0.00 secs, Wall_time = 0.00 secs
Thu Aug 20 10:01:17 2026: Image # 28, module Images # 1: CPU_time = 0.00 secs, Wall_time = 0.00 secs
Thu Aug 20 10:01:17 2026: Image # 28, module Metadata # 2: CPU_time = 0.00 secs, Wall_time = 0.00 secs
Thu Aug 20 10:01:17 2026: Image # 28, module NamesAndTypes # 3: CPU_time = 4.98 secs, Wall_time = 3.75 secs
Thu Aug 20 10:01:21 2026: Image # 28, module Groups # 4: CPU_time = 0.00 secs, Wall_time = 0.00 secs
Thu Aug 20 10:01:21 2026: Image # 28, module MaskImage # 5: CPU_time = 0.08 secs, Wall_time = 0.08 secs
Thu Aug 20 10:01:21 2026: Image # 28, module MaskImage # 6: CPU_time = 0.08 secs, Wall_time = 0.08 secs
Thu Aug 20 10:01:21 2026: Image # 28, module MaskImage # 7: CPU_time = 0.08 secs, Wall_time = 0.08 secs
Thu Aug 20 10:01:21 2026: Image # 28, module MaskObjects # 8: CPU_time = 0.46 secs, Wall_time = 0.46 secs
Thu Aug 20 10:01:22 2026: Image # 28, module MeasureObjectIntensity # 9: CPU_time = 6.27 secs, Wall_time = 6.27 secs
Thu Aug 20 10:01:28 2026: Image # 28, module MeasureGranularity # 10: CPU_time = 14.48 secs, Wall_time = 14.46 secs
Thu Aug 20 10:01:42 2026: Image # 28, module MeasureGranularity # 11: CPU_time = 26.41 secs, Wall_time = 26.38 secs
Thu Aug 20 10:02:09 2026: Image # 28, module MeasureObjectIntensityDistribution # 12: CPU_time = 8.78 secs, Wall_time = 8.77 secs
Thu Aug 20 10:02:18 2026: Image # 28, module MeasureObjectIntensityDistribution # 13: CPU_time = 8.00 secs, Wall_time = 7.98 secs
Thu Aug 20 10:02:26 2026: Image # 28, module MeasureTexture # 14: CPU_time = 1.94 secs, Wall_time = 1.93 secs
Thu Aug 20 10:02:27 2026: Image # 28, module MeasureColocalization # 15: CPU_time = 177.53 secs, Wall_time = 50.55 secs
Thu Aug 20 10:03:18 2026: Image # 28, module ExportToSpreadsheet # 16: CPU_time = 0.00 secs, Wall_time = 0.00 secs
Thu Aug 20 10:03:18 2026: Image # 29, module Images # 1: CPU_time = 0.00 secs, Wall_time = 0.00 secs
Thu Aug 20 10:03:18 2026: Image # 29, module Metadata # 2: CPU_time = 0.00 secs, Wall_time = 0.00 secs
Thu Aug 20 10:03:18 2026: Image # 29, module NamesAndTypes # 3: CPU_time = 4.82 secs, Wall_time = 3.89 secs
Thu Aug 20 10:03:22 2026: Image # 29, module Groups # 4: CPU_time = 0.00 secs, Wall_time = 0.00 secs
Thu Aug 20 10:03:22 2026: Image # 29, module MaskImage # 5: CPU_time = 0.08 secs, Wall_time = 0.08 secs
Thu Aug 20 10:03:22 2026: Image # 29, module MaskImage # 6: CPU_time = 0.09 secs, Wall_time = 0.08 secs
Thu Aug 20 10:03:22 2026: Image # 29, module MaskImage # 7: CPU_time = 0.07 secs, Wall_time = 0.08 secs
Thu Aug 20 10:03:22 2026: Image # 29, module MaskObjects # 8: CPU_time = 0.44 secs, Wall_time = 0.44 secs
Thu Aug 20 10:03:23 2026: Image # 29, module MeasureObjectIntensity # 9: CPU_time = 4.65 secs, Wall_time = 4.64 secs
Thu Aug 20 10:03:27 2026: Image # 29, module MeasureGranularity # 10: CPU_time = 13.32 secs, Wall_time = 13.29 secs
Thu Aug 20 10:03:41 2026: Image # 29, module MeasureGranularity # 11: CPU_time = 20.91 secs, Wall_time = 20.89 secs
Thu Aug 20 10:04:01 2026: Image # 29, module MeasureObjectIntensityDistribution # 12: CPU_time = 5.81 secs, Wall_time = 5.80 secs
Thu Aug 20 10:04:07 2026: Image # 29, module MeasureObjectIntensityDistribution # 13: CPU_time = 5.09 secs, Wall_time = 5.10 secs
Thu Aug 20 10:04:12 2026: Image # 29, module MeasureTexture # 14: CPU_time = 1.42 secs, Wall_time = 1.42 secs
Thu Aug 20 10:04:14 2026: Image # 29, module MeasureColocalization # 15: CPU_time = 62.29 secs, Wall_time = 17.41 secs
Thu Aug 20 10:04:31 2026: Image # 29, module ExportToSpreadsheet # 16: CPU_time = 0.01 secs, Wall_time = 0.00 secs
Thu Aug 20 10:04:31 2026: Image # 30, module Images # 1: CPU_time = 0.00 secs, Wall_time = 0.00 secs
Thu Aug 20 10:04:31 2026: Image # 30, module Metadata # 2: CPU_time = 0.00 secs, Wall_time = 0.00 secs
Thu Aug 20 10:04:31 2026: Image # 30, module NamesAndTypes # 3: CPU_time = 4.81 secs, Wall_time = 3.49 secs
Thu Aug 20 10:04:35 2026: Image # 30, module Groups # 4: CPU_time = 0.00 secs, Wall_time = 0.00 secs
Thu Aug 20 10:04:35 2026: Image # 30, module MaskImage # 5: CPU_time = 0.10 secs, Wall_time = 0.09 secs
Thu Aug 20 10:04:35 2026: Image # 30, module MaskImage # 6: CPU_time = 0.07 secs, Wall_time = 0.07 secs
Thu Aug 20 10:04:35 2026: Image # 30, module MaskImage # 7: CPU_time = 0.09 secs, Wall_time = 0.08 secs
Thu Aug 20 10:04:35 2026: Image # 30, module MaskObjects # 8: CPU_time = 0.44 secs, Wall_time = 0.44 secs
Thu Aug 20 10:04:35 2026: Image # 30, module MeasureObjectIntensity # 9: CPU_time = 5.01 secs, Wall_time = 5.01 secs
Thu Aug 20 10:04:40 2026: Image # 30, module MeasureGranularity # 10: CPU_time = 14.25 secs, Wall_time = 14.24 secs
Thu Aug 20 10:04:55 2026: Image # 30, module MeasureGranularity # 11: CPU_time = 22.90 secs, Wall_time = 22.88 secs
Thu Aug 20 10:05:18 2026: Image # 30, module MeasureObjectIntensityDistribution # 12: CPU_time = 7.61 secs, Wall_time = 7.60 secs
Thu Aug 20 10:05:25 2026: Image # 30, module MeasureObjectIntensityDistribution # 13: CPU_time = 6.01 secs, Wall_time = 6.00 secs
Thu Aug 20 10:05:31 2026: Image # 30, module MeasureTexture # 14: CPU_time = 1.61 secs, Wall_time = 1.60 secs
Thu Aug 20 10:05:33 2026: Image # 30, module MeasureColocalization # 15: CPU_time = 212.72 secs, Wall_time = 56.03 secs
Thu Aug 20 10:06:29 2026: Image # 30, module ExportToSpreadsheet # 16: CPU_time = 0.00 secs, Wall_time = 0.00 secs
Thu Aug 20 10:06:29 2026: Image # 31, module Images # 1: CPU_time = 0.00 secs, Wall_time = 0.00 secs
Thu Aug 20 10:06:29 2026: Image # 31, module Metadata # 2: CPU_time = 0.00 secs, Wall_time = 0.00 secs
Thu Aug 20 10:06:29 2026: Image # 31, module NamesAndTypes # 3: CPU_time = 5.06 secs, Wall_time = 3.57 secs
Thu Aug 20 10:06:32 2026: Image # 31, module Groups # 4: CPU_time = 0.00 secs, Wall_time = 0.00 secs
Thu Aug 20 10:06:32 2026: Image # 31, module MaskImage # 5: CPU_time = 0.09 secs, Wall_time = 0.09 secs
Thu Aug 20 10:06:32 2026: Image # 31, module MaskImage # 6: CPU_time = 0.07 secs, Wall_time = 0.08 secs
Thu Aug 20 10:06:33 2026: Image # 31, module MaskImage # 7: CPU_time = 0.08 secs, Wall_time = 0.08 secs
Thu Aug 20 10:06:33 2026: Image # 31, module MaskObjects # 8: CPU_time = 0.46 secs, Wall_time = 0.46 secs
Thu Aug 20 10:06:33 2026: Image # 31, module MeasureObjectIntensity # 9: CPU_time = 4.34 secs, Wall_time = 4.33 secs
Thu Aug 20 10:06:37 2026: Image # 31, module MeasureGranularity # 10: CPU_time = 14.21 secs, Wall_time = 14.18 secs
Thu Aug 20 10:06:52 2026: Image # 31, module MeasureGranularity # 11: CPU_time = 25.80 secs, Wall_time = 25.78 secs
Thu Aug 20 10:07:17 2026: Image # 31, module MeasureObjectIntensityDistribution # 12: CPU_time = 8.46 secs, Wall_time = 8.44 secs
Thu Aug 20 10:07:26 2026: Image # 31, module MeasureObjectIntensityDistribution # 13: CPU_time = 6.30 secs, Wall_time = 6.29 secs
Thu Aug 20 10:07:32 2026: Image # 31, module MeasureTexture # 14: CPU_time = 1.93 secs, Wall_time = 1.93 secs
Thu Aug 20 10:07:34 2026: Image # 31, module MeasureColocalization # 15: CPU_time = 157.53 secs, Wall_time = 42.09 secs
Thu Aug 20 10:08:16 2026: Image # 31, module ExportToSpreadsheet # 16: CPU_time = 0.00 secs, Wall_time = 0.00 secs
Thu Aug 20 10:08:16 2026: Image # 32, module Images # 1: CPU_time = 0.00 secs, Wall_time = 0.00 secs
Thu Aug 20 10:08:16 2026: Image # 32, module Metadata # 2: CPU_time = 0.00 secs, Wall_time = 0.00 secs
Thu Aug 20 10:08:16 2026: Image # 32, module NamesAndTypes # 3: CPU_time = 5.04 secs, Wall_time = 3.94 secs
Thu Aug 20 10:08:20 2026: Image # 32, module Groups # 4: CPU_time = 0.00 secs, Wall_time = 0.00 secs
Thu Aug 20 10:08:20 2026: Image # 32, module MaskImage # 5: CPU_time = 0.07 secs, Wall_time = 0.08 secs
Thu Aug 20 10:08:20 2026: Image # 32, module MaskImage # 6: CPU_time = 0.08 secs, Wall_time = 0.08 secs
Thu Aug 20 10:08:20 2026: Image # 32, module MaskImage # 7: CPU_time = 0.09 secs, Wall_time = 0.08 secs
Thu Aug 20 10:08:20 2026: Image # 32, module MaskObjects # 8: CPU_time = 0.51 secs, Wall_time = 0.51 secs
Thu Aug 20 10:08:21 2026: Image # 32, module MeasureObjectIntensity # 9: CPU_time = 5.15 secs, Wall_time = 5.14 secs
Thu Aug 20 10:08:26 2026: Image # 32, module MeasureGranularity # 10: CPU_time = 15.01 secs, Wall_time = 14.99 secs
Thu Aug 20 10:08:41 2026: Image # 32, module MeasureGranularity # 11: CPU_time = 22.68 secs, Wall_time = 22.65 secs
Thu Aug 20 10:09:04 2026: Image # 32, module MeasureObjectIntensityDistribution # 12: CPU_time = 7.27 secs, Wall_time = 7.26 secs
Thu Aug 20 10:09:11 2026: Image # 32, module MeasureObjectIntensityDistribution # 13: CPU_time = 5.61 secs, Wall_time = 5.60 secs
Thu Aug 20 10:09:17 2026: Image # 32, module MeasureTexture # 14: CPU_time = 1.58 secs, Wall_time = 1.58 secs
Thu Aug 20 10:09:18 2026: Image # 32, module MeasureColocalization # 15: CPU_time = 217.31 secs, Wall_time = 56.77 secs
Thu Aug 20 10:10:15 2026: Image # 32, module ExportToSpreadsheet # 16: CPU_time = 0.00 secs, Wall_time = 0.00 secs
Thu Aug 20 10:10:15 2026: Image # 33, module Images # 1: CPU_time = 0.00 secs, Wall_time = 0.00 secs
Thu Aug 20 10:10:15 2026: Image # 33, module Metadata # 2: CPU_time = 0.00 secs, Wall_time = 0.00 secs
Thu Aug 20 10:10:15 2026: Image # 33, module NamesAndTypes # 3: CPU_time = 5.04 secs, Wall_time = 3.62 secs
Thu Aug 20 10:10:19 2026: Image # 33, module Groups # 4: CPU_time = 0.00 secs, Wall_time = 0.00 secs
Thu Aug 20 10:10:19 2026: Image # 33, module MaskImage # 5: CPU_time = 0.08 secs, Wall_time = 0.08 secs
Thu Aug 20 10:10:19 2026: Image # 33, module MaskImage # 6: CPU_time = 0.08 secs, Wall_time = 0.08 secs
Thu Aug 20 10:10:19 2026: Image # 33, module MaskImage # 7: CPU_time = 0.08 secs, Wall_time = 0.08 secs
Thu Aug 20 10:10:19 2026: Image # 33, module MaskObjects # 8: CPU_time = 0.49 secs, Wall_time = 0.49 secs
Thu Aug 20 10:10:19 2026: Image # 33, module MeasureObjectIntensity # 9: CPU_time = 4.14 secs, Wall_time = 4.14 secs
Thu Aug 20 10:10:23 2026: Image # 33, module MeasureGranularity # 10: CPU_time = 14.35 secs, Wall_time = 14.33 secs
Thu Aug 20 10:10:38 2026: Image # 33, module MeasureGranularity # 11: CPU_time = 21.53 secs, Wall_time = 21.52 secs
Thu Aug 20 10:10:59 2026: Image # 33, module MeasureObjectIntensityDistribution # 12: CPU_time = 5.44 secs, Wall_time = 5.43 secs
Thu Aug 20 10:11:05 2026: Image # 33, module MeasureObjectIntensityDistribution # 13: CPU_time = 4.32 secs, Wall_time = 4.31 secs
Thu Aug 20 10:11:09 2026: Image # 33, module MeasureTexture # 14: CPU_time = 1.48 secs, Wall_time = 1.48 secs
Thu Aug 20 10:11:11 2026: Image # 33, module MeasureColocalization # 15: CPU_time = 103.23 secs, Wall_time = 27.59 secs
Thu Aug 20 10:11:38 2026: Image # 33, module ExportToSpreadsheet # 16: CPU_time = 0.00 secs, Wall_time = 0.00 secs
Thu Aug 20 10:11:38 2026: Image # 34, module Images # 1: CPU_time = 0.00 secs, Wall_time = 0.00 secs
Thu Aug 20 10:11:38 2026: Image # 34, module Metadata # 2: CPU_time = 0.00 secs, Wall_time = 0.00 secs
Thu Aug 20 10:11:38 2026: Image # 34, module NamesAndTypes # 3: CPU_time = 4.95 secs, Wall_time = 3.65 secs
Thu Aug 20 10:11:42 2026: Image # 34, module Groups # 4: CPU_time = 0.00 secs, Wall_time = 0.00 secs
Thu Aug 20 10:11:42 2026: Image # 34, module MaskImage # 5: CPU_time = 0.08 secs, Wall_time = 0.08 secs
Thu Aug 20 10:11:42 2026: Image # 34, module MaskImage # 6: CPU_time = 0.08 secs, Wall_time = 0.08 secs
Thu Aug 20 10:11:42 2026: Image # 34, module MaskImage # 7: CPU_time = 0.07 secs, Wall_time = 0.08 secs
Thu Aug 20 10:11:42 2026: Image # 34, module MaskObjects # 8: CPU_time = 0.48 secs, Wall_time = 0.48 secs
Thu Aug 20 10:11:43 2026: Image # 34, module MeasureObjectIntensity # 9: CPU_time = 4.22 secs, Wall_time = 4.23 secs
Thu Aug 20 10:11:47 2026: Image # 34, module MeasureGranularity # 10: CPU_time = 13.69 secs, Wall_time = 13.68 secs
Thu Aug 20 10:12:00 2026: Image # 34, module MeasureGranularity # 11: CPU_time = 25.90 secs, Wall_time = 25.88 secs
Thu Aug 20 10:12:26 2026: Image # 34, module MeasureObjectIntensityDistribution # 12: CPU_time = 7.04 secs, Wall_time = 7.03 secs
Thu Aug 20 10:12:33 2026: Image # 34, module MeasureObjectIntensityDistribution # 13: CPU_time = 5.32 secs, Wall_time = 5.33 secs
Thu Aug 20 10:12:39 2026: Image # 34, module MeasureTexture # 14: CPU_time = 1.70 secs, Wall_time = 1.70 secs
Thu Aug 20 10:12:40 2026: Image # 34, module MeasureColocalization # 15: CPU_time = 146.45 secs, Wall_time = 39.03 secs
Thu Aug 20 10:13:19 2026: Image # 34, module ExportToSpreadsheet # 16: CPU_time = 0.00 secs, Wall_time = 0.00 secs
Thu Aug 20 10:13:19 2026: Image # 35, module Images # 1: CPU_time = 0.00 secs, Wall_time = 0.00 secs
Thu Aug 20 10:13:19 2026: Image # 35, module Metadata # 2: CPU_time = 0.00 secs, Wall_time = 0.00 secs
Thu Aug 20 10:13:19 2026: Image # 35, module NamesAndTypes # 3: CPU_time = 4.72 secs, Wall_time = 3.54 secs
Thu Aug 20 10:13:23 2026: Image # 35, module Groups # 4: CPU_time = 0.00 secs, Wall_time = 0.00 secs
Thu Aug 20 10:13:23 2026: Image # 35, module MaskImage # 5: CPU_time = 0.07 secs, Wall_time = 0.07 secs
Thu Aug 20 10:13:23 2026: Image # 35, module MaskImage # 6: CPU_time = 0.08 secs, Wall_time = 0.08 secs
Thu Aug 20 10:13:23 2026: Image # 35, module MaskImage # 7: CPU_time = 0.08 secs, Wall_time = 0.08 secs
Thu Aug 20 10:13:23 2026: Image # 35, module MaskObjects # 8: CPU_time = 0.53 secs, Wall_time = 0.53 secs
Thu Aug 20 10:13:24 2026: Image # 35, module MeasureObjectIntensity # 9: CPU_time = 8.47 secs, Wall_time = 8.46 secs
Thu Aug 20 10:13:32 2026: Image # 35, module MeasureGranularity # 10: CPU_time = 15.61 secs, Wall_time = 15.59 secs
Thu Aug 20 10:13:48 2026: Image # 35, module MeasureGranularity # 11: CPU_time = 27.76 secs, Wall_time = 27.74 secs
Thu Aug 20 10:14:16 2026: Image # 35, module MeasureObjectIntensityDistribution # 12: CPU_time = 9.10 secs, Wall_time = 9.09 secs
Thu Aug 20 10:14:25 2026: Image # 35, module MeasureObjectIntensityDistribution # 13: CPU_time = 7.95 secs, Wall_time = 7.93 secs
Thu Aug 20 10:14:33 2026: Image # 35, module MeasureTexture # 14: CPU_time = 1.58 secs, Wall_time = 1.58 secs
Thu Aug 20 10:14:34 2026: Image # 35, module MeasureColocalization # 15: CPU_time = 28.73 secs, Wall_time = 11.40 secs
Thu Aug 20 10:14:46 2026: Image # 35, module ExportToSpreadsheet # 16: CPU_time = 0.00 secs, Wall_time = 0.00 secs
Thu Aug 20 10:14:46 2026: Image # 36, module Images # 1: CPU_time = 0.00 secs, Wall_time = 0.00 secs
Thu Aug 20 10:14:46 2026: Image # 36, module Metadata # 2: CPU_time = 0.00 secs, Wall_time = 0.00 secs
Thu Aug 20 10:14:46 2026: Image # 36, module NamesAndTypes # 3: CPU_time = 4.78 secs, Wall_time = 3.83 secs
Thu Aug 20 10:14:49 2026: Image # 36, module Groups # 4: CPU_time = 0.00 secs, Wall_time = 0.00 secs
Thu Aug 20 10:14:49 2026: Image # 36, module MaskImage # 5: CPU_time = 0.08 secs, Wall_time = 0.07 secs
Thu Aug 20 10:14:49 2026: Image # 36, module MaskImage # 6: CPU_time = 0.08 secs, Wall_time = 0.08 secs
Thu Aug 20 10:14:50 2026: Image # 36, module MaskImage # 7: CPU_time = 0.08 secs, Wall_time = 0.08 secs
Thu Aug 20 10:14:50 2026: Image # 36, module MaskObjects # 8: CPU_time = 0.47 secs, Wall_time = 0.46 secs
Thu Aug 20 10:14:50 2026: Image # 36, module MeasureObjectIntensity # 9: CPU_time = 5.56 secs, Wall_time = 5.56 secs
Thu Aug 20 10:14:56 2026: Image # 36, module MeasureGranularity # 10: CPU_time = 14.61 secs, Wall_time = 14.60 secs
Thu Aug 20 10:15:10 2026: Image # 36, module MeasureGranularity # 11: CPU_time = 25.68 secs, Wall_time = 25.65 secs
Thu Aug 20 10:15:36 2026: Image # 36, module MeasureObjectIntensityDistribution # 12: CPU_time = 7.68 secs, Wall_time = 7.68 secs
Thu Aug 20 10:15:44 2026: Image # 36, module MeasureObjectIntensityDistribution # 13: CPU_time = 6.57 secs, Wall_time = 6.56 secs
Thu Aug 20 10:15:50 2026: Image # 36, module MeasureTexture # 14: CPU_time = 1.54 secs, Wall_time = 1.54 secs
Thu Aug 20 10:15:52 2026: Image # 36, module MeasureColocalization # 15: CPU_time = 18.05 secs, Wall_time = 6.75 secs
Thu Aug 20 10:15:58 2026: Image # 36, module ExportToSpreadsheet # 16: CPU_time = 0.00 secs, Wall_time = 0.00 secs
Thu Aug 20 10:15:58 2026: Image # 37, module Images # 1: CPU_time = 0.00 secs, Wall_time = 0.00 secs
Thu Aug 20 10:15:58 2026: Image # 37, module Metadata # 2: CPU_time = 0.00 secs, Wall_time = 0.00 secs
Thu Aug 20 10:15:58 2026: Image # 37, module NamesAndTypes # 3: CPU_time = 4.72 secs, Wall_time = 3.47 secs
Thu Aug 20 10:16:02 2026: Image # 37, module Groups # 4: CPU_time = 0.00 secs, Wall_time = 0.00 secs
Thu Aug 20 10:16:02 2026: Image # 37, module MaskImage # 5: CPU_time = 0.07 secs, Wall_time = 0.08 secs
Thu Aug 20 10:16:02 2026: Image # 37, module MaskImage # 6: CPU_time = 0.07 secs, Wall_time = 0.08 secs
Thu Aug 20 10:16:02 2026: Image # 37, module MaskImage # 7: CPU_time = 0.07 secs, Wall_time = 0.08 secs
Thu Aug 20 10:16:02 2026: Image # 37, module MaskObjects # 8: CPU_time = 0.51 secs, Wall_time = 0.50 secs
Thu Aug 20 10:16:03 2026: Image # 37, module MeasureObjectIntensity # 9: CPU_time = 9.23 secs, Wall_time = 9.23 secs
Thu Aug 20 10:16:12 2026: Image # 37, module MeasureGranularity # 10: CPU_time = 16.08 secs, Wall_time = 16.06 secs
Thu Aug 20 10:16:28 2026: Image # 37, module MeasureGranularity # 11: CPU_time = 35.83 secs, Wall_time = 35.79 secs
Thu Aug 20 10:17:04 2026: Image # 37, module MeasureObjectIntensityDistribution # 12: CPU_time = 13.57 secs, Wall_time = 13.55 secs
Thu Aug 20 10:17:17 2026: Image # 37, module MeasureObjectIntensityDistribution # 13: CPU_time = 11.44 secs, Wall_time = 11.42 secs
Thu Aug 20 10:17:29 2026: Image # 37, module MeasureTexture # 14: CPU_time = 2.02 secs, Wall_time = 2.02 secs
Thu Aug 20 10:17:31 2026: Image # 37, module MeasureColocalization # 15: CPU_time = 30.45 secs, Wall_time = 13.77 secs
Thu Aug 20 10:17:45 2026: Image # 37, module ExportToSpreadsheet # 16: CPU_time = 0.00 secs, Wall_time = 0.00 secs
Thu Aug 20 10:17:45 2026: Image # 38, module Images # 1: CPU_time = 0.00 secs, Wall_time = 0.00 secs
Thu Aug 20 10:17:45 2026: Image # 38, module Metadata # 2: CPU_time = 0.00 secs, Wall_time = 0.00 secs
Thu Aug 20 10:17:45 2026: Image # 38, module NamesAndTypes # 3: CPU_time = 5.23 secs, Wall_time = 3.39 secs
Thu Aug 20 10:17:48 2026: Image # 38, module Groups # 4: CPU_time = 0.00 secs, Wall_time = 0.00 secs
Thu Aug 20 10:17:48 2026: Image # 38, module MaskImage # 5: CPU_time = 0.09 secs, Wall_time = 0.08 secs
Thu Aug 20 10:17:48 2026: Image # 38, module MaskImage # 6: CPU_time = 0.08 secs, Wall_time = 0.08 secs
Thu Aug 20 10:17:48 2026: Image # 38, module MaskImage # 7: CPU_time = 0.08 secs, Wall_time = 0.08 secs
Thu Aug 20 10:17:48 2026: Image # 38, module MaskObjects # 8: CPU_time = 0.46 secs, Wall_time = 0.46 secs
Thu Aug 20 10:17:49 2026: Image # 38, module MeasureObjectIntensity # 9: CPU_time = 5.80 secs, Wall_time = 5.80 secs
Thu Aug 20 10:17:55 2026: Image # 38, module MeasureGranularity # 10: CPU_time = 14.75 secs, Wall_time = 14.74 secs
Thu Aug 20 10:18:09 2026: Image # 38, module MeasureGranularity # 11: CPU_time = 23.07 secs, Wall_time = 23.04 secs
Thu Aug 20 10:18:32 2026: Image # 38, module MeasureObjectIntensityDistribution # 12: CPU_time = 6.45 secs, Wall_time = 6.45 secs
Thu Aug 20 10:18:39 2026: Image # 38, module MeasureObjectIntensityDistribution # 13: CPU_time = 5.61 secs, Wall_time = 5.60 secs
Thu Aug 20 10:18:44 2026: Image # 38, module MeasureTexture # 14: CPU_time = 1.43 secs, Wall_time = 1.42 secs
Thu Aug 20 10:18:46 2026: Image # 38, module MeasureColocalization # 15: CPU_time = 19.85 secs, Wall_time = 6.91 secs
Thu Aug 20 10:18:53 2026: Image # 38, module ExportToSpreadsheet # 16: CPU_time = 0.00 secs, Wall_time = 0.00 secs
Thu Aug 20 10:18:53 2026: Image # 39, module Images # 1: CPU_time = 0.00 secs, Wall_time = 0.00 secs
Thu Aug 20 10:18:53 2026: Image # 39, module Metadata # 2: CPU_time = 0.00 secs, Wall_time = 0.00 secs
Thu Aug 20 10:18:53 2026: Image # 39, module NamesAndTypes # 3: CPU_time = 4.42 secs, Wall_time = 3.48 secs
Thu Aug 20 10:18:56 2026: Image # 39, module Groups # 4: CPU_time = 0.00 secs, Wall_time = 0.00 secs
Thu Aug 20 10:18:56 2026: Image # 39, module MaskImage # 5: CPU_time = 0.08 secs, Wall_time = 0.08 secs
Thu Aug 20 10:18:56 2026: Image # 39, module MaskImage # 6: CPU_time = 0.08 secs, Wall_time = 0.08 secs
Thu Aug 20 10:18:56 2026: Image # 39, module MaskImage # 7: CPU_time = 0.07 secs, Wall_time = 0.08 secs
Thu Aug 20 10:18:56 2026: Image # 39, module MaskObjects # 8: CPU_time = 0.47 secs, Wall_time = 0.48 secs
Thu Aug 20 10:18:57 2026: Image # 39, module MeasureObjectIntensity # 9: CPU_time = 6.57 secs, Wall_time = 6.56 secs
Thu Aug 20 10:19:03 2026: Image # 39, module MeasureGranularity # 10: CPU_time = 13.99 secs, Wall_time = 13.98 secs
Thu Aug 20 10:19:17 2026: Image # 39, module MeasureGranularity # 11: CPU_time = 24.93 secs, Wall_time = 24.91 secs
Thu Aug 20 10:19:42 2026: Image # 39, module MeasureObjectIntensityDistribution # 12: CPU_time = 9.52 secs, Wall_time = 9.52 secs
Thu Aug 20 10:19:52 2026: Image # 39, module MeasureObjectIntensityDistribution # 13: CPU_time = 7.33 secs, Wall_time = 7.34 secs
Thu Aug 20 10:19:59 2026: Image # 39, module MeasureTexture # 14: CPU_time = 1.64 secs, Wall_time = 1.63 secs
Thu Aug 20 10:20:01 2026: Image # 39, module MeasureColocalization # 15: CPU_time = 29.29 secs, Wall_time = 10.37 secs
Thu Aug 20 10:20:11 2026: Image # 39, module ExportToSpreadsheet # 16: CPU_time = 0.00 secs, Wall_time = 0.00 secs
Thu Aug 20 10:20:11 2026: Image # 40, module Images # 1: CPU_time = 0.00 secs, Wall_time = 0.00 secs
Thu Aug 20 10:20:11 2026: Image # 40, module Metadata # 2: CPU_time = 0.00 secs, Wall_time = 0.00 secs
Thu Aug 20 10:20:11 2026: Image # 40, module NamesAndTypes # 3: CPU_time = 4.64 secs, Wall_time = 3.69 secs
Thu Aug 20 10:20:15 2026: Image # 40, module Groups # 4: CPU_time = 0.00 secs, Wall_time = 0.00 secs
Thu Aug 20 10:20:15 2026: Image # 40, module MaskImage # 5: CPU_time = 0.08 secs, Wall_time = 0.08 secs
Thu Aug 20 10:20:15 2026: Image # 40, module MaskImage # 6: CPU_time = 0.09 secs, Wall_time = 0.08 secs
Thu Aug 20 10:20:15 2026: Image # 40, module MaskImage # 7: CPU_time = 0.08 secs, Wall_time = 0.08 secs
Thu Aug 20 10:20:15 2026: Image # 40, module MaskObjects # 8: CPU_time = 0.50 secs, Wall_time = 0.50 secs
Thu Aug 20 10:20:16 2026: Image # 40, module MeasureObjectIntensity # 9: CPU_time = 7.79 secs, Wall_time = 7.78 secs
Thu Aug 20 10:20:23 2026: Image # 40, module MeasureGranularity # 10: CPU_time = 15.41 secs, Wall_time = 15.40 secs
Thu Aug 20 10:20:39 2026: Image # 40, module MeasureGranularity # 11: CPU_time = 29.41 secs, Wall_time = 29.39 secs
Thu Aug 20 10:21:08 2026: Image # 40, module MeasureObjectIntensityDistribution # 12: CPU_time = 10.30 secs, Wall_time = 10.29 secs
Thu Aug 20 10:21:19 2026: Image # 40, module MeasureObjectIntensityDistribution # 13: CPU_time = 7.12 secs, Wall_time = 7.11 secs
Thu Aug 20 10:21:26 2026: Image # 40, module MeasureTexture # 14: CPU_time = 1.63 secs, Wall_time = 1.63 secs
Thu Aug 20 10:21:27 2026: Image # 40, module MeasureColocalization # 15: CPU_time = 25.45 secs, Wall_time = 9.49 secs
Thu Aug 20 10:21:37 2026: Image # 40, module ExportToSpreadsheet # 16: CPU_time = 0.00 secs, Wall_time = 0.00 secs
Thu Aug 20 10:21:37 2026: Image # 41, module Images # 1: CPU_time = 0.00 secs, Wall_time = 0.00 secs
Thu Aug 20 10:21:37 2026: Image # 41, module Metadata # 2: CPU_time = 0.00 secs, Wall_time = 0.00 secs
Thu Aug 20 10:21:37 2026: Image # 41, module NamesAndTypes # 3: CPU_time = 4.63 secs, Wall_time = 3.66 secs
Thu Aug 20 10:21:40 2026: Image # 41, module Groups # 4: CPU_time = 0.00 secs, Wall_time = 0.00 secs
Thu Aug 20 10:21:40 2026: Image # 41, module MaskImage # 5: CPU_time = 0.08 secs, Wall_time = 0.07 secs
Thu Aug 20 10:21:41 2026: Image # 41, module MaskImage # 6: CPU_time = 0.08 secs, Wall_time = 0.08 secs
Thu Aug 20 10:21:41 2026: Image # 41, module MaskImage # 7: CPU_time = 0.08 secs, Wall_time = 0.08 secs
Thu Aug 20 10:21:41 2026: Image # 41, module MaskObjects # 8: CPU_time = 0.50 secs, Wall_time = 0.50 secs
Thu Aug 20 10:21:41 2026: Image # 41, module MeasureObjectIntensity # 9: CPU_time = 8.30 secs, Wall_time = 8.29 secs
Thu Aug 20 10:21:50 2026: Image # 41, module MeasureGranularity # 10: CPU_time = 16.99 secs, Wall_time = 16.97 secs
Thu Aug 20 10:22:06 2026: Image # 41, module MeasureGranularity # 11: CPU_time = 43.89 secs, Wall_time = 43.84 secs
Thu Aug 20 10:22:50 2026: Image # 41, module MeasureObjectIntensityDistribution # 12: CPU_time = 13.30 secs, Wall_time = 13.29 secs
Thu Aug 20 10:23:04 2026: Image # 41, module MeasureObjectIntensityDistribution # 13: CPU_time = 9.15 secs, Wall_time = 9.13 secs
Thu Aug 20 10:23:13 2026: Image # 41, module MeasureTexture # 14: CPU_time = 1.76 secs, Wall_time = 1.75 secs
Thu Aug 20 10:23:15 2026: Image # 41, module MeasureColocalization # 15: CPU_time = 22.79 secs, Wall_time = 9.87 secs
Thu Aug 20 10:23:24 2026: Image # 41, module ExportToSpreadsheet # 16: CPU_time = 0.00 secs, Wall_time = 0.00 secs
Thu Aug 20 10:23:24 2026: Image # 42, module Images # 1: CPU_time = 0.00 secs, Wall_time = 0.00 secs
Thu Aug 20 10:23:24 2026: Image # 42, module Metadata # 2: CPU_time = 0.00 secs, Wall_time = 0.00 secs
Thu Aug 20 10:23:24 2026: Image # 42, module NamesAndTypes # 3: CPU_time = 4.62 secs, Wall_time = 3.41 secs
Thu Aug 20 10:23:28 2026: Image # 42, module Groups # 4: CPU_time = 0.00 secs, Wall_time = 0.00 secs
Thu Aug 20 10:23:28 2026: Image # 42, module MaskImage # 5: CPU_time = 0.08 secs, Wall_time = 0.07 secs
Thu Aug 20 10:23:28 2026: Image # 42, module MaskImage # 6: CPU_time = 0.07 secs, Wall_time = 0.07 secs
Thu Aug 20 10:23:28 2026: Image # 42, module MaskImage # 7: CPU_time = 0.09 secs, Wall_time = 0.08 secs
Thu Aug 20 10:23:28 2026: Image # 42, module MaskObjects # 8: CPU_time = 0.50 secs, Wall_time = 0.50 secs
Thu Aug 20 10:23:29 2026: Image # 42, module MeasureObjectIntensity # 9: CPU_time = 8.68 secs, Wall_time = 8.67 secs
Thu Aug 20 10:23:37 2026: Image # 42, module MeasureGranularity # 10: CPU_time = 16.07 secs, Wall_time = 16.05 secs
Thu Aug 20 10:23:53 2026: Image # 42, module MeasureGranularity # 11: CPU_time = 29.41 secs, Wall_time = 29.38 secs
Thu Aug 20 10:24:23 2026: Image # 42, module MeasureObjectIntensityDistribution # 12: CPU_time = 11.95 secs, Wall_time = 11.94 secs
Thu Aug 20 10:24:35 2026: Image # 42, module MeasureObjectIntensityDistribution # 13: CPU_time = 8.78 secs, Wall_time = 8.78 secs
Thu Aug 20 10:24:43 2026: Image # 42, module MeasureTexture # 14: CPU_time = 1.70 secs, Wall_time = 1.70 secs
Thu Aug 20 10:24:45 2026: Image # 42, module MeasureColocalization # 15: CPU_time = 22.08 secs, Wall_time = 10.06 secs
Thu Aug 20 10:24:55 2026: Image # 42, module ExportToSpreadsheet # 16: CPU_time = 0.01 secs, Wall_time = 0.00 secs
Thu Aug 20 10:24:55 2026: Image # 43, module Images # 1: CPU_time = 0.00 secs, Wall_time = 0.00 secs
Thu Aug 20 10:24:55 2026: Image # 43, module Metadata # 2: CPU_time = 0.00 secs, Wall_time = 0.00 secs
Thu Aug 20 10:24:55 2026: Image # 43, module NamesAndTypes # 3: CPU_time = 4.74 secs, Wall_time = 3.69 secs
Thu Aug 20 10:24:59 2026: Image # 43, module Groups # 4: CPU_time = 0.00 secs, Wall_time = 0.00 secs
Thu Aug 20 10:24:59 2026: Image # 43, module MaskImage # 5: CPU_time = 0.07 secs, Wall_time = 0.08 secs
Thu Aug 20 10:24:59 2026: Image # 43, module MaskImage # 6: CPU_time = 0.08 secs, Wall_time = 0.08 secs
Thu Aug 20 10:24:59 2026: Image # 43, module MaskImage # 7: CPU_time = 0.08 secs, Wall_time = 0.08 secs
Thu Aug 20 10:24:59 2026: Image # 43, module MaskObjects # 8: CPU_time = 0.44 secs, Wall_time = 0.45 secs
Thu Aug 20 10:25:00 2026: Image # 43, module MeasureObjectIntensity # 9: CPU_time = 5.49 secs, Wall_time = 5.48 secs
Thu Aug 20 10:25:05 2026: Image # 43, module MeasureGranularity # 10: CPU_time = 13.70 secs, Wall_time = 13.69 secs
Thu Aug 20 10:25:19 2026: Image # 43, module MeasureGranularity # 11: CPU_time = 22.40 secs, Wall_time = 22.38 secs
Thu Aug 20 10:25:41 2026: Image # 43, module MeasureObjectIntensityDistribution # 12: CPU_time = 7.15 secs, Wall_time = 7.15 secs
Thu Aug 20 10:25:48 2026: Image # 43, module MeasureObjectIntensityDistribution # 13: CPU_time = 6.22 secs, Wall_time = 6.21 secs
Thu Aug 20 10:25:54 2026: Image # 43, module MeasureTexture # 14: CPU_time = 1.37 secs, Wall_time = 1.37 secs
Thu Aug 20 10:25:56 2026: Image # 43, module MeasureColocalization # 15: CPU_time = 15.15 secs, Wall_time = 6.05 secs
Thu Aug 20 10:26:02 2026: Image # 43, module ExportToSpreadsheet # 16: CPU_time = 0.00 secs, Wall_time = 0.00 secs
Thu Aug 20 10:26:02 2026: Image # 44, module Images # 1: CPU_time = 0.00 secs, Wall_time = 0.00 secs
Thu Aug 20 10:26:02 2026: Image # 44, module Metadata # 2: CPU_time = 0.00 secs, Wall_time = 0.00 secs
Thu Aug 20 10:26:02 2026: Image # 44, module NamesAndTypes # 3: CPU_time = 4.50 secs, Wall_time = 3.27 secs
Thu Aug 20 10:26:05 2026: Image # 44, module Groups # 4: CPU_time = 0.00 secs, Wall_time = 0.00 secs
Thu Aug 20 10:26:05 2026: Image # 44, module MaskImage # 5: CPU_time = 0.07 secs, Wall_time = 0.07 secs
Thu Aug 20 10:26:05 2026: Image # 44, module MaskImage # 6: CPU_time = 0.07 secs, Wall_time = 0.07 secs
Thu Aug 20 10:26:05 2026: Image # 44, module MaskImage # 7: CPU_time = 0.08 secs, Wall_time = 0.08 secs
Thu Aug 20 10:26:05 2026: Image # 44, module MaskObjects # 8: CPU_time = 0.48 secs, Wall_time = 0.47 secs
Thu Aug 20 10:26:06 2026: Image # 44, module MeasureObjectIntensity # 9: CPU_time = 6.66 secs, Wall_time = 6.65 secs
Thu Aug 20 10:26:13 2026: Image # 44, module MeasureGranularity # 10: CPU_time = 14.30 secs, Wall_time = 14.29 secs
Thu Aug 20 10:26:27 2026: Image # 44, module MeasureGranularity # 11: CPU_time = 27.27 secs, Wall_time = 27.25 secs
Thu Aug 20 10:26:54 2026: Image # 44, module MeasureObjectIntensityDistribution # 12: CPU_time = 8.70 secs, Wall_time = 8.69 secs
Thu Aug 20 10:27:03 2026: Image # 44, module MeasureObjectIntensityDistribution # 13: CPU_time = 7.55 secs, Wall_time = 7.54 secs
Thu Aug 20 10:27:10 2026: Image # 44, module MeasureTexture # 14: CPU_time = 1.62 secs, Wall_time = 1.62 secs
Thu Aug 20 10:27:12 2026: Image # 44, module MeasureColocalization # 15: CPU_time = 32.50 secs, Wall_time = 11.66 secs
Thu Aug 20 10:27:24 2026: Image # 44, module ExportToSpreadsheet # 16: CPU_time = 0.00 secs, Wall_time = 0.00 secs
Thu Aug 20 10:27:24 2026: Image # 45, module Images # 1: CPU_time = 0.00 secs, Wall_time = 0.00 secs
Thu Aug 20 10:27:24 2026: Image # 45, module Metadata # 2: CPU_time = 0.00 secs, Wall_time = 0.00 secs
Thu Aug 20 10:27:24 2026: Image # 45, module NamesAndTypes # 3: CPU_time = 5.19 secs, Wall_time = 3.77 secs
Thu Aug 20 10:27:27 2026: Image # 45, module Groups # 4: CPU_time = 0.00 secs, Wall_time = 0.00 secs
Thu Aug 20 10:27:27 2026: Image # 45, module MaskImage # 5: CPU_time = 0.09 secs, Wall_time = 0.09 secs
Thu Aug 20 10:27:28 2026: Image # 45, module MaskImage # 6: CPU_time = 0.10 secs, Wall_time = 0.09 secs
Thu Aug 20 10:27:28 2026: Image # 45, module MaskImage # 7: CPU_time = 0.09 secs, Wall_time = 0.09 secs
Thu Aug 20 10:27:28 2026: Image # 45, module MaskObjects # 8: CPU_time = 0.49 secs, Wall_time = 0.49 secs
Thu Aug 20 10:27:28 2026: Image # 45, module MeasureObjectIntensity # 9: CPU_time = 5.30 secs, Wall_time = 5.28 secs
Thu Aug 20 10:27:33 2026: Image # 45, module MeasureGranularity # 10: CPU_time = 15.09 secs, Wall_time = 15.08 secs
Thu Aug 20 10:27:49 2026: Image # 45, module MeasureGranularity # 11: CPU_time = 22.28 secs, Wall_time = 22.26 secs
Thu Aug 20 10:28:11 2026: Image # 45, module MeasureObjectIntensityDistribution # 12: CPU_time = 5.94 secs, Wall_time = 5.94 secs
Thu Aug 20 10:28:17 2026: Image # 45, module MeasureObjectIntensityDistribution # 13: CPU_time = 5.10 secs, Wall_time = 5.09 secs
Thu Aug 20 10:28:22 2026: Image # 45, module MeasureTexture # 14: CPU_time = 1.34 secs, Wall_time = 1.34 secs
Thu Aug 20 10:28:23 2026: Image # 45, module MeasureColocalization # 15: CPU_time = 12.99 secs, Wall_time = 4.82 secs
Thu Aug 20 10:28:28 2026: Image # 45, module ExportToSpreadsheet # 16: CPU_time = 0.00 secs, Wall_time = 0.00 secs
Thu Aug 20 10:28:28 2026: Image # 46, module Images # 1: CPU_time = 0.00 secs, Wall_time = 0.00 secs
Thu Aug 20 10:28:28 2026: Image # 46, module Metadata # 2: CPU_time = 0.00 secs, Wall_time = 0.00 secs
Thu Aug 20 10:28:28 2026: Image # 46, module NamesAndTypes # 3: CPU_time = 4.71 secs, Wall_time = 3.71 secs
Thu Aug 20 10:28:32 2026: Image # 46, module Groups # 4: CPU_time = 0.00 secs, Wall_time = 0.00 secs
Thu Aug 20 10:28:32 2026: Image # 46, module MaskImage # 5: CPU_time = 0.07 secs, Wall_time = 0.08 secs
Thu Aug 20 10:28:32 2026: Image # 46, module MaskImage # 6: CPU_time = 0.09 secs, Wall_time = 0.08 secs
Thu Aug 20 10:28:32 2026: Image # 46, module MaskImage # 7: CPU_time = 0.07 secs, Wall_time = 0.08 secs
Thu Aug 20 10:28:32 2026: Image # 46, module MaskObjects # 8: CPU_time = 0.43 secs, Wall_time = 0.43 secs
Thu Aug 20 10:28:32 2026: Image # 46, module MeasureObjectIntensity # 9: CPU_time = 4.18 secs, Wall_time = 4.17 secs
Thu Aug 20 10:28:37 2026: Image # 46, module MeasureGranularity # 10: CPU_time = 13.33 secs, Wall_time = 13.31 secs
Thu Aug 20 10:28:50 2026: Image # 46, module MeasureGranularity # 11: CPU_time = 19.09 secs, Wall_time = 19.08 secs
Thu Aug 20 10:29:09 2026: Image # 46, module MeasureObjectIntensityDistribution # 12: CPU_time = 5.35 secs, Wall_time = 5.34 secs
Thu Aug 20 10:29:14 2026: Image # 46, module MeasureObjectIntensityDistribution # 13: CPU_time = 4.77 secs, Wall_time = 4.76 secs
Thu Aug 20 10:29:19 2026: Image # 46, module MeasureTexture # 14: CPU_time = 1.32 secs, Wall_time = 1.32 secs
Thu Aug 20 10:29:20 2026: Image # 46, module MeasureColocalization # 15: CPU_time = 11.33 secs, Wall_time = 4.23 secs
Thu Aug 20 10:29:25 2026: Image # 46, module ExportToSpreadsheet # 16: CPU_time = 0.00 secs, Wall_time = 0.00 secs
Thu Aug 20 10:29:25 2026: Image # 47, module Images # 1: CPU_time = 0.00 secs, Wall_time = 0.00 secs
Thu Aug 20 10:29:25 2026: Image # 47, module Metadata # 2: CPU_time = 0.00 secs, Wall_time = 0.00 secs
Thu Aug 20 10:29:25 2026: Image # 47, module NamesAndTypes # 3: CPU_time = 4.68 secs, Wall_time = 3.41 secs
Thu Aug 20 10:29:28 2026: Image # 47, module Groups # 4: CPU_time = 0.00 secs, Wall_time = 0.00 secs
Thu Aug 20 10:29:28 2026: Image # 47, module MaskImage # 5: CPU_time = 0.07 secs, Wall_time = 0.07 secs
Thu Aug 20 10:29:28 2026: Image # 47, module MaskImage # 6: CPU_time = 0.08 secs, Wall_time = 0.08 secs
Thu Aug 20 10:29:28 2026: Image # 47, module MaskImage # 7: CPU_time = 0.08 secs, Wall_time = 0.08 secs
Thu Aug 20 10:29:28 2026: Image # 47, module MaskObjects # 8: CPU_time = 0.45 secs, Wall_time = 0.45 secs
Thu Aug 20 10:29:29 2026: Image # 47, module MeasureObjectIntensity # 9: CPU_time = 3.98 secs, Wall_time = 3.96 secs
Thu Aug 20 10:29:33 2026: Image # 47, module MeasureGranularity # 10: CPU_time = 13.21 secs, Wall_time = 13.19 secs
Thu Aug 20 10:29:46 2026: Image # 47, module MeasureGranularity # 11: CPU_time = 20.48 secs, Wall_time = 20.46 secs
Thu Aug 20 10:30:06 2026: Image # 47, module MeasureObjectIntensityDistribution # 12: CPU_time = 5.23 secs, Wall_time = 5.23 secs
Thu Aug 20 10:30:12 2026: Image # 47, module MeasureObjectIntensityDistribution # 13: CPU_time = 4.53 secs, Wall_time = 4.54 secs
Thu Aug 20 10:30:16 2026: Image # 47, module MeasureTexture # 14: CPU_time = 1.31 secs, Wall_time = 1.30 secs
Thu Aug 20 10:30:17 2026: Image # 47, module MeasureColocalization # 15: CPU_time = 18.13 secs, Wall_time = 5.73 secs
Thu Aug 20 10:30:23 2026: Image # 47, module ExportToSpreadsheet # 16: CPU_time = 0.00 secs, Wall_time = 0.00 secs
Thu Aug 20 10:30:23 2026: Image # 48, module Images # 1: CPU_time = 0.00 secs, Wall_time = 0.00 secs
Thu Aug 20 10:30:23 2026: Image # 48, module Metadata # 2: CPU_time = 0.00 secs, Wall_time = 0.00 secs
Thu Aug 20 10:30:23 2026: Image # 48, module NamesAndTypes # 3: CPU_time = 4.86 secs, Wall_time = 3.34 secs
Thu Aug 20 10:30:27 2026: Image # 48, module Groups # 4: CPU_time = 0.00 secs, Wall_time = 0.00 secs
Thu Aug 20 10:30:27 2026: Image # 48, module MaskImage # 5: CPU_time = 0.07 secs, Wall_time = 0.07 secs
Thu Aug 20 10:30:27 2026: Image # 48, module MaskImage # 6: CPU_time = 0.10 secs, Wall_time = 0.10 secs
Thu Aug 20 10:30:27 2026: Image # 48, module MaskImage # 7: CPU_time = 0.09 secs, Wall_time = 0.08 secs
Thu Aug 20 10:30:27 2026: Image # 48, module MaskObjects # 8: CPU_time = 0.45 secs, Wall_time = 0.43 secs
Thu Aug 20 10:30:27 2026: Image # 48, module MeasureObjectIntensity # 9: CPU_time = 4.84 secs, Wall_time = 4.84 secs
Thu Aug 20 10:30:32 2026: Image # 48, module MeasureGranularity # 10: CPU_time = 13.49 secs, Wall_time = 13.47 secs
Thu Aug 20 10:30:46 2026: Image # 48, module MeasureGranularity # 11: CPU_time = 22.51 secs, Wall_time = 22.49 secs
Thu Aug 20 10:31:08 2026: Image # 48, module MeasureObjectIntensityDistribution # 12: CPU_time = 6.42 secs, Wall_time = 6.42 secs
Thu Aug 20 10:31:15 2026: Image # 48, module MeasureObjectIntensityDistribution # 13: CPU_time = 5.12 secs, Wall_time = 5.12 secs
Thu Aug 20 10:31:20 2026: Image # 48, module MeasureTexture # 14: CPU_time = 1.37 secs, Wall_time = 1.37 secs
Thu Aug 20 10:31:21 2026: Image # 48, module MeasureColocalization # 15: CPU_time = 58.09 secs, Wall_time = 16.69 secs
Thu Aug 20 10:31:38 2026: Image # 48, module ExportToSpreadsheet # 16: CPU_time = 0.00 secs, Wall_time = 0.00 secs
Thu Aug 20 10:31:38 2026: Image # 49, module Images # 1: CPU_time = 0.00 secs, Wall_time = 0.00 secs
Thu Aug 20 10:31:38 2026: Image # 49, module Metadata # 2: CPU_time = 0.00 secs, Wall_time = 0.00 secs
Thu Aug 20 10:31:38 2026: Image # 49, module NamesAndTypes # 3: CPU_time = 4.84 secs, Wall_time = 3.75 secs
Thu Aug 20 10:31:41 2026: Image # 49, module Groups # 4: CPU_time = 0.00 secs, Wall_time = 0.00 secs
Thu Aug 20 10:31:41 2026: Image # 49, module MaskImage # 5: CPU_time = 0.07 secs, Wall_time = 0.08 secs
Thu Aug 20 10:31:42 2026: Image # 49, module MaskImage # 6: CPU_time = 0.09 secs, Wall_time = 0.09 secs
Thu Aug 20 10:31:42 2026: Image # 49, module MaskImage # 7: CPU_time = 0.08 secs, Wall_time = 0.08 secs
Thu Aug 20 10:31:42 2026: Image # 49, module MaskObjects # 8: CPU_time = 0.45 secs, Wall_time = 0.45 secs
Thu Aug 20 10:31:42 2026: Image # 49, module MeasureObjectIntensity # 9: CPU_time = 6.12 secs, Wall_time = 6.11 secs
Thu Aug 20 10:31:48 2026: Image # 49, module MeasureGranularity # 10: CPU_time = 15.61 secs, Wall_time = 15.59 secs
Thu Aug 20 10:32:04 2026: Image # 49, module MeasureGranularity # 11: CPU_time = 31.86 secs, Wall_time = 31.82 secs
Thu Aug 20 10:32:36 2026: Image # 49, module MeasureObjectIntensityDistribution # 12: CPU_time = 8.61 secs, Wall_time = 8.61 secs
Thu Aug 20 10:32:44 2026: Image # 49, module MeasureObjectIntensityDistribution # 13: CPU_time = 6.61 secs, Wall_time = 6.60 secs
Thu Aug 20 10:32:51 2026: Image # 49, module MeasureTexture # 14: CPU_time = 1.44 secs, Wall_time = 1.43 secs
Thu Aug 20 10:32:52 2026: Image # 49, module MeasureColocalization # 15: CPU_time = 50.43 secs, Wall_time = 15.62 secs
Thu Aug 20 10:33:08 2026: Image # 49, module ExportToSpreadsheet # 16: CPU_time = 0.00 secs, Wall_time = 0.00 secs
Thu Aug 20 10:33:08 2026: Image # 50, module Images # 1: CPU_time = 0.00 secs, Wall_time = 0.00 secs
Thu Aug 20 10:33:08 2026: Image # 50, module Metadata # 2: CPU_time = 0.00 secs, Wall_time = 0.00 secs
Thu Aug 20 10:33:08 2026: Image # 50, module NamesAndTypes # 3: CPU_time = 4.96 secs, Wall_time = 3.70 secs
Thu Aug 20 10:33:12 2026: Image # 50, module Groups # 4: CPU_time = 0.00 secs, Wall_time = 0.00 secs
Thu Aug 20 10:33:12 2026: Image # 50, module MaskImage # 5: CPU_time = 0.08 secs, Wall_time = 0.08 secs
Thu Aug 20 10:33:12 2026: Image # 50, module MaskImage # 6: CPU_time = 0.07 secs, Wall_time = 0.07 secs
Thu Aug 20 10:33:12 2026: Image # 50, module MaskImage # 7: CPU_time = 0.08 secs, Wall_time = 0.08 secs
Thu Aug 20 10:33:12 2026: Image # 50, module MaskObjects # 8: CPU_time = 0.46 secs, Wall_time = 0.45 secs
Thu Aug 20 10:33:12 2026: Image # 50, module MeasureObjectIntensity # 9: CPU_time = 6.01 secs, Wall_time = 6.00 secs
Thu Aug 20 10:33:18 2026: Image # 50, module MeasureGranularity # 10: CPU_time = 14.70 secs, Wall_time = 14.70 secs
Thu Aug 20 10:33:33 2026: Image # 50, module MeasureGranularity # 11: CPU_time = 25.12 secs, Wall_time = 25.09 secs
Thu Aug 20 10:33:58 2026: Image # 50, module MeasureObjectIntensityDistribution # 12: CPU_time = 8.06 secs, Wall_time = 8.06 secs
Thu Aug 20 10:34:06 2026: Image # 50, module MeasureObjectIntensityDistribution # 13: CPU_time = 6.66 secs, Wall_time = 6.65 secs
Thu Aug 20 10:34:13 2026: Image # 50, module MeasureTexture # 14: CPU_time = 1.39 secs, Wall_time = 1.39 secs
Thu Aug 20 10:34:14 2026: Image # 50, module MeasureColocalization # 15: CPU_time = 41.59 secs, Wall_time = 13.00 secs
Thu Aug 20 10:34:27 2026: Image # 50, module ExportToSpreadsheet # 16: CPU_time = 0.00 secs, Wall_time = 0.00 secs
