Error for image set, channel=051, metadata=DNA: Image missing from channel
Error for image set, channel=052, metadata=DNA: Image missing from channel
Error for image set, channel=053, metadata=DNA: Image missing from channel
Error for image set, channel=054, metadata=DNA: Image missing from channel
Error for image set, channel=055, metadata=DNA: Image missing from channel
Error for image set, channel=056, metadata=DNA: Image missing from channel
Error for image set, channel=057, metadata=DNA: Image missing from channel
Error for image set, channel=058, metadata=DNA: Image missing from channel
Error for image set, channel=059, metadata=DNA: Image missing from channel
Error for image set, channel=060, metadata=DNA: Image missing from channel
Error for image set, channel=061, metadata=DNA: Image missing from channel
Error for image set, channel=062, metadata=DNA: Image missing from channel
Error for image set, channel=063, metadata=DNA: Image missing from channel
Error for image set, channel=064, metadata=DNA: Image missing from channel
Error for image set, channel=065, metadata=DNA: Image missing from channel
Error for image set, channel=066, metadata=DNA: Image missing from channel
Error for image set, channel=067, metadata=DNA: Image missing from channel
Error for image set, channel=068, metadata=DNA: Image missing from channel
Error for image set, channel=069, metadata=DNA: Image missing from channel
Error for image set, channel=070, metadata=DNA: Image missing from channel
Error for image set, channel=071, metadata=DNA: Image missing from channel
Error for image set, channel=072, metadata=DNA: Image missing from channel
Error for image set, channel=073, metadata=DNA: Image missing from channel
Error for image set, channel=074, metadata=DNA: Image missing from channel
Error for image set, channel=075, metadata=DNA: Image missing from channel
Error for image set, channel=076, metadata=DNA: Image missing from channel
Error for image set, channel=077, metadata=DNA: Image missing from channel
Error for image set, channel=078, metadata=DNA: Image missing from channel
Error for image set, channel=079, metadata=DNA: Image missing from channel
Error for image set, channel=080, metadata=DNA: Image missing from channel
Error for image set, channel=081, metadata=DNA: Image missing from channel
Error for image set, channel=082, metadata=DNA: Image missing from channel
Error for image set, channel=083, metadata=DNA: Image missing from channel
Error for image set, channel=084, metadata=DNA: Image missing from channel
Error for image set, channel=085, metadata=DNA: Image missing from channel
Error for image set, channel=086, metadata=DNA: Image missing from channel
Error for image set, channel=087, metadata=DNA: Image missing from channel
Error for image set, channel=088, metadata=DNA: Image missing from channel
Error for image set, channel=089, metadata=DNA: Image missing from channel
Error for image set, channel=090, metadata=DNA: Image missing from channel
Error for image set, channel=091, metadata=DNA: Image missing from channel
Error for image set, channel=092, metadata=DNA: Image missing from channel
Error for image set, channel=093, metadata=DNA: Image missing from channel
Error for image set, channel=094, metadata=DNA: Image missing from channel
Error for image set, channel=095, metadata=DNA: Image missing from channel
Error for image set, channel=096, metadata=DNA: Image missing from channel
Error for image set, channel=097, metadata=DNA: Image missing from channel
Error for image set, channel=098, metadata=DNA: Image missing from channel
Error for image set, channel=099, metadata=DNA: Image missing from channel
Error for image set, channel=100, metadata=DNA: Image missing from channel
Error for image set, channel=101, metadata=DNA: Image missing from channel
Error for image set, channel=102, metadata=DNA: Image missing from channel
Error for image set, channel=103, metadata=DNA: Image missing from channel
Error for image set, channel=104, metadata=DNA: Image missing from channel
Error for image set, channel=105, metadata=DNA: Image missing from channel
Error for image set, channel=106, metadata=DNA: Image missing from channel
Error for image set, channel=107, metadata=DNA: Image missing from channel
Error for image set, channel=108, metadata=DNA: Image missing from channel
Error for image set, channel=109, metadata=DNA: Image missing from channel
Error for image set, channel=110, metadata=DNA: Image missing from channel
Error for image set, channel=111, metadata=DNA: Image missing from channel
Error for image set, channel=112, metadata=DNA: Image missing from channel
Error for image set, channel=113, metadata=DNA: Image missing from channel
Error for image set, channel=114, metadata=DNA: Image missing from channel
Error for image set, channel=115, metadata=DNA: Image missing from channel
Error for image set, channel=116, metadata=DNA: Image missing from channel
Error for image set, channel=117, metadata=DNA: Image missing from channel
Error for image set, channel=118, metadata=DNA: Image missing from channel
Error for image set, channel=119, metadata=DNA: Image missing from channel
Error for image set, channel=120, metadata=DNA: Image missing from channel
Error for image set, channel=121, metadata=DNA: Image missing from channel
Error for image set, channel=122, metadata=DNA: Image missing from channel
Error for image set, channel=123, metadata=DNA: Image missing from channel
Error for image set, channel=124, metadata=DNA: Image missing from channel
Error for image set, channel=125, metadata=DNA: Image missing from channel
Error for image set, channel=126, metadata=DNA: Image missing from channel
Error for image set, channel=127, metadata=DNA: Image missing from channel
Error for image set, channel=128, metadata=DNA: Image missing from channel
Error for image set, channel=129, metadata=DNA: Image missing from channel
Error for image set, channel=130, metadata=DNA: Image missing from channel
Error for image set, channel=131, metadata=DNA: Image missing from channel
Error for image set, channel=132, metadata=DNA: Image missing from channel
Error for image set, channel=133, metadata=DNA: Image missing from channel
Error for image set, channel=134, metadata=DNA: Image missing from channel
Error for image set, channel=135, metadata=DNA: Image missing from channel
Error for image set, channel=136, metadata=DNA: Image missing from channel
Error for image set, channel=137, metadata=DNA: Image missing from channel
Error for image set, channel=138, metadata=DNA: Image missing from channel
Error for image set, channel=139, metadata=DNA: Image missing from channel
Error for image set, channel=140, metadata=DNA: Image missing from channel
Error for image set, channel=141, metadata=DNA: Image missing from channel
Error for image set, channel=142, metadata=DNA: Image missing from channel
Error for image set, channel=143, metadata=DNA: Image missing from channel
Error for image set, channel=144, metadata=DNA: Image missing from channel
Error for image set, channel=145, metadata=DNA: Image missing from channel
Error for image set, channel=146, metadata=DNA: Image missing from channel
Error for image set, channel=147, metadata=DNA: Image missing from channel
Error for image set, channel=148, metadata=DNA: Image missing from channel
Error for image set, channel=149, metadata=DNA: Image missing from channel
Error for image set, channel=150, metadata=DNA: Image missing from channel
Times reported are CPU and Wall-clock times for each module
Wed Aug 19 16:55:56 2026: Image # 1, module Images # 1: CPU_time = 0.00 secs, Wall_time = 0.00 secs
Wed Aug 19 16:55:56 2026: Image # 1, module Metadata # 2: CPU_time = 0.00 secs, Wall_time = 0.00 secs
Wed Aug 19 16:55:56 2026: Image # 1, module NamesAndTypes # 3: CPU_time = 5.66 secs, Wall_time = 3.63 secs
Wed Aug 19 16:56:00 2026: Image # 1, module Groups # 4: CPU_time = 0.00 secs, Wall_time = 0.00 secs
Wed Aug 19 16:56:00 2026: Image # 1, module MaskImage # 5: CPU_time = 0.08 secs, Wall_time = 0.08 secs
Wed Aug 19 16:56:00 2026: Image # 1, module MaskImage # 6: CPU_time = 0.09 secs, Wall_time = 0.08 secs
Wed Aug 19 16:56:00 2026: Image # 1, module MaskImage # 7: CPU_time = 0.09 secs, Wall_time = 0.09 secs
Wed Aug 19 16:56:00 2026: Image # 1, module MaskObjects # 8: CPU_time = 0.49 secs, Wall_time = 0.49 secs
Wed Aug 19 16:56:01 2026: Image # 1, module MeasureObjectIntensity # 9: CPU_time = 4.42 secs, Wall_time = 4.42 secs
Wed Aug 19 16:56:05 2026: Image # 1, module MeasureGranularity # 10: CPU_time = 13.29 secs, Wall_time = 13.42 secs
Wed Aug 19 16:56:18 2026: Image # 1, module MeasureGranularity # 11: CPU_time = 19.95 secs, Wall_time = 19.94 secs
Wed Aug 19 16:56:38 2026: Image # 1, module MeasureObjectIntensityDistribution # 12: CPU_time = 5.61 secs, Wall_time = 5.61 secs
Wed Aug 19 16:56:44 2026: Image # 1, module MeasureTexture # 13: CPU_time = 1.35 secs, Wall_time = 1.35 secs
Wed Aug 19 16:56:45 2026: Image # 1, module MeasureColocalization # 14: CPU_time = 111.96 secs, Wall_time = 29.59 secs
Wed Aug 19 16:57:15 2026: Image # 1, module ExportToSpreadsheet # 15: CPU_time = 0.00 secs, Wall_time = 0.00 secs
Wed Aug 19 16:57:15 2026: Image # 2, module Images # 1: CPU_time = 0.00 secs, Wall_time = 0.00 secs
Wed Aug 19 16:57:15 2026: Image # 2, module Metadata # 2: CPU_time = 0.00 secs, Wall_time = 0.00 secs
Wed Aug 19 16:57:15 2026: Image # 2, module NamesAndTypes # 3: CPU_time = 5.06 secs, Wall_time = 3.90 secs
Wed Aug 19 16:57:19 2026: Image # 2, module Groups # 4: CPU_time = 0.00 secs, Wall_time = 0.00 secs
Wed Aug 19 16:57:19 2026: Image # 2, module MaskImage # 5: CPU_time = 0.09 secs, Wall_time = 0.07 secs
Wed Aug 19 16:57:19 2026: Image # 2, module MaskImage # 6: CPU_time = 0.07 secs, Wall_time = 0.07 secs
Wed Aug 19 16:57:19 2026: Image # 2, module MaskImage # 7: CPU_time = 0.09 secs, Wall_time = 0.10 secs
Wed Aug 19 16:57:19 2026: Image # 2, module MaskObjects # 8: CPU_time = 0.49 secs, Wall_time = 0.49 secs
Wed Aug 19 16:57:20 2026: Image # 2, module MeasureObjectIntensity # 9: CPU_time = 4.87 secs, Wall_time = 4.87 secs
Wed Aug 19 16:57:24 2026: Image # 2, module MeasureGranularity # 10: CPU_time = 13.75 secs, Wall_time = 13.74 secs
Wed Aug 19 16:57:38 2026: Image # 2, module MeasureGranularity # 11: CPU_time = 20.45 secs, Wall_time = 20.42 secs
Wed Aug 19 16:57:59 2026: Image # 2, module MeasureObjectIntensityDistribution # 12: CPU_time = 6.44 secs, Wall_time = 6.44 secs
Wed Aug 19 16:58:05 2026: Image # 2, module MeasureTexture # 13: CPU_time = 1.32 secs, Wall_time = 1.32 secs
Wed Aug 19 16:58:06 2026: Image # 2, module MeasureColocalization # 14: CPU_time = 99.95 secs, Wall_time = 26.83 secs
Wed Aug 19 16:58:33 2026: Image # 2, module ExportToSpreadsheet # 15: CPU_time = 0.00 secs, Wall_time = 0.00 secs
Wed Aug 19 16:58:33 2026: Image # 3, module Images # 1: CPU_time = 0.00 secs, Wall_time = 0.00 secs
Wed Aug 19 16:58:33 2026: Image # 3, module Metadata # 2: CPU_time = 0.00 secs, Wall_time = 0.00 secs
Wed Aug 19 16:58:33 2026: Image # 3, module NamesAndTypes # 3: CPU_time = 4.97 secs, Wall_time = 3.42 secs
Wed Aug 19 16:58:37 2026: Image # 3, module Groups # 4: CPU_time = 0.00 secs, Wall_time = 0.00 secs
Wed Aug 19 16:58:37 2026: Image # 3, module MaskImage # 5: CPU_time = 0.08 secs, Wall_time = 0.09 secs
Wed Aug 19 16:58:37 2026: Image # 3, module MaskImage # 6: CPU_time = 0.08 secs, Wall_time = 0.07 secs
Wed Aug 19 16:58:37 2026: Image # 3, module MaskImage # 7: CPU_time = 0.08 secs, Wall_time = 0.08 secs
Wed Aug 19 16:58:37 2026: Image # 3, module MaskObjects # 8: CPU_time = 0.42 secs, Wall_time = 0.41 secs
Wed Aug 19 16:58:37 2026: Image # 3, module MeasureObjectIntensity # 9: CPU_time = 5.47 secs, Wall_time = 5.46 secs
Wed Aug 19 16:58:43 2026: Image # 3, module MeasureGranularity # 10: CPU_time = 13.26 secs, Wall_time = 13.25 secs
Wed Aug 19 16:58:56 2026: Image # 3, module MeasureGranularity # 11: CPU_time = 19.85 secs, Wall_time = 19.84 secs
Wed Aug 19 16:59:16 2026: Image # 3, module MeasureObjectIntensityDistribution # 12: CPU_time = 6.26 secs, Wall_time = 6.27 secs
Wed Aug 19 16:59:22 2026: Image # 3, module MeasureTexture # 13: CPU_time = 1.15 secs, Wall_time = 1.14 secs
Wed Aug 19 16:59:23 2026: Image # 3, module MeasureColocalization # 14: CPU_time = 225.74 secs, Wall_time = 59.65 secs
Wed Aug 19 17:00:23 2026: Image # 3, module ExportToSpreadsheet # 15: CPU_time = 0.00 secs, Wall_time = 0.00 secs
Wed Aug 19 17:00:23 2026: Image # 4, module Images # 1: CPU_time = 0.00 secs, Wall_time = 0.00 secs
Wed Aug 19 17:00:23 2026: Image # 4, module Metadata # 2: CPU_time = 0.00 secs, Wall_time = 0.00 secs
Wed Aug 19 17:00:23 2026: Image # 4, module NamesAndTypes # 3: CPU_time = 4.48 secs, Wall_time = 3.55 secs
Wed Aug 19 17:00:26 2026: Image # 4, module Groups # 4: CPU_time = 0.00 secs, Wall_time = 0.00 secs
Wed Aug 19 17:00:26 2026: Image # 4, module MaskImage # 5: CPU_time = 0.08 secs, Wall_time = 0.08 secs
Wed Aug 19 17:00:27 2026: Image # 4, module MaskImage # 6: CPU_time = 0.06 secs, Wall_time = 0.06 secs
Wed Aug 19 17:00:27 2026: Image # 4, module MaskImage # 7: CPU_time = 0.08 secs, Wall_time = 0.07 secs
Wed Aug 19 17:00:27 2026: Image # 4, module MaskObjects # 8: CPU_time = 0.42 secs, Wall_time = 0.42 secs
Wed Aug 19 17:00:27 2026: Image # 4, module MeasureObjectIntensity # 9: CPU_time = 4.66 secs, Wall_time = 4.66 secs
Wed Aug 19 17:00:32 2026: Image # 4, module MeasureGranularity # 10: CPU_time = 13.58 secs, Wall_time = 13.56 secs
Wed Aug 19 17:00:45 2026: Image # 4, module MeasureGranularity # 11: CPU_time = 21.60 secs, Wall_time = 21.58 secs
Wed Aug 19 17:01:07 2026: Image # 4, module MeasureObjectIntensityDistribution # 12: CPU_time = 7.11 secs, Wall_time = 7.10 secs
Wed Aug 19 17:01:14 2026: Image # 4, module MeasureTexture # 13: CPU_time = 1.31 secs, Wall_time = 1.31 secs
Wed Aug 19 17:01:15 2026: Image # 4, module MeasureColocalization # 14: CPU_time = 219.53 secs, Wall_time = 57.53 secs
Wed Aug 19 17:02:13 2026: Image # 4, module ExportToSpreadsheet # 15: CPU_time = 0.00 secs, Wall_time = 0.00 secs
Wed Aug 19 17:02:13 2026: Image # 5, module Images # 1: CPU_time = 0.00 secs, Wall_time = 0.00 secs
Wed Aug 19 17:02:13 2026: Image # 5, module Metadata # 2: CPU_time = 0.00 secs, Wall_time = 0.00 secs
Wed Aug 19 17:02:13 2026: Image # 5, module NamesAndTypes # 3: CPU_time = 4.43 secs, Wall_time = 3.98 secs
Wed Aug 19 17:02:17 2026: Image # 5, module Groups # 4: CPU_time = 0.00 secs, Wall_time = 0.00 secs
Wed Aug 19 17:02:17 2026: Image # 5, module MaskImage # 5: CPU_time = 0.06 secs, Wall_time = 0.06 secs
Wed Aug 19 17:02:17 2026: Image # 5, module MaskImage # 6: CPU_time = 0.06 secs, Wall_time = 0.06 secs
Wed Aug 19 17:02:17 2026: Image # 5, module MaskImage # 7: CPU_time = 0.08 secs, Wall_time = 0.08 secs
Wed Aug 19 17:02:17 2026: Image # 5, module MaskObjects # 8: CPU_time = 0.44 secs, Wall_time = 0.43 secs
Wed Aug 19 17:02:17 2026: Image # 5, module MeasureObjectIntensity # 9: CPU_time = 7.88 secs, Wall_time = 7.88 secs
Wed Aug 19 17:02:25 2026: Image # 5, module MeasureGranularity # 10: CPU_time = 14.98 secs, Wall_time = 14.96 secs
Wed Aug 19 17:02:40 2026: Image # 5, module MeasureGranularity # 11: CPU_time = 31.85 secs, Wall_time = 31.83 secs
Wed Aug 19 17:03:12 2026: Image # 5, module MeasureObjectIntensityDistribution # 12: CPU_time = 11.29 secs, Wall_time = 11.29 secs
Wed Aug 19 17:03:23 2026: Image # 5, module MeasureTexture # 13: CPU_time = 1.55 secs, Wall_time = 1.55 secs
Wed Aug 19 17:03:25 2026: Image # 5, module MeasureColocalization # 14: CPU_time = 196.95 secs, Wall_time = 66.49 secs
Wed Aug 19 17:04:31 2026: Image # 5, module ExportToSpreadsheet # 15: CPU_time = 0.00 secs, Wall_time = 0.00 secs
Wed Aug 19 17:04:31 2026: Image # 6, module Images # 1: CPU_time = 0.00 secs, Wall_time = 0.00 secs
Wed Aug 19 17:04:31 2026: Image # 6, module Metadata # 2: CPU_time = 0.00 secs, Wall_time = 0.00 secs
Wed Aug 19 17:04:31 2026: Image # 6, module NamesAndTypes # 3: CPU_time = 4.70 secs, Wall_time = 3.31 secs
Wed Aug 19 17:04:35 2026: Image # 6, module Groups # 4: CPU_time = 0.00 secs, Wall_time = 0.00 secs
Wed Aug 19 17:04:35 2026: Image # 6, module MaskImage # 5: CPU_time = 0.08 secs, Wall_time = 0.07 secs
Wed Aug 19 17:04:35 2026: Image # 6, module MaskImage # 6: CPU_time = 0.06 secs, Wall_time = 0.07 secs
Wed Aug 19 17:04:35 2026: Image # 6, module MaskImage # 7: CPU_time = 0.09 secs, Wall_time = 0.09 secs
Wed Aug 19 17:04:35 2026: Image # 6, module MaskObjects # 8: CPU_time = 0.52 secs, Wall_time = 0.52 secs
Wed Aug 19 17:04:36 2026: Image # 6, module MeasureObjectIntensity # 9: CPU_time = 7.57 secs, Wall_time = 7.57 secs
Wed Aug 19 17:04:43 2026: Image # 6, module MeasureGranularity # 10: CPU_time = 13.56 secs, Wall_time = 13.54 secs
Wed Aug 19 17:04:57 2026: Image # 6, module MeasureGranularity # 11: CPU_time = 25.03 secs, Wall_time = 25.01 secs
Wed Aug 19 17:05:22 2026: Image # 6, module MeasureObjectIntensityDistribution # 12: CPU_time = 11.95 secs, Wall_time = 11.95 secs
Wed Aug 19 17:05:34 2026: Image # 6, module MeasureTexture # 13: CPU_time = 1.86 secs, Wall_time = 1.86 secs
Wed Aug 19 17:05:36 2026: Image # 6, module MeasureColocalization # 14: CPU_time = 144.23 secs, Wall_time = 49.60 secs
Wed Aug 19 17:06:25 2026: Image # 6, module ExportToSpreadsheet # 15: CPU_time = 0.00 secs, Wall_time = 0.00 secs
Wed Aug 19 17:06:25 2026: Image # 7, module Images # 1: CPU_time = 0.00 secs, Wall_time = 0.00 secs
Wed Aug 19 17:06:25 2026: Image # 7, module Metadata # 2: CPU_time = 0.00 secs, Wall_time = 0.00 secs
Wed Aug 19 17:06:25 2026: Image # 7, module NamesAndTypes # 3: CPU_time = 4.30 secs, Wall_time = 3.12 secs
Wed Aug 19 17:06:28 2026: Image # 7, module Groups # 4: CPU_time = 0.00 secs, Wall_time = 0.00 secs
Wed Aug 19 17:06:28 2026: Image # 7, module MaskImage # 5: CPU_time = 0.07 secs, Wall_time = 0.08 secs
Wed Aug 19 17:06:28 2026: Image # 7, module MaskImage # 6: CPU_time = 0.06 secs, Wall_time = 0.07 secs
Wed Aug 19 17:06:28 2026: Image # 7, module MaskImage # 7: CPU_time = 0.08 secs, Wall_time = 0.07 secs
Wed Aug 19 17:06:28 2026: Image # 7, module MaskObjects # 8: CPU_time = 0.46 secs, Wall_time = 0.46 secs
Wed Aug 19 17:06:29 2026: Image # 7, module MeasureObjectIntensity # 9: CPU_time = 5.98 secs, Wall_time = 5.98 secs
Wed Aug 19 17:06:35 2026: Image # 7, module MeasureGranularity # 10: CPU_time = 13.01 secs, Wall_time = 13.00 secs
Wed Aug 19 17:06:48 2026: Image # 7, module MeasureGranularity # 11: CPU_time = 24.95 secs, Wall_time = 24.93 secs
Wed Aug 19 17:07:13 2026: Image # 7, module MeasureObjectIntensityDistribution # 12: CPU_time = 9.70 secs, Wall_time = 9.69 secs
Wed Aug 19 17:07:23 2026: Image # 7, module MeasureTexture # 13: CPU_time = 1.56 secs, Wall_time = 1.55 secs
Wed Aug 19 17:07:24 2026: Image # 7, module MeasureColocalization # 14: CPU_time = 172.38 secs, Wall_time = 50.39 secs
Wed Aug 19 17:08:14 2026: Image # 7, module ExportToSpreadsheet # 15: CPU_time = 0.00 secs, Wall_time = 0.00 secs
Wed Aug 19 17:08:14 2026: Image # 8, module Images # 1: CPU_time = 0.00 secs, Wall_time = 0.00 secs
Wed Aug 19 17:08:14 2026: Image # 8, module Metadata # 2: CPU_time = 0.00 secs, Wall_time = 0.00 secs
Wed Aug 19 17:08:14 2026: Image # 8, module NamesAndTypes # 3: CPU_time = 4.38 secs, Wall_time = 3.10 secs
Wed Aug 19 17:08:18 2026: Image # 8, module Groups # 4: CPU_time = 0.00 secs, Wall_time = 0.00 secs
Wed Aug 19 17:08:18 2026: Image # 8, module MaskImage # 5: CPU_time = 0.07 secs, Wall_time = 0.07 secs
Wed Aug 19 17:08:18 2026: Image # 8, module MaskImage # 6: CPU_time = 0.07 secs, Wall_time = 0.07 secs
Wed Aug 19 17:08:18 2026: Image # 8, module MaskImage # 7: CPU_time = 0.07 secs, Wall_time = 0.08 secs
Wed Aug 19 17:08:18 2026: Image # 8, module MaskObjects # 8: CPU_time = 0.47 secs, Wall_time = 0.47 secs
Wed Aug 19 17:08:18 2026: Image # 8, module MeasureObjectIntensity # 9: CPU_time = 6.62 secs, Wall_time = 6.61 secs
Wed Aug 19 17:08:25 2026: Image # 8, module MeasureGranularity # 10: CPU_time = 12.71 secs, Wall_time = 12.70 secs
Wed Aug 19 17:08:38 2026: Image # 8, module MeasureGranularity # 11: CPU_time = 21.86 secs, Wall_time = 21.85 secs
Wed Aug 19 17:08:59 2026: Image # 8, module MeasureObjectIntensityDistribution # 12: CPU_time = 8.16 secs, Wall_time = 8.16 secs
Wed Aug 19 17:09:08 2026: Image # 8, module MeasureTexture # 13: CPU_time = 1.32 secs, Wall_time = 1.33 secs
Wed Aug 19 17:09:09 2026: Image # 8, module MeasureColocalization # 14: CPU_time = 171.18 secs, Wall_time = 50.96 secs
Wed Aug 19 17:10:00 2026: Image # 8, module ExportToSpreadsheet # 15: CPU_time = 0.00 secs, Wall_time = 0.00 secs
Wed Aug 19 17:10:00 2026: Image # 9, module Images # 1: CPU_time = 0.00 secs, Wall_time = 0.00 secs
Wed Aug 19 17:10:00 2026: Image # 9, module Metadata # 2: CPU_time = 0.00 secs, Wall_time = 0.00 secs
Wed Aug 19 17:10:00 2026: Image # 9, module NamesAndTypes # 3: CPU_time = 4.52 secs, Wall_time = 3.49 secs
Wed Aug 19 17:10:03 2026: Image # 9, module Groups # 4: CPU_time = 0.00 secs, Wall_time = 0.00 secs
Wed Aug 19 17:10:03 2026: Image # 9, module MaskImage # 5: CPU_time = 0.08 secs, Wall_time = 0.06 secs
Wed Aug 19 17:10:03 2026: Image # 9, module MaskImage # 6: CPU_time = 0.06 secs, Wall_time = 0.06 secs
Wed Aug 19 17:10:04 2026: Image # 9, module MaskImage # 7: CPU_time = 0.07 secs, Wall_time = 0.07 secs
Wed Aug 19 17:10:04 2026: Image # 9, module MaskObjects # 8: CPU_time = 0.39 secs, Wall_time = 0.40 secs
Wed Aug 19 17:10:04 2026: Image # 9, module MeasureObjectIntensity # 9: CPU_time = 3.94 secs, Wall_time = 3.93 secs
Wed Aug 19 17:10:08 2026: Image # 9, module MeasureGranularity # 10: CPU_time = 12.48 secs, Wall_time = 12.47 secs
Wed Aug 19 17:10:20 2026: Image # 9, module MeasureGranularity # 11: CPU_time = 20.01 secs, Wall_time = 19.99 secs
Wed Aug 19 17:10:40 2026: Image # 9, module MeasureObjectIntensityDistribution # 12: CPU_time = 6.90 secs, Wall_time = 6.90 secs
Wed Aug 19 17:10:47 2026: Image # 9, module MeasureTexture # 13: CPU_time = 1.30 secs, Wall_time = 1.29 secs
Wed Aug 19 17:10:49 2026: Image # 9, module MeasureColocalization # 14: CPU_time = 68.67 secs, Wall_time = 18.74 secs
Wed Aug 19 17:11:07 2026: Image # 9, module ExportToSpreadsheet # 15: CPU_time = 0.00 secs, Wall_time = 0.00 secs
Wed Aug 19 17:11:07 2026: Image # 10, module Images # 1: CPU_time = 0.00 secs, Wall_time = 0.00 secs
Wed Aug 19 17:11:07 2026: Image # 10, module Metadata # 2: CPU_time = 0.00 secs, Wall_time = 0.00 secs
Wed Aug 19 17:11:07 2026: Image # 10, module NamesAndTypes # 3: CPU_time = 4.82 secs, Wall_time = 3.91 secs
Wed Aug 19 17:11:11 2026: Image # 10, module Groups # 4: CPU_time = 0.00 secs, Wall_time = 0.00 secs
Wed Aug 19 17:11:11 2026: Image # 10, module MaskImage # 5: CPU_time = 0.07 secs, Wall_time = 0.07 secs
Wed Aug 19 17:11:11 2026: Image # 10, module MaskImage # 6: CPU_time = 0.06 secs, Wall_time = 0.08 secs
Wed Aug 19 17:11:11 2026: Image # 10, module MaskImage # 7: CPU_time = 0.08 secs, Wall_time = 0.08 secs
Wed Aug 19 17:11:12 2026: Image # 10, module MaskObjects # 8: CPU_time = 0.42 secs, Wall_time = 0.43 secs
Wed Aug 19 17:11:12 2026: Image # 10, module MeasureObjectIntensity # 9: CPU_time = 4.21 secs, Wall_time = 4.21 secs
Wed Aug 19 17:11:16 2026: Image # 10, module MeasureGranularity # 10: CPU_time = 13.38 secs, Wall_time = 13.38 secs
Wed Aug 19 17:11:30 2026: Image # 10, module MeasureGranularity # 11: CPU_time = 17.88 secs, Wall_time = 17.88 secs
Wed Aug 19 17:11:47 2026: Image # 10, module MeasureObjectIntensityDistribution # 12: CPU_time = 5.20 secs, Wall_time = 5.20 secs
Wed Aug 19 17:11:53 2026: Image # 10, module MeasureTexture # 13: CPU_time = 1.10 secs, Wall_time = 1.09 secs
Wed Aug 19 17:11:54 2026: Image # 10, module MeasureColocalization # 14: CPU_time = 45.97 secs, Wall_time = 12.76 secs
Wed Aug 19 17:12:06 2026: Image # 10, module ExportToSpreadsheet # 15: CPU_time = 0.00 secs, Wall_time = 0.00 secs
Wed Aug 19 17:12:07 2026: Image # 11, module Images # 1: CPU_time = 0.00 secs, Wall_time = 0.00 secs
Wed Aug 19 17:12:07 2026: Image # 11, module Metadata # 2: CPU_time = 0.00 secs, Wall_time = 0.00 secs
Wed Aug 19 17:12:07 2026: Image # 11, module NamesAndTypes # 3: CPU_time = 5.01 secs, Wall_time = 3.52 secs
Wed Aug 19 17:12:10 2026: Image # 11, module Groups # 4: CPU_time = 0.00 secs, Wall_time = 0.00 secs
Wed Aug 19 17:12:10 2026: Image # 11, module MaskImage # 5: CPU_time = 0.07 secs, Wall_time = 0.07 secs
Wed Aug 19 17:12:10 2026: Image # 11, module MaskImage # 6: CPU_time = 0.08 secs, Wall_time = 0.07 secs
Wed Aug 19 17:12:10 2026: Image # 11, module MaskImage # 7: CPU_time = 0.10 secs, Wall_time = 0.10 secs
Wed Aug 19 17:12:10 2026: Image # 11, module MaskObjects # 8: CPU_time = 0.43 secs, Wall_time = 0.43 secs
Wed Aug 19 17:12:11 2026: Image # 11, module MeasureObjectIntensity # 9: CPU_time = 3.94 secs, Wall_time = 3.93 secs
Wed Aug 19 17:12:15 2026: Image # 11, module MeasureGranularity # 10: CPU_time = 12.81 secs, Wall_time = 12.80 secs
Wed Aug 19 17:12:27 2026: Image # 11, module MeasureGranularity # 11: CPU_time = 16.56 secs, Wall_time = 16.55 secs
Wed Aug 19 17:12:44 2026: Image # 11, module MeasureObjectIntensityDistribution # 12: CPU_time = 5.67 secs, Wall_time = 5.66 secs
Wed Aug 19 17:12:50 2026: Image # 11, module MeasureTexture # 13: CPU_time = 1.10 secs, Wall_time = 1.09 secs
Wed Aug 19 17:12:51 2026: Image # 11, module MeasureColocalization # 14: CPU_time = 26.74 secs, Wall_time = 7.80 secs
Wed Aug 19 17:12:59 2026: Image # 11, module ExportToSpreadsheet # 15: CPU_time = 0.00 secs, Wall_time = 0.00 secs
Wed Aug 19 17:12:59 2026: Image # 12, module Images # 1: CPU_time = 0.00 secs, Wall_time = 0.00 secs
Wed Aug 19 17:12:59 2026: Image # 12, module Metadata # 2: CPU_time = 0.00 secs, Wall_time = 0.00 secs
Wed Aug 19 17:12:59 2026: Image # 12, module NamesAndTypes # 3: CPU_time = 5.04 secs, Wall_time = 3.89 secs
Wed Aug 19 17:13:02 2026: Image # 12, module Groups # 4: CPU_time = 0.00 secs, Wall_time = 0.00 secs
Wed Aug 19 17:13:02 2026: Image # 12, module MaskImage # 5: CPU_time = 0.08 secs, Wall_time = 0.09 secs
Wed Aug 19 17:13:03 2026: Image # 12, module MaskImage # 6: CPU_time = 0.07 secs, Wall_time = 0.07 secs
Wed Aug 19 17:13:03 2026: Image # 12, module MaskImage # 7: CPU_time = 0.09 secs, Wall_time = 0.08 secs
Wed Aug 19 17:13:03 2026: Image # 12, module MaskObjects # 8: CPU_time = 0.47 secs, Wall_time = 0.47 secs
Wed Aug 19 17:13:03 2026: Image # 12, module MeasureObjectIntensity # 9: CPU_time = 5.61 secs, Wall_time = 5.60 secs
Wed Aug 19 17:13:09 2026: Image # 12, module MeasureGranularity # 10: CPU_time = 11.93 secs, Wall_time = 11.91 secs
Wed Aug 19 17:13:21 2026: Image # 12, module MeasureGranularity # 11: CPU_time = 21.74 secs, Wall_time = 21.72 secs
Wed Aug 19 17:13:42 2026: Image # 12, module MeasureObjectIntensityDistribution # 12: CPU_time = 8.29 secs, Wall_time = 8.28 secs
Wed Aug 19 17:13:51 2026: Image # 12, module MeasureTexture # 13: CPU_time = 1.36 secs, Wall_time = 1.36 secs
Wed Aug 19 17:13:52 2026: Image # 12, module MeasureColocalization # 14: CPU_time = 111.65 secs, Wall_time = 30.99 secs
Wed Aug 19 17:14:23 2026: Image # 12, module ExportToSpreadsheet # 15: CPU_time = 0.00 secs, Wall_time = 0.00 secs
Wed Aug 19 17:14:23 2026: Image # 13, module Images # 1: CPU_time = 0.00 secs, Wall_time = 0.00 secs
Wed Aug 19 17:14:23 2026: Image # 13, module Metadata # 2: CPU_time = 0.00 secs, Wall_time = 0.00 secs
Wed Aug 19 17:14:23 2026: Image # 13, module NamesAndTypes # 3: CPU_time = 5.14 secs, Wall_time = 3.74 secs
Wed Aug 19 17:14:27 2026: Image # 13, module Groups # 4: CPU_time = 0.00 secs, Wall_time = 0.00 secs
Wed Aug 19 17:14:27 2026: Image # 13, module MaskImage # 5: CPU_time = 0.07 secs, Wall_time = 0.07 secs
Wed Aug 19 17:14:27 2026: Image # 13, module MaskImage # 6: CPU_time = 0.07 secs, Wall_time = 0.07 secs
Wed Aug 19 17:14:27 2026: Image # 13, module MaskImage # 7: CPU_time = 0.10 secs, Wall_time = 0.10 secs
Wed Aug 19 17:14:27 2026: Image # 13, module MaskObjects # 8: CPU_time = 0.48 secs, Wall_time = 0.48 secs
Wed Aug 19 17:14:28 2026: Image # 13, module MeasureObjectIntensity # 9: CPU_time = 5.80 secs, Wall_time = 5.79 secs
Wed Aug 19 17:14:33 2026: Image # 13, module MeasureGranularity # 10: CPU_time = 14.31 secs, Wall_time = 14.30 secs
Wed Aug 19 17:14:48 2026: Image # 13, module MeasureGranularity # 11: CPU_time = 22.16 secs, Wall_time = 22.14 secs
Wed Aug 19 17:15:10 2026: Image # 13, module MeasureObjectIntensityDistribution # 12: CPU_time = 8.03 secs, Wall_time = 8.02 secs
Wed Aug 19 17:15:18 2026: Image # 13, module MeasureTexture # 13: CPU_time = 1.38 secs, Wall_time = 1.37 secs
Wed Aug 19 17:15:19 2026: Image # 13, module MeasureColocalization # 14: CPU_time = 214.10 secs, Wall_time = 57.28 secs
Wed Aug 19 17:16:16 2026: Image # 13, module ExportToSpreadsheet # 15: CPU_time = 0.00 secs, Wall_time = 0.00 secs
Wed Aug 19 17:16:16 2026: Image # 14, module Images # 1: CPU_time = 0.00 secs, Wall_time = 0.00 secs
Wed Aug 19 17:16:16 2026: Image # 14, module Metadata # 2: CPU_time = 0.00 secs, Wall_time = 0.00 secs
Wed Aug 19 17:16:17 2026: Image # 14, module NamesAndTypes # 3: CPU_time = 5.00 secs, Wall_time = 3.25 secs
Wed Aug 19 17:16:20 2026: Image # 14, module Groups # 4: CPU_time = 0.00 secs, Wall_time = 0.00 secs
Wed Aug 19 17:16:20 2026: Image # 14, module MaskImage # 5: CPU_time = 0.07 secs, Wall_time = 0.07 secs
Wed Aug 19 17:16:20 2026: Image # 14, module MaskImage # 6: CPU_time = 0.08 secs, Wall_time = 0.08 secs
Wed Aug 19 17:16:20 2026: Image # 14, module MaskImage # 7: CPU_time = 0.09 secs, Wall_time = 0.09 secs
Wed Aug 19 17:16:20 2026: Image # 14, module MaskObjects # 8: CPU_time = 0.51 secs, Wall_time = 0.51 secs
Wed Aug 19 17:16:21 2026: Image # 14, module MeasureObjectIntensity # 9: CPU_time = 6.09 secs, Wall_time = 6.08 secs
Wed Aug 19 17:16:27 2026: Image # 14, module MeasureGranularity # 10: CPU_time = 13.95 secs, Wall_time = 13.93 secs
Wed Aug 19 17:16:41 2026: Image # 14, module MeasureGranularity # 11: CPU_time = 22.85 secs, Wall_time = 22.83 secs
Wed Aug 19 17:17:03 2026: Image # 14, module MeasureObjectIntensityDistribution # 12: CPU_time = 7.76 secs, Wall_time = 7.75 secs
Wed Aug 19 17:17:11 2026: Image # 14, module MeasureTexture # 13: CPU_time = 1.18 secs, Wall_time = 1.18 secs
Wed Aug 19 17:17:12 2026: Image # 14, module MeasureColocalization # 14: CPU_time = 305.61 secs, Wall_time = 84.79 secs
Wed Aug 19 17:18:37 2026: Image # 14, module ExportToSpreadsheet # 15: CPU_time = 0.00 secs, Wall_time = 0.00 secs
Wed Aug 19 17:18:37 2026: Image # 15, module Images # 1: CPU_time = 0.00 secs, Wall_time = 0.00 secs
Wed Aug 19 17:18:37 2026: Image # 15, module Metadata # 2: CPU_time = 0.00 secs, Wall_time = 0.00 secs
Wed Aug 19 17:18:37 2026: Image # 15, module NamesAndTypes # 3: CPU_time = 5.10 secs, Wall_time = 3.49 secs
Wed Aug 19 17:18:41 2026: Image # 15, module Groups # 4: CPU_time = 0.00 secs, Wall_time = 0.00 secs
Wed Aug 19 17:18:41 2026: Image # 15, module MaskImage # 5: CPU_time = 0.09 secs, Wall_time = 0.09 secs
Wed Aug 19 17:18:41 2026: Image # 15, module MaskImage # 6: CPU_time = 0.08 secs, Wall_time = 0.07 secs
Wed Aug 19 17:18:41 2026: Image # 15, module MaskImage # 7: CPU_time = 0.07 secs, Wall_time = 0.08 secs
Wed Aug 19 17:18:41 2026: Image # 15, module MaskObjects # 8: CPU_time = 0.44 secs, Wall_time = 0.43 secs
Wed Aug 19 17:18:41 2026: Image # 15, module MeasureObjectIntensity # 9: CPU_time = 4.40 secs, Wall_time = 4.41 secs
Wed Aug 19 17:18:46 2026: Image # 15, module MeasureGranularity # 10: CPU_time = 13.12 secs, Wall_time = 13.10 secs
Wed Aug 19 17:18:59 2026: Image # 15, module MeasureGranularity # 11: CPU_time = 19.84 secs, Wall_time = 19.83 secs
Wed Aug 19 17:19:19 2026: Image # 15, module MeasureObjectIntensityDistribution # 12: CPU_time = 6.09 secs, Wall_time = 6.08 secs
Wed Aug 19 17:19:25 2026: Image # 15, module MeasureTexture # 13: CPU_time = 1.08 secs, Wall_time = 1.08 secs
Wed Aug 19 17:19:26 2026: Image # 15, module MeasureColocalization # 14: CPU_time = 138.89 secs, Wall_time = 36.36 secs
Wed Aug 19 17:20:02 2026: Image # 15, module ExportToSpreadsheet # 15: CPU_time = 0.00 secs, Wall_time = 0.00 secs
Wed Aug 19 17:20:02 2026: Image # 16, module Images # 1: CPU_time = 0.00 secs, Wall_time = 0.00 secs
Wed Aug 19 17:20:02 2026: Image # 16, module Metadata # 2: CPU_time = 0.00 secs, Wall_time = 0.00 secs
Wed Aug 19 17:20:02 2026: Image # 16, module NamesAndTypes # 3: CPU_time = 5.16 secs, Wall_time = 3.70 secs
Wed Aug 19 17:20:06 2026: Image # 16, module Groups # 4: CPU_time = 0.00 secs, Wall_time = 0.00 secs
Wed Aug 19 17:20:06 2026: Image # 16, module MaskImage # 5: CPU_time = 0.09 secs, Wall_time = 0.09 secs
Wed Aug 19 17:20:06 2026: Image # 16, module MaskImage # 6: CPU_time = 0.07 secs, Wall_time = 0.07 secs
Wed Aug 19 17:20:06 2026: Image # 16, module MaskImage # 7: CPU_time = 0.08 secs, Wall_time = 0.08 secs
Wed Aug 19 17:20:06 2026: Image # 16, module MaskObjects # 8: CPU_time = 0.45 secs, Wall_time = 0.45 secs
Wed Aug 19 17:20:07 2026: Image # 16, module MeasureObjectIntensity # 9: CPU_time = 4.14 secs, Wall_time = 4.14 secs
Wed Aug 19 17:20:11 2026: Image # 16, module MeasureGranularity # 10: CPU_time = 12.49 secs, Wall_time = 12.47 secs
Wed Aug 19 17:20:23 2026: Image # 16, module MeasureGranularity # 11: CPU_time = 18.92 secs, Wall_time = 18.91 secs
Wed Aug 19 17:20:42 2026: Image # 16, module MeasureObjectIntensityDistribution # 12: CPU_time = 4.91 secs, Wall_time = 4.91 secs
Wed Aug 19 17:20:47 2026: Image # 16, module MeasureTexture # 13: CPU_time = 1.30 secs, Wall_time = 1.29 secs
Wed Aug 19 17:20:48 2026: Image # 16, module MeasureColocalization # 14: CPU_time = 88.88 secs, Wall_time = 23.68 secs
Wed Aug 19 17:21:12 2026: Image # 16, module ExportToSpreadsheet # 15: CPU_time = 0.00 secs, Wall_time = 0.00 secs
Wed Aug 19 17:21:12 2026: Image # 17, module Images # 1: CPU_time = 0.00 secs, Wall_time = 0.00 secs
Wed Aug 19 17:21:12 2026: Image # 17, module Metadata # 2: CPU_time = 0.00 secs, Wall_time = 0.00 secs
Wed Aug 19 17:21:12 2026: Image # 17, module NamesAndTypes # 3: CPU_time = 4.92 secs, Wall_time = 3.77 secs
Wed Aug 19 17:21:16 2026: Image # 17, module Groups # 4: CPU_time = 0.00 secs, Wall_time = 0.00 secs
Wed Aug 19 17:21:16 2026: Image # 17, module MaskImage # 5: CPU_time = 0.07 secs, Wall_time = 0.07 secs
Wed Aug 19 17:21:16 2026: Image # 17, module MaskImage # 6: CPU_time = 0.07 secs, Wall_time = 0.07 secs
Wed Aug 19 17:21:16 2026: Image # 17, module MaskImage # 7: CPU_time = 0.11 secs, Wall_time = 0.10 secs
Wed Aug 19 17:21:16 2026: Image # 17, module MaskObjects # 8: CPU_time = 0.48 secs, Wall_time = 0.48 secs
Wed Aug 19 17:21:17 2026: Image # 17, module MeasureObjectIntensity # 9: CPU_time = 4.31 secs, Wall_time = 4.31 secs
Wed Aug 19 17:21:21 2026: Image # 17, module MeasureGranularity # 10: CPU_time = 11.95 secs, Wall_time = 11.95 secs
Wed Aug 19 17:21:33 2026: Image # 17, module MeasureGranularity # 11: CPU_time = 18.99 secs, Wall_time = 18.98 secs
Wed Aug 19 17:21:52 2026: Image # 17, module MeasureObjectIntensityDistribution # 12: CPU_time = 5.96 secs, Wall_time = 5.96 secs
Wed Aug 19 17:21:58 2026: Image # 17, module MeasureTexture # 13: CPU_time = 1.30 secs, Wall_time = 1.30 secs
Wed Aug 19 17:21:59 2026: Image # 17, module MeasureColocalization # 14: CPU_time = 135.08 secs, Wall_time = 35.77 secs
Wed Aug 19 17:22:35 2026: Image # 17, module ExportToSpreadsheet # 15: CPU_time = 0.01 secs, Wall_time = 0.00 secs
Wed Aug 19 17:22:35 2026: Image # 18, module Images # 1: CPU_time = 0.00 secs, Wall_time = 0.00 secs
Wed Aug 19 17:22:35 2026: Image # 18, module Metadata # 2: CPU_time = 0.00 secs, Wall_time = 0.00 secs
Wed Aug 19 17:22:35 2026: Image # 18, module NamesAndTypes # 3: CPU_time = 4.82 secs, Wall_time = 3.24 secs
Wed Aug 19 17:22:38 2026: Image # 18, module Groups # 4: CPU_time = 0.00 secs, Wall_time = 0.00 secs
Wed Aug 19 17:22:38 2026: Image # 18, module MaskImage # 5: CPU_time = 0.07 secs, Wall_time = 0.08 secs
Wed Aug 19 17:22:38 2026: Image # 18, module MaskImage # 6: CPU_time = 0.08 secs, Wall_time = 0.08 secs
Wed Aug 19 17:22:38 2026: Image # 18, module MaskImage # 7: CPU_time = 0.08 secs, Wall_time = 0.08 secs
Wed Aug 19 17:22:38 2026: Image # 18, module MaskObjects # 8: CPU_time = 0.47 secs, Wall_time = 0.46 secs
Wed Aug 19 17:22:39 2026: Image # 18, module MeasureObjectIntensity # 9: CPU_time = 4.81 secs, Wall_time = 4.81 secs
Wed Aug 19 17:22:44 2026: Image # 18, module MeasureGranularity # 10: CPU_time = 13.04 secs, Wall_time = 13.03 secs
Wed Aug 19 17:22:57 2026: Image # 18, module MeasureGranularity # 11: CPU_time = 20.33 secs, Wall_time = 20.31 secs
Wed Aug 19 17:23:17 2026: Image # 18, module MeasureObjectIntensityDistribution # 12: CPU_time = 5.68 secs, Wall_time = 5.67 secs
Wed Aug 19 17:23:23 2026: Image # 18, module MeasureTexture # 13: CPU_time = 1.10 secs, Wall_time = 1.11 secs
/lab/cheeseman_sequencing/jhe/miniforge3/envs/cellprofiler_env/lib/python3.8/site-packages/scipy/stats/_stats_py.py:4424: ConstantInputWarning: An input array is constant; the correlation coefficient is not defined.
  warnings.warn(stats.ConstantInputWarning(msg))
Wed Aug 19 17:23:24 2026: Image # 18, module MeasureColocalization # 14: CPU_time = 53.41 secs, Wall_time = 14.99 secs
Wed Aug 19 17:23:39 2026: Image # 18, module ExportToSpreadsheet # 15: CPU_time = 0.00 secs, Wall_time = 0.00 secs
Wed Aug 19 17:23:39 2026: Image # 19, module Images # 1: CPU_time = 0.00 secs, Wall_time = 0.00 secs
Wed Aug 19 17:23:39 2026: Image # 19, module Metadata # 2: CPU_time = 0.00 secs, Wall_time = 0.00 secs
Wed Aug 19 17:23:39 2026: Image # 19, module NamesAndTypes # 3: CPU_time = 4.72 secs, Wall_time = 3.46 secs
Wed Aug 19 17:23:42 2026: Image # 19, module Groups # 4: CPU_time = 0.00 secs, Wall_time = 0.00 secs
Wed Aug 19 17:23:42 2026: Image # 19, module MaskImage # 5: CPU_time = 0.09 secs, Wall_time = 0.09 secs
Wed Aug 19 17:23:42 2026: Image # 19, module MaskImage # 6: CPU_time = 0.08 secs, Wall_time = 0.07 secs
Wed Aug 19 17:23:42 2026: Image # 19, module MaskImage # 7: CPU_time = 0.08 secs, Wall_time = 0.08 secs
Wed Aug 19 17:23:42 2026: Image # 19, module MaskObjects # 8: CPU_time = 0.48 secs, Wall_time = 0.48 secs
Wed Aug 19 17:23:43 2026: Image # 19, module MeasureObjectIntensity # 9: CPU_time = 4.06 secs, Wall_time = 4.05 secs
Wed Aug 19 17:23:47 2026: Image # 19, module MeasureGranularity # 10: CPU_time = 13.47 secs, Wall_time = 13.47 secs
Wed Aug 19 17:24:00 2026: Image # 19, module MeasureGranularity # 11: CPU_time = 19.58 secs, Wall_time = 19.56 secs
Wed Aug 19 17:24:20 2026: Image # 19, module MeasureObjectIntensityDistribution # 12: CPU_time = 6.43 secs, Wall_time = 6.42 secs
Wed Aug 19 17:24:26 2026: Image # 19, module MeasureTexture # 13: CPU_time = 1.33 secs, Wall_time = 1.34 secs
Wed Aug 19 17:24:28 2026: Image # 19, module MeasureColocalization # 14: CPU_time = 33.47 secs, Wall_time = 10.12 secs
Wed Aug 19 17:24:38 2026: Image # 19, module ExportToSpreadsheet # 15: CPU_time = 0.00 secs, Wall_time = 0.00 secs
Wed Aug 19 17:24:38 2026: Image # 20, module Images # 1: CPU_time = 0.00 secs, Wall_time = 0.00 secs
Wed Aug 19 17:24:38 2026: Image # 20, module Metadata # 2: CPU_time = 0.00 secs, Wall_time = 0.00 secs
Wed Aug 19 17:24:38 2026: Image # 20, module NamesAndTypes # 3: CPU_time = 4.95 secs, Wall_time = 3.59 secs
Wed Aug 19 17:24:41 2026: Image # 20, module Groups # 4: CPU_time = 0.00 secs, Wall_time = 0.00 secs
Wed Aug 19 17:24:41 2026: Image # 20, module MaskImage # 5: CPU_time = 0.08 secs, Wall_time = 0.09 secs
Wed Aug 19 17:24:42 2026: Image # 20, module MaskImage # 6: CPU_time = 0.08 secs, Wall_time = 0.07 secs
Wed Aug 19 17:24:42 2026: Image # 20, module MaskImage # 7: CPU_time = 0.07 secs, Wall_time = 0.07 secs
Wed Aug 19 17:24:42 2026: Image # 20, module MaskObjects # 8: CPU_time = 0.42 secs, Wall_time = 0.42 secs
Wed Aug 19 17:24:42 2026: Image # 20, module MeasureObjectIntensity # 9: CPU_time = 6.51 secs, Wall_time = 6.50 secs
Wed Aug 19 17:24:49 2026: Image # 20, module MeasureGranularity # 10: CPU_time = 13.89 secs, Wall_time = 13.87 secs
Wed Aug 19 17:25:03 2026: Image # 20, module MeasureGranularity # 11: CPU_time = 24.71 secs, Wall_time = 24.69 secs
Wed Aug 19 17:25:27 2026: Image # 20, module MeasureObjectIntensityDistribution # 12: CPU_time = 8.07 secs, Wall_time = 8.06 secs
Wed Aug 19 17:25:35 2026: Image # 20, module MeasureTexture # 13: CPU_time = 1.34 secs, Wall_time = 1.34 secs
Wed Aug 19 17:25:37 2026: Image # 20, module MeasureColocalization # 14: CPU_time = 53.15 secs, Wall_time = 17.31 secs
Wed Aug 19 17:25:54 2026: Image # 20, module ExportToSpreadsheet # 15: CPU_time = 0.00 secs, Wall_time = 0.00 secs
Wed Aug 19 17:25:54 2026: Image # 21, module Images # 1: CPU_time = 0.00 secs, Wall_time = 0.00 secs
Wed Aug 19 17:25:54 2026: Image # 21, module Metadata # 2: CPU_time = 0.00 secs, Wall_time = 0.00 secs
Wed Aug 19 17:25:54 2026: Image # 21, module NamesAndTypes # 3: CPU_time = 5.11 secs, Wall_time = 3.86 secs
Wed Aug 19 17:25:58 2026: Image # 21, module Groups # 4: CPU_time = 0.00 secs, Wall_time = 0.00 secs
Wed Aug 19 17:25:58 2026: Image # 21, module MaskImage # 5: CPU_time = 0.07 secs, Wall_time = 0.07 secs
Wed Aug 19 17:25:58 2026: Image # 21, module MaskImage # 6: CPU_time = 0.08 secs, Wall_time = 0.07 secs
Wed Aug 19 17:25:58 2026: Image # 21, module MaskImage # 7: CPU_time = 0.10 secs, Wall_time = 0.10 secs
Wed Aug 19 17:25:58 2026: Image # 21, module MaskObjects # 8: CPU_time = 0.49 secs, Wall_time = 0.49 secs
Wed Aug 19 17:25:59 2026: Image # 21, module MeasureObjectIntensity # 9: CPU_time = 4.80 secs, Wall_time = 4.81 secs
Wed Aug 19 17:26:03 2026: Image # 21, module MeasureGranularity # 10: CPU_time = 14.06 secs, Wall_time = 14.04 secs
Wed Aug 19 17:26:17 2026: Image # 21, module MeasureGranularity # 11: CPU_time = 20.63 secs, Wall_time = 20.61 secs
Wed Aug 19 17:26:38 2026: Image # 21, module MeasureObjectIntensityDistribution # 12: CPU_time = 7.31 secs, Wall_time = 7.30 secs
Wed Aug 19 17:26:45 2026: Image # 21, module MeasureTexture # 13: CPU_time = 1.40 secs, Wall_time = 1.40 secs
Wed Aug 19 17:26:47 2026: Image # 21, module MeasureColocalization # 14: CPU_time = 42.34 secs, Wall_time = 12.82 secs
Wed Aug 19 17:27:00 2026: Image # 21, module ExportToSpreadsheet # 15: CPU_time = 0.00 secs, Wall_time = 0.00 secs
Wed Aug 19 17:27:00 2026: Image # 22, module Images # 1: CPU_time = 0.00 secs, Wall_time = 0.00 secs
Wed Aug 19 17:27:00 2026: Image # 22, module Metadata # 2: CPU_time = 0.00 secs, Wall_time = 0.00 secs
Wed Aug 19 17:27:00 2026: Image # 22, module NamesAndTypes # 3: CPU_time = 4.52 secs, Wall_time = 3.84 secs
Wed Aug 19 17:27:03 2026: Image # 22, module Groups # 4: CPU_time = 0.00 secs, Wall_time = 0.00 secs
Wed Aug 19 17:27:03 2026: Image # 22, module MaskImage # 5: CPU_time = 0.07 secs, Wall_time = 0.07 secs
Wed Aug 19 17:27:03 2026: Image # 22, module MaskImage # 6: CPU_time = 0.08 secs, Wall_time = 0.08 secs
Wed Aug 19 17:27:04 2026: Image # 22, module MaskImage # 7: CPU_time = 0.10 secs, Wall_time = 0.10 secs
Wed Aug 19 17:27:04 2026: Image # 22, module MaskObjects # 8: CPU_time = 0.46 secs, Wall_time = 0.46 secs
Wed Aug 19 17:27:04 2026: Image # 22, module MeasureObjectIntensity # 9: CPU_time = 3.81 secs, Wall_time = 3.81 secs
Wed Aug 19 17:27:08 2026: Image # 22, module MeasureGranularity # 10: CPU_time = 12.26 secs, Wall_time = 12.24 secs
Wed Aug 19 17:27:20 2026: Image # 22, module MeasureGranularity # 11: CPU_time = 16.66 secs, Wall_time = 16.64 secs
Wed Aug 19 17:27:37 2026: Image # 22, module MeasureObjectIntensityDistribution # 12: CPU_time = 5.55 secs, Wall_time = 5.56 secs
Wed Aug 19 17:27:42 2026: Image # 22, module MeasureTexture # 13: CPU_time = 1.34 secs, Wall_time = 1.34 secs
Wed Aug 19 17:27:44 2026: Image # 22, module MeasureColocalization # 14: CPU_time = 120.90 secs, Wall_time = 31.43 secs
Wed Aug 19 17:28:15 2026: Image # 22, module ExportToSpreadsheet # 15: CPU_time = 0.00 secs, Wall_time = 0.00 secs
Wed Aug 19 17:28:15 2026: Image # 23, module Images # 1: CPU_time = 0.00 secs, Wall_time = 0.00 secs
Wed Aug 19 17:28:15 2026: Image # 23, module Metadata # 2: CPU_time = 0.00 secs, Wall_time = 0.00 secs
Wed Aug 19 17:28:15 2026: Image # 23, module NamesAndTypes # 3: CPU_time = 4.10 secs, Wall_time = 3.19 secs
Wed Aug 19 17:28:18 2026: Image # 23, module Groups # 4: CPU_time = 0.00 secs, Wall_time = 0.00 secs
Wed Aug 19 17:28:18 2026: Image # 23, module MaskImage # 5: CPU_time = 0.08 secs, Wall_time = 0.07 secs
Wed Aug 19 17:28:18 2026: Image # 23, module MaskImage # 6: CPU_time = 0.06 secs, Wall_time = 0.07 secs
Wed Aug 19 17:28:19 2026: Image # 23, module MaskImage # 7: CPU_time = 0.09 secs, Wall_time = 0.09 secs
Wed Aug 19 17:28:19 2026: Image # 23, module MaskObjects # 8: CPU_time = 0.42 secs, Wall_time = 0.42 secs
Wed Aug 19 17:28:19 2026: Image # 23, module MeasureObjectIntensity # 9: CPU_time = 6.79 secs, Wall_time = 6.77 secs
Wed Aug 19 17:28:26 2026: Image # 23, module MeasureGranularity # 10: CPU_time = 14.21 secs, Wall_time = 14.21 secs
Wed Aug 19 17:28:40 2026: Image # 23, module MeasureGranularity # 11: CPU_time = 24.10 secs, Wall_time = 24.08 secs
Wed Aug 19 17:29:04 2026: Image # 23, module MeasureObjectIntensityDistribution # 12: CPU_time = 8.52 secs, Wall_time = 8.52 secs
Wed Aug 19 17:29:13 2026: Image # 23, module MeasureTexture # 13: CPU_time = 1.60 secs, Wall_time = 1.59 secs
Wed Aug 19 17:29:14 2026: Image # 23, module MeasureColocalization # 14: CPU_time = 72.47 secs, Wall_time = 21.31 secs
Wed Aug 19 17:29:36 2026: Image # 23, module ExportToSpreadsheet # 15: CPU_time = 0.00 secs, Wall_time = 0.00 secs
Wed Aug 19 17:29:36 2026: Image # 24, module Images # 1: CPU_time = 0.00 secs, Wall_time = 0.00 secs
Wed Aug 19 17:29:36 2026: Image # 24, module Metadata # 2: CPU_time = 0.00 secs, Wall_time = 0.00 secs
Wed Aug 19 17:29:36 2026: Image # 24, module NamesAndTypes # 3: CPU_time = 4.78 secs, Wall_time = 3.70 secs
Wed Aug 19 17:29:39 2026: Image # 24, module Groups # 4: CPU_time = 0.00 secs, Wall_time = 0.00 secs
Wed Aug 19 17:29:39 2026: Image # 24, module MaskImage # 5: CPU_time = 0.06 secs, Wall_time = 0.07 secs
Wed Aug 19 17:29:39 2026: Image # 24, module MaskImage # 6: CPU_time = 0.08 secs, Wall_time = 0.08 secs
Wed Aug 19 17:29:39 2026: Image # 24, module MaskImage # 7: CPU_time = 0.10 secs, Wall_time = 0.10 secs
Wed Aug 19 17:29:39 2026: Image # 24, module MaskObjects # 8: CPU_time = 0.48 secs, Wall_time = 0.48 secs
Wed Aug 19 17:29:40 2026: Image # 24, module MeasureObjectIntensity # 9: CPU_time = 7.38 secs, Wall_time = 7.38 secs
Wed Aug 19 17:29:47 2026: Image # 24, module MeasureGranularity # 10: CPU_time = 13.89 secs, Wall_time = 13.88 secs
Wed Aug 19 17:30:01 2026: Image # 24, module MeasureGranularity # 11: CPU_time = 24.98 secs, Wall_time = 24.96 secs
Wed Aug 19 17:30:26 2026: Image # 24, module MeasureObjectIntensityDistribution # 12: CPU_time = 9.17 secs, Wall_time = 9.16 secs
Wed Aug 19 17:30:35 2026: Image # 24, module MeasureTexture # 13: CPU_time = 1.58 secs, Wall_time = 1.60 secs
Wed Aug 19 17:30:37 2026: Image # 24, module MeasureColocalization # 14: CPU_time = 181.84 secs, Wall_time = 49.06 secs
Wed Aug 19 17:31:26 2026: Image # 24, module ExportToSpreadsheet # 15: CPU_time = 0.00 secs, Wall_time = 0.00 secs
Wed Aug 19 17:31:26 2026: Image # 25, module Images # 1: CPU_time = 0.00 secs, Wall_time = 0.00 secs
Wed Aug 19 17:31:26 2026: Image # 25, module Metadata # 2: CPU_time = 0.00 secs, Wall_time = 0.00 secs
Wed Aug 19 17:31:26 2026: Image # 25, module NamesAndTypes # 3: CPU_time = 4.94 secs, Wall_time = 3.60 secs
Wed Aug 19 17:31:30 2026: Image # 25, module Groups # 4: CPU_time = 0.00 secs, Wall_time = 0.00 secs
Wed Aug 19 17:31:30 2026: Image # 25, module MaskImage # 5: CPU_time = 0.08 secs, Wall_time = 0.09 secs
Wed Aug 19 17:31:30 2026: Image # 25, module MaskImage # 6: CPU_time = 0.07 secs, Wall_time = 0.07 secs
Wed Aug 19 17:31:30 2026: Image # 25, module MaskImage # 7: CPU_time = 0.09 secs, Wall_time = 0.08 secs
Wed Aug 19 17:31:30 2026: Image # 25, module MaskObjects # 8: CPU_time = 0.49 secs, Wall_time = 0.49 secs
Wed Aug 19 17:31:30 2026: Image # 25, module MeasureObjectIntensity # 9: CPU_time = 8.69 secs, Wall_time = 8.68 secs
Wed Aug 19 17:31:39 2026: Image # 25, module MeasureGranularity # 10: CPU_time = 13.40 secs, Wall_time = 13.39 secs
Wed Aug 19 17:31:52 2026: Image # 25, module MeasureGranularity # 11: CPU_time = 28.92 secs, Wall_time = 28.89 secs
Wed Aug 19 17:32:21 2026: Image # 25, module MeasureObjectIntensityDistribution # 12: CPU_time = 10.79 secs, Wall_time = 10.78 secs
Wed Aug 19 17:32:32 2026: Image # 25, module MeasureTexture # 13: CPU_time = 1.72 secs, Wall_time = 1.72 secs
Wed Aug 19 17:32:34 2026: Image # 25, module MeasureColocalization # 14: CPU_time = 147.07 secs, Wall_time = 45.42 secs
Wed Aug 19 17:33:19 2026: Image # 25, module ExportToSpreadsheet # 15: CPU_time = 0.00 secs, Wall_time = 0.00 secs
Wed Aug 19 17:33:19 2026: Image # 26, module Images # 1: CPU_time = 0.00 secs, Wall_time = 0.00 secs
Wed Aug 19 17:33:19 2026: Image # 26, module Metadata # 2: CPU_time = 0.00 secs, Wall_time = 0.00 secs
Wed Aug 19 17:33:19 2026: Image # 26, module NamesAndTypes # 3: CPU_time = 4.93 secs, Wall_time = 3.79 secs
Wed Aug 19 17:33:23 2026: Image # 26, module Groups # 4: CPU_time = 0.00 secs, Wall_time = 0.00 secs
Wed Aug 19 17:33:23 2026: Image # 26, module MaskImage # 5: CPU_time = 0.09 secs, Wall_time = 0.09 secs
Wed Aug 19 17:33:23 2026: Image # 26, module MaskImage # 6: CPU_time = 0.06 secs, Wall_time = 0.07 secs
Wed Aug 19 17:33:23 2026: Image # 26, module MaskImage # 7: CPU_time = 0.08 secs, Wall_time = 0.08 secs
Wed Aug 19 17:33:23 2026: Image # 26, module MaskObjects # 8: CPU_time = 0.44 secs, Wall_time = 0.43 secs
Wed Aug 19 17:33:24 2026: Image # 26, module MeasureObjectIntensity # 9: CPU_time = 5.08 secs, Wall_time = 5.08 secs
Wed Aug 19 17:33:29 2026: Image # 26, module MeasureGranularity # 10: CPU_time = 11.38 secs, Wall_time = 11.37 secs
Wed Aug 19 17:33:40 2026: Image # 26, module MeasureGranularity # 11: CPU_time = 19.52 secs, Wall_time = 19.51 secs
Wed Aug 19 17:34:00 2026: Image # 26, module MeasureObjectIntensityDistribution # 12: CPU_time = 5.17 secs, Wall_time = 5.16 secs
Wed Aug 19 17:34:05 2026: Image # 26, module MeasureTexture # 13: CPU_time = 1.13 secs, Wall_time = 1.12 secs
Wed Aug 19 17:34:06 2026: Image # 26, module MeasureColocalization # 14: CPU_time = 53.87 secs, Wall_time = 15.59 secs
Wed Aug 19 17:34:22 2026: Image # 26, module ExportToSpreadsheet # 15: CPU_time = 0.00 secs, Wall_time = 0.00 secs
Wed Aug 19 17:34:22 2026: Image # 27, module Images # 1: CPU_time = 0.00 secs, Wall_time = 0.00 secs
Wed Aug 19 17:34:22 2026: Image # 27, module Metadata # 2: CPU_time = 0.00 secs, Wall_time = 0.00 secs
Wed Aug 19 17:34:22 2026: Image # 27, module NamesAndTypes # 3: CPU_time = 4.95 secs, Wall_time = 3.33 secs
Wed Aug 19 17:34:25 2026: Image # 27, module Groups # 4: CPU_time = 0.00 secs, Wall_time = 0.00 secs
Wed Aug 19 17:34:25 2026: Image # 27, module MaskImage # 5: CPU_time = 0.09 secs, Wall_time = 0.09 secs
Wed Aug 19 17:34:25 2026: Image # 27, module MaskImage # 6: CPU_time = 0.07 secs, Wall_time = 0.07 secs
Wed Aug 19 17:34:25 2026: Image # 27, module MaskImage # 7: CPU_time = 0.08 secs, Wall_time = 0.08 secs
Wed Aug 19 17:34:25 2026: Image # 27, module MaskObjects # 8: CPU_time = 0.43 secs, Wall_time = 0.43 secs
Wed Aug 19 17:34:26 2026: Image # 27, module MeasureObjectIntensity # 9: CPU_time = 3.06 secs, Wall_time = 3.06 secs
Wed Aug 19 17:34:29 2026: Image # 27, module MeasureGranularity # 10: CPU_time = 11.68 secs, Wall_time = 11.67 secs
Wed Aug 19 17:34:40 2026: Image # 27, module MeasureGranularity # 11: CPU_time = 15.93 secs, Wall_time = 15.92 secs
Wed Aug 19 17:34:56 2026: Image # 27, module MeasureObjectIntensityDistribution # 12: CPU_time = 4.45 secs, Wall_time = 4.45 secs
Wed Aug 19 17:35:01 2026: Image # 27, module MeasureTexture # 13: CPU_time = 1.26 secs, Wall_time = 1.26 secs
Wed Aug 19 17:35:02 2026: Image # 27, module MeasureColocalization # 14: CPU_time = 46.55 secs, Wall_time = 12.90 secs
Wed Aug 19 17:35:15 2026: Image # 27, module ExportToSpreadsheet # 15: CPU_time = 0.00 secs, Wall_time = 0.00 secs
Wed Aug 19 17:35:15 2026: Image # 28, module Images # 1: CPU_time = 0.00 secs, Wall_time = 0.00 secs
Wed Aug 19 17:35:15 2026: Image # 28, module Metadata # 2: CPU_time = 0.00 secs, Wall_time = 0.00 secs
Wed Aug 19 17:35:15 2026: Image # 28, module NamesAndTypes # 3: CPU_time = 4.35 secs, Wall_time = 3.47 secs
Wed Aug 19 17:35:18 2026: Image # 28, module Groups # 4: CPU_time = 0.00 secs, Wall_time = 0.00 secs
Wed Aug 19 17:35:18 2026: Image # 28, module MaskImage # 5: CPU_time = 0.08 secs, Wall_time = 0.08 secs
Wed Aug 19 17:35:18 2026: Image # 28, module MaskImage # 6: CPU_time = 0.06 secs, Wall_time = 0.06 secs
Wed Aug 19 17:35:19 2026: Image # 28, module MaskImage # 7: CPU_time = 0.07 secs, Wall_time = 0.07 secs
Wed Aug 19 17:35:19 2026: Image # 28, module MaskObjects # 8: CPU_time = 0.40 secs, Wall_time = 0.39 secs
Wed Aug 19 17:35:19 2026: Image # 28, module MeasureObjectIntensity # 9: CPU_time = 5.17 secs, Wall_time = 5.17 secs
Wed Aug 19 17:35:24 2026: Image # 28, module MeasureGranularity # 10: CPU_time = 11.77 secs, Wall_time = 11.76 secs
Wed Aug 19 17:35:36 2026: Image # 28, module MeasureGranularity # 11: CPU_time = 18.03 secs, Wall_time = 18.01 secs
Wed Aug 19 17:35:54 2026: Image # 28, module MeasureObjectIntensityDistribution # 12: CPU_time = 5.82 secs, Wall_time = 5.82 secs
Wed Aug 19 17:36:00 2026: Image # 28, module MeasureTexture # 13: CPU_time = 1.16 secs, Wall_time = 1.16 secs
Wed Aug 19 17:36:01 2026: Image # 28, module MeasureColocalization # 14: CPU_time = 100.98 secs, Wall_time = 27.78 secs
Wed Aug 19 17:36:29 2026: Image # 28, module ExportToSpreadsheet # 15: CPU_time = 0.00 secs, Wall_time = 0.02 secs
Wed Aug 19 17:36:29 2026: Image # 29, module Images # 1: CPU_time = 0.00 secs, Wall_time = 0.00 secs
Wed Aug 19 17:36:29 2026: Image # 29, module Metadata # 2: CPU_time = 0.00 secs, Wall_time = 0.00 secs
Wed Aug 19 17:36:29 2026: Image # 29, module NamesAndTypes # 3: CPU_time = 4.72 secs, Wall_time = 3.69 secs
Wed Aug 19 17:36:32 2026: Image # 29, module Groups # 4: CPU_time = 0.00 secs, Wall_time = 0.00 secs
Wed Aug 19 17:36:32 2026: Image # 29, module MaskImage # 5: CPU_time = 0.07 secs, Wall_time = 0.07 secs
Wed Aug 19 17:36:33 2026: Image # 29, module MaskImage # 6: CPU_time = 0.08 secs, Wall_time = 0.07 secs
Wed Aug 19 17:36:33 2026: Image # 29, module MaskImage # 7: CPU_time = 0.10 secs, Wall_time = 0.10 secs
Wed Aug 19 17:36:33 2026: Image # 29, module MaskObjects # 8: CPU_time = 0.45 secs, Wall_time = 0.44 secs
Wed Aug 19 17:36:33 2026: Image # 29, module MeasureObjectIntensity # 9: CPU_time = 3.92 secs, Wall_time = 3.91 secs
Wed Aug 19 17:36:37 2026: Image # 29, module MeasureGranularity # 10: CPU_time = 11.03 secs, Wall_time = 11.02 secs
Wed Aug 19 17:36:48 2026: Image # 29, module MeasureGranularity # 11: CPU_time = 15.87 secs, Wall_time = 15.85 secs
Wed Aug 19 17:37:04 2026: Image # 29, module MeasureObjectIntensityDistribution # 12: CPU_time = 4.76 secs, Wall_time = 4.76 secs
Wed Aug 19 17:37:09 2026: Image # 29, module MeasureTexture # 13: CPU_time = 1.10 secs, Wall_time = 1.10 secs
Wed Aug 19 17:37:10 2026: Image # 29, module MeasureColocalization # 14: CPU_time = 53.79 secs, Wall_time = 14.90 secs
Wed Aug 19 17:37:25 2026: Image # 29, module ExportToSpreadsheet # 15: CPU_time = 0.01 secs, Wall_time = 0.00 secs
Wed Aug 19 17:37:25 2026: Image # 30, module Images # 1: CPU_time = 0.00 secs, Wall_time = 0.00 secs
Wed Aug 19 17:37:25 2026: Image # 30, module Metadata # 2: CPU_time = 0.00 secs, Wall_time = 0.00 secs
Wed Aug 19 17:37:25 2026: Image # 30, module NamesAndTypes # 3: CPU_time = 4.56 secs, Wall_time = 3.07 secs
Wed Aug 19 17:37:28 2026: Image # 30, module Groups # 4: CPU_time = 0.00 secs, Wall_time = 0.00 secs
Wed Aug 19 17:37:28 2026: Image # 30, module MaskImage # 5: CPU_time = 0.07 secs, Wall_time = 0.07 secs
Wed Aug 19 17:37:28 2026: Image # 30, module MaskImage # 6: CPU_time = 0.08 secs, Wall_time = 0.08 secs
Wed Aug 19 17:37:28 2026: Image # 30, module MaskImage # 7: CPU_time = 0.07 secs, Wall_time = 0.08 secs
Wed Aug 19 17:37:28 2026: Image # 30, module MaskObjects # 8: CPU_time = 0.44 secs, Wall_time = 0.43 secs
Wed Aug 19 17:37:29 2026: Image # 30, module MeasureObjectIntensity # 9: CPU_time = 4.70 secs, Wall_time = 4.70 secs
Wed Aug 19 17:37:33 2026: Image # 30, module MeasureGranularity # 10: CPU_time = 12.08 secs, Wall_time = 12.07 secs
Wed Aug 19 17:37:45 2026: Image # 30, module MeasureGranularity # 11: CPU_time = 17.95 secs, Wall_time = 17.95 secs
Wed Aug 19 17:38:03 2026: Image # 30, module MeasureObjectIntensityDistribution # 12: CPU_time = 5.36 secs, Wall_time = 5.36 secs
Wed Aug 19 17:38:09 2026: Image # 30, module MeasureTexture # 13: CPU_time = 1.14 secs, Wall_time = 1.14 secs
Wed Aug 19 17:38:10 2026: Image # 30, module MeasureColocalization # 14: CPU_time = 143.31 secs, Wall_time = 37.75 secs
Wed Aug 19 17:38:47 2026: Image # 30, module ExportToSpreadsheet # 15: CPU_time = 0.00 secs, Wall_time = 0.00 secs
Wed Aug 19 17:38:48 2026: Image # 31, module Images # 1: CPU_time = 0.00 secs, Wall_time = 0.00 secs
Wed Aug 19 17:38:48 2026: Image # 31, module Metadata # 2: CPU_time = 0.00 secs, Wall_time = 0.00 secs
Wed Aug 19 17:38:48 2026: Image # 31, module NamesAndTypes # 3: CPU_time = 4.71 secs, Wall_time = 3.16 secs
Wed Aug 19 17:38:51 2026: Image # 31, module Groups # 4: CPU_time = 0.00 secs, Wall_time = 0.00 secs
Wed Aug 19 17:38:51 2026: Image # 31, module MaskImage # 5: CPU_time = 0.07 secs, Wall_time = 0.07 secs
Wed Aug 19 17:38:51 2026: Image # 31, module MaskImage # 6: CPU_time = 0.07 secs, Wall_time = 0.07 secs
Wed Aug 19 17:38:51 2026: Image # 31, module MaskImage # 7: CPU_time = 0.09 secs, Wall_time = 0.09 secs
Wed Aug 19 17:38:51 2026: Image # 31, module MaskObjects # 8: CPU_time = 0.43 secs, Wall_time = 0.43 secs
Wed Aug 19 17:38:51 2026: Image # 31, module MeasureObjectIntensity # 9: CPU_time = 3.99 secs, Wall_time = 3.98 secs
Wed Aug 19 17:38:55 2026: Image # 31, module MeasureGranularity # 10: CPU_time = 12.48 secs, Wall_time = 12.48 secs
Wed Aug 19 17:39:08 2026: Image # 31, module MeasureGranularity # 11: CPU_time = 18.17 secs, Wall_time = 18.15 secs
Wed Aug 19 17:39:26 2026: Image # 31, module MeasureObjectIntensityDistribution # 12: CPU_time = 5.65 secs, Wall_time = 5.65 secs
Wed Aug 19 17:39:32 2026: Image # 31, module MeasureTexture # 13: CPU_time = 1.29 secs, Wall_time = 1.29 secs
Wed Aug 19 17:39:33 2026: Image # 31, module MeasureColocalization # 14: CPU_time = 113.41 secs, Wall_time = 30.03 secs
Wed Aug 19 17:40:03 2026: Image # 31, module ExportToSpreadsheet # 15: CPU_time = 0.00 secs, Wall_time = 0.00 secs
Wed Aug 19 17:40:03 2026: Image # 32, module Images # 1: CPU_time = 0.00 secs, Wall_time = 0.00 secs
Wed Aug 19 17:40:03 2026: Image # 32, module Metadata # 2: CPU_time = 0.00 secs, Wall_time = 0.00 secs
Wed Aug 19 17:40:03 2026: Image # 32, module NamesAndTypes # 3: CPU_time = 4.74 secs, Wall_time = 3.24 secs
Wed Aug 19 17:40:06 2026: Image # 32, module Groups # 4: CPU_time = 0.00 secs, Wall_time = 0.00 secs
Wed Aug 19 17:40:06 2026: Image # 32, module MaskImage # 5: CPU_time = 0.08 secs, Wall_time = 0.07 secs
Wed Aug 19 17:40:06 2026: Image # 32, module MaskImage # 6: CPU_time = 0.07 secs, Wall_time = 0.07 secs
Wed Aug 19 17:40:06 2026: Image # 32, module MaskImage # 7: CPU_time = 0.10 secs, Wall_time = 0.09 secs
Wed Aug 19 17:40:06 2026: Image # 32, module MaskObjects # 8: CPU_time = 0.42 secs, Wall_time = 0.43 secs
Wed Aug 19 17:40:07 2026: Image # 32, module MeasureObjectIntensity # 9: CPU_time = 4.44 secs, Wall_time = 4.44 secs
Wed Aug 19 17:40:11 2026: Image # 32, module MeasureGranularity # 10: CPU_time = 12.63 secs, Wall_time = 12.62 secs
Wed Aug 19 17:40:24 2026: Image # 32, module MeasureGranularity # 11: CPU_time = 19.40 secs, Wall_time = 19.38 secs
Wed Aug 19 17:40:43 2026: Image # 32, module MeasureObjectIntensityDistribution # 12: CPU_time = 6.03 secs, Wall_time = 6.02 secs
Wed Aug 19 17:40:49 2026: Image # 32, module MeasureTexture # 13: CPU_time = 1.31 secs, Wall_time = 1.31 secs
Wed Aug 19 17:40:51 2026: Image # 32, module MeasureColocalization # 14: CPU_time = 130.02 secs, Wall_time = 34.54 secs
Wed Aug 19 17:41:25 2026: Image # 32, module ExportToSpreadsheet # 15: CPU_time = 0.00 secs, Wall_time = 0.01 secs
Wed Aug 19 17:41:25 2026: Image # 33, module Images # 1: CPU_time = 0.00 secs, Wall_time = 0.00 secs
Wed Aug 19 17:41:25 2026: Image # 33, module Metadata # 2: CPU_time = 0.00 secs, Wall_time = 0.00 secs
Wed Aug 19 17:41:25 2026: Image # 33, module NamesAndTypes # 3: CPU_time = 4.77 secs, Wall_time = 3.21 secs
Wed Aug 19 17:41:28 2026: Image # 33, module Groups # 4: CPU_time = 0.00 secs, Wall_time = 0.00 secs
Wed Aug 19 17:41:28 2026: Image # 33, module MaskImage # 5: CPU_time = 0.09 secs, Wall_time = 0.09 secs
Wed Aug 19 17:41:29 2026: Image # 33, module MaskImage # 6: CPU_time = 0.07 secs, Wall_time = 0.07 secs
Wed Aug 19 17:41:29 2026: Image # 33, module MaskImage # 7: CPU_time = 0.07 secs, Wall_time = 0.08 secs
Wed Aug 19 17:41:29 2026: Image # 33, module MaskObjects # 8: CPU_time = 0.42 secs, Wall_time = 0.42 secs
Wed Aug 19 17:41:29 2026: Image # 33, module MeasureObjectIntensity # 9: CPU_time = 3.63 secs, Wall_time = 3.62 secs
Wed Aug 19 17:41:33 2026: Image # 33, module MeasureGranularity # 10: CPU_time = 12.41 secs, Wall_time = 12.40 secs
Wed Aug 19 17:41:45 2026: Image # 33, module MeasureGranularity # 11: CPU_time = 17.55 secs, Wall_time = 17.53 secs
Wed Aug 19 17:42:03 2026: Image # 33, module MeasureObjectIntensityDistribution # 12: CPU_time = 4.07 secs, Wall_time = 4.06 secs
Wed Aug 19 17:42:07 2026: Image # 33, module MeasureTexture # 13: CPU_time = 1.11 secs, Wall_time = 1.11 secs
Wed Aug 19 17:42:08 2026: Image # 33, module MeasureColocalization # 14: CPU_time = 88.19 secs, Wall_time = 23.61 secs
Wed Aug 19 17:42:31 2026: Image # 33, module ExportToSpreadsheet # 15: CPU_time = 0.00 secs, Wall_time = 0.00 secs
Wed Aug 19 17:42:31 2026: Image # 34, module Images # 1: CPU_time = 0.00 secs, Wall_time = 0.00 secs
Wed Aug 19 17:42:31 2026: Image # 34, module Metadata # 2: CPU_time = 0.00 secs, Wall_time = 0.00 secs
Wed Aug 19 17:42:31 2026: Image # 34, module NamesAndTypes # 3: CPU_time = 4.29 secs, Wall_time = 3.10 secs
Wed Aug 19 17:42:35 2026: Image # 34, module Groups # 4: CPU_time = 0.00 secs, Wall_time = 0.00 secs
Wed Aug 19 17:42:35 2026: Image # 34, module MaskImage # 5: CPU_time = 0.07 secs, Wall_time = 0.07 secs
Wed Aug 19 17:42:35 2026: Image # 34, module MaskImage # 6: CPU_time = 0.07 secs, Wall_time = 0.07 secs
Wed Aug 19 17:42:35 2026: Image # 34, module MaskImage # 7: CPU_time = 0.07 secs, Wall_time = 0.07 secs
Wed Aug 19 17:42:35 2026: Image # 34, module MaskObjects # 8: CPU_time = 0.38 secs, Wall_time = 0.39 secs
Wed Aug 19 17:42:35 2026: Image # 34, module MeasureObjectIntensity # 9: CPU_time = 3.53 secs, Wall_time = 3.52 secs
Wed Aug 19 17:42:39 2026: Image # 34, module MeasureGranularity # 10: CPU_time = 10.72 secs, Wall_time = 10.71 secs
Wed Aug 19 17:42:49 2026: Image # 34, module MeasureGranularity # 11: CPU_time = 16.43 secs, Wall_time = 16.41 secs
Wed Aug 19 17:43:06 2026: Image # 34, module MeasureObjectIntensityDistribution # 12: CPU_time = 5.01 secs, Wall_time = 5.00 secs
Wed Aug 19 17:43:11 2026: Image # 34, module MeasureTexture # 13: CPU_time = 1.28 secs, Wall_time = 1.28 secs
Wed Aug 19 17:43:12 2026: Image # 34, module MeasureColocalization # 14: CPU_time = 109.89 secs, Wall_time = 28.94 secs
Wed Aug 19 17:43:41 2026: Image # 34, module ExportToSpreadsheet # 15: CPU_time = 0.00 secs, Wall_time = 0.00 secs
Wed Aug 19 17:43:41 2026: Image # 35, module Images # 1: CPU_time = 0.00 secs, Wall_time = 0.00 secs
Wed Aug 19 17:43:41 2026: Image # 35, module Metadata # 2: CPU_time = 0.00 secs, Wall_time = 0.00 secs
Wed Aug 19 17:43:41 2026: Image # 35, module NamesAndTypes # 3: CPU_time = 4.46 secs, Wall_time = 3.42 secs
Wed Aug 19 17:43:44 2026: Image # 35, module Groups # 4: CPU_time = 0.00 secs, Wall_time = 0.00 secs
Wed Aug 19 17:43:44 2026: Image # 35, module MaskImage # 5: CPU_time = 0.07 secs, Wall_time = 0.07 secs
Wed Aug 19 17:43:45 2026: Image # 35, module MaskImage # 6: CPU_time = 0.09 secs, Wall_time = 0.09 secs
Wed Aug 19 17:43:45 2026: Image # 35, module MaskImage # 7: CPU_time = 0.08 secs, Wall_time = 0.08 secs
Wed Aug 19 17:43:45 2026: Image # 35, module MaskObjects # 8: CPU_time = 0.47 secs, Wall_time = 0.47 secs
Wed Aug 19 17:43:45 2026: Image # 35, module MeasureObjectIntensity # 9: CPU_time = 7.69 secs, Wall_time = 7.68 secs
Wed Aug 19 17:43:53 2026: Image # 35, module MeasureGranularity # 10: CPU_time = 14.21 secs, Wall_time = 14.20 secs
Wed Aug 19 17:44:07 2026: Image # 35, module MeasureGranularity # 11: CPU_time = 26.25 secs, Wall_time = 26.22 secs
Wed Aug 19 17:44:33 2026: Image # 35, module MeasureObjectIntensityDistribution # 12: CPU_time = 8.78 secs, Wall_time = 8.77 secs
Wed Aug 19 17:44:42 2026: Image # 35, module MeasureTexture # 13: CPU_time = 1.44 secs, Wall_time = 1.45 secs
Wed Aug 19 17:44:44 2026: Image # 35, module MeasureColocalization # 14: CPU_time = 26.82 secs, Wall_time = 10.81 secs
Wed Aug 19 17:44:54 2026: Image # 35, module ExportToSpreadsheet # 15: CPU_time = 0.00 secs, Wall_time = 0.00 secs
Wed Aug 19 17:44:54 2026: Image # 36, module Images # 1: CPU_time = 0.00 secs, Wall_time = 0.00 secs
Wed Aug 19 17:44:54 2026: Image # 36, module Metadata # 2: CPU_time = 0.00 secs, Wall_time = 0.00 secs
Wed Aug 19 17:44:54 2026: Image # 36, module NamesAndTypes # 3: CPU_time = 4.90 secs, Wall_time = 3.29 secs
Wed Aug 19 17:44:58 2026: Image # 36, module Groups # 4: CPU_time = 0.00 secs, Wall_time = 0.00 secs
Wed Aug 19 17:44:58 2026: Image # 36, module MaskImage # 5: CPU_time = 0.07 secs, Wall_time = 0.07 secs
Wed Aug 19 17:44:58 2026: Image # 36, module MaskImage # 6: CPU_time = 0.08 secs, Wall_time = 0.08 secs
Wed Aug 19 17:44:58 2026: Image # 36, module MaskImage # 7: CPU_time = 0.08 secs, Wall_time = 0.08 secs
Wed Aug 19 17:44:58 2026: Image # 36, module MaskObjects # 8: CPU_time = 0.45 secs, Wall_time = 0.44 secs
Wed Aug 19 17:44:58 2026: Image # 36, module MeasureObjectIntensity # 9: CPU_time = 4.81 secs, Wall_time = 4.81 secs
Wed Aug 19 17:45:03 2026: Image # 36, module MeasureGranularity # 10: CPU_time = 12.92 secs, Wall_time = 12.91 secs
Wed Aug 19 17:45:16 2026: Image # 36, module MeasureGranularity # 11: CPU_time = 20.35 secs, Wall_time = 20.33 secs
Wed Aug 19 17:45:36 2026: Image # 36, module MeasureObjectIntensityDistribution # 12: CPU_time = 6.28 secs, Wall_time = 6.28 secs
Wed Aug 19 17:45:43 2026: Image # 36, module MeasureTexture # 13: CPU_time = 1.32 secs, Wall_time = 1.32 secs
Wed Aug 19 17:45:44 2026: Image # 36, module MeasureColocalization # 14: CPU_time = 17.24 secs, Wall_time = 6.37 secs
Wed Aug 19 17:45:50 2026: Image # 36, module ExportToSpreadsheet # 15: CPU_time = 0.00 secs, Wall_time = 0.00 secs
Wed Aug 19 17:45:50 2026: Image # 37, module Images # 1: CPU_time = 0.00 secs, Wall_time = 0.00 secs
Wed Aug 19 17:45:50 2026: Image # 37, module Metadata # 2: CPU_time = 0.00 secs, Wall_time = 0.00 secs
Wed Aug 19 17:45:50 2026: Image # 37, module NamesAndTypes # 3: CPU_time = 4.77 secs, Wall_time = 4.09 secs
Wed Aug 19 17:45:54 2026: Image # 37, module Groups # 4: CPU_time = 0.00 secs, Wall_time = 0.00 secs
Wed Aug 19 17:45:54 2026: Image # 37, module MaskImage # 5: CPU_time = 0.07 secs, Wall_time = 0.07 secs
Wed Aug 19 17:45:55 2026: Image # 37, module MaskImage # 6: CPU_time = 0.07 secs, Wall_time = 0.07 secs
Wed Aug 19 17:45:55 2026: Image # 37, module MaskImage # 7: CPU_time = 0.18 secs, Wall_time = 0.17 secs
Wed Aug 19 17:45:55 2026: Image # 37, module MaskObjects # 8: CPU_time = 0.47 secs, Wall_time = 0.47 secs
Wed Aug 19 17:45:55 2026: Image # 37, module MeasureObjectIntensity # 9: CPU_time = 8.13 secs, Wall_time = 8.12 secs
Wed Aug 19 17:46:03 2026: Image # 37, module MeasureGranularity # 10: CPU_time = 13.54 secs, Wall_time = 13.53 secs
Wed Aug 19 17:46:17 2026: Image # 37, module MeasureGranularity # 11: CPU_time = 27.99 secs, Wall_time = 27.96 secs
Wed Aug 19 17:46:45 2026: Image # 37, module MeasureObjectIntensityDistribution # 12: CPU_time = 10.45 secs, Wall_time = 10.44 secs
Wed Aug 19 17:46:55 2026: Image # 37, module MeasureTexture # 13: CPU_time = 1.52 secs, Wall_time = 1.52 secs
Wed Aug 19 17:46:57 2026: Image # 37, module MeasureColocalization # 14: CPU_time = 23.26 secs, Wall_time = 9.57 secs
Wed Aug 19 17:47:06 2026: Image # 37, module ExportToSpreadsheet # 15: CPU_time = 0.00 secs, Wall_time = 0.01 secs
Wed Aug 19 17:47:06 2026: Image # 38, module Images # 1: CPU_time = 0.00 secs, Wall_time = 0.00 secs
Wed Aug 19 17:47:06 2026: Image # 38, module Metadata # 2: CPU_time = 0.00 secs, Wall_time = 0.00 secs
Wed Aug 19 17:47:06 2026: Image # 38, module NamesAndTypes # 3: CPU_time = 4.76 secs, Wall_time = 3.14 secs
Wed Aug 19 17:47:10 2026: Image # 38, module Groups # 4: CPU_time = 0.00 secs, Wall_time = 0.00 secs
Wed Aug 19 17:47:10 2026: Image # 38, module MaskImage # 5: CPU_time = 0.07 secs, Wall_time = 0.07 secs
Wed Aug 19 17:47:10 2026: Image # 38, module MaskImage # 6: CPU_time = 0.08 secs, Wall_time = 0.07 secs
Wed Aug 19 17:47:10 2026: Image # 38, module MaskImage # 7: CPU_time = 0.08 secs, Wall_time = 0.08 secs
Wed Aug 19 17:47:10 2026: Image # 38, module MaskObjects # 8: CPU_time = 0.43 secs, Wall_time = 0.43 secs
Wed Aug 19 17:47:10 2026: Image # 38, module MeasureObjectIntensity # 9: CPU_time = 4.84 secs, Wall_time = 4.84 secs
Wed Aug 19 17:47:15 2026: Image # 38, module MeasureGranularity # 10: CPU_time = 12.57 secs, Wall_time = 12.56 secs
Wed Aug 19 17:47:28 2026: Image # 38, module MeasureGranularity # 11: CPU_time = 19.05 secs, Wall_time = 19.03 secs
Wed Aug 19 17:47:47 2026: Image # 38, module MeasureObjectIntensityDistribution # 12: CPU_time = 5.95 secs, Wall_time = 5.95 secs
Wed Aug 19 17:47:53 2026: Image # 38, module MeasureTexture # 13: CPU_time = 1.32 secs, Wall_time = 1.32 secs
Wed Aug 19 17:47:54 2026: Image # 38, module MeasureColocalization # 14: CPU_time = 19.71 secs, Wall_time = 6.85 secs
Wed Aug 19 17:48:01 2026: Image # 38, module ExportToSpreadsheet # 15: CPU_time = 0.00 secs, Wall_time = 0.00 secs
Wed Aug 19 17:48:01 2026: Image # 39, module Images # 1: CPU_time = 0.00 secs, Wall_time = 0.00 secs
Wed Aug 19 17:48:01 2026: Image # 39, module Metadata # 2: CPU_time = 0.00 secs, Wall_time = 0.00 secs
Wed Aug 19 17:48:01 2026: Image # 39, module NamesAndTypes # 3: CPU_time = 4.67 secs, Wall_time = 3.50 secs
Wed Aug 19 17:48:04 2026: Image # 39, module Groups # 4: CPU_time = 0.00 secs, Wall_time = 0.00 secs
Wed Aug 19 17:48:04 2026: Image # 39, module MaskImage # 5: CPU_time = 0.07 secs, Wall_time = 0.07 secs
Wed Aug 19 17:48:04 2026: Image # 39, module MaskImage # 6: CPU_time = 0.08 secs, Wall_time = 0.07 secs
Wed Aug 19 17:48:05 2026: Image # 39, module MaskImage # 7: CPU_time = 0.07 secs, Wall_time = 0.08 secs
Wed Aug 19 17:48:05 2026: Image # 39, module MaskObjects # 8: CPU_time = 0.47 secs, Wall_time = 0.47 secs
Wed Aug 19 17:48:05 2026: Image # 39, module MeasureObjectIntensity # 9: CPU_time = 6.45 secs, Wall_time = 6.44 secs
Wed Aug 19 17:48:12 2026: Image # 39, module MeasureGranularity # 10: CPU_time = 13.43 secs, Wall_time = 13.42 secs
Wed Aug 19 17:48:25 2026: Image # 39, module MeasureGranularity # 11: CPU_time = 23.02 secs, Wall_time = 23.00 secs
Wed Aug 19 17:48:48 2026: Image # 39, module MeasureObjectIntensityDistribution # 12: CPU_time = 8.63 secs, Wall_time = 8.62 secs
Wed Aug 19 17:48:57 2026: Image # 39, module MeasureTexture # 13: CPU_time = 1.53 secs, Wall_time = 1.54 secs
Wed Aug 19 17:48:58 2026: Image # 39, module MeasureColocalization # 14: CPU_time = 25.56 secs, Wall_time = 8.91 secs
Wed Aug 19 17:49:07 2026: Image # 39, module ExportToSpreadsheet # 15: CPU_time = 0.00 secs, Wall_time = 0.01 secs
Wed Aug 19 17:49:07 2026: Image # 40, module Images # 1: CPU_time = 0.00 secs, Wall_time = 0.00 secs
Wed Aug 19 17:49:07 2026: Image # 40, module Metadata # 2: CPU_time = 0.00 secs, Wall_time = 0.00 secs
Wed Aug 19 17:49:07 2026: Image # 40, module NamesAndTypes # 3: CPU_time = 4.49 secs, Wall_time = 3.48 secs
Wed Aug 19 17:49:11 2026: Image # 40, module Groups # 4: CPU_time = 0.00 secs, Wall_time = 0.00 secs
Wed Aug 19 17:49:11 2026: Image # 40, module MaskImage # 5: CPU_time = 0.07 secs, Wall_time = 0.07 secs
Wed Aug 19 17:49:11 2026: Image # 40, module MaskImage # 6: CPU_time = 0.09 secs, Wall_time = 0.09 secs
Wed Aug 19 17:49:11 2026: Image # 40, module MaskImage # 7: CPU_time = 0.08 secs, Wall_time = 0.08 secs
Wed Aug 19 17:49:11 2026: Image # 40, module MaskObjects # 8: CPU_time = 0.48 secs, Wall_time = 0.48 secs
Wed Aug 19 17:49:11 2026: Image # 40, module MeasureObjectIntensity # 9: CPU_time = 6.33 secs, Wall_time = 6.31 secs
Wed Aug 19 17:49:18 2026: Image # 40, module MeasureGranularity # 10: CPU_time = 13.75 secs, Wall_time = 13.74 secs
Wed Aug 19 17:49:31 2026: Image # 40, module MeasureGranularity # 11: CPU_time = 23.91 secs, Wall_time = 23.89 secs
Wed Aug 19 17:49:55 2026: Image # 40, module MeasureObjectIntensityDistribution # 12: CPU_time = 9.28 secs, Wall_time = 9.28 secs
Wed Aug 19 17:50:04 2026: Image # 40, module MeasureTexture # 13: CPU_time = 1.57 secs, Wall_time = 1.56 secs
Wed Aug 19 17:50:06 2026: Image # 40, module MeasureColocalization # 14: CPU_time = 22.64 secs, Wall_time = 8.39 secs
Wed Aug 19 17:50:14 2026: Image # 40, module ExportToSpreadsheet # 15: CPU_time = 0.00 secs, Wall_time = 0.00 secs
Wed Aug 19 17:50:14 2026: Image # 41, module Images # 1: CPU_time = 0.00 secs, Wall_time = 0.00 secs
Wed Aug 19 17:50:14 2026: Image # 41, module Metadata # 2: CPU_time = 0.00 secs, Wall_time = 0.00 secs
Wed Aug 19 17:50:14 2026: Image # 41, module NamesAndTypes # 3: CPU_time = 4.62 secs, Wall_time = 3.61 secs
Wed Aug 19 17:50:18 2026: Image # 41, module Groups # 4: CPU_time = 0.00 secs, Wall_time = 0.00 secs
Wed Aug 19 17:50:18 2026: Image # 41, module MaskImage # 5: CPU_time = 0.06 secs, Wall_time = 0.07 secs
Wed Aug 19 17:50:18 2026: Image # 41, module MaskImage # 6: CPU_time = 0.09 secs, Wall_time = 0.09 secs
Wed Aug 19 17:50:18 2026: Image # 41, module MaskImage # 7: CPU_time = 0.07 secs, Wall_time = 0.08 secs
Wed Aug 19 17:50:18 2026: Image # 41, module MaskObjects # 8: CPU_time = 0.48 secs, Wall_time = 0.48 secs
Wed Aug 19 17:50:19 2026: Image # 41, module MeasureObjectIntensity # 9: CPU_time = 7.80 secs, Wall_time = 7.80 secs
Wed Aug 19 17:50:27 2026: Image # 41, module MeasureGranularity # 10: CPU_time = 14.18 secs, Wall_time = 14.17 secs
Wed Aug 19 17:50:41 2026: Image # 41, module MeasureGranularity # 11: CPU_time = 27.50 secs, Wall_time = 27.47 secs
Wed Aug 19 17:51:08 2026: Image # 41, module MeasureObjectIntensityDistribution # 12: CPU_time = 10.47 secs, Wall_time = 10.47 secs
Wed Aug 19 17:51:19 2026: Image # 41, module MeasureTexture # 13: CPU_time = 1.45 secs, Wall_time = 1.46 secs
Wed Aug 19 17:51:20 2026: Image # 41, module MeasureColocalization # 14: CPU_time = 19.30 secs, Wall_time = 8.06 secs
Wed Aug 19 17:51:28 2026: Image # 41, module ExportToSpreadsheet # 15: CPU_time = 0.00 secs, Wall_time = 0.00 secs
Wed Aug 19 17:51:28 2026: Image # 42, module Images # 1: CPU_time = 0.00 secs, Wall_time = 0.00 secs
Wed Aug 19 17:51:28 2026: Image # 42, module Metadata # 2: CPU_time = 0.00 secs, Wall_time = 0.00 secs
Wed Aug 19 17:51:28 2026: Image # 42, module NamesAndTypes # 3: CPU_time = 4.71 secs, Wall_time = 3.69 secs
Wed Aug 19 17:51:32 2026: Image # 42, module Groups # 4: CPU_time = 0.00 secs, Wall_time = 0.00 secs
Wed Aug 19 17:51:32 2026: Image # 42, module MaskImage # 5: CPU_time = 0.07 secs, Wall_time = 0.07 secs
Wed Aug 19 17:51:32 2026: Image # 42, module MaskImage # 6: CPU_time = 0.07 secs, Wall_time = 0.07 secs
Wed Aug 19 17:51:32 2026: Image # 42, module MaskImage # 7: CPU_time = 0.07 secs, Wall_time = 0.08 secs
Wed Aug 19 17:51:32 2026: Image # 42, module MaskObjects # 8: CPU_time = 0.47 secs, Wall_time = 0.47 secs
Wed Aug 19 17:51:33 2026: Image # 42, module MeasureObjectIntensity # 9: CPU_time = 7.32 secs, Wall_time = 7.31 secs
Wed Aug 19 17:51:40 2026: Image # 42, module MeasureGranularity # 10: CPU_time = 13.22 secs, Wall_time = 13.21 secs
Wed Aug 19 17:51:53 2026: Image # 42, module MeasureGranularity # 11: CPU_time = 27.79 secs, Wall_time = 27.76 secs
Wed Aug 19 17:52:21 2026: Image # 42, module MeasureObjectIntensityDistribution # 12: CPU_time = 11.19 secs, Wall_time = 11.19 secs
Wed Aug 19 17:52:32 2026: Image # 42, module MeasureTexture # 13: CPU_time = 1.64 secs, Wall_time = 1.64 secs
Wed Aug 19 17:52:34 2026: Image # 42, module MeasureColocalization # 14: CPU_time = 20.59 secs, Wall_time = 9.36 secs
Wed Aug 19 17:52:43 2026: Image # 42, module ExportToSpreadsheet # 15: CPU_time = 0.00 secs, Wall_time = 0.00 secs
Wed Aug 19 17:52:43 2026: Image # 43, module Images # 1: CPU_time = 0.00 secs, Wall_time = 0.00 secs
Wed Aug 19 17:52:43 2026: Image # 43, module Metadata # 2: CPU_time = 0.00 secs, Wall_time = 0.00 secs
Wed Aug 19 17:52:43 2026: Image # 43, module NamesAndTypes # 3: CPU_time = 4.79 secs, Wall_time = 3.44 secs
Wed Aug 19 17:52:47 2026: Image # 43, module Groups # 4: CPU_time = 0.00 secs, Wall_time = 0.00 secs
Wed Aug 19 17:52:47 2026: Image # 43, module MaskImage # 5: CPU_time = 0.07 secs, Wall_time = 0.07 secs
Wed Aug 19 17:52:47 2026: Image # 43, module MaskImage # 6: CPU_time = 0.08 secs, Wall_time = 0.07 secs
Wed Aug 19 17:52:47 2026: Image # 43, module MaskImage # 7: CPU_time = 0.07 secs, Wall_time = 0.08 secs
Wed Aug 19 17:52:47 2026: Image # 43, module MaskObjects # 8: CPU_time = 0.44 secs, Wall_time = 0.44 secs
Wed Aug 19 17:52:47 2026: Image # 43, module MeasureObjectIntensity # 9: CPU_time = 5.08 secs, Wall_time = 5.08 secs
Wed Aug 19 17:52:52 2026: Image # 43, module MeasureGranularity # 10: CPU_time = 12.98 secs, Wall_time = 12.98 secs
Wed Aug 19 17:53:05 2026: Image # 43, module MeasureGranularity # 11: CPU_time = 21.19 secs, Wall_time = 21.18 secs
Wed Aug 19 17:53:26 2026: Image # 43, module MeasureObjectIntensityDistribution # 12: CPU_time = 6.83 secs, Wall_time = 6.83 secs
Wed Aug 19 17:53:33 2026: Image # 43, module MeasureTexture # 13: CPU_time = 1.33 secs, Wall_time = 1.33 secs
Wed Aug 19 17:53:35 2026: Image # 43, module MeasureColocalization # 14: CPU_time = 13.47 secs, Wall_time = 5.27 secs
Wed Aug 19 17:53:40 2026: Image # 43, module ExportToSpreadsheet # 15: CPU_time = 0.00 secs, Wall_time = 0.00 secs
Wed Aug 19 17:53:40 2026: Image # 44, module Images # 1: CPU_time = 0.00 secs, Wall_time = 0.00 secs
Wed Aug 19 17:53:40 2026: Image # 44, module Metadata # 2: CPU_time = 0.00 secs, Wall_time = 0.00 secs
Wed Aug 19 17:53:40 2026: Image # 44, module NamesAndTypes # 3: CPU_time = 4.42 secs, Wall_time = 3.49 secs
Wed Aug 19 17:53:43 2026: Image # 44, module Groups # 4: CPU_time = 0.00 secs, Wall_time = 0.00 secs
Wed Aug 19 17:53:43 2026: Image # 44, module MaskImage # 5: CPU_time = 0.07 secs, Wall_time = 0.07 secs
Wed Aug 19 17:53:44 2026: Image # 44, module MaskImage # 6: CPU_time = 0.07 secs, Wall_time = 0.08 secs
Wed Aug 19 17:53:44 2026: Image # 44, module MaskImage # 7: CPU_time = 0.08 secs, Wall_time = 0.08 secs
Wed Aug 19 17:53:44 2026: Image # 44, module MaskObjects # 8: CPU_time = 0.46 secs, Wall_time = 0.46 secs
Wed Aug 19 17:53:44 2026: Image # 44, module MeasureObjectIntensity # 9: CPU_time = 6.30 secs, Wall_time = 6.29 secs
Wed Aug 19 17:53:50 2026: Image # 44, module MeasureGranularity # 10: CPU_time = 13.54 secs, Wall_time = 13.53 secs
Wed Aug 19 17:54:04 2026: Image # 44, module MeasureGranularity # 11: CPU_time = 22.20 secs, Wall_time = 22.18 secs
Wed Aug 19 17:54:26 2026: Image # 44, module MeasureObjectIntensityDistribution # 12: CPU_time = 7.57 secs, Wall_time = 7.56 secs
Wed Aug 19 17:54:34 2026: Image # 44, module MeasureTexture # 13: CPU_time = 1.41 secs, Wall_time = 1.42 secs
Wed Aug 19 17:54:35 2026: Image # 44, module MeasureColocalization # 14: CPU_time = 25.68 secs, Wall_time = 8.94 secs
Wed Aug 19 17:54:44 2026: Image # 44, module ExportToSpreadsheet # 15: CPU_time = 0.00 secs, Wall_time = 0.00 secs
Wed Aug 19 17:54:44 2026: Image # 45, module Images # 1: CPU_time = 0.00 secs, Wall_time = 0.00 secs
Wed Aug 19 17:54:44 2026: Image # 45, module Metadata # 2: CPU_time = 0.00 secs, Wall_time = 0.00 secs
Wed Aug 19 17:54:44 2026: Image # 45, module NamesAndTypes # 3: CPU_time = 4.54 secs, Wall_time = 3.17 secs
Wed Aug 19 17:54:47 2026: Image # 45, module Groups # 4: CPU_time = 0.00 secs, Wall_time = 0.00 secs
Wed Aug 19 17:54:47 2026: Image # 45, module MaskImage # 5: CPU_time = 0.07 secs, Wall_time = 0.07 secs
Wed Aug 19 17:54:47 2026: Image # 45, module MaskImage # 6: CPU_time = 0.08 secs, Wall_time = 0.07 secs
Wed Aug 19 17:54:47 2026: Image # 45, module MaskImage # 7: CPU_time = 0.07 secs, Wall_time = 0.08 secs
Wed Aug 19 17:54:47 2026: Image # 45, module MaskObjects # 8: CPU_time = 0.42 secs, Wall_time = 0.43 secs
Wed Aug 19 17:54:48 2026: Image # 45, module MeasureObjectIntensity # 9: CPU_time = 4.26 secs, Wall_time = 4.26 secs
Wed Aug 19 17:54:52 2026: Image # 45, module MeasureGranularity # 10: CPU_time = 12.70 secs, Wall_time = 12.69 secs
Wed Aug 19 17:55:05 2026: Image # 45, module MeasureGranularity # 11: CPU_time = 18.62 secs, Wall_time = 18.60 secs
Wed Aug 19 17:55:23 2026: Image # 45, module MeasureObjectIntensityDistribution # 12: CPU_time = 5.53 secs, Wall_time = 5.52 secs
Wed Aug 19 17:55:29 2026: Image # 45, module MeasureTexture # 13: CPU_time = 1.29 secs, Wall_time = 1.30 secs
Wed Aug 19 17:55:30 2026: Image # 45, module MeasureColocalization # 14: CPU_time = 11.41 secs, Wall_time = 4.20 secs
Wed Aug 19 17:55:35 2026: Image # 45, module ExportToSpreadsheet # 15: CPU_time = 0.00 secs, Wall_time = 0.00 secs
Wed Aug 19 17:55:35 2026: Image # 46, module Images # 1: CPU_time = 0.00 secs, Wall_time = 0.00 secs
Wed Aug 19 17:55:35 2026: Image # 46, module Metadata # 2: CPU_time = 0.00 secs, Wall_time = 0.00 secs
Wed Aug 19 17:55:35 2026: Image # 46, module NamesAndTypes # 3: CPU_time = 4.29 secs, Wall_time = 3.57 secs
Wed Aug 19 17:55:38 2026: Image # 46, module Groups # 4: CPU_time = 0.00 secs, Wall_time = 0.00 secs
Wed Aug 19 17:55:38 2026: Image # 46, module MaskImage # 5: CPU_time = 0.07 secs, Wall_time = 0.07 secs
Wed Aug 19 17:55:38 2026: Image # 46, module MaskImage # 6: CPU_time = 0.06 secs, Wall_time = 0.07 secs
Wed Aug 19 17:55:38 2026: Image # 46, module MaskImage # 7: CPU_time = 0.07 secs, Wall_time = 0.07 secs
Wed Aug 19 17:55:38 2026: Image # 46, module MaskObjects # 8: CPU_time = 0.38 secs, Wall_time = 0.38 secs
Wed Aug 19 17:55:39 2026: Image # 46, module MeasureObjectIntensity # 9: CPU_time = 3.41 secs, Wall_time = 3.40 secs
Wed Aug 19 17:55:42 2026: Image # 46, module MeasureGranularity # 10: CPU_time = 12.58 secs, Wall_time = 12.57 secs
Wed Aug 19 17:55:55 2026: Image # 46, module MeasureGranularity # 11: CPU_time = 18.45 secs, Wall_time = 18.43 secs
Wed Aug 19 17:56:13 2026: Image # 46, module MeasureObjectIntensityDistribution # 12: CPU_time = 5.26 secs, Wall_time = 5.26 secs
Wed Aug 19 17:56:18 2026: Image # 46, module MeasureTexture # 13: CPU_time = 1.28 secs, Wall_time = 1.28 secs
Wed Aug 19 17:56:20 2026: Image # 46, module MeasureColocalization # 14: CPU_time = 10.61 secs, Wall_time = 4.01 secs
Wed Aug 19 17:56:24 2026: Image # 46, module ExportToSpreadsheet # 15: CPU_time = 0.00 secs, Wall_time = 0.00 secs
Wed Aug 19 17:56:24 2026: Image # 47, module Images # 1: CPU_time = 0.00 secs, Wall_time = 0.00 secs
Wed Aug 19 17:56:24 2026: Image # 47, module Metadata # 2: CPU_time = 0.00 secs, Wall_time = 0.00 secs
Wed Aug 19 17:56:24 2026: Image # 47, module NamesAndTypes # 3: CPU_time = 4.73 secs, Wall_time = 3.44 secs
Wed Aug 19 17:56:27 2026: Image # 47, module Groups # 4: CPU_time = 0.00 secs, Wall_time = 0.00 secs
Wed Aug 19 17:56:27 2026: Image # 47, module MaskImage # 5: CPU_time = 0.07 secs, Wall_time = 0.07 secs
Wed Aug 19 17:56:27 2026: Image # 47, module MaskImage # 6: CPU_time = 0.09 secs, Wall_time = 0.08 secs
Wed Aug 19 17:56:27 2026: Image # 47, module MaskImage # 7: CPU_time = 0.07 secs, Wall_time = 0.08 secs
Wed Aug 19 17:56:27 2026: Image # 47, module MaskObjects # 8: CPU_time = 0.43 secs, Wall_time = 0.43 secs
Wed Aug 19 17:56:28 2026: Image # 47, module MeasureObjectIntensity # 9: CPU_time = 3.42 secs, Wall_time = 3.42 secs
Wed Aug 19 17:56:31 2026: Image # 47, module MeasureGranularity # 10: CPU_time = 11.04 secs, Wall_time = 11.04 secs
Wed Aug 19 17:56:42 2026: Image # 47, module MeasureGranularity # 11: CPU_time = 17.45 secs, Wall_time = 17.43 secs
Wed Aug 19 17:57:00 2026: Image # 47, module MeasureObjectIntensityDistribution # 12: CPU_time = 5.08 secs, Wall_time = 5.07 secs
Wed Aug 19 17:57:05 2026: Image # 47, module MeasureTexture # 13: CPU_time = 1.27 secs, Wall_time = 1.27 secs
Wed Aug 19 17:57:06 2026: Image # 47, module MeasureColocalization # 14: CPU_time = 16.80 secs, Wall_time = 5.35 secs
Wed Aug 19 17:57:11 2026: Image # 47, module ExportToSpreadsheet # 15: CPU_time = 0.00 secs, Wall_time = 0.00 secs
Wed Aug 19 17:57:11 2026: Image # 48, module Images # 1: CPU_time = 0.00 secs, Wall_time = 0.00 secs
Wed Aug 19 17:57:11 2026: Image # 48, module Metadata # 2: CPU_time = 0.00 secs, Wall_time = 0.00 secs
Wed Aug 19 17:57:11 2026: Image # 48, module NamesAndTypes # 3: CPU_time = 4.55 secs, Wall_time = 3.20 secs
Wed Aug 19 17:57:15 2026: Image # 48, module Groups # 4: CPU_time = 0.00 secs, Wall_time = 0.00 secs
Wed Aug 19 17:57:15 2026: Image # 48, module MaskImage # 5: CPU_time = 0.08 secs, Wall_time = 0.08 secs
Wed Aug 19 17:57:15 2026: Image # 48, module MaskImage # 6: CPU_time = 0.09 secs, Wall_time = 0.09 secs
Wed Aug 19 17:57:15 2026: Image # 48, module MaskImage # 7: CPU_time = 0.09 secs, Wall_time = 0.08 secs
Wed Aug 19 17:57:15 2026: Image # 48, module MaskObjects # 8: CPU_time = 0.43 secs, Wall_time = 0.43 secs
Wed Aug 19 17:57:15 2026: Image # 48, module MeasureObjectIntensity # 9: CPU_time = 4.69 secs, Wall_time = 4.70 secs
Wed Aug 19 17:57:20 2026: Image # 48, module MeasureGranularity # 10: CPU_time = 12.99 secs, Wall_time = 12.98 secs
Wed Aug 19 17:57:33 2026: Image # 48, module MeasureGranularity # 11: CPU_time = 20.49 secs, Wall_time = 20.48 secs
Wed Aug 19 17:57:53 2026: Image # 48, module MeasureObjectIntensityDistribution # 12: CPU_time = 6.20 secs, Wall_time = 6.20 secs
Wed Aug 19 17:58:00 2026: Image # 48, module MeasureTexture # 13: CPU_time = 1.31 secs, Wall_time = 1.31 secs
Wed Aug 19 17:58:01 2026: Image # 48, module MeasureColocalization # 14: CPU_time = 50.40 secs, Wall_time = 14.46 secs
Wed Aug 19 17:58:15 2026: Image # 48, module ExportToSpreadsheet # 15: CPU_time = 0.00 secs, Wall_time = 0.00 secs
Wed Aug 19 17:58:15 2026: Image # 49, module Images # 1: CPU_time = 0.00 secs, Wall_time = 0.00 secs
Wed Aug 19 17:58:15 2026: Image # 49, module Metadata # 2: CPU_time = 0.00 secs, Wall_time = 0.00 secs
Wed Aug 19 17:58:15 2026: Image # 49, module NamesAndTypes # 3: CPU_time = 4.85 secs, Wall_time = 3.50 secs
Wed Aug 19 17:58:19 2026: Image # 49, module Groups # 4: CPU_time = 0.00 secs, Wall_time = 0.00 secs
Wed Aug 19 17:58:19 2026: Image # 49, module MaskImage # 5: CPU_time = 0.07 secs, Wall_time = 0.07 secs
Wed Aug 19 17:58:19 2026: Image # 49, module MaskImage # 6: CPU_time = 0.09 secs, Wall_time = 0.10 secs
Wed Aug 19 17:58:19 2026: Image # 49, module MaskImage # 7: CPU_time = 0.08 secs, Wall_time = 0.08 secs
Wed Aug 19 17:58:19 2026: Image # 49, module MaskObjects # 8: CPU_time = 0.44 secs, Wall_time = 0.43 secs
Wed Aug 19 17:58:20 2026: Image # 49, module MeasureObjectIntensity # 9: CPU_time = 5.55 secs, Wall_time = 5.56 secs
Wed Aug 19 17:58:25 2026: Image # 49, module MeasureGranularity # 10: CPU_time = 14.55 secs, Wall_time = 14.54 secs
Wed Aug 19 17:58:40 2026: Image # 49, module MeasureGranularity # 11: CPU_time = 21.20 secs, Wall_time = 21.19 secs
Wed Aug 19 17:59:01 2026: Image # 49, module MeasureObjectIntensityDistribution # 12: CPU_time = 6.34 secs, Wall_time = 6.34 secs
Wed Aug 19 17:59:07 2026: Image # 49, module MeasureTexture # 13: CPU_time = 1.13 secs, Wall_time = 1.14 secs
Wed Aug 19 17:59:08 2026: Image # 49, module MeasureColocalization # 14: CPU_time = 40.28 secs, Wall_time = 12.22 secs
Wed Aug 19 17:59:21 2026: Image # 49, module ExportToSpreadsheet # 15: CPU_time = 0.00 secs, Wall_time = 0.00 secs
Wed Aug 19 17:59:21 2026: Image # 50, module Images # 1: CPU_time = 0.00 secs, Wall_time = 0.00 secs
Wed Aug 19 17:59:21 2026: Image # 50, module Metadata # 2: CPU_time = 0.00 secs, Wall_time = 0.00 secs
Wed Aug 19 17:59:21 2026: Image # 50, module NamesAndTypes # 3: CPU_time = 4.21 secs, Wall_time = 3.33 secs
Wed Aug 19 17:59:24 2026: Image # 50, module Groups # 4: CPU_time = 0.00 secs, Wall_time = 0.00 secs
Wed Aug 19 17:59:24 2026: Image # 50, module MaskImage # 5: CPU_time = 0.07 secs, Wall_time = 0.06 secs
Wed Aug 19 17:59:24 2026: Image # 50, module MaskImage # 6: CPU_time = 0.08 secs, Wall_time = 0.08 secs
Wed Aug 19 17:59:24 2026: Image # 50, module MaskImage # 7: CPU_time = 0.06 secs, Wall_time = 0.06 secs
Wed Aug 19 17:59:24 2026: Image # 50, module MaskObjects # 8: CPU_time = 0.39 secs, Wall_time = 0.39 secs
Wed Aug 19 17:59:25 2026: Image # 50, module MeasureObjectIntensity # 9: CPU_time = 4.61 secs, Wall_time = 4.60 secs
Wed Aug 19 17:59:29 2026: Image # 50, module MeasureGranularity # 10: CPU_time = 11.99 secs, Wall_time = 11.98 secs
Wed Aug 19 17:59:41 2026: Image # 50, module MeasureGranularity # 11: CPU_time = 18.57 secs, Wall_time = 18.55 secs
Wed Aug 19 18:00:00 2026: Image # 50, module MeasureObjectIntensityDistribution # 12: CPU_time = 6.45 secs, Wall_time = 6.44 secs
Wed Aug 19 18:00:06 2026: Image # 50, module MeasureTexture # 13: CPU_time = 1.15 secs, Wall_time = 1.16 secs
Wed Aug 19 18:00:07 2026: Image # 50, module MeasureColocalization # 14: CPU_time = 38.12 secs, Wall_time = 11.58 secs
Wed Aug 19 18:00:19 2026: Image # 50, module ExportToSpreadsheet # 15: CPU_time = 0.00 secs, Wall_time = 0.00 secs
