Times reported are CPU and Wall-clock times for each module
Wed Aug 19 09:16:27 2026: Image # 1, module Images # 1: CPU_time = 0.00 secs, Wall_time = 0.00 secs
Wed Aug 19 09:16:27 2026: Image # 1, module Metadata # 2: CPU_time = 0.00 secs, Wall_time = 0.00 secs
Wed Aug 19 09:16:27 2026: Image # 1, module NamesAndTypes # 3: CPU_time = 7.18 secs, Wall_time = 3.40 secs
Wed Aug 19 09:16:30 2026: Image # 1, module Groups # 4: CPU_time = 0.00 secs, Wall_time = 0.00 secs
Wed Aug 19 09:16:30 2026: Image # 1, module MaskImage # 5: CPU_time = 0.11 secs, Wall_time = 0.10 secs
Wed Aug 19 09:16:30 2026: Image # 1, module MaskImage # 6: CPU_time = 0.09 secs, Wall_time = 0.09 secs
Wed Aug 19 09:16:30 2026: Image # 1, module MaskImage # 7: CPU_time = 0.24 secs, Wall_time = 0.13 secs
Wed Aug 19 09:16:30 2026: Image # 1, module MaskObjects # 8: CPU_time = 0.81 secs, Wall_time = 0.59 secs
Wed Aug 19 09:16:31 2026: Image # 1, module MeasureObjectIntensity # 9: CPU_time = 7.36 secs, Wall_time = 7.35 secs
Wed Aug 19 09:16:38 2026: Image # 1, module MeasureColocalization # 10: CPU_time = 1105.41 secs, Wall_time = 282.44 secs
Wed Aug 19 09:21:21 2026: Image # 1, module ExportToSpreadsheet # 11: CPU_time = 0.00 secs, Wall_time = 0.00 secs
Wed Aug 19 09:21:21 2026: Image # 2, module Images # 1: CPU_time = 0.00 secs, Wall_time = 0.00 secs
Wed Aug 19 09:21:21 2026: Image # 2, module Metadata # 2: CPU_time = 0.00 secs, Wall_time = 0.00 secs
Wed Aug 19 09:21:21 2026: Image # 2, module NamesAndTypes # 3: CPU_time = 5.08 secs, Wall_time = 3.97 secs
Wed Aug 19 09:21:25 2026: Image # 2, module Groups # 4: CPU_time = 0.00 secs, Wall_time = 0.00 secs
Wed Aug 19 09:21:25 2026: Image # 2, module MaskImage # 5: CPU_time = 0.08 secs, Wall_time = 0.09 secs
Wed Aug 19 09:21:25 2026: Image # 2, module MaskImage # 6: CPU_time = 0.09 secs, Wall_time = 0.09 secs
Wed Aug 19 09:21:25 2026: Image # 2, module MaskImage # 7: CPU_time = 0.19 secs, Wall_time = 0.10 secs
Wed Aug 19 09:21:25 2026: Image # 2, module MaskObjects # 8: CPU_time = 0.86 secs, Wall_time = 0.58 secs
Wed Aug 19 09:21:26 2026: Image # 2, module MeasureObjectIntensity # 9: CPU_time = 9.40 secs, Wall_time = 9.39 secs
Wed Aug 19 09:21:35 2026: Image # 2, module MeasureColocalization # 10: CPU_time = 567.25 secs, Wall_time = 164.95 secs
Wed Aug 19 09:24:20 2026: Image # 2, module ExportToSpreadsheet # 11: CPU_time = 0.00 secs, Wall_time = 0.00 secs
Wed Aug 19 09:24:20 2026: Image # 3, module Images # 1: CPU_time = 0.00 secs, Wall_time = 0.00 secs
Wed Aug 19 09:24:20 2026: Image # 3, module Metadata # 2: CPU_time = 0.00 secs, Wall_time = 0.00 secs
Wed Aug 19 09:24:20 2026: Image # 3, module NamesAndTypes # 3: CPU_time = 4.79 secs, Wall_time = 3.86 secs
Wed Aug 19 09:24:24 2026: Image # 3, module Groups # 4: CPU_time = 0.00 secs, Wall_time = 0.00 secs
Wed Aug 19 09:24:24 2026: Image # 3, module MaskImage # 5: CPU_time = 0.08 secs, Wall_time = 0.08 secs
Wed Aug 19 09:24:24 2026: Image # 3, module MaskImage # 6: CPU_time = 0.08 secs, Wall_time = 0.08 secs
Wed Aug 19 09:24:24 2026: Image # 3, module MaskImage # 7: CPU_time = 0.17 secs, Wall_time = 0.09 secs
Wed Aug 19 09:24:24 2026: Image # 3, module MaskObjects # 8: CPU_time = 0.79 secs, Wall_time = 0.56 secs
Wed Aug 19 09:24:25 2026: Image # 3, module MeasureObjectIntensity # 9: CPU_time = 12.50 secs, Wall_time = 12.49 secs
Wed Aug 19 09:24:37 2026: Image # 3, module MeasureColocalization # 10: CPU_time = 466.91 secs, Wall_time = 145.27 secs
Wed Aug 19 09:27:02 2026: Image # 3, module ExportToSpreadsheet # 11: CPU_time = 0.00 secs, Wall_time = 0.01 secs
Wed Aug 19 09:27:02 2026: Image # 4, module Images # 1: CPU_time = 0.00 secs, Wall_time = 0.00 secs
Wed Aug 19 09:27:02 2026: Image # 4, module Metadata # 2: CPU_time = 0.00 secs, Wall_time = 0.00 secs
Wed Aug 19 09:27:02 2026: Image # 4, module NamesAndTypes # 3: CPU_time = 4.91 secs, Wall_time = 4.01 secs
Wed Aug 19 09:27:06 2026: Image # 4, module Groups # 4: CPU_time = 0.00 secs, Wall_time = 0.00 secs
Wed Aug 19 09:27:06 2026: Image # 4, module MaskImage # 5: CPU_time = 0.09 secs, Wall_time = 0.09 secs
Wed Aug 19 09:27:07 2026: Image # 4, module MaskImage # 6: CPU_time = 0.09 secs, Wall_time = 0.09 secs
Wed Aug 19 09:27:07 2026: Image # 4, module MaskImage # 7: CPU_time = 0.18 secs, Wall_time = 0.10 secs
Wed Aug 19 09:27:07 2026: Image # 4, module MaskObjects # 8: CPU_time = 0.82 secs, Wall_time = 0.55 secs
Wed Aug 19 09:27:07 2026: Image # 4, module MeasureObjectIntensity # 9: CPU_time = 7.46 secs, Wall_time = 7.46 secs
Wed Aug 19 09:27:15 2026: Image # 4, module MeasureColocalization # 10: CPU_time = 254.63 secs, Wall_time = 69.51 secs
Wed Aug 19 09:28:24 2026: Image # 4, module ExportToSpreadsheet # 11: CPU_time = 0.01 secs, Wall_time = 0.00 secs
Wed Aug 19 09:28:24 2026: Image # 5, module Images # 1: CPU_time = 0.00 secs, Wall_time = 0.00 secs
Wed Aug 19 09:28:24 2026: Image # 5, module Metadata # 2: CPU_time = 0.00 secs, Wall_time = 0.00 secs
Wed Aug 19 09:28:24 2026: Image # 5, module NamesAndTypes # 3: CPU_time = 4.71 secs, Wall_time = 3.96 secs
Wed Aug 19 09:28:28 2026: Image # 5, module Groups # 4: CPU_time = 0.00 secs, Wall_time = 0.00 secs
Wed Aug 19 09:28:28 2026: Image # 5, module MaskImage # 5: CPU_time = 0.08 secs, Wall_time = 0.08 secs
Wed Aug 19 09:28:28 2026: Image # 5, module MaskImage # 6: CPU_time = 0.10 secs, Wall_time = 0.09 secs
Wed Aug 19 09:28:28 2026: Image # 5, module MaskImage # 7: CPU_time = 0.21 secs, Wall_time = 0.11 secs
Wed Aug 19 09:28:29 2026: Image # 5, module MaskObjects # 8: CPU_time = 0.81 secs, Wall_time = 0.54 secs
Wed Aug 19 09:28:29 2026: Image # 5, module MeasureObjectIntensity # 9: CPU_time = 9.50 secs, Wall_time = 9.49 secs
Wed Aug 19 09:28:39 2026: Image # 5, module MeasureColocalization # 10: CPU_time = 614.85 secs, Wall_time = 166.81 secs
Wed Aug 19 09:31:25 2026: Image # 5, module ExportToSpreadsheet # 11: CPU_time = 0.00 secs, Wall_time = 0.02 secs
Wed Aug 19 09:31:25 2026: Image # 6, module Images # 1: CPU_time = 0.00 secs, Wall_time = 0.00 secs
Wed Aug 19 09:31:25 2026: Image # 6, module Metadata # 2: CPU_time = 0.00 secs, Wall_time = 0.00 secs
Wed Aug 19 09:31:25 2026: Image # 6, module NamesAndTypes # 3: CPU_time = 4.68 secs, Wall_time = 3.79 secs
Wed Aug 19 09:31:29 2026: Image # 6, module Groups # 4: CPU_time = 0.00 secs, Wall_time = 0.00 secs
Wed Aug 19 09:31:29 2026: Image # 6, module MaskImage # 5: CPU_time = 0.08 secs, Wall_time = 0.08 secs
Wed Aug 19 09:31:29 2026: Image # 6, module MaskImage # 6: CPU_time = 0.09 secs, Wall_time = 0.09 secs
Wed Aug 19 09:31:29 2026: Image # 6, module MaskImage # 7: CPU_time = 0.17 secs, Wall_time = 0.09 secs
Wed Aug 19 09:31:29 2026: Image # 6, module MaskObjects # 8: CPU_time = 0.75 secs, Wall_time = 0.53 secs
Wed Aug 19 09:31:30 2026: Image # 6, module MeasureObjectIntensity # 9: CPU_time = 6.09 secs, Wall_time = 6.09 secs
Wed Aug 19 09:31:36 2026: Image # 6, module MeasureColocalization # 10: CPU_time = 213.31 secs, Wall_time = 56.60 secs
Wed Aug 19 09:32:33 2026: Image # 6, module ExportToSpreadsheet # 11: CPU_time = 0.00 secs, Wall_time = 0.01 secs
Wed Aug 19 09:32:33 2026: Image # 7, module Images # 1: CPU_time = 0.00 secs, Wall_time = 0.00 secs
Wed Aug 19 09:32:33 2026: Image # 7, module Metadata # 2: CPU_time = 0.00 secs, Wall_time = 0.00 secs
Wed Aug 19 09:32:33 2026: Image # 7, module NamesAndTypes # 3: CPU_time = 4.54 secs, Wall_time = 4.09 secs
Wed Aug 19 09:32:37 2026: Image # 7, module Groups # 4: CPU_time = 0.00 secs, Wall_time = 0.00 secs
Wed Aug 19 09:32:37 2026: Image # 7, module MaskImage # 5: CPU_time = 0.08 secs, Wall_time = 0.08 secs
Wed Aug 19 09:32:37 2026: Image # 7, module MaskImage # 6: CPU_time = 0.10 secs, Wall_time = 0.09 secs
Wed Aug 19 09:32:37 2026: Image # 7, module MaskImage # 7: CPU_time = 0.22 secs, Wall_time = 0.12 secs
Wed Aug 19 09:32:37 2026: Image # 7, module MaskObjects # 8: CPU_time = 0.84 secs, Wall_time = 0.58 secs
Wed Aug 19 09:32:38 2026: Image # 7, module MeasureObjectIntensity # 9: CPU_time = 9.86 secs, Wall_time = 9.85 secs
Wed Aug 19 09:32:48 2026: Image # 7, module MeasureColocalization # 10: CPU_time = 778.40 secs, Wall_time = 222.45 secs
Wed Aug 19 09:36:30 2026: Image # 7, module ExportToSpreadsheet # 11: CPU_time = 0.00 secs, Wall_time = 0.01 secs
Wed Aug 19 09:36:30 2026: Image # 8, module Images # 1: CPU_time = 0.00 secs, Wall_time = 0.00 secs
Wed Aug 19 09:36:30 2026: Image # 8, module Metadata # 2: CPU_time = 0.00 secs, Wall_time = 0.00 secs
Wed Aug 19 09:36:30 2026: Image # 8, module NamesAndTypes # 3: CPU_time = 4.71 secs, Wall_time = 4.33 secs
Wed Aug 19 09:36:34 2026: Image # 8, module Groups # 4: CPU_time = 0.00 secs, Wall_time = 0.00 secs
Wed Aug 19 09:36:34 2026: Image # 8, module MaskImage # 5: CPU_time = 0.09 secs, Wall_time = 0.08 secs
Wed Aug 19 09:36:34 2026: Image # 8, module MaskImage # 6: CPU_time = 0.09 secs, Wall_time = 0.09 secs
Wed Aug 19 09:36:35 2026: Image # 8, module MaskImage # 7: CPU_time = 0.17 secs, Wall_time = 0.09 secs
Wed Aug 19 09:36:35 2026: Image # 8, module MaskObjects # 8: CPU_time = 0.86 secs, Wall_time = 0.61 secs
Wed Aug 19 09:36:35 2026: Image # 8, module MeasureObjectIntensity # 9: CPU_time = 10.27 secs, Wall_time = 10.27 secs
Wed Aug 19 09:36:46 2026: Image # 8, module MeasureColocalization # 10: CPU_time = 804.20 secs, Wall_time = 247.54 secs
Wed Aug 19 09:40:53 2026: Image # 8, module ExportToSpreadsheet # 11: CPU_time = 0.00 secs, Wall_time = 0.00 secs
Wed Aug 19 09:40:53 2026: Image # 9, module Images # 1: CPU_time = 0.00 secs, Wall_time = 0.00 secs
Wed Aug 19 09:40:53 2026: Image # 9, module Metadata # 2: CPU_time = 0.00 secs, Wall_time = 0.00 secs
Wed Aug 19 09:40:53 2026: Image # 9, module NamesAndTypes # 3: CPU_time = 4.80 secs, Wall_time = 3.91 secs
Wed Aug 19 09:40:57 2026: Image # 9, module Groups # 4: CPU_time = 0.00 secs, Wall_time = 0.00 secs
Wed Aug 19 09:40:57 2026: Image # 9, module MaskImage # 5: CPU_time = 0.08 secs, Wall_time = 0.08 secs
Wed Aug 19 09:40:57 2026: Image # 9, module MaskImage # 6: CPU_time = 0.08 secs, Wall_time = 0.09 secs
Wed Aug 19 09:40:57 2026: Image # 9, module MaskImage # 7: CPU_time = 0.17 secs, Wall_time = 0.09 secs
Wed Aug 19 09:40:57 2026: Image # 9, module MaskObjects # 8: CPU_time = 0.84 secs, Wall_time = 0.60 secs
Wed Aug 19 09:40:58 2026: Image # 9, module MeasureObjectIntensity # 9: CPU_time = 9.50 secs, Wall_time = 9.49 secs
Wed Aug 19 09:41:07 2026: Image # 9, module MeasureColocalization # 10: CPU_time = 764.48 secs, Wall_time = 228.52 secs
Wed Aug 19 09:44:56 2026: Image # 9, module ExportToSpreadsheet # 11: CPU_time = 0.00 secs, Wall_time = 0.00 secs
Wed Aug 19 09:44:56 2026: Image # 10, module Images # 1: CPU_time = 0.00 secs, Wall_time = 0.00 secs
Wed Aug 19 09:44:56 2026: Image # 10, module Metadata # 2: CPU_time = 0.00 secs, Wall_time = 0.00 secs
Wed Aug 19 09:44:56 2026: Image # 10, module NamesAndTypes # 3: CPU_time = 4.66 secs, Wall_time = 4.20 secs
Wed Aug 19 09:45:00 2026: Image # 10, module Groups # 4: CPU_time = 0.00 secs, Wall_time = 0.00 secs
Wed Aug 19 09:45:00 2026: Image # 10, module MaskImage # 5: CPU_time = 0.09 secs, Wall_time = 0.08 secs
Wed Aug 19 09:45:00 2026: Image # 10, module MaskImage # 6: CPU_time = 0.08 secs, Wall_time = 0.08 secs
Wed Aug 19 09:45:00 2026: Image # 10, module MaskImage # 7: CPU_time = 0.20 secs, Wall_time = 0.11 secs
Wed Aug 19 09:45:00 2026: Image # 10, module MaskObjects # 8: CPU_time = 0.99 secs, Wall_time = 0.68 secs
Wed Aug 19 09:45:01 2026: Image # 10, module MeasureObjectIntensity # 9: CPU_time = 10.90 secs, Wall_time = 10.89 secs
Wed Aug 19 09:45:12 2026: Image # 10, module MeasureColocalization # 10: CPU_time = 739.12 secs, Wall_time = 234.09 secs
Wed Aug 19 09:49:06 2026: Image # 10, module ExportToSpreadsheet # 11: CPU_time = 0.00 secs, Wall_time = 0.00 secs
Wed Aug 19 09:49:06 2026: Image # 11, module Images # 1: CPU_time = 0.00 secs, Wall_time = 0.00 secs
Wed Aug 19 09:49:06 2026: Image # 11, module Metadata # 2: CPU_time = 0.00 secs, Wall_time = 0.00 secs
Wed Aug 19 09:49:06 2026: Image # 11, module NamesAndTypes # 3: CPU_time = 4.68 secs, Wall_time = 4.51 secs
Wed Aug 19 09:49:11 2026: Image # 11, module Groups # 4: CPU_time = 0.00 secs, Wall_time = 0.00 secs
Wed Aug 19 09:49:11 2026: Image # 11, module MaskImage # 5: CPU_time = 0.08 secs, Wall_time = 0.08 secs
Wed Aug 19 09:49:11 2026: Image # 11, module MaskImage # 6: CPU_time = 0.10 secs, Wall_time = 0.10 secs
Wed Aug 19 09:49:11 2026: Image # 11, module MaskImage # 7: CPU_time = 0.19 secs, Wall_time = 0.10 secs
Wed Aug 19 09:49:11 2026: Image # 11, module MaskObjects # 8: CPU_time = 0.87 secs, Wall_time = 0.62 secs
Wed Aug 19 09:49:12 2026: Image # 11, module MeasureObjectIntensity # 9: CPU_time = 10.18 secs, Wall_time = 10.18 secs
Wed Aug 19 09:49:22 2026: Image # 11, module MeasureColocalization # 10: CPU_time = 831.32 secs, Wall_time = 241.03 secs
Wed Aug 19 09:53:23 2026: Image # 11, module ExportToSpreadsheet # 11: CPU_time = 0.00 secs, Wall_time = 0.00 secs
Wed Aug 19 09:53:23 2026: Image # 12, module Images # 1: CPU_time = 0.00 secs, Wall_time = 0.00 secs
Wed Aug 19 09:53:23 2026: Image # 12, module Metadata # 2: CPU_time = 0.00 secs, Wall_time = 0.00 secs
Wed Aug 19 09:53:23 2026: Image # 12, module NamesAndTypes # 3: CPU_time = 5.52 secs, Wall_time = 4.54 secs
Wed Aug 19 09:53:27 2026: Image # 12, module Groups # 4: CPU_time = 0.00 secs, Wall_time = 0.00 secs
Wed Aug 19 09:53:27 2026: Image # 12, module MaskImage # 5: CPU_time = 0.08 secs, Wall_time = 0.09 secs
Wed Aug 19 09:53:27 2026: Image # 12, module MaskImage # 6: CPU_time = 0.09 secs, Wall_time = 0.09 secs
Wed Aug 19 09:53:27 2026: Image # 12, module MaskImage # 7: CPU_time = 0.16 secs, Wall_time = 0.09 secs
Wed Aug 19 09:53:28 2026: Image # 12, module MaskObjects # 8: CPU_time = 0.80 secs, Wall_time = 0.57 secs
Wed Aug 19 09:53:28 2026: Image # 12, module MeasureObjectIntensity # 9: CPU_time = 6.71 secs, Wall_time = 6.72 secs
Wed Aug 19 09:53:35 2026: Image # 12, module MeasureColocalization # 10: CPU_time = 539.14 secs, Wall_time = 143.71 secs
Wed Aug 19 09:55:59 2026: Image # 12, module ExportToSpreadsheet # 11: CPU_time = 0.00 secs, Wall_time = 0.00 secs
Wed Aug 19 09:55:59 2026: Image # 13, module Images # 1: CPU_time = 0.00 secs, Wall_time = 0.00 secs
Wed Aug 19 09:55:59 2026: Image # 13, module Metadata # 2: CPU_time = 0.00 secs, Wall_time = 0.00 secs
Wed Aug 19 09:55:59 2026: Image # 13, module NamesAndTypes # 3: CPU_time = 5.10 secs, Wall_time = 3.92 secs
Wed Aug 19 09:56:03 2026: Image # 13, module Groups # 4: CPU_time = 0.00 secs, Wall_time = 0.00 secs
Wed Aug 19 09:56:03 2026: Image # 13, module MaskImage # 5: CPU_time = 0.10 secs, Wall_time = 0.09 secs
Wed Aug 19 09:56:03 2026: Image # 13, module MaskImage # 6: CPU_time = 0.08 secs, Wall_time = 0.09 secs
Wed Aug 19 09:56:03 2026: Image # 13, module MaskImage # 7: CPU_time = 0.19 secs, Wall_time = 0.10 secs
Wed Aug 19 09:56:03 2026: Image # 13, module MaskObjects # 8: CPU_time = 0.82 secs, Wall_time = 0.58 secs
Wed Aug 19 09:56:03 2026: Image # 13, module MeasureObjectIntensity # 9: CPU_time = 6.45 secs, Wall_time = 6.44 secs
Wed Aug 19 09:56:10 2026: Image # 13, module MeasureColocalization # 10: CPU_time = 310.21 secs, Wall_time = 82.27 secs
Wed Aug 19 09:57:32 2026: Image # 13, module ExportToSpreadsheet # 11: CPU_time = 0.00 secs, Wall_time = 0.00 secs
Wed Aug 19 09:57:32 2026: Image # 14, module Images # 1: CPU_time = 0.00 secs, Wall_time = 0.00 secs
Wed Aug 19 09:57:32 2026: Image # 14, module Metadata # 2: CPU_time = 0.00 secs, Wall_time = 0.00 secs
Wed Aug 19 09:57:32 2026: Image # 14, module NamesAndTypes # 3: CPU_time = 5.11 secs, Wall_time = 3.92 secs
Wed Aug 19 09:57:36 2026: Image # 14, module Groups # 4: CPU_time = 0.00 secs, Wall_time = 0.00 secs
Wed Aug 19 09:57:36 2026: Image # 14, module MaskImage # 5: CPU_time = 0.09 secs, Wall_time = 0.08 secs
Wed Aug 19 09:57:36 2026: Image # 14, module MaskImage # 6: CPU_time = 0.09 secs, Wall_time = 0.09 secs
Wed Aug 19 09:57:36 2026: Image # 14, module MaskImage # 7: CPU_time = 0.17 secs, Wall_time = 0.09 secs
Wed Aug 19 09:57:36 2026: Image # 14, module MaskObjects # 8: CPU_time = 0.83 secs, Wall_time = 0.58 secs
Wed Aug 19 09:57:37 2026: Image # 14, module MeasureObjectIntensity # 9: CPU_time = 6.74 secs, Wall_time = 6.74 secs
Wed Aug 19 09:57:44 2026: Image # 14, module MeasureColocalization # 10: CPU_time = 363.92 secs, Wall_time = 97.19 secs
Wed Aug 19 09:59:21 2026: Image # 14, module ExportToSpreadsheet # 11: CPU_time = 0.00 secs, Wall_time = 0.00 secs
Wed Aug 19 09:59:21 2026: Image # 15, module Images # 1: CPU_time = 0.00 secs, Wall_time = 0.00 secs
Wed Aug 19 09:59:21 2026: Image # 15, module Metadata # 2: CPU_time = 0.00 secs, Wall_time = 0.00 secs
Wed Aug 19 09:59:21 2026: Image # 15, module NamesAndTypes # 3: CPU_time = 5.02 secs, Wall_time = 4.21 secs
Wed Aug 19 09:59:25 2026: Image # 15, module Groups # 4: CPU_time = 0.00 secs, Wall_time = 0.00 secs
Wed Aug 19 09:59:25 2026: Image # 15, module MaskImage # 5: CPU_time = 0.10 secs, Wall_time = 0.09 secs
Wed Aug 19 09:59:25 2026: Image # 15, module MaskImage # 6: CPU_time = 0.08 secs, Wall_time = 0.09 secs
Wed Aug 19 09:59:25 2026: Image # 15, module MaskImage # 7: CPU_time = 0.17 secs, Wall_time = 0.09 secs
Wed Aug 19 09:59:25 2026: Image # 15, module MaskObjects # 8: CPU_time = 0.79 secs, Wall_time = 0.56 secs
Wed Aug 19 09:59:26 2026: Image # 15, module MeasureObjectIntensity # 9: CPU_time = 5.57 secs, Wall_time = 5.56 secs
Wed Aug 19 09:59:31 2026: Image # 15, module MeasureColocalization # 10: CPU_time = 200.78 secs, Wall_time = 54.15 secs
Wed Aug 19 10:00:26 2026: Image # 15, module ExportToSpreadsheet # 11: CPU_time = 0.00 secs, Wall_time = 0.00 secs
Wed Aug 19 10:00:26 2026: Image # 16, module Images # 1: CPU_time = 0.00 secs, Wall_time = 0.00 secs
Wed Aug 19 10:00:26 2026: Image # 16, module Metadata # 2: CPU_time = 0.00 secs, Wall_time = 0.00 secs
Wed Aug 19 10:00:26 2026: Image # 16, module NamesAndTypes # 3: CPU_time = 4.53 secs, Wall_time = 3.71 secs
Wed Aug 19 10:00:29 2026: Image # 16, module Groups # 4: CPU_time = 0.00 secs, Wall_time = 0.00 secs
Wed Aug 19 10:00:29 2026: Image # 16, module MaskImage # 5: CPU_time = 0.09 secs, Wall_time = 0.09 secs
Wed Aug 19 10:00:29 2026: Image # 16, module MaskImage # 6: CPU_time = 0.08 secs, Wall_time = 0.08 secs
Wed Aug 19 10:00:30 2026: Image # 16, module MaskImage # 7: CPU_time = 0.18 secs, Wall_time = 0.09 secs
Wed Aug 19 10:00:30 2026: Image # 16, module MaskObjects # 8: CPU_time = 0.82 secs, Wall_time = 0.56 secs
Wed Aug 19 10:00:30 2026: Image # 16, module MeasureObjectIntensity # 9: CPU_time = 6.02 secs, Wall_time = 6.01 secs
Wed Aug 19 10:00:36 2026: Image # 16, module MeasureColocalization # 10: CPU_time = 458.59 secs, Wall_time = 120.12 secs
Wed Aug 19 10:02:36 2026: Image # 16, module ExportToSpreadsheet # 11: CPU_time = 0.00 secs, Wall_time = 0.00 secs
Wed Aug 19 10:02:36 2026: Image # 17, module Images # 1: CPU_time = 0.00 secs, Wall_time = 0.00 secs
Wed Aug 19 10:02:36 2026: Image # 17, module Metadata # 2: CPU_time = 0.00 secs, Wall_time = 0.00 secs
Wed Aug 19 10:02:36 2026: Image # 17, module NamesAndTypes # 3: CPU_time = 4.89 secs, Wall_time = 4.07 secs
Wed Aug 19 10:02:40 2026: Image # 17, module Groups # 4: CPU_time = 0.00 secs, Wall_time = 0.00 secs
Wed Aug 19 10:02:40 2026: Image # 17, module MaskImage # 5: CPU_time = 0.09 secs, Wall_time = 0.09 secs
Wed Aug 19 10:02:41 2026: Image # 17, module MaskImage # 6: CPU_time = 0.09 secs, Wall_time = 0.09 secs
Wed Aug 19 10:02:41 2026: Image # 17, module MaskImage # 7: CPU_time = 0.19 secs, Wall_time = 0.09 secs
Wed Aug 19 10:02:41 2026: Image # 17, module MaskObjects # 8: CPU_time = 0.87 secs, Wall_time = 0.60 secs
Wed Aug 19 10:02:41 2026: Image # 17, module MeasureObjectIntensity # 9: CPU_time = 5.68 secs, Wall_time = 5.68 secs
Wed Aug 19 10:02:47 2026: Image # 17, module MeasureColocalization # 10: CPU_time = 240.95 secs, Wall_time = 64.84 secs
Wed Aug 19 10:03:52 2026: Image # 17, module ExportToSpreadsheet # 11: CPU_time = 0.00 secs, Wall_time = 0.00 secs
Wed Aug 19 10:03:52 2026: Image # 18, module Images # 1: CPU_time = 0.00 secs, Wall_time = 0.00 secs
Wed Aug 19 10:03:52 2026: Image # 18, module Metadata # 2: CPU_time = 0.00 secs, Wall_time = 0.00 secs
Wed Aug 19 10:03:52 2026: Image # 18, module NamesAndTypes # 3: CPU_time = 4.25 secs, Wall_time = 3.64 secs
Wed Aug 19 10:03:55 2026: Image # 18, module Groups # 4: CPU_time = 0.00 secs, Wall_time = 0.00 secs
Wed Aug 19 10:03:55 2026: Image # 18, module MaskImage # 5: CPU_time = 0.09 secs, Wall_time = 0.08 secs
Wed Aug 19 10:03:56 2026: Image # 18, module MaskImage # 6: CPU_time = 0.08 secs, Wall_time = 0.08 secs
Wed Aug 19 10:03:56 2026: Image # 18, module MaskImage # 7: CPU_time = 0.17 secs, Wall_time = 0.09 secs
Wed Aug 19 10:03:56 2026: Image # 18, module MaskObjects # 8: CPU_time = 0.80 secs, Wall_time = 0.57 secs
Wed Aug 19 10:03:56 2026: Image # 18, module MeasureObjectIntensity # 9: CPU_time = 10.97 secs, Wall_time = 10.95 secs
Wed Aug 19 10:04:07 2026: Image # 18, module MeasureColocalization # 10: CPU_time = 654.24 secs, Wall_time = 188.66 secs
Wed Aug 19 10:07:16 2026: Image # 18, module ExportToSpreadsheet # 11: CPU_time = 0.00 secs, Wall_time = 0.00 secs
Wed Aug 19 10:07:16 2026: Image # 19, module Images # 1: CPU_time = 0.00 secs, Wall_time = 0.00 secs
Wed Aug 19 10:07:16 2026: Image # 19, module Metadata # 2: CPU_time = 0.00 secs, Wall_time = 0.00 secs
Wed Aug 19 10:07:16 2026: Image # 19, module NamesAndTypes # 3: CPU_time = 4.72 secs, Wall_time = 3.82 secs
Wed Aug 19 10:07:20 2026: Image # 19, module Groups # 4: CPU_time = 0.00 secs, Wall_time = 0.00 secs
Wed Aug 19 10:07:20 2026: Image # 19, module MaskImage # 5: CPU_time = 0.10 secs, Wall_time = 0.09 secs
Wed Aug 19 10:07:20 2026: Image # 19, module MaskImage # 6: CPU_time = 0.09 secs, Wall_time = 0.09 secs
Wed Aug 19 10:07:20 2026: Image # 19, module MaskImage # 7: CPU_time = 0.18 secs, Wall_time = 0.09 secs
Wed Aug 19 10:07:20 2026: Image # 19, module MaskObjects # 8: CPU_time = 0.82 secs, Wall_time = 0.57 secs
Wed Aug 19 10:07:21 2026: Image # 19, module MeasureObjectIntensity # 9: CPU_time = 9.97 secs, Wall_time = 9.96 secs
Wed Aug 19 10:07:31 2026: Image # 19, module MeasureColocalization # 10: CPU_time = 636.17 secs, Wall_time = 212.27 secs
Wed Aug 19 10:11:03 2026: Image # 19, module ExportToSpreadsheet # 11: CPU_time = 0.00 secs, Wall_time = 0.00 secs
Wed Aug 19 10:11:03 2026: Image # 20, module Images # 1: CPU_time = 0.00 secs, Wall_time = 0.00 secs
Wed Aug 19 10:11:03 2026: Image # 20, module Metadata # 2: CPU_time = 0.00 secs, Wall_time = 0.00 secs
Wed Aug 19 10:11:03 2026: Image # 20, module NamesAndTypes # 3: CPU_time = 4.59 secs, Wall_time = 4.26 secs
Wed Aug 19 10:11:07 2026: Image # 20, module Groups # 4: CPU_time = 0.00 secs, Wall_time = 0.00 secs
Wed Aug 19 10:11:07 2026: Image # 20, module MaskImage # 5: CPU_time = 0.08 secs, Wall_time = 0.08 secs
Wed Aug 19 10:11:07 2026: Image # 20, module MaskImage # 6: CPU_time = 0.08 secs, Wall_time = 0.08 secs
Wed Aug 19 10:11:07 2026: Image # 20, module MaskImage # 7: CPU_time = 0.18 secs, Wall_time = 0.09 secs
Wed Aug 19 10:11:07 2026: Image # 20, module MaskObjects # 8: CPU_time = 0.86 secs, Wall_time = 0.58 secs
Wed Aug 19 10:11:08 2026: Image # 20, module MeasureObjectIntensity # 9: CPU_time = 9.22 secs, Wall_time = 9.20 secs
Wed Aug 19 10:11:17 2026: Image # 20, module MeasureColocalization # 10: CPU_time = 766.34 secs, Wall_time = 224.47 secs
Wed Aug 19 10:15:02 2026: Image # 20, module ExportToSpreadsheet # 11: CPU_time = 0.00 secs, Wall_time = 0.02 secs
Wed Aug 19 10:15:02 2026: Image # 21, module Images # 1: CPU_time = 0.00 secs, Wall_time = 0.00 secs
Wed Aug 19 10:15:02 2026: Image # 21, module Metadata # 2: CPU_time = 0.00 secs, Wall_time = 0.00 secs
Wed Aug 19 10:15:02 2026: Image # 21, module NamesAndTypes # 3: CPU_time = 4.29 secs, Wall_time = 4.72 secs
Wed Aug 19 10:15:06 2026: Image # 21, module Groups # 4: CPU_time = 0.00 secs, Wall_time = 0.00 secs
Wed Aug 19 10:15:06 2026: Image # 21, module MaskImage # 5: CPU_time = 0.08 secs, Wall_time = 0.08 secs
Wed Aug 19 10:15:07 2026: Image # 21, module MaskImage # 6: CPU_time = 0.09 secs, Wall_time = 0.08 secs
Wed Aug 19 10:15:07 2026: Image # 21, module MaskImage # 7: CPU_time = 0.18 secs, Wall_time = 0.09 secs
Wed Aug 19 10:15:07 2026: Image # 21, module MaskObjects # 8: CPU_time = 0.86 secs, Wall_time = 0.58 secs
Wed Aug 19 10:15:07 2026: Image # 21, module MeasureObjectIntensity # 9: CPU_time = 10.19 secs, Wall_time = 10.18 secs
Wed Aug 19 10:15:18 2026: Image # 21, module MeasureColocalization # 10: CPU_time = 664.51 secs, Wall_time = 212.72 secs
Wed Aug 19 10:18:50 2026: Image # 21, module ExportToSpreadsheet # 11: CPU_time = 0.00 secs, Wall_time = 0.00 secs
Wed Aug 19 10:18:50 2026: Image # 22, module Images # 1: CPU_time = 0.00 secs, Wall_time = 0.00 secs
Wed Aug 19 10:18:50 2026: Image # 22, module Metadata # 2: CPU_time = 0.00 secs, Wall_time = 0.00 secs
Wed Aug 19 10:18:50 2026: Image # 22, module NamesAndTypes # 3: CPU_time = 4.65 secs, Wall_time = 4.18 secs
Wed Aug 19 10:18:54 2026: Image # 22, module Groups # 4: CPU_time = 0.00 secs, Wall_time = 0.00 secs
Wed Aug 19 10:18:54 2026: Image # 22, module MaskImage # 5: CPU_time = 0.09 secs, Wall_time = 0.09 secs
Wed Aug 19 10:18:55 2026: Image # 22, module MaskImage # 6: CPU_time = 0.09 secs, Wall_time = 0.10 secs
Wed Aug 19 10:18:55 2026: Image # 22, module MaskImage # 7: CPU_time = 0.18 secs, Wall_time = 0.09 secs
Wed Aug 19 10:18:55 2026: Image # 22, module MaskObjects # 8: CPU_time = 0.80 secs, Wall_time = 0.56 secs
Wed Aug 19 10:18:55 2026: Image # 22, module MeasureObjectIntensity # 9: CPU_time = 10.52 secs, Wall_time = 10.50 secs
Wed Aug 19 10:19:06 2026: Image # 22, module MeasureColocalization # 10: CPU_time = 899.20 secs, Wall_time = 289.06 secs
Wed Aug 19 10:23:55 2026: Image # 22, module ExportToSpreadsheet # 11: CPU_time = 0.00 secs, Wall_time = 0.00 secs
Wed Aug 19 10:23:55 2026: Image # 23, module Images # 1: CPU_time = 0.00 secs, Wall_time = 0.00 secs
Wed Aug 19 10:23:55 2026: Image # 23, module Metadata # 2: CPU_time = 0.00 secs, Wall_time = 0.00 secs
Wed Aug 19 10:23:55 2026: Image # 23, module NamesAndTypes # 3: CPU_time = 4.71 secs, Wall_time = 4.84 secs
Wed Aug 19 10:24:00 2026: Image # 23, module Groups # 4: CPU_time = 0.00 secs, Wall_time = 0.00 secs
Wed Aug 19 10:24:00 2026: Image # 23, module MaskImage # 5: CPU_time = 0.08 secs, Wall_time = 0.09 secs
Wed Aug 19 10:24:00 2026: Image # 23, module MaskImage # 6: CPU_time = 0.08 secs, Wall_time = 0.09 secs
Wed Aug 19 10:24:00 2026: Image # 23, module MaskImage # 7: CPU_time = 0.18 secs, Wall_time = 0.09 secs
Wed Aug 19 10:24:00 2026: Image # 23, module MaskObjects # 8: CPU_time = 0.84 secs, Wall_time = 0.56 secs
Wed Aug 19 10:24:01 2026: Image # 23, module MeasureObjectIntensity # 9: CPU_time = 11.58 secs, Wall_time = 11.57 secs
Wed Aug 19 10:24:12 2026: Image # 23, module MeasureColocalization # 10: CPU_time = 718.98 secs, Wall_time = 229.83 secs
Wed Aug 19 10:28:02 2026: Image # 23, module ExportToSpreadsheet # 11: CPU_time = 0.00 secs, Wall_time = 0.00 secs
Wed Aug 19 10:28:02 2026: Image # 24, module Images # 1: CPU_time = 0.00 secs, Wall_time = 0.00 secs
Wed Aug 19 10:28:02 2026: Image # 24, module Metadata # 2: CPU_time = 0.00 secs, Wall_time = 0.00 secs
Wed Aug 19 10:28:02 2026: Image # 24, module NamesAndTypes # 3: CPU_time = 4.71 secs, Wall_time = 4.52 secs
Wed Aug 19 10:28:07 2026: Image # 24, module Groups # 4: CPU_time = 0.00 secs, Wall_time = 0.00 secs
Wed Aug 19 10:28:07 2026: Image # 24, module MaskImage # 5: CPU_time = 0.09 secs, Wall_time = 0.09 secs
Wed Aug 19 10:28:07 2026: Image # 24, module MaskImage # 6: CPU_time = 0.08 secs, Wall_time = 0.09 secs
Wed Aug 19 10:28:07 2026: Image # 24, module MaskImage # 7: CPU_time = 0.18 secs, Wall_time = 0.09 secs
Wed Aug 19 10:28:07 2026: Image # 24, module MaskObjects # 8: CPU_time = 0.86 secs, Wall_time = 0.60 secs
Wed Aug 19 10:28:07 2026: Image # 24, module MeasureObjectIntensity # 9: CPU_time = 6.73 secs, Wall_time = 6.73 secs
Wed Aug 19 10:28:14 2026: Image # 24, module MeasureColocalization # 10: CPU_time = 473.25 secs, Wall_time = 123.59 secs
Wed Aug 19 10:30:18 2026: Image # 24, module ExportToSpreadsheet # 11: CPU_time = 0.00 secs, Wall_time = 0.00 secs
Wed Aug 19 10:30:18 2026: Image # 25, module Images # 1: CPU_time = 0.00 secs, Wall_time = 0.00 secs
Wed Aug 19 10:30:18 2026: Image # 25, module Metadata # 2: CPU_time = 0.00 secs, Wall_time = 0.00 secs
Wed Aug 19 10:30:18 2026: Image # 25, module NamesAndTypes # 3: CPU_time = 4.58 secs, Wall_time = 3.72 secs
Wed Aug 19 10:30:21 2026: Image # 25, module Groups # 4: CPU_time = 0.00 secs, Wall_time = 0.00 secs
Wed Aug 19 10:30:21 2026: Image # 25, module MaskImage # 5: CPU_time = 0.09 secs, Wall_time = 0.09 secs
Wed Aug 19 10:30:22 2026: Image # 25, module MaskImage # 6: CPU_time = 0.10 secs, Wall_time = 0.09 secs
Wed Aug 19 10:30:22 2026: Image # 25, module MaskImage # 7: CPU_time = 0.22 secs, Wall_time = 0.11 secs
Wed Aug 19 10:30:22 2026: Image # 25, module MaskObjects # 8: CPU_time = 0.75 secs, Wall_time = 0.52 secs
Wed Aug 19 10:30:22 2026: Image # 25, module MeasureObjectIntensity # 9: CPU_time = 6.41 secs, Wall_time = 6.41 secs
Wed Aug 19 10:30:29 2026: Image # 25, module MeasureColocalization # 10: CPU_time = 413.50 secs, Wall_time = 107.65 secs
Wed Aug 19 10:32:16 2026: Image # 25, module ExportToSpreadsheet # 11: CPU_time = 0.00 secs, Wall_time = 0.02 secs
Wed Aug 19 10:32:16 2026: Image # 26, module Images # 1: CPU_time = 0.00 secs, Wall_time = 0.00 secs
Wed Aug 19 10:32:16 2026: Image # 26, module Metadata # 2: CPU_time = 0.00 secs, Wall_time = 0.00 secs
Wed Aug 19 10:32:16 2026: Image # 26, module NamesAndTypes # 3: CPU_time = 4.53 secs, Wall_time = 4.47 secs
Wed Aug 19 10:32:21 2026: Image # 26, module Groups # 4: CPU_time = 0.00 secs, Wall_time = 0.00 secs
Wed Aug 19 10:32:21 2026: Image # 26, module MaskImage # 5: CPU_time = 0.08 secs, Wall_time = 0.09 secs
Wed Aug 19 10:32:21 2026: Image # 26, module MaskImage # 6: CPU_time = 0.08 secs, Wall_time = 0.09 secs
Wed Aug 19 10:32:21 2026: Image # 26, module MaskImage # 7: CPU_time = 0.18 secs, Wall_time = 0.09 secs
Wed Aug 19 10:32:21 2026: Image # 26, module MaskObjects # 8: CPU_time = 0.78 secs, Wall_time = 0.52 secs
Wed Aug 19 10:32:22 2026: Image # 26, module MeasureObjectIntensity # 9: CPU_time = 6.58 secs, Wall_time = 6.57 secs
Wed Aug 19 10:32:28 2026: Image # 26, module MeasureColocalization # 10: CPU_time = 505.44 secs, Wall_time = 131.84 secs
Wed Aug 19 10:34:40 2026: Image # 26, module ExportToSpreadsheet # 11: CPU_time = 0.00 secs, Wall_time = 0.00 secs
Wed Aug 19 10:34:40 2026: Image # 27, module Images # 1: CPU_time = 0.00 secs, Wall_time = 0.00 secs
Wed Aug 19 10:34:40 2026: Image # 27, module Metadata # 2: CPU_time = 0.00 secs, Wall_time = 0.00 secs
Wed Aug 19 10:34:40 2026: Image # 27, module NamesAndTypes # 3: CPU_time = 4.56 secs, Wall_time = 3.94 secs
Wed Aug 19 10:34:44 2026: Image # 27, module Groups # 4: CPU_time = 0.00 secs, Wall_time = 0.00 secs
Wed Aug 19 10:34:44 2026: Image # 27, module MaskImage # 5: CPU_time = 0.08 secs, Wall_time = 0.08 secs
Wed Aug 19 10:34:44 2026: Image # 27, module MaskImage # 6: CPU_time = 0.10 secs, Wall_time = 0.09 secs
Wed Aug 19 10:34:44 2026: Image # 27, module MaskImage # 7: CPU_time = 0.17 secs, Wall_time = 0.09 secs
Wed Aug 19 10:34:44 2026: Image # 27, module MaskObjects # 8: CPU_time = 0.79 secs, Wall_time = 0.53 secs
Wed Aug 19 10:34:45 2026: Image # 27, module MeasureObjectIntensity # 9: CPU_time = 5.94 secs, Wall_time = 5.93 secs
Wed Aug 19 10:34:51 2026: Image # 27, module MeasureColocalization # 10: CPU_time = 369.10 secs, Wall_time = 101.29 secs
Wed Aug 19 10:36:32 2026: Image # 27, module ExportToSpreadsheet # 11: CPU_time = 0.00 secs, Wall_time = 0.00 secs
Wed Aug 19 10:36:32 2026: Image # 28, module Images # 1: CPU_time = 0.00 secs, Wall_time = 0.00 secs
Wed Aug 19 10:36:32 2026: Image # 28, module Metadata # 2: CPU_time = 0.00 secs, Wall_time = 0.00 secs
Wed Aug 19 10:36:32 2026: Image # 28, module NamesAndTypes # 3: CPU_time = 4.62 secs, Wall_time = 4.04 secs
Wed Aug 19 10:36:36 2026: Image # 28, module Groups # 4: CPU_time = 0.00 secs, Wall_time = 0.00 secs
Wed Aug 19 10:36:36 2026: Image # 28, module MaskImage # 5: CPU_time = 0.08 secs, Wall_time = 0.09 secs
Wed Aug 19 10:36:36 2026: Image # 28, module MaskImage # 6: CPU_time = 0.08 secs, Wall_time = 0.09 secs
Wed Aug 19 10:36:36 2026: Image # 28, module MaskImage # 7: CPU_time = 0.18 secs, Wall_time = 0.09 secs
Wed Aug 19 10:36:36 2026: Image # 28, module MaskObjects # 8: CPU_time = 0.76 secs, Wall_time = 0.52 secs
Wed Aug 19 10:36:37 2026: Image # 28, module MeasureObjectIntensity # 9: CPU_time = 7.47 secs, Wall_time = 7.47 secs
Wed Aug 19 10:36:44 2026: Image # 28, module MeasureColocalization # 10: CPU_time = 640.23 secs, Wall_time = 168.29 secs
Wed Aug 19 10:39:33 2026: Image # 28, module ExportToSpreadsheet # 11: CPU_time = 0.00 secs, Wall_time = 0.00 secs
Wed Aug 19 10:39:33 2026: Image # 29, module Images # 1: CPU_time = 0.00 secs, Wall_time = 0.00 secs
Wed Aug 19 10:39:33 2026: Image # 29, module Metadata # 2: CPU_time = 0.00 secs, Wall_time = 0.00 secs
Wed Aug 19 10:39:33 2026: Image # 29, module NamesAndTypes # 3: CPU_time = 4.69 secs, Wall_time = 5.21 secs
Wed Aug 19 10:39:38 2026: Image # 29, module Groups # 4: CPU_time = 0.00 secs, Wall_time = 0.00 secs
Wed Aug 19 10:39:38 2026: Image # 29, module MaskImage # 5: CPU_time = 0.08 secs, Wall_time = 0.09 secs
Wed Aug 19 10:39:38 2026: Image # 29, module MaskImage # 6: CPU_time = 0.08 secs, Wall_time = 0.09 secs
Wed Aug 19 10:39:38 2026: Image # 29, module MaskImage # 7: CPU_time = 0.17 secs, Wall_time = 0.09 secs
Wed Aug 19 10:39:38 2026: Image # 29, module MaskObjects # 8: CPU_time = 0.77 secs, Wall_time = 0.51 secs
Wed Aug 19 10:39:39 2026: Image # 29, module MeasureObjectIntensity # 9: CPU_time = 7.27 secs, Wall_time = 7.25 secs
Wed Aug 19 10:39:46 2026: Image # 29, module MeasureColocalization # 10: CPU_time = 465.59 secs, Wall_time = 121.91 secs
Wed Aug 19 10:41:48 2026: Image # 29, module ExportToSpreadsheet # 11: CPU_time = 0.00 secs, Wall_time = 0.00 secs
Wed Aug 19 10:41:48 2026: Image # 30, module Images # 1: CPU_time = 0.00 secs, Wall_time = 0.00 secs
Wed Aug 19 10:41:48 2026: Image # 30, module Metadata # 2: CPU_time = 0.00 secs, Wall_time = 0.00 secs
Wed Aug 19 10:41:48 2026: Image # 30, module NamesAndTypes # 3: CPU_time = 4.75 secs, Wall_time = 5.00 secs
Wed Aug 19 10:41:53 2026: Image # 30, module Groups # 4: CPU_time = 0.00 secs, Wall_time = 0.00 secs
Wed Aug 19 10:41:53 2026: Image # 30, module MaskImage # 5: CPU_time = 0.08 secs, Wall_time = 0.09 secs
Wed Aug 19 10:41:53 2026: Image # 30, module MaskImage # 6: CPU_time = 0.09 secs, Wall_time = 0.09 secs
Wed Aug 19 10:41:53 2026: Image # 30, module MaskImage # 7: CPU_time = 0.21 secs, Wall_time = 0.11 secs
Wed Aug 19 10:41:53 2026: Image # 30, module MaskObjects # 8: CPU_time = 1.00 secs, Wall_time = 0.67 secs
Wed Aug 19 10:41:54 2026: Image # 30, module MeasureObjectIntensity # 9: CPU_time = 8.83 secs, Wall_time = 8.83 secs
Wed Aug 19 10:42:03 2026: Image # 30, module MeasureColocalization # 10: CPU_time = 836.89 secs, Wall_time = 221.63 secs
Wed Aug 19 10:45:44 2026: Image # 30, module ExportToSpreadsheet # 11: CPU_time = 0.00 secs, Wall_time = 0.00 secs
Wed Aug 19 10:45:44 2026: Image # 31, module Images # 1: CPU_time = 0.00 secs, Wall_time = 0.00 secs
Wed Aug 19 10:45:44 2026: Image # 31, module Metadata # 2: CPU_time = 0.00 secs, Wall_time = 0.00 secs
Wed Aug 19 10:45:44 2026: Image # 31, module NamesAndTypes # 3: CPU_time = 4.71 secs, Wall_time = 3.98 secs
Wed Aug 19 10:45:48 2026: Image # 31, module Groups # 4: CPU_time = 0.00 secs, Wall_time = 0.00 secs
Wed Aug 19 10:45:48 2026: Image # 31, module MaskImage # 5: CPU_time = 0.09 secs, Wall_time = 0.08 secs
Wed Aug 19 10:45:48 2026: Image # 31, module MaskImage # 6: CPU_time = 0.08 secs, Wall_time = 0.09 secs
Wed Aug 19 10:45:49 2026: Image # 31, module MaskImage # 7: CPU_time = 0.17 secs, Wall_time = 0.09 secs
Wed Aug 19 10:45:49 2026: Image # 31, module MaskObjects # 8: CPU_time = 0.84 secs, Wall_time = 0.60 secs
Wed Aug 19 10:45:49 2026: Image # 31, module MeasureObjectIntensity # 9: CPU_time = 8.68 secs, Wall_time = 8.67 secs
Wed Aug 19 10:45:58 2026: Image # 31, module MeasureColocalization # 10: CPU_time = 1044.69 secs, Wall_time = 273.46 secs
Wed Aug 19 10:50:31 2026: Image # 31, module ExportToSpreadsheet # 11: CPU_time = 0.01 secs, Wall_time = 0.00 secs
Wed Aug 19 10:50:31 2026: Image # 32, module Images # 1: CPU_time = 0.00 secs, Wall_time = 0.00 secs
Wed Aug 19 10:50:31 2026: Image # 32, module Metadata # 2: CPU_time = 0.00 secs, Wall_time = 0.00 secs
Wed Aug 19 10:50:31 2026: Image # 32, module NamesAndTypes # 3: CPU_time = 4.53 secs, Wall_time = 4.34 secs
Wed Aug 19 10:50:36 2026: Image # 32, module Groups # 4: CPU_time = 0.00 secs, Wall_time = 0.00 secs
Wed Aug 19 10:50:36 2026: Image # 32, module MaskImage # 5: CPU_time = 0.09 secs, Wall_time = 0.09 secs
Wed Aug 19 10:50:36 2026: Image # 32, module MaskImage # 6: CPU_time = 0.08 secs, Wall_time = 0.08 secs
Wed Aug 19 10:50:36 2026: Image # 32, module MaskImage # 7: CPU_time = 0.18 secs, Wall_time = 0.09 secs
Wed Aug 19 10:50:36 2026: Image # 32, module MaskObjects # 8: CPU_time = 0.83 secs, Wall_time = 0.58 secs
Wed Aug 19 10:50:37 2026: Image # 32, module MeasureObjectIntensity # 9: CPU_time = 8.82 secs, Wall_time = 8.82 secs
Wed Aug 19 10:50:45 2026: Image # 32, module MeasureColocalization # 10: CPU_time = 725.99 secs, Wall_time = 193.84 secs
Wed Aug 19 10:53:59 2026: Image # 32, module ExportToSpreadsheet # 11: CPU_time = 0.00 secs, Wall_time = 0.00 secs
Wed Aug 19 10:53:59 2026: Image # 33, module Images # 1: CPU_time = 0.00 secs, Wall_time = 0.00 secs
Wed Aug 19 10:53:59 2026: Image # 33, module Metadata # 2: CPU_time = 0.00 secs, Wall_time = 0.00 secs
Wed Aug 19 10:53:59 2026: Image # 33, module NamesAndTypes # 3: CPU_time = 4.61 secs, Wall_time = 3.87 secs
Wed Aug 19 10:54:03 2026: Image # 33, module Groups # 4: CPU_time = 0.00 secs, Wall_time = 0.00 secs
Wed Aug 19 10:54:03 2026: Image # 33, module MaskImage # 5: CPU_time = 0.09 secs, Wall_time = 0.08 secs
Wed Aug 19 10:54:03 2026: Image # 33, module MaskImage # 6: CPU_time = 0.08 secs, Wall_time = 0.08 secs
Wed Aug 19 10:54:03 2026: Image # 33, module MaskImage # 7: CPU_time = 0.23 secs, Wall_time = 0.11 secs
Wed Aug 19 10:54:03 2026: Image # 33, module MaskObjects # 8: CPU_time = 0.83 secs, Wall_time = 0.59 secs
Wed Aug 19 10:54:04 2026: Image # 33, module MeasureObjectIntensity # 9: CPU_time = 8.75 secs, Wall_time = 8.75 secs
Wed Aug 19 10:54:13 2026: Image # 33, module MeasureColocalization # 10: CPU_time = 481.52 secs, Wall_time = 129.41 secs
Wed Aug 19 10:56:22 2026: Image # 33, module ExportToSpreadsheet # 11: CPU_time = 0.00 secs, Wall_time = 0.01 secs
Wed Aug 19 10:56:22 2026: Image # 34, module Images # 1: CPU_time = 0.00 secs, Wall_time = 0.00 secs
Wed Aug 19 10:56:22 2026: Image # 34, module Metadata # 2: CPU_time = 0.00 secs, Wall_time = 0.00 secs
Wed Aug 19 10:56:22 2026: Image # 34, module NamesAndTypes # 3: CPU_time = 4.51 secs, Wall_time = 3.50 secs
Wed Aug 19 10:56:26 2026: Image # 34, module Groups # 4: CPU_time = 0.00 secs, Wall_time = 0.00 secs
Wed Aug 19 10:56:26 2026: Image # 34, module MaskImage # 5: CPU_time = 0.09 secs, Wall_time = 0.08 secs
Wed Aug 19 10:56:26 2026: Image # 34, module MaskImage # 6: CPU_time = 0.09 secs, Wall_time = 0.09 secs
Wed Aug 19 10:56:26 2026: Image # 34, module MaskImage # 7: CPU_time = 0.19 secs, Wall_time = 0.10 secs
Wed Aug 19 10:56:26 2026: Image # 34, module MaskObjects # 8: CPU_time = 0.87 secs, Wall_time = 0.63 secs
Wed Aug 19 10:56:27 2026: Image # 34, module MeasureObjectIntensity # 9: CPU_time = 10.58 secs, Wall_time = 10.56 secs
Wed Aug 19 10:56:37 2026: Image # 34, module MeasureColocalization # 10: CPU_time = 924.39 secs, Wall_time = 273.08 secs
Wed Aug 19 11:01:10 2026: Image # 34, module ExportToSpreadsheet # 11: CPU_time = 0.00 secs, Wall_time = 0.00 secs
Wed Aug 19 11:01:10 2026: Image # 35, module Images # 1: CPU_time = 0.00 secs, Wall_time = 0.00 secs
Wed Aug 19 11:01:10 2026: Image # 35, module Metadata # 2: CPU_time = 0.00 secs, Wall_time = 0.00 secs
Wed Aug 19 11:01:10 2026: Image # 35, module NamesAndTypes # 3: CPU_time = 4.84 secs, Wall_time = 4.52 secs
Wed Aug 19 11:01:15 2026: Image # 35, module Groups # 4: CPU_time = 0.00 secs, Wall_time = 0.00 secs
Wed Aug 19 11:01:15 2026: Image # 35, module MaskImage # 5: CPU_time = 0.10 secs, Wall_time = 0.10 secs
Wed Aug 19 11:01:15 2026: Image # 35, module MaskImage # 6: CPU_time = 0.09 secs, Wall_time = 0.09 secs
Wed Aug 19 11:01:15 2026: Image # 35, module MaskImage # 7: CPU_time = 0.18 secs, Wall_time = 0.09 secs
Wed Aug 19 11:01:15 2026: Image # 35, module MaskObjects # 8: CPU_time = 0.86 secs, Wall_time = 0.62 secs
Wed Aug 19 11:01:16 2026: Image # 35, module MeasureObjectIntensity # 9: CPU_time = 8.09 secs, Wall_time = 8.09 secs
Wed Aug 19 11:01:24 2026: Image # 35, module MeasureColocalization # 10: CPU_time = 677.05 secs, Wall_time = 185.01 secs
Wed Aug 19 11:04:29 2026: Image # 35, module ExportToSpreadsheet # 11: CPU_time = 0.00 secs, Wall_time = 0.00 secs
Wed Aug 19 11:04:29 2026: Image # 36, module Images # 1: CPU_time = 0.00 secs, Wall_time = 0.00 secs
Wed Aug 19 11:04:29 2026: Image # 36, module Metadata # 2: CPU_time = 0.00 secs, Wall_time = 0.00 secs
Wed Aug 19 11:04:29 2026: Image # 36, module NamesAndTypes # 3: CPU_time = 4.81 secs, Wall_time = 3.82 secs
Wed Aug 19 11:04:33 2026: Image # 36, module Groups # 4: CPU_time = 0.00 secs, Wall_time = 0.00 secs
Wed Aug 19 11:04:33 2026: Image # 36, module MaskImage # 5: CPU_time = 0.10 secs, Wall_time = 0.10 secs
Wed Aug 19 11:04:33 2026: Image # 36, module MaskImage # 6: CPU_time = 0.09 secs, Wall_time = 0.08 secs
Wed Aug 19 11:04:33 2026: Image # 36, module MaskImage # 7: CPU_time = 0.19 secs, Wall_time = 0.09 secs
Wed Aug 19 11:04:33 2026: Image # 36, module MaskObjects # 8: CPU_time = 0.76 secs, Wall_time = 0.51 secs
Wed Aug 19 11:04:33 2026: Image # 36, module MeasureObjectIntensity # 9: CPU_time = 5.59 secs, Wall_time = 5.59 secs
Wed Aug 19 11:04:39 2026: Image # 36, module MeasureColocalization # 10: CPU_time = 172.63 secs, Wall_time = 47.13 secs
Wed Aug 19 11:05:26 2026: Image # 36, module ExportToSpreadsheet # 11: CPU_time = 0.01 secs, Wall_time = 0.00 secs
Wed Aug 19 11:05:26 2026: Image # 37, module Images # 1: CPU_time = 0.00 secs, Wall_time = 0.00 secs
Wed Aug 19 11:05:26 2026: Image # 37, module Metadata # 2: CPU_time = 0.00 secs, Wall_time = 0.00 secs
Wed Aug 19 11:05:26 2026: Image # 37, module NamesAndTypes # 3: CPU_time = 4.62 secs, Wall_time = 4.12 secs
Wed Aug 19 11:05:30 2026: Image # 37, module Groups # 4: CPU_time = 0.00 secs, Wall_time = 0.00 secs
Wed Aug 19 11:05:30 2026: Image # 37, module MaskImage # 5: CPU_time = 0.11 secs, Wall_time = 0.11 secs
Wed Aug 19 11:05:30 2026: Image # 37, module MaskImage # 6: CPU_time = 0.08 secs, Wall_time = 0.08 secs
Wed Aug 19 11:05:31 2026: Image # 37, module MaskImage # 7: CPU_time = 0.17 secs, Wall_time = 0.09 secs
Wed Aug 19 11:05:31 2026: Image # 37, module MaskObjects # 8: CPU_time = 0.77 secs, Wall_time = 0.51 secs
Wed Aug 19 11:05:31 2026: Image # 37, module MeasureObjectIntensity # 9: CPU_time = 5.92 secs, Wall_time = 5.92 secs
Wed Aug 19 11:05:37 2026: Image # 37, module MeasureColocalization # 10: CPU_time = 278.33 secs, Wall_time = 73.18 secs
Wed Aug 19 11:06:50 2026: Image # 37, module ExportToSpreadsheet # 11: CPU_time = 0.00 secs, Wall_time = 0.01 secs
Wed Aug 19 11:06:50 2026: Image # 38, module Images # 1: CPU_time = 0.00 secs, Wall_time = 0.00 secs
Wed Aug 19 11:06:50 2026: Image # 38, module Metadata # 2: CPU_time = 0.00 secs, Wall_time = 0.00 secs
Wed Aug 19 11:06:50 2026: Image # 38, module NamesAndTypes # 3: CPU_time = 4.70 secs, Wall_time = 3.86 secs
Wed Aug 19 11:06:54 2026: Image # 38, module Groups # 4: CPU_time = 0.00 secs, Wall_time = 0.00 secs
Wed Aug 19 11:06:54 2026: Image # 38, module MaskImage # 5: CPU_time = 0.09 secs, Wall_time = 0.08 secs
Wed Aug 19 11:06:54 2026: Image # 38, module MaskImage # 6: CPU_time = 0.09 secs, Wall_time = 0.08 secs
Wed Aug 19 11:06:54 2026: Image # 38, module MaskImage # 7: CPU_time = 0.22 secs, Wall_time = 0.11 secs
Wed Aug 19 11:06:54 2026: Image # 38, module MaskObjects # 8: CPU_time = 0.77 secs, Wall_time = 0.50 secs
Wed Aug 19 11:06:55 2026: Image # 38, module MeasureObjectIntensity # 9: CPU_time = 4.88 secs, Wall_time = 4.87 secs
Wed Aug 19 11:07:00 2026: Image # 38, module MeasureColocalization # 10: CPU_time = 278.98 secs, Wall_time = 72.35 secs
Wed Aug 19 11:08:12 2026: Image # 38, module ExportToSpreadsheet # 11: CPU_time = 0.00 secs, Wall_time = 0.00 secs
Wed Aug 19 11:08:12 2026: Image # 39, module Images # 1: CPU_time = 0.00 secs, Wall_time = 0.00 secs
Wed Aug 19 11:08:12 2026: Image # 39, module Metadata # 2: CPU_time = 0.00 secs, Wall_time = 0.00 secs
Wed Aug 19 11:08:12 2026: Image # 39, module NamesAndTypes # 3: CPU_time = 4.68 secs, Wall_time = 4.46 secs
Wed Aug 19 11:08:17 2026: Image # 39, module Groups # 4: CPU_time = 0.00 secs, Wall_time = 0.00 secs
Wed Aug 19 11:08:17 2026: Image # 39, module MaskImage # 5: CPU_time = 0.08 secs, Wall_time = 0.08 secs
Wed Aug 19 11:08:17 2026: Image # 39, module MaskImage # 6: CPU_time = 0.10 secs, Wall_time = 0.11 secs
Wed Aug 19 11:08:17 2026: Image # 39, module MaskImage # 7: CPU_time = 0.16 secs, Wall_time = 0.09 secs
Wed Aug 19 11:08:17 2026: Image # 39, module MaskObjects # 8: CPU_time = 0.75 secs, Wall_time = 0.50 secs
Wed Aug 19 11:08:17 2026: Image # 39, module MeasureObjectIntensity # 9: CPU_time = 4.95 secs, Wall_time = 4.94 secs
Wed Aug 19 11:08:22 2026: Image # 39, module MeasureColocalization # 10: CPU_time = 235.13 secs, Wall_time = 61.44 secs
Wed Aug 19 11:09:24 2026: Image # 39, module ExportToSpreadsheet # 11: CPU_time = 0.00 secs, Wall_time = 0.00 secs
Wed Aug 19 11:09:24 2026: Image # 40, module Images # 1: CPU_time = 0.00 secs, Wall_time = 0.00 secs
Wed Aug 19 11:09:24 2026: Image # 40, module Metadata # 2: CPU_time = 0.00 secs, Wall_time = 0.00 secs
Wed Aug 19 11:09:24 2026: Image # 40, module NamesAndTypes # 3: CPU_time = 4.54 secs, Wall_time = 4.07 secs
Wed Aug 19 11:09:28 2026: Image # 40, module Groups # 4: CPU_time = 0.00 secs, Wall_time = 0.00 secs
Wed Aug 19 11:09:28 2026: Image # 40, module MaskImage # 5: CPU_time = 0.11 secs, Wall_time = 0.11 secs
Wed Aug 19 11:09:28 2026: Image # 40, module MaskImage # 6: CPU_time = 0.09 secs, Wall_time = 0.08 secs
Wed Aug 19 11:09:28 2026: Image # 40, module MaskImage # 7: CPU_time = 0.17 secs, Wall_time = 0.09 secs
Wed Aug 19 11:09:28 2026: Image # 40, module MaskObjects # 8: CPU_time = 0.73 secs, Wall_time = 0.50 secs
Wed Aug 19 11:09:29 2026: Image # 40, module MeasureObjectIntensity # 9: CPU_time = 5.00 secs, Wall_time = 4.99 secs
Wed Aug 19 11:09:34 2026: Image # 40, module MeasureColocalization # 10: CPU_time = 221.10 secs, Wall_time = 58.22 secs
Wed Aug 19 11:10:32 2026: Image # 40, module ExportToSpreadsheet # 11: CPU_time = 0.00 secs, Wall_time = 0.00 secs
Wed Aug 19 11:10:32 2026: Image # 41, module Images # 1: CPU_time = 0.00 secs, Wall_time = 0.00 secs
Wed Aug 19 11:10:32 2026: Image # 41, module Metadata # 2: CPU_time = 0.00 secs, Wall_time = 0.00 secs
Wed Aug 19 11:10:32 2026: Image # 41, module NamesAndTypes # 3: CPU_time = 4.48 secs, Wall_time = 3.92 secs
Wed Aug 19 11:10:36 2026: Image # 41, module Groups # 4: CPU_time = 0.00 secs, Wall_time = 0.00 secs
Wed Aug 19 11:10:36 2026: Image # 41, module MaskImage # 5: CPU_time = 0.08 secs, Wall_time = 0.08 secs
Wed Aug 19 11:10:36 2026: Image # 41, module MaskImage # 6: CPU_time = 0.10 secs, Wall_time = 0.11 secs
Wed Aug 19 11:10:36 2026: Image # 41, module MaskImage # 7: CPU_time = 0.17 secs, Wall_time = 0.09 secs
Wed Aug 19 11:10:36 2026: Image # 41, module MaskObjects # 8: CPU_time = 0.80 secs, Wall_time = 0.53 secs
Wed Aug 19 11:10:37 2026: Image # 41, module MeasureObjectIntensity # 9: CPU_time = 5.85 secs, Wall_time = 5.85 secs
Wed Aug 19 11:10:43 2026: Image # 41, module MeasureColocalization # 10: CPU_time = 392.58 secs, Wall_time = 102.02 secs
Wed Aug 19 11:12:25 2026: Image # 41, module ExportToSpreadsheet # 11: CPU_time = 0.00 secs, Wall_time = 0.00 secs
Wed Aug 19 11:12:25 2026: Image # 42, module Images # 1: CPU_time = 0.00 secs, Wall_time = 0.00 secs
Wed Aug 19 11:12:25 2026: Image # 42, module Metadata # 2: CPU_time = 0.00 secs, Wall_time = 0.00 secs
Wed Aug 19 11:12:25 2026: Image # 42, module NamesAndTypes # 3: CPU_time = 4.45 secs, Wall_time = 3.74 secs
Wed Aug 19 11:12:28 2026: Image # 42, module Groups # 4: CPU_time = 0.00 secs, Wall_time = 0.00 secs
Wed Aug 19 11:12:28 2026: Image # 42, module MaskImage # 5: CPU_time = 0.08 secs, Wall_time = 0.08 secs
Wed Aug 19 11:12:28 2026: Image # 42, module MaskImage # 6: CPU_time = 0.11 secs, Wall_time = 0.11 secs
Wed Aug 19 11:12:29 2026: Image # 42, module MaskImage # 7: CPU_time = 0.16 secs, Wall_time = 0.09 secs
Wed Aug 19 11:12:29 2026: Image # 42, module MaskObjects # 8: CPU_time = 0.79 secs, Wall_time = 0.55 secs
Wed Aug 19 11:12:29 2026: Image # 42, module MeasureObjectIntensity # 9: CPU_time = 8.21 secs, Wall_time = 8.19 secs
Wed Aug 19 11:12:37 2026: Image # 42, module MeasureColocalization # 10: CPU_time = 1208.43 secs, Wall_time = 335.69 secs
Wed Aug 19 11:18:13 2026: Image # 42, module ExportToSpreadsheet # 11: CPU_time = 0.00 secs, Wall_time = 0.02 secs
Wed Aug 19 11:18:13 2026: Image # 43, module Images # 1: CPU_time = 0.00 secs, Wall_time = 0.00 secs
Wed Aug 19 11:18:13 2026: Image # 43, module Metadata # 2: CPU_time = 0.00 secs, Wall_time = 0.00 secs
Wed Aug 19 11:18:13 2026: Image # 43, module NamesAndTypes # 3: CPU_time = 4.57 secs, Wall_time = 3.66 secs
Wed Aug 19 11:18:17 2026: Image # 43, module Groups # 4: CPU_time = 0.00 secs, Wall_time = 0.00 secs
Wed Aug 19 11:18:17 2026: Image # 43, module MaskImage # 5: CPU_time = 0.09 secs, Wall_time = 0.08 secs
Wed Aug 19 11:18:17 2026: Image # 43, module MaskImage # 6: CPU_time = 0.09 secs, Wall_time = 0.08 secs
Wed Aug 19 11:18:17 2026: Image # 43, module MaskImage # 7: CPU_time = 0.17 secs, Wall_time = 0.09 secs
Wed Aug 19 11:18:17 2026: Image # 43, module MaskObjects # 8: CPU_time = 0.84 secs, Wall_time = 0.60 secs
Wed Aug 19 11:18:18 2026: Image # 43, module MeasureObjectIntensity # 9: CPU_time = 7.87 secs, Wall_time = 7.86 secs
Wed Aug 19 11:18:26 2026: Image # 43, module MeasureColocalization # 10: CPU_time = 946.66 secs, Wall_time = 246.00 secs
Wed Aug 19 11:22:32 2026: Image # 43, module ExportToSpreadsheet # 11: CPU_time = 0.00 secs, Wall_time = 0.00 secs
Wed Aug 19 11:22:32 2026: Image # 44, module Images # 1: CPU_time = 0.00 secs, Wall_time = 0.00 secs
Wed Aug 19 11:22:32 2026: Image # 44, module Metadata # 2: CPU_time = 0.00 secs, Wall_time = 0.00 secs
Wed Aug 19 11:22:32 2026: Image # 44, module NamesAndTypes # 3: CPU_time = 4.59 secs, Wall_time = 3.94 secs
Wed Aug 19 11:22:35 2026: Image # 44, module Groups # 4: CPU_time = 0.00 secs, Wall_time = 0.00 secs
Wed Aug 19 11:22:35 2026: Image # 44, module MaskImage # 5: CPU_time = 0.08 secs, Wall_time = 0.08 secs
Wed Aug 19 11:22:36 2026: Image # 44, module MaskImage # 6: CPU_time = 0.08 secs, Wall_time = 0.08 secs
Wed Aug 19 11:22:36 2026: Image # 44, module MaskImage # 7: CPU_time = 0.17 secs, Wall_time = 0.09 secs
Wed Aug 19 11:22:36 2026: Image # 44, module MaskObjects # 8: CPU_time = 0.82 secs, Wall_time = 0.57 secs
Wed Aug 19 11:22:36 2026: Image # 44, module MeasureObjectIntensity # 9: CPU_time = 8.67 secs, Wall_time = 8.66 secs
Wed Aug 19 11:22:45 2026: Image # 44, module MeasureColocalization # 10: CPU_time = 824.37 secs, Wall_time = 221.25 secs
Wed Aug 19 11:26:26 2026: Image # 44, module ExportToSpreadsheet # 11: CPU_time = 0.00 secs, Wall_time = 0.00 secs
Wed Aug 19 11:26:26 2026: Image # 45, module Images # 1: CPU_time = 0.00 secs, Wall_time = 0.00 secs
Wed Aug 19 11:26:26 2026: Image # 45, module Metadata # 2: CPU_time = 0.00 secs, Wall_time = 0.00 secs
Wed Aug 19 11:26:26 2026: Image # 45, module NamesAndTypes # 3: CPU_time = 4.76 secs, Wall_time = 4.07 secs
Wed Aug 19 11:26:30 2026: Image # 45, module Groups # 4: CPU_time = 0.00 secs, Wall_time = 0.00 secs
Wed Aug 19 11:26:30 2026: Image # 45, module MaskImage # 5: CPU_time = 0.09 secs, Wall_time = 0.08 secs
Wed Aug 19 11:26:30 2026: Image # 45, module MaskImage # 6: CPU_time = 0.08 secs, Wall_time = 0.08 secs
Wed Aug 19 11:26:31 2026: Image # 45, module MaskImage # 7: CPU_time = 0.18 secs, Wall_time = 0.09 secs
Wed Aug 19 11:26:31 2026: Image # 45, module MaskObjects # 8: CPU_time = 0.81 secs, Wall_time = 0.55 secs
Wed Aug 19 11:26:31 2026: Image # 45, module MeasureObjectIntensity # 9: CPU_time = 8.12 secs, Wall_time = 8.12 secs
Wed Aug 19 11:26:39 2026: Image # 45, module MeasureColocalization # 10: CPU_time = 908.51 secs, Wall_time = 237.16 secs
Wed Aug 19 11:30:36 2026: Image # 45, module ExportToSpreadsheet # 11: CPU_time = 0.00 secs, Wall_time = 0.00 secs
Wed Aug 19 11:30:36 2026: Image # 46, module Images # 1: CPU_time = 0.00 secs, Wall_time = 0.00 secs
Wed Aug 19 11:30:36 2026: Image # 46, module Metadata # 2: CPU_time = 0.00 secs, Wall_time = 0.00 secs
Wed Aug 19 11:30:36 2026: Image # 46, module NamesAndTypes # 3: CPU_time = 4.25 secs, Wall_time = 3.84 secs
Wed Aug 19 11:30:40 2026: Image # 46, module Groups # 4: CPU_time = 0.00 secs, Wall_time = 0.00 secs
Wed Aug 19 11:30:40 2026: Image # 46, module MaskImage # 5: CPU_time = 0.08 secs, Wall_time = 0.09 secs
Wed Aug 19 11:30:40 2026: Image # 46, module MaskImage # 6: CPU_time = 0.12 secs, Wall_time = 0.11 secs
Wed Aug 19 11:30:40 2026: Image # 46, module MaskImage # 7: CPU_time = 0.18 secs, Wall_time = 0.09 secs
Wed Aug 19 11:30:41 2026: Image # 46, module MaskObjects # 8: CPU_time = 0.87 secs, Wall_time = 0.58 secs
Wed Aug 19 11:30:41 2026: Image # 46, module MeasureObjectIntensity # 9: CPU_time = 6.71 secs, Wall_time = 6.70 secs
Wed Aug 19 11:30:48 2026: Image # 46, module MeasureColocalization # 10: CPU_time = 672.78 secs, Wall_time = 172.82 secs
Wed Aug 19 11:33:41 2026: Image # 46, module ExportToSpreadsheet # 11: CPU_time = 0.00 secs, Wall_time = 0.02 secs
Wed Aug 19 11:33:41 2026: Image # 47, module Images # 1: CPU_time = 0.00 secs, Wall_time = 0.00 secs
Wed Aug 19 11:33:41 2026: Image # 47, module Metadata # 2: CPU_time = 0.00 secs, Wall_time = 0.00 secs
Wed Aug 19 11:33:41 2026: Image # 47, module NamesAndTypes # 3: CPU_time = 4.31 secs, Wall_time = 3.39 secs
Wed Aug 19 11:33:44 2026: Image # 47, module Groups # 4: CPU_time = 0.00 secs, Wall_time = 0.00 secs
Wed Aug 19 11:33:44 2026: Image # 47, module MaskImage # 5: CPU_time = 0.08 secs, Wall_time = 0.08 secs
Wed Aug 19 11:33:44 2026: Image # 47, module MaskImage # 6: CPU_time = 0.10 secs, Wall_time = 0.10 secs
Wed Aug 19 11:33:44 2026: Image # 47, module MaskImage # 7: CPU_time = 0.18 secs, Wall_time = 0.09 secs
Wed Aug 19 11:33:44 2026: Image # 47, module MaskObjects # 8: CPU_time = 0.78 secs, Wall_time = 0.54 secs
Wed Aug 19 11:33:45 2026: Image # 47, module MeasureObjectIntensity # 9: CPU_time = 6.47 secs, Wall_time = 6.46 secs
Wed Aug 19 11:33:51 2026: Image # 47, module MeasureColocalization # 10: CPU_time = 751.07 secs, Wall_time = 195.72 secs
Wed Aug 19 11:37:07 2026: Image # 47, module ExportToSpreadsheet # 11: CPU_time = 0.00 secs, Wall_time = 0.00 secs
Wed Aug 19 11:37:07 2026: Image # 48, module Images # 1: CPU_time = 0.00 secs, Wall_time = 0.00 secs
Wed Aug 19 11:37:07 2026: Image # 48, module Metadata # 2: CPU_time = 0.00 secs, Wall_time = 0.00 secs
Wed Aug 19 11:37:07 2026: Image # 48, module NamesAndTypes # 3: CPU_time = 4.72 secs, Wall_time = 4.69 secs
Wed Aug 19 11:37:12 2026: Image # 48, module Groups # 4: CPU_time = 0.00 secs, Wall_time = 0.00 secs
Wed Aug 19 11:37:12 2026: Image # 48, module MaskImage # 5: CPU_time = 0.09 secs, Wall_time = 0.08 secs
Wed Aug 19 11:37:12 2026: Image # 48, module MaskImage # 6: CPU_time = 0.08 secs, Wall_time = 0.08 secs
Wed Aug 19 11:37:12 2026: Image # 48, module MaskImage # 7: CPU_time = 0.21 secs, Wall_time = 0.10 secs
Wed Aug 19 11:37:12 2026: Image # 48, module MaskObjects # 8: CPU_time = 0.81 secs, Wall_time = 0.53 secs
Wed Aug 19 11:37:13 2026: Image # 48, module MeasureObjectIntensity # 9: CPU_time = 4.54 secs, Wall_time = 4.53 secs
Wed Aug 19 11:37:17 2026: Image # 48, module MeasureColocalization # 10: CPU_time = 337.19 secs, Wall_time = 87.39 secs
Wed Aug 19 11:38:45 2026: Image # 48, module ExportToSpreadsheet # 11: CPU_time = 0.00 secs, Wall_time = 0.00 secs
Wed Aug 19 11:38:45 2026: Image # 49, module Images # 1: CPU_time = 0.00 secs, Wall_time = 0.00 secs
Wed Aug 19 11:38:45 2026: Image # 49, module Metadata # 2: CPU_time = 0.00 secs, Wall_time = 0.00 secs
Wed Aug 19 11:38:45 2026: Image # 49, module NamesAndTypes # 3: CPU_time = 4.49 secs, Wall_time = 3.87 secs
Wed Aug 19 11:38:49 2026: Image # 49, module Groups # 4: CPU_time = 0.00 secs, Wall_time = 0.00 secs
Wed Aug 19 11:38:49 2026: Image # 49, module MaskImage # 5: CPU_time = 0.08 secs, Wall_time = 0.08 secs
Wed Aug 19 11:38:49 2026: Image # 49, module MaskImage # 6: CPU_time = 0.09 secs, Wall_time = 0.08 secs
Wed Aug 19 11:38:49 2026: Image # 49, module MaskImage # 7: CPU_time = 0.21 secs, Wall_time = 0.11 secs
Wed Aug 19 11:38:49 2026: Image # 49, module MaskObjects # 8: CPU_time = 0.77 secs, Wall_time = 0.51 secs
Wed Aug 19 11:38:49 2026: Image # 49, module MeasureObjectIntensity # 9: CPU_time = 3.68 secs, Wall_time = 3.69 secs
Wed Aug 19 11:38:53 2026: Image # 49, module MeasureColocalization # 10: CPU_time = 179.29 secs, Wall_time = 46.56 secs
Wed Aug 19 11:39:40 2026: Image # 49, module ExportToSpreadsheet # 11: CPU_time = 0.00 secs, Wall_time = 0.00 secs
Wed Aug 19 11:39:40 2026: Image # 50, module Images # 1: CPU_time = 0.00 secs, Wall_time = 0.00 secs
Wed Aug 19 11:39:40 2026: Image # 50, module Metadata # 2: CPU_time = 0.00 secs, Wall_time = 0.00 secs
Wed Aug 19 11:39:40 2026: Image # 50, module NamesAndTypes # 3: CPU_time = 4.60 secs, Wall_time = 4.58 secs
Wed Aug 19 11:39:44 2026: Image # 50, module Groups # 4: CPU_time = 0.00 secs, Wall_time = 0.00 secs
Wed Aug 19 11:39:44 2026: Image # 50, module MaskImage # 5: CPU_time = 0.09 secs, Wall_time = 0.08 secs
Wed Aug 19 11:39:44 2026: Image # 50, module MaskImage # 6: CPU_time = 0.10 secs, Wall_time = 0.10 secs
Wed Aug 19 11:39:44 2026: Image # 50, module MaskImage # 7: CPU_time = 0.18 secs, Wall_time = 0.09 secs
Wed Aug 19 11:39:44 2026: Image # 50, module MaskObjects # 8: CPU_time = 0.83 secs, Wall_time = 0.54 secs
Wed Aug 19 11:39:45 2026: Image # 50, module MeasureObjectIntensity # 9: CPU_time = 4.35 secs, Wall_time = 4.34 secs
Wed Aug 19 11:39:49 2026: Image # 50, module MeasureColocalization # 10: CPU_time = 336.55 secs, Wall_time = 86.77 secs
Wed Aug 19 11:41:16 2026: Image # 50, module ExportToSpreadsheet # 11: CPU_time = 0.00 secs, Wall_time = 0.00 secs
Wed Aug 19 11:41:16 2026: Image # 51, module Images # 1: CPU_time = 0.00 secs, Wall_time = 0.00 secs
Wed Aug 19 11:41:16 2026: Image # 51, module Metadata # 2: CPU_time = 0.00 secs, Wall_time = 0.00 secs
Wed Aug 19 11:41:16 2026: Image # 51, module NamesAndTypes # 3: CPU_time = 4.43 secs, Wall_time = 4.22 secs
Wed Aug 19 11:41:20 2026: Image # 51, module Groups # 4: CPU_time = 0.00 secs, Wall_time = 0.00 secs
Wed Aug 19 11:41:20 2026: Image # 51, module MaskImage # 5: CPU_time = 0.10 secs, Wall_time = 0.10 secs
Wed Aug 19 11:41:20 2026: Image # 51, module MaskImage # 6: CPU_time = 0.08 secs, Wall_time = 0.08 secs
Wed Aug 19 11:41:21 2026: Image # 51, module MaskImage # 7: CPU_time = 0.16 secs, Wall_time = 0.09 secs
Wed Aug 19 11:41:21 2026: Image # 51, module MaskObjects # 8: CPU_time = 0.77 secs, Wall_time = 0.51 secs
Wed Aug 19 11:41:21 2026: Image # 51, module MeasureObjectIntensity # 9: CPU_time = 4.05 secs, Wall_time = 4.05 secs
Wed Aug 19 11:41:25 2026: Image # 51, module MeasureColocalization # 10: CPU_time = 301.90 secs, Wall_time = 77.44 secs
Wed Aug 19 11:42:43 2026: Image # 51, module ExportToSpreadsheet # 11: CPU_time = 0.00 secs, Wall_time = 0.00 secs
Wed Aug 19 11:42:43 2026: Image # 52, module Images # 1: CPU_time = 0.00 secs, Wall_time = 0.00 secs
Wed Aug 19 11:42:43 2026: Image # 52, module Metadata # 2: CPU_time = 0.00 secs, Wall_time = 0.00 secs
Wed Aug 19 11:42:43 2026: Image # 52, module NamesAndTypes # 3: CPU_time = 4.36 secs, Wall_time = 4.22 secs
Wed Aug 19 11:42:47 2026: Image # 52, module Groups # 4: CPU_time = 0.00 secs, Wall_time = 0.00 secs
Wed Aug 19 11:42:47 2026: Image # 52, module MaskImage # 5: CPU_time = 0.10 secs, Wall_time = 0.10 secs
Wed Aug 19 11:42:47 2026: Image # 52, module MaskImage # 6: CPU_time = 0.09 secs, Wall_time = 0.08 secs
Wed Aug 19 11:42:47 2026: Image # 52, module MaskImage # 7: CPU_time = 0.17 secs, Wall_time = 0.09 secs
Wed Aug 19 11:42:47 2026: Image # 52, module MaskObjects # 8: CPU_time = 0.78 secs, Wall_time = 0.52 secs
Wed Aug 19 11:42:48 2026: Image # 52, module MeasureObjectIntensity # 9: CPU_time = 3.21 secs, Wall_time = 3.21 secs
Wed Aug 19 11:42:51 2026: Image # 52, module MeasureColocalization # 10: CPU_time = 202.36 secs, Wall_time = 51.75 secs
Wed Aug 19 11:43:43 2026: Image # 52, module ExportToSpreadsheet # 11: CPU_time = 0.00 secs, Wall_time = 0.00 secs
Wed Aug 19 11:43:43 2026: Image # 53, module Images # 1: CPU_time = 0.00 secs, Wall_time = 0.00 secs
Wed Aug 19 11:43:43 2026: Image # 53, module Metadata # 2: CPU_time = 0.00 secs, Wall_time = 0.00 secs
Wed Aug 19 11:43:43 2026: Image # 53, module NamesAndTypes # 3: CPU_time = 4.19 secs, Wall_time = 3.51 secs
Wed Aug 19 11:43:46 2026: Image # 53, module Groups # 4: CPU_time = 0.00 secs, Wall_time = 0.00 secs
Wed Aug 19 11:43:46 2026: Image # 53, module MaskImage # 5: CPU_time = 0.12 secs, Wall_time = 0.10 secs
Wed Aug 19 11:43:46 2026: Image # 53, module MaskImage # 6: CPU_time = 0.08 secs, Wall_time = 0.08 secs
Wed Aug 19 11:43:46 2026: Image # 53, module MaskImage # 7: CPU_time = 0.19 secs, Wall_time = 0.10 secs
Wed Aug 19 11:43:47 2026: Image # 53, module MaskObjects # 8: CPU_time = 0.85 secs, Wall_time = 0.58 secs
Wed Aug 19 11:43:47 2026: Image # 53, module MeasureObjectIntensity # 9: CPU_time = 6.61 secs, Wall_time = 6.61 secs
Wed Aug 19 11:43:54 2026: Image # 53, module MeasureColocalization # 10: CPU_time = 1136.06 secs, Wall_time = 290.45 secs
Wed Aug 19 11:48:44 2026: Image # 53, module ExportToSpreadsheet # 11: CPU_time = 0.00 secs, Wall_time = 0.00 secs
Wed Aug 19 11:48:44 2026: Image # 54, module Images # 1: CPU_time = 0.00 secs, Wall_time = 0.00 secs
Wed Aug 19 11:48:44 2026: Image # 54, module Metadata # 2: CPU_time = 0.00 secs, Wall_time = 0.00 secs
Wed Aug 19 11:48:44 2026: Image # 54, module NamesAndTypes # 3: CPU_time = 4.58 secs, Wall_time = 3.60 secs
Wed Aug 19 11:48:48 2026: Image # 54, module Groups # 4: CPU_time = 0.00 secs, Wall_time = 0.00 secs
Wed Aug 19 11:48:48 2026: Image # 54, module MaskImage # 5: CPU_time = 0.11 secs, Wall_time = 0.10 secs
Wed Aug 19 11:48:48 2026: Image # 54, module MaskImage # 6: CPU_time = 0.09 secs, Wall_time = 0.08 secs
Wed Aug 19 11:48:48 2026: Image # 54, module MaskImage # 7: CPU_time = 0.17 secs, Wall_time = 0.09 secs
Wed Aug 19 11:48:48 2026: Image # 54, module MaskObjects # 8: CPU_time = 0.77 secs, Wall_time = 0.54 secs
Wed Aug 19 11:48:49 2026: Image # 54, module MeasureObjectIntensity # 9: CPU_time = 5.62 secs, Wall_time = 5.62 secs
Wed Aug 19 11:48:54 2026: Image # 54, module MeasureColocalization # 10: CPU_time = 881.78 secs, Wall_time = 224.73 secs
Wed Aug 19 11:52:39 2026: Image # 54, module ExportToSpreadsheet # 11: CPU_time = 0.00 secs, Wall_time = 0.00 secs
Wed Aug 19 11:52:39 2026: Image # 55, module Images # 1: CPU_time = 0.00 secs, Wall_time = 0.00 secs
Wed Aug 19 11:52:39 2026: Image # 55, module Metadata # 2: CPU_time = 0.00 secs, Wall_time = 0.00 secs
Wed Aug 19 11:52:39 2026: Image # 55, module NamesAndTypes # 3: CPU_time = 4.25 secs, Wall_time = 3.40 secs
Wed Aug 19 11:52:42 2026: Image # 55, module Groups # 4: CPU_time = 0.00 secs, Wall_time = 0.00 secs
Wed Aug 19 11:52:42 2026: Image # 55, module MaskImage # 5: CPU_time = 0.08 secs, Wall_time = 0.08 secs
Wed Aug 19 11:52:42 2026: Image # 55, module MaskImage # 6: CPU_time = 0.08 secs, Wall_time = 0.08 secs
Wed Aug 19 11:52:43 2026: Image # 55, module MaskImage # 7: CPU_time = 0.16 secs, Wall_time = 0.09 secs
Wed Aug 19 11:52:43 2026: Image # 55, module MaskObjects # 8: CPU_time = 0.79 secs, Wall_time = 0.56 secs
Wed Aug 19 11:52:43 2026: Image # 55, module MeasureObjectIntensity # 9: CPU_time = 6.58 secs, Wall_time = 6.58 secs
Wed Aug 19 11:52:50 2026: Image # 55, module MeasureColocalization # 10: CPU_time = 1259.79 secs, Wall_time = 323.68 secs
Wed Aug 19 11:58:13 2026: Image # 55, module ExportToSpreadsheet # 11: CPU_time = 0.00 secs, Wall_time = 0.00 secs
Wed Aug 19 11:58:13 2026: Image # 56, module Images # 1: CPU_time = 0.00 secs, Wall_time = 0.00 secs
Wed Aug 19 11:58:13 2026: Image # 56, module Metadata # 2: CPU_time = 0.00 secs, Wall_time = 0.00 secs
Wed Aug 19 11:58:14 2026: Image # 56, module NamesAndTypes # 3: CPU_time = 4.65 secs, Wall_time = 3.96 secs
Wed Aug 19 11:58:17 2026: Image # 56, module Groups # 4: CPU_time = 0.00 secs, Wall_time = 0.00 secs
Wed Aug 19 11:58:17 2026: Image # 56, module MaskImage # 5: CPU_time = 0.11 secs, Wall_time = 0.10 secs
Wed Aug 19 11:58:18 2026: Image # 56, module MaskImage # 6: CPU_time = 0.09 secs, Wall_time = 0.08 secs
Wed Aug 19 11:58:18 2026: Image # 56, module MaskImage # 7: CPU_time = 0.23 secs, Wall_time = 0.12 secs
Wed Aug 19 11:58:18 2026: Image # 56, module MaskObjects # 8: CPU_time = 0.81 secs, Wall_time = 0.57 secs
Wed Aug 19 11:58:18 2026: Image # 56, module MeasureObjectIntensity # 9: CPU_time = 6.09 secs, Wall_time = 6.09 secs
Wed Aug 19 11:58:24 2026: Image # 56, module MeasureColocalization # 10: CPU_time = 1148.89 secs, Wall_time = 294.53 secs
Wed Aug 19 12:03:19 2026: Image # 56, module ExportToSpreadsheet # 11: CPU_time = 0.00 secs, Wall_time = 0.00 secs
Wed Aug 19 12:03:19 2026: Image # 57, module Images # 1: CPU_time = 0.00 secs, Wall_time = 0.00 secs
Wed Aug 19 12:03:19 2026: Image # 57, module Metadata # 2: CPU_time = 0.00 secs, Wall_time = 0.00 secs
Wed Aug 19 12:03:19 2026: Image # 57, module NamesAndTypes # 3: CPU_time = 4.97 secs, Wall_time = 4.03 secs
Wed Aug 19 12:03:23 2026: Image # 57, module Groups # 4: CPU_time = 0.00 secs, Wall_time = 0.00 secs
Wed Aug 19 12:03:23 2026: Image # 57, module MaskImage # 5: CPU_time = 0.08 secs, Wall_time = 0.08 secs
Wed Aug 19 12:03:23 2026: Image # 57, module MaskImage # 6: CPU_time = 0.11 secs, Wall_time = 0.10 secs
Wed Aug 19 12:03:23 2026: Image # 57, module MaskImage # 7: CPU_time = 0.17 secs, Wall_time = 0.09 secs
Wed Aug 19 12:03:23 2026: Image # 57, module MaskObjects # 8: CPU_time = 0.82 secs, Wall_time = 0.57 secs
Wed Aug 19 12:03:24 2026: Image # 57, module MeasureObjectIntensity # 9: CPU_time = 6.28 secs, Wall_time = 6.27 secs
Wed Aug 19 12:03:30 2026: Image # 57, module MeasureColocalization # 10: CPU_time = 901.67 secs, Wall_time = 231.15 secs
Wed Aug 19 12:07:21 2026: Image # 57, module ExportToSpreadsheet # 11: CPU_time = 0.00 secs, Wall_time = 0.00 secs
Wed Aug 19 12:07:21 2026: Image # 58, module Images # 1: CPU_time = 0.00 secs, Wall_time = 0.00 secs
Wed Aug 19 12:07:21 2026: Image # 58, module Metadata # 2: CPU_time = 0.00 secs, Wall_time = 0.00 secs
Wed Aug 19 12:07:21 2026: Image # 58, module NamesAndTypes # 3: CPU_time = 4.26 secs, Wall_time = 3.45 secs
Wed Aug 19 12:07:25 2026: Image # 58, module Groups # 4: CPU_time = 0.00 secs, Wall_time = 0.00 secs
Wed Aug 19 12:07:25 2026: Image # 58, module MaskImage # 5: CPU_time = 0.08 secs, Wall_time = 0.09 secs
Wed Aug 19 12:07:25 2026: Image # 58, module MaskImage # 6: CPU_time = 0.09 secs, Wall_time = 0.09 secs
Wed Aug 19 12:07:25 2026: Image # 58, module MaskImage # 7: CPU_time = 0.20 secs, Wall_time = 0.10 secs
Wed Aug 19 12:07:25 2026: Image # 58, module MaskObjects # 8: CPU_time = 0.87 secs, Wall_time = 0.59 secs
Wed Aug 19 12:07:26 2026: Image # 58, module MeasureObjectIntensity # 9: CPU_time = 5.64 secs, Wall_time = 5.64 secs
Wed Aug 19 12:07:31 2026: Image # 58, module MeasureColocalization # 10: CPU_time = 674.46 secs, Wall_time = 174.06 secs
Wed Aug 19 12:10:25 2026: Image # 58, module ExportToSpreadsheet # 11: CPU_time = 0.00 secs, Wall_time = 0.00 secs
Wed Aug 19 12:10:25 2026: Image # 59, module Images # 1: CPU_time = 0.00 secs, Wall_time = 0.00 secs
Wed Aug 19 12:10:25 2026: Image # 59, module Metadata # 2: CPU_time = 0.00 secs, Wall_time = 0.00 secs
Wed Aug 19 12:10:25 2026: Image # 59, module NamesAndTypes # 3: CPU_time = 4.85 secs, Wall_time = 3.85 secs
Wed Aug 19 12:10:29 2026: Image # 59, module Groups # 4: CPU_time = 0.00 secs, Wall_time = 0.00 secs
Wed Aug 19 12:10:29 2026: Image # 59, module MaskImage # 5: CPU_time = 0.09 secs, Wall_time = 0.08 secs
Wed Aug 19 12:10:29 2026: Image # 59, module MaskImage # 6: CPU_time = 0.09 secs, Wall_time = 0.08 secs
Wed Aug 19 12:10:29 2026: Image # 59, module MaskImage # 7: CPU_time = 0.17 secs, Wall_time = 0.09 secs
Wed Aug 19 12:10:30 2026: Image # 59, module MaskObjects # 8: CPU_time = 0.79 secs, Wall_time = 0.53 secs
Wed Aug 19 12:10:30 2026: Image # 59, module MeasureObjectIntensity # 9: CPU_time = 5.14 secs, Wall_time = 5.13 secs
Wed Aug 19 12:10:35 2026: Image # 59, module MeasureColocalization # 10: CPU_time = 234.75 secs, Wall_time = 62.34 secs
Wed Aug 19 12:11:38 2026: Image # 59, module ExportToSpreadsheet # 11: CPU_time = 0.00 secs, Wall_time = 0.00 secs
Wed Aug 19 12:11:38 2026: Image # 60, module Images # 1: CPU_time = 0.00 secs, Wall_time = 0.00 secs
Wed Aug 19 12:11:38 2026: Image # 60, module Metadata # 2: CPU_time = 0.00 secs, Wall_time = 0.00 secs
Wed Aug 19 12:11:38 2026: Image # 60, module NamesAndTypes # 3: CPU_time = 4.48 secs, Wall_time = 3.85 secs
Wed Aug 19 12:11:41 2026: Image # 60, module Groups # 4: CPU_time = 0.00 secs, Wall_time = 0.00 secs
Wed Aug 19 12:11:41 2026: Image # 60, module MaskImage # 5: CPU_time = 0.09 secs, Wall_time = 0.08 secs
Wed Aug 19 12:11:42 2026: Image # 60, module MaskImage # 6: CPU_time = 0.08 secs, Wall_time = 0.08 secs
Wed Aug 19 12:11:42 2026: Image # 60, module MaskImage # 7: CPU_time = 0.17 secs, Wall_time = 0.09 secs
Wed Aug 19 12:11:42 2026: Image # 60, module MaskObjects # 8: CPU_time = 0.77 secs, Wall_time = 0.54 secs
Wed Aug 19 12:11:42 2026: Image # 60, module MeasureObjectIntensity # 9: CPU_time = 5.22 secs, Wall_time = 5.22 secs
Wed Aug 19 12:11:47 2026: Image # 60, module MeasureColocalization # 10: CPU_time = 296.06 secs, Wall_time = 79.05 secs
Wed Aug 19 12:13:07 2026: Image # 60, module ExportToSpreadsheet # 11: CPU_time = 0.00 secs, Wall_time = 0.00 secs
Wed Aug 19 12:13:07 2026: Image # 61, module Images # 1: CPU_time = 0.00 secs, Wall_time = 0.00 secs
Wed Aug 19 12:13:07 2026: Image # 61, module Metadata # 2: CPU_time = 0.00 secs, Wall_time = 0.00 secs
Wed Aug 19 12:13:07 2026: Image # 61, module NamesAndTypes # 3: CPU_time = 4.69 secs, Wall_time = 4.10 secs
Wed Aug 19 12:13:11 2026: Image # 61, module Groups # 4: CPU_time = 0.00 secs, Wall_time = 0.00 secs
Wed Aug 19 12:13:11 2026: Image # 61, module MaskImage # 5: CPU_time = 0.08 secs, Wall_time = 0.08 secs
Wed Aug 19 12:13:11 2026: Image # 61, module MaskImage # 6: CPU_time = 0.09 secs, Wall_time = 0.09 secs
Wed Aug 19 12:13:11 2026: Image # 61, module MaskImage # 7: CPU_time = 0.20 secs, Wall_time = 0.10 secs
Wed Aug 19 12:13:11 2026: Image # 61, module MaskObjects # 8: CPU_time = 0.96 secs, Wall_time = 0.62 secs
Wed Aug 19 12:13:12 2026: Image # 61, module MeasureObjectIntensity # 9: CPU_time = 5.48 secs, Wall_time = 5.48 secs
Wed Aug 19 12:13:17 2026: Image # 61, module MeasureColocalization # 10: CPU_time = 327.81 secs, Wall_time = 86.53 secs
Wed Aug 19 12:14:44 2026: Image # 61, module ExportToSpreadsheet # 11: CPU_time = 0.00 secs, Wall_time = 0.00 secs
Wed Aug 19 12:14:44 2026: Image # 62, module Images # 1: CPU_time = 0.01 secs, Wall_time = 0.00 secs
Wed Aug 19 12:14:44 2026: Image # 62, module Metadata # 2: CPU_time = 0.00 secs, Wall_time = 0.00 secs
Wed Aug 19 12:14:44 2026: Image # 62, module NamesAndTypes # 3: CPU_time = 3.99 secs, Wall_time = 3.40 secs
Wed Aug 19 12:14:47 2026: Image # 62, module Groups # 4: CPU_time = 0.00 secs, Wall_time = 0.00 secs
Wed Aug 19 12:14:47 2026: Image # 62, module MaskImage # 5: CPU_time = 0.08 secs, Wall_time = 0.08 secs
Wed Aug 19 12:14:47 2026: Image # 62, module MaskImage # 6: CPU_time = 0.09 secs, Wall_time = 0.08 secs
Wed Aug 19 12:14:47 2026: Image # 62, module MaskImage # 7: CPU_time = 0.21 secs, Wall_time = 0.11 secs
Wed Aug 19 12:14:47 2026: Image # 62, module MaskObjects # 8: CPU_time = 0.90 secs, Wall_time = 0.63 secs
Wed Aug 19 12:14:48 2026: Image # 62, module MeasureObjectIntensity # 9: CPU_time = 9.25 secs, Wall_time = 9.24 secs
Wed Aug 19 12:14:57 2026: Image # 62, module MeasureColocalization # 10: CPU_time = 463.55 secs, Wall_time = 131.34 secs
Wed Aug 19 12:17:08 2026: Image # 62, module ExportToSpreadsheet # 11: CPU_time = 0.01 secs, Wall_time = 0.00 secs
Wed Aug 19 12:17:09 2026: Image # 63, module Images # 1: CPU_time = 0.00 secs, Wall_time = 0.00 secs
Wed Aug 19 12:17:09 2026: Image # 63, module Metadata # 2: CPU_time = 0.00 secs, Wall_time = 0.00 secs
Wed Aug 19 12:17:09 2026: Image # 63, module NamesAndTypes # 3: CPU_time = 4.60 secs, Wall_time = 4.35 secs
Wed Aug 19 12:17:13 2026: Image # 63, module Groups # 4: CPU_time = 0.00 secs, Wall_time = 0.00 secs
Wed Aug 19 12:17:13 2026: Image # 63, module MaskImage # 5: CPU_time = 0.09 secs, Wall_time = 0.08 secs
Wed Aug 19 12:17:13 2026: Image # 63, module MaskImage # 6: CPU_time = 0.08 secs, Wall_time = 0.08 secs
Wed Aug 19 12:17:13 2026: Image # 63, module MaskImage # 7: CPU_time = 0.18 secs, Wall_time = 0.09 secs
Wed Aug 19 12:17:13 2026: Image # 63, module MaskObjects # 8: CPU_time = 0.87 secs, Wall_time = 0.61 secs
Wed Aug 19 12:17:14 2026: Image # 63, module MeasureObjectIntensity # 9: CPU_time = 9.75 secs, Wall_time = 9.75 secs
Wed Aug 19 12:17:24 2026: Image # 63, module MeasureColocalization # 10: CPU_time = 654.37 secs, Wall_time = 193.76 secs
Wed Aug 19 12:20:37 2026: Image # 63, module ExportToSpreadsheet # 11: CPU_time = 0.00 secs, Wall_time = 0.02 secs
Wed Aug 19 12:20:37 2026: Image # 64, module Images # 1: CPU_time = 0.00 secs, Wall_time = 0.00 secs
Wed Aug 19 12:20:37 2026: Image # 64, module Metadata # 2: CPU_time = 0.00 secs, Wall_time = 0.00 secs
Wed Aug 19 12:20:37 2026: Image # 64, module NamesAndTypes # 3: CPU_time = 4.72 secs, Wall_time = 3.93 secs
Wed Aug 19 12:20:41 2026: Image # 64, module Groups # 4: CPU_time = 0.00 secs, Wall_time = 0.00 secs
Wed Aug 19 12:20:41 2026: Image # 64, module MaskImage # 5: CPU_time = 0.09 secs, Wall_time = 0.09 secs
Wed Aug 19 12:20:41 2026: Image # 64, module MaskImage # 6: CPU_time = 0.09 secs, Wall_time = 0.09 secs
Wed Aug 19 12:20:41 2026: Image # 64, module MaskImage # 7: CPU_time = 0.21 secs, Wall_time = 0.10 secs
Wed Aug 19 12:20:42 2026: Image # 64, module MaskObjects # 8: CPU_time = 0.85 secs, Wall_time = 0.57 secs
Wed Aug 19 12:20:42 2026: Image # 64, module MeasureObjectIntensity # 9: CPU_time = 6.35 secs, Wall_time = 6.35 secs
Wed Aug 19 12:20:48 2026: Image # 64, module MeasureColocalization # 10: CPU_time = 255.05 secs, Wall_time = 69.40 secs
Wed Aug 19 12:21:58 2026: Image # 64, module ExportToSpreadsheet # 11: CPU_time = 0.00 secs, Wall_time = 0.00 secs
Wed Aug 19 12:21:58 2026: Image # 65, module Images # 1: CPU_time = 0.00 secs, Wall_time = 0.00 secs
Wed Aug 19 12:21:58 2026: Image # 65, module Metadata # 2: CPU_time = 0.00 secs, Wall_time = 0.00 secs
Wed Aug 19 12:21:58 2026: Image # 65, module NamesAndTypes # 3: CPU_time = 4.76 secs, Wall_time = 3.85 secs
Wed Aug 19 12:22:02 2026: Image # 65, module Groups # 4: CPU_time = 0.00 secs, Wall_time = 0.00 secs
Wed Aug 19 12:22:02 2026: Image # 65, module MaskImage # 5: CPU_time = 0.09 secs, Wall_time = 0.08 secs
Wed Aug 19 12:22:02 2026: Image # 65, module MaskImage # 6: CPU_time = 0.09 secs, Wall_time = 0.09 secs
Wed Aug 19 12:22:02 2026: Image # 65, module MaskImage # 7: CPU_time = 0.17 secs, Wall_time = 0.09 secs
Wed Aug 19 12:22:02 2026: Image # 65, module MaskObjects # 8: CPU_time = 0.82 secs, Wall_time = 0.59 secs
Wed Aug 19 12:22:03 2026: Image # 65, module MeasureObjectIntensity # 9: CPU_time = 5.69 secs, Wall_time = 5.68 secs
Wed Aug 19 12:22:08 2026: Image # 65, module MeasureColocalization # 10: CPU_time = 371.40 secs, Wall_time = 94.91 secs
Wed Aug 19 12:23:43 2026: Image # 65, module ExportToSpreadsheet # 11: CPU_time = 0.00 secs, Wall_time = 0.00 secs
Wed Aug 19 12:23:43 2026: Image # 66, module Images # 1: CPU_time = 0.00 secs, Wall_time = 0.00 secs
Wed Aug 19 12:23:43 2026: Image # 66, module Metadata # 2: CPU_time = 0.00 secs, Wall_time = 0.00 secs
Wed Aug 19 12:23:43 2026: Image # 66, module NamesAndTypes # 3: CPU_time = 4.38 secs, Wall_time = 3.65 secs
Wed Aug 19 12:23:47 2026: Image # 66, module Groups # 4: CPU_time = 0.00 secs, Wall_time = 0.00 secs
Wed Aug 19 12:23:47 2026: Image # 66, module MaskImage # 5: CPU_time = 0.08 secs, Wall_time = 0.08 secs
Wed Aug 19 12:23:47 2026: Image # 66, module MaskImage # 6: CPU_time = 0.08 secs, Wall_time = 0.09 secs
Wed Aug 19 12:23:47 2026: Image # 66, module MaskImage # 7: CPU_time = 0.17 secs, Wall_time = 0.09 secs
Wed Aug 19 12:23:47 2026: Image # 66, module MaskObjects # 8: CPU_time = 0.91 secs, Wall_time = 0.64 secs
Wed Aug 19 12:23:48 2026: Image # 66, module MeasureObjectIntensity # 9: CPU_time = 10.29 secs, Wall_time = 10.28 secs
Wed Aug 19 12:23:58 2026: Image # 66, module MeasureColocalization # 10: CPU_time = 778.08 secs, Wall_time = 244.94 secs
Wed Aug 19 12:28:03 2026: Image # 66, module ExportToSpreadsheet # 11: CPU_time = 0.00 secs, Wall_time = 0.00 secs
Wed Aug 19 12:28:03 2026: Image # 67, module Images # 1: CPU_time = 0.00 secs, Wall_time = 0.00 secs
Wed Aug 19 12:28:03 2026: Image # 67, module Metadata # 2: CPU_time = 0.00 secs, Wall_time = 0.00 secs
Wed Aug 19 12:28:03 2026: Image # 67, module NamesAndTypes # 3: CPU_time = 4.95 secs, Wall_time = 4.20 secs
Wed Aug 19 12:28:07 2026: Image # 67, module Groups # 4: CPU_time = 0.00 secs, Wall_time = 0.00 secs
Wed Aug 19 12:28:07 2026: Image # 67, module MaskImage # 5: CPU_time = 0.08 secs, Wall_time = 0.08 secs
Wed Aug 19 12:28:07 2026: Image # 67, module MaskImage # 6: CPU_time = 0.09 secs, Wall_time = 0.09 secs
Wed Aug 19 12:28:07 2026: Image # 67, module MaskImage # 7: CPU_time = 0.19 secs, Wall_time = 0.10 secs
Wed Aug 19 12:28:08 2026: Image # 67, module MaskObjects # 8: CPU_time = 0.87 secs, Wall_time = 0.63 secs
Wed Aug 19 12:28:08 2026: Image # 67, module MeasureObjectIntensity # 9: CPU_time = 9.11 secs, Wall_time = 9.10 secs
Wed Aug 19 12:28:17 2026: Image # 67, module MeasureColocalization # 10: CPU_time = 904.13 secs, Wall_time = 267.87 secs
Wed Aug 19 12:32:45 2026: Image # 67, module ExportToSpreadsheet # 11: CPU_time = 0.00 secs, Wall_time = 0.00 secs
Wed Aug 19 12:32:45 2026: Image # 68, module Images # 1: CPU_time = 0.00 secs, Wall_time = 0.00 secs
Wed Aug 19 12:32:45 2026: Image # 68, module Metadata # 2: CPU_time = 0.00 secs, Wall_time = 0.00 secs
Wed Aug 19 12:32:45 2026: Image # 68, module NamesAndTypes # 3: CPU_time = 4.79 secs, Wall_time = 4.01 secs
Wed Aug 19 12:32:49 2026: Image # 68, module Groups # 4: CPU_time = 0.00 secs, Wall_time = 0.00 secs
Wed Aug 19 12:32:49 2026: Image # 68, module MaskImage # 5: CPU_time = 0.09 secs, Wall_time = 0.09 secs
Wed Aug 19 12:32:49 2026: Image # 68, module MaskImage # 6: CPU_time = 0.09 secs, Wall_time = 0.09 secs
Wed Aug 19 12:32:49 2026: Image # 68, module MaskImage # 7: CPU_time = 0.18 secs, Wall_time = 0.09 secs
Wed Aug 19 12:32:49 2026: Image # 68, module MaskObjects # 8: CPU_time = 0.87 secs, Wall_time = 0.62 secs
Wed Aug 19 12:32:50 2026: Image # 68, module MeasureObjectIntensity # 9: CPU_time = 8.44 secs, Wall_time = 8.43 secs
Wed Aug 19 12:32:58 2026: Image # 68, module MeasureColocalization # 10: CPU_time = 497.05 secs, Wall_time = 137.83 secs
Wed Aug 19 12:35:16 2026: Image # 68, module ExportToSpreadsheet # 11: CPU_time = 0.00 secs, Wall_time = 0.02 secs
Wed Aug 19 12:35:16 2026: Image # 69, module Images # 1: CPU_time = 0.00 secs, Wall_time = 0.00 secs
Wed Aug 19 12:35:16 2026: Image # 69, module Metadata # 2: CPU_time = 0.00 secs, Wall_time = 0.00 secs
Wed Aug 19 12:35:16 2026: Image # 69, module NamesAndTypes # 3: CPU_time = 4.24 secs, Wall_time = 3.71 secs
Wed Aug 19 12:35:20 2026: Image # 69, module Groups # 4: CPU_time = 0.00 secs, Wall_time = 0.00 secs
Wed Aug 19 12:35:20 2026: Image # 69, module MaskImage # 5: CPU_time = 0.09 secs, Wall_time = 0.09 secs
Wed Aug 19 12:35:20 2026: Image # 69, module MaskImage # 6: CPU_time = 0.08 secs, Wall_time = 0.08 secs
Wed Aug 19 12:35:20 2026: Image # 69, module MaskImage # 7: CPU_time = 0.19 secs, Wall_time = 0.10 secs
Wed Aug 19 12:35:20 2026: Image # 69, module MaskObjects # 8: CPU_time = 0.82 secs, Wall_time = 0.57 secs
Wed Aug 19 12:35:21 2026: Image # 69, module MeasureObjectIntensity # 9: CPU_time = 9.03 secs, Wall_time = 9.01 secs
Wed Aug 19 12:35:30 2026: Image # 69, module MeasureColocalization # 10: CPU_time = 614.69 secs, Wall_time = 178.87 secs
Wed Aug 19 12:38:29 2026: Image # 69, module ExportToSpreadsheet # 11: CPU_time = 0.00 secs, Wall_time = 0.00 secs
Wed Aug 19 12:38:29 2026: Image # 70, module Images # 1: CPU_time = 0.00 secs, Wall_time = 0.00 secs
Wed Aug 19 12:38:29 2026: Image # 70, module Metadata # 2: CPU_time = 0.00 secs, Wall_time = 0.00 secs
Wed Aug 19 12:38:29 2026: Image # 70, module NamesAndTypes # 3: CPU_time = 4.51 secs, Wall_time = 4.00 secs
Wed Aug 19 12:38:33 2026: Image # 70, module Groups # 4: CPU_time = 0.00 secs, Wall_time = 0.00 secs
Wed Aug 19 12:38:33 2026: Image # 70, module MaskImage # 5: CPU_time = 0.09 secs, Wall_time = 0.09 secs
Wed Aug 19 12:38:33 2026: Image # 70, module MaskImage # 6: CPU_time = 0.09 secs, Wall_time = 0.09 secs
Wed Aug 19 12:38:33 2026: Image # 70, module MaskImage # 7: CPU_time = 0.18 secs, Wall_time = 0.09 secs
Wed Aug 19 12:38:33 2026: Image # 70, module MaskObjects # 8: CPU_time = 0.87 secs, Wall_time = 0.62 secs
Wed Aug 19 12:38:34 2026: Image # 70, module MeasureObjectIntensity # 9: CPU_time = 9.45 secs, Wall_time = 9.44 secs
Wed Aug 19 12:38:43 2026: Image # 70, module MeasureColocalization # 10: CPU_time = 655.30 secs, Wall_time = 199.92 secs
Wed Aug 19 12:42:03 2026: Image # 70, module ExportToSpreadsheet # 11: CPU_time = 0.00 secs, Wall_time = 0.00 secs
