Failed to load pipeline
Traceback (most recent call last):
  File "/lab/cheeseman_sequencing/jhe/miniforge3/envs/cellprofiler_env/lib/python3.8/site-packages/cellprofiler_core/pipeline/_pipeline.py", line 543, in setup_modules
    module = self.setup_module(
  File "/lab/cheeseman_sequencing/jhe/miniforge3/envs/cellprofiler_env/lib/python3.8/site-packages/cellprofiler_core/pipeline/_pipeline.py", line 638, in setup_module
    module.set_settings_from_values(settings, variable_revision_number, module_name)
  File "/lab/cheeseman_sequencing/jhe/miniforge3/envs/cellprofiler_env/lib/python3.8/site-packages/cellprofiler_core/module/_module.py", line 218, in set_settings_from_values
    setting_values, variable_revision_number = self.upgrade_settings(
  File "/lab/cheeseman_sequencing/jhe/miniforge3/envs/cellprofiler_env/lib/python3.8/site-packages/cellprofiler/modules/exporttospreadsheet.py", line 1653, in upgrade_settings
    directory = Directory.upgrade_setting(directory)
  File "/lab/cheeseman_sequencing/jhe/miniforge3/envs/cellprofiler_env/lib/python3.8/site-packages/cellprofiler_core/setting/text/_directory.py", line 81, in upgrade_setting
    dir_choice, custom_path = Directory.split_string(value)
ValueError: not enough values to unpack (expected 2, got 1)
Error for image set, channel=051, metadata=DNA: Image missing from channel
Error for image set, channel=052, metadata=DNA: Image missing from channel
Error for image set, channel=053, metadata=DNA: Image missing from channel
Error for image set, channel=054, metadata=DNA: Image missing from channel
Error for image set, channel=055, metadata=DNA: Image missing from channel
Error for image set, channel=056, metadata=DNA: Image missing from channel
Error for image set, channel=057, metadata=DNA: Image missing from channel
Error for image set, channel=058, metadata=DNA: Image missing from channel
Error for image set, channel=059, metadata=DNA: Image missing from channel
Error for image set, channel=060, metadata=DNA: Image missing from channel
Error for image set, channel=061, metadata=DNA: Image missing from channel
Error for image set, channel=062, metadata=DNA: Image missing from channel
Error for image set, channel=063, metadata=DNA: Image missing from channel
Error for image set, channel=064, metadata=DNA: Image missing from channel
Error for image set, channel=065, metadata=DNA: Image missing from channel
Error for image set, channel=066, metadata=DNA: Image missing from channel
Error for image set, channel=067, metadata=DNA: Image missing from channel
Error for image set, channel=068, metadata=DNA: Image missing from channel
Error for image set, channel=069, metadata=DNA: Image missing from channel
Error for image set, channel=070, metadata=DNA: Image missing from channel
Error for image set, channel=071, metadata=DNA: Image missing from channel
Error for image set, channel=072, metadata=DNA: Image missing from channel
Error for image set, channel=073, metadata=DNA: Image missing from channel
Error for image set, channel=074, metadata=DNA: Image missing from channel
Error for image set, channel=075, metadata=DNA: Image missing from channel
Error for image set, channel=076, metadata=DNA: Image missing from channel
Error for image set, channel=077, metadata=DNA: Image missing from channel
Error for image set, channel=078, metadata=DNA: Image missing from channel
Error for image set, channel=079, metadata=DNA: Image missing from channel
Error for image set, channel=080, metadata=DNA: Image missing from channel
Error for image set, channel=081, metadata=DNA: Image missing from channel
Error for image set, channel=082, metadata=DNA: Image missing from channel
Error for image set, channel=083, metadata=DNA: Image missing from channel
Error for image set, channel=084, metadata=DNA: Image missing from channel
Error for image set, channel=085, metadata=DNA: Image missing from channel
Error for image set, channel=086, metadata=DNA: Image missing from channel
Error for image set, channel=087, metadata=DNA: Image missing from channel
Error for image set, channel=088, metadata=DNA: Image missing from channel
Error for image set, channel=089, metadata=DNA: Image missing from channel
Error for image set, channel=090, metadata=DNA: Image missing from channel
Error for image set, channel=091, metadata=DNA: Image missing from channel
Error for image set, channel=092, metadata=DNA: Image missing from channel
Error for image set, channel=093, metadata=DNA: Image missing from channel
Error for image set, channel=094, metadata=DNA: Image missing from channel
Error for image set, channel=095, metadata=DNA: Image missing from channel
Error for image set, channel=096, metadata=DNA: Image missing from channel
Error for image set, channel=097, metadata=DNA: Image missing from channel
Error for image set, channel=098, metadata=DNA: Image missing from channel
Error for image set, channel=099, metadata=DNA: Image missing from channel
Error for image set, channel=100, metadata=DNA: Image missing from channel
Error for image set, channel=101, metadata=DNA: Image missing from channel
Error for image set, channel=102, metadata=DNA: Image missing from channel
Error for image set, channel=103, metadata=DNA: Image missing from channel
Error for image set, channel=104, metadata=DNA: Image missing from channel
Error for image set, channel=105, metadata=DNA: Image missing from channel
Error for image set, channel=106, metadata=DNA: Image missing from channel
Error for image set, channel=107, metadata=DNA: Image missing from channel
Error for image set, channel=108, metadata=DNA: Image missing from channel
Error for image set, channel=109, metadata=DNA: Image missing from channel
Error for image set, channel=110, metadata=DNA: Image missing from channel
Error for image set, channel=111, metadata=DNA: Image missing from channel
Error for image set, channel=112, metadata=DNA: Image missing from channel
Error for image set, channel=113, metadata=DNA: Image missing from channel
Error for image set, channel=114, metadata=DNA: Image missing from channel
Error for image set, channel=115, metadata=DNA: Image missing from channel
Error for image set, channel=116, metadata=DNA: Image missing from channel
Error for image set, channel=117, metadata=DNA: Image missing from channel
Error for image set, channel=118, metadata=DNA: Image missing from channel
Error for image set, channel=119, metadata=DNA: Image missing from channel
Error for image set, channel=120, metadata=DNA: Image missing from channel
Error for image set, channel=121, metadata=DNA: Image missing from channel
Error for image set, channel=122, metadata=DNA: Image missing from channel
Error for image set, channel=123, metadata=DNA: Image missing from channel
Error for image set, channel=124, metadata=DNA: Image missing from channel
Error for image set, channel=125, metadata=DNA: Image missing from channel
Error for image set, channel=126, metadata=DNA: Image missing from channel
Error for image set, channel=127, metadata=DNA: Image missing from channel
Error for image set, channel=128, metadata=DNA: Image missing from channel
Error for image set, channel=129, metadata=DNA: Image missing from channel
Error for image set, channel=130, metadata=DNA: Image missing from channel
Error for image set, channel=131, metadata=DNA: Image missing from channel
Error for image set, channel=132, metadata=DNA: Image missing from channel
Error for image set, channel=133, metadata=DNA: Image missing from channel
Error for image set, channel=134, metadata=DNA: Image missing from channel
Error for image set, channel=135, metadata=DNA: Image missing from channel
Error for image set, channel=136, metadata=DNA: Image missing from channel
Error for image set, channel=137, metadata=DNA: Image missing from channel
Error for image set, channel=138, metadata=DNA: Image missing from channel
Error for image set, channel=139, metadata=DNA: Image missing from channel
Error for image set, channel=140, metadata=DNA: Image missing from channel
Error for image set, channel=141, metadata=DNA: Image missing from channel
Error for image set, channel=142, metadata=DNA: Image missing from channel
Error for image set, channel=143, metadata=DNA: Image missing from channel
Error for image set, channel=144, metadata=DNA: Image missing from channel
Error for image set, channel=145, metadata=DNA: Image missing from channel
Error for image set, channel=146, metadata=DNA: Image missing from channel
Error for image set, channel=147, metadata=DNA: Image missing from channel
Error for image set, channel=148, metadata=DNA: Image missing from channel
Error for image set, channel=149, metadata=DNA: Image missing from channel
Error for image set, channel=150, metadata=DNA: Image missing from channel
Times reported are CPU and Wall-clock times for each module
Tue Aug 18 09:00:53 2026: Image # 1, module Images # 1: CPU_time = 0.00 secs, Wall_time = 0.00 secs
Tue Aug 18 09:00:53 2026: Image # 1, module Metadata # 2: CPU_time = 0.00 secs, Wall_time = 0.00 secs
Tue Aug 18 09:00:53 2026: Image # 1, module NamesAndTypes # 3: CPU_time = 6.17 secs, Wall_time = 3.98 secs
Tue Aug 18 09:00:57 2026: Image # 1, module Groups # 4: CPU_time = 0.00 secs, Wall_time = 0.00 secs
Tue Aug 18 09:00:57 2026: Image # 1, module MaskImage # 5: CPU_time = 0.14 secs, Wall_time = 0.11 secs
Tue Aug 18 09:00:57 2026: Image # 1, module MaskImage # 6: CPU_time = 0.10 secs, Wall_time = 0.09 secs
Tue Aug 18 09:00:57 2026: Image # 1, module MaskImage # 7: CPU_time = 0.11 secs, Wall_time = 0.11 secs
Tue Aug 18 09:00:58 2026: Image # 1, module MaskObjects # 8: CPU_time = 0.57 secs, Wall_time = 0.57 secs
Tue Aug 18 09:00:58 2026: Image # 1, module MeasureObjectIntensity # 9: CPU_time = 5.42 secs, Wall_time = 5.40 secs
Tue Aug 18 09:01:04 2026: Image # 1, module MeasureColocalization # 10: CPU_time = 114.55 secs, Wall_time = 30.51 secs
Tue Aug 18 09:01:34 2026: Image # 2, module Images # 1: CPU_time = 0.01 secs, Wall_time = 0.00 secs
Tue Aug 18 09:01:34 2026: Image # 2, module Metadata # 2: CPU_time = 0.00 secs, Wall_time = 0.00 secs
Tue Aug 18 09:01:34 2026: Image # 2, module NamesAndTypes # 3: CPU_time = 5.29 secs, Wall_time = 4.22 secs
Tue Aug 18 09:01:38 2026: Image # 2, module Groups # 4: CPU_time = 0.00 secs, Wall_time = 0.00 secs
Tue Aug 18 09:01:38 2026: Image # 2, module MaskImage # 5: CPU_time = 0.08 secs, Wall_time = 0.08 secs
Tue Aug 18 09:01:38 2026: Image # 2, module MaskImage # 6: CPU_time = 0.09 secs, Wall_time = 0.09 secs
Tue Aug 18 09:01:38 2026: Image # 2, module MaskImage # 7: CPU_time = 0.10 secs, Wall_time = 0.09 secs
Tue Aug 18 09:01:39 2026: Image # 2, module MaskObjects # 8: CPU_time = 0.50 secs, Wall_time = 0.50 secs
Tue Aug 18 09:01:39 2026: Image # 2, module MeasureObjectIntensity # 9: CPU_time = 4.72 secs, Wall_time = 4.72 secs
Tue Aug 18 09:01:44 2026: Image # 2, module MeasureColocalization # 10: CPU_time = 32.14 secs, Wall_time = 9.72 secs
Tue Aug 18 09:01:53 2026: Image # 3, module Images # 1: CPU_time = 0.00 secs, Wall_time = 0.00 secs
Tue Aug 18 09:01:53 2026: Image # 3, module Metadata # 2: CPU_time = 0.00 secs, Wall_time = 0.00 secs
Tue Aug 18 09:01:53 2026: Image # 3, module NamesAndTypes # 3: CPU_time = 6.21 secs, Wall_time = 4.43 secs
Tue Aug 18 09:01:58 2026: Image # 3, module Groups # 4: CPU_time = 0.00 secs, Wall_time = 0.00 secs
Tue Aug 18 09:01:58 2026: Image # 3, module MaskImage # 5: CPU_time = 0.08 secs, Wall_time = 0.09 secs
Tue Aug 18 09:01:58 2026: Image # 3, module MaskImage # 6: CPU_time = 0.08 secs, Wall_time = 0.08 secs
Tue Aug 18 09:01:58 2026: Image # 3, module MaskImage # 7: CPU_time = 0.09 secs, Wall_time = 0.09 secs
Tue Aug 18 09:01:58 2026: Image # 3, module MaskObjects # 8: CPU_time = 0.59 secs, Wall_time = 0.58 secs
Tue Aug 18 09:01:59 2026: Image # 3, module MeasureObjectIntensity # 9: CPU_time = 5.77 secs, Wall_time = 5.77 secs
Tue Aug 18 09:02:05 2026: Image # 3, module MeasureColocalization # 10: CPU_time = 3.84 secs, Wall_time = 2.78 secs
Tue Aug 18 09:02:07 2026: Image # 4, module Images # 1: CPU_time = 0.00 secs, Wall_time = 0.00 secs
Tue Aug 18 09:02:07 2026: Image # 4, module Metadata # 2: CPU_time = 0.00 secs, Wall_time = 0.00 secs
Tue Aug 18 09:02:07 2026: Image # 4, module NamesAndTypes # 3: CPU_time = 6.13 secs, Wall_time = 4.54 secs
Tue Aug 18 09:02:12 2026: Image # 4, module Groups # 4: CPU_time = 0.00 secs, Wall_time = 0.00 secs
Tue Aug 18 09:02:12 2026: Image # 4, module MaskImage # 5: CPU_time = 0.08 secs, Wall_time = 0.09 secs
Tue Aug 18 09:02:12 2026: Image # 4, module MaskImage # 6: CPU_time = 0.11 secs, Wall_time = 0.11 secs
Tue Aug 18 09:02:12 2026: Image # 4, module MaskImage # 7: CPU_time = 0.09 secs, Wall_time = 0.09 secs
Tue Aug 18 09:02:12 2026: Image # 4, module MaskObjects # 8: CPU_time = 0.56 secs, Wall_time = 0.56 secs
Tue Aug 18 09:02:13 2026: Image # 4, module MeasureObjectIntensity # 9: CPU_time = 6.13 secs, Wall_time = 6.13 secs
Tue Aug 18 09:02:19 2026: Image # 4, module MeasureColocalization # 10: CPU_time = 168.43 secs, Wall_time = 44.18 secs
Tue Aug 18 09:03:03 2026: Image # 5, module Images # 1: CPU_time = 0.00 secs, Wall_time = 0.00 secs
Tue Aug 18 09:03:03 2026: Image # 5, module Metadata # 2: CPU_time = 0.00 secs, Wall_time = 0.00 secs
Tue Aug 18 09:03:03 2026: Image # 5, module NamesAndTypes # 3: CPU_time = 6.46 secs, Wall_time = 4.63 secs
Tue Aug 18 09:03:08 2026: Image # 5, module Groups # 4: CPU_time = 0.00 secs, Wall_time = 0.00 secs
Tue Aug 18 09:03:08 2026: Image # 5, module MaskImage # 5: CPU_time = 0.08 secs, Wall_time = 0.08 secs
Tue Aug 18 09:03:08 2026: Image # 5, module MaskImage # 6: CPU_time = 0.08 secs, Wall_time = 0.08 secs
Tue Aug 18 09:03:08 2026: Image # 5, module MaskImage # 7: CPU_time = 0.10 secs, Wall_time = 0.09 secs
Tue Aug 18 09:03:08 2026: Image # 5, module MaskObjects # 8: CPU_time = 0.65 secs, Wall_time = 0.65 secs
Tue Aug 18 09:03:09 2026: Image # 5, module MeasureObjectIntensity # 9: CPU_time = 7.41 secs, Wall_time = 7.40 secs
Tue Aug 18 09:03:16 2026: Image # 5, module MeasureColocalization # 10: CPU_time = 289.29 secs, Wall_time = 101.02 secs
Tue Aug 18 09:04:57 2026: Image # 6, module Images # 1: CPU_time = 0.00 secs, Wall_time = 0.00 secs
Tue Aug 18 09:04:57 2026: Image # 6, module Metadata # 2: CPU_time = 0.00 secs, Wall_time = 0.00 secs
Tue Aug 18 09:04:57 2026: Image # 6, module NamesAndTypes # 3: CPU_time = 5.69 secs, Wall_time = 4.55 secs
Tue Aug 18 09:05:02 2026: Image # 6, module Groups # 4: CPU_time = 0.00 secs, Wall_time = 0.00 secs
Tue Aug 18 09:05:02 2026: Image # 6, module MaskImage # 5: CPU_time = 0.08 secs, Wall_time = 0.08 secs
Tue Aug 18 09:05:02 2026: Image # 6, module MaskImage # 6: CPU_time = 0.10 secs, Wall_time = 0.10 secs
Tue Aug 18 09:05:02 2026: Image # 6, module MaskImage # 7: CPU_time = 0.09 secs, Wall_time = 0.09 secs
Tue Aug 18 09:05:02 2026: Image # 6, module MaskObjects # 8: CPU_time = 0.58 secs, Wall_time = 0.58 secs
Tue Aug 18 09:05:03 2026: Image # 6, module MeasureObjectIntensity # 9: CPU_time = 7.06 secs, Wall_time = 7.06 secs
Tue Aug 18 09:05:10 2026: Image # 6, module MeasureColocalization # 10: CPU_time = 232.78 secs, Wall_time = 80.65 secs
Tue Aug 18 09:06:30 2026: Image # 7, module Images # 1: CPU_time = 0.00 secs, Wall_time = 0.00 secs
Tue Aug 18 09:06:30 2026: Image # 7, module Metadata # 2: CPU_time = 0.00 secs, Wall_time = 0.00 secs
Tue Aug 18 09:06:30 2026: Image # 7, module NamesAndTypes # 3: CPU_time = 6.11 secs, Wall_time = 4.00 secs
Tue Aug 18 09:06:34 2026: Image # 7, module Groups # 4: CPU_time = 0.00 secs, Wall_time = 0.00 secs
Tue Aug 18 09:06:34 2026: Image # 7, module MaskImage # 5: CPU_time = 0.09 secs, Wall_time = 0.09 secs
Tue Aug 18 09:06:34 2026: Image # 7, module MaskImage # 6: CPU_time = 0.11 secs, Wall_time = 0.11 secs
Tue Aug 18 09:06:34 2026: Image # 7, module MaskImage # 7: CPU_time = 0.08 secs, Wall_time = 0.09 secs
Tue Aug 18 09:06:35 2026: Image # 7, module MaskObjects # 8: CPU_time = 0.61 secs, Wall_time = 0.61 secs
Tue Aug 18 09:06:35 2026: Image # 7, module MeasureObjectIntensity # 9: CPU_time = 6.42 secs, Wall_time = 6.41 secs
Tue Aug 18 09:06:42 2026: Image # 7, module MeasureColocalization # 10: CPU_time = 242.09 secs, Wall_time = 64.93 secs
Tue Aug 18 09:07:47 2026: Image # 8, module Images # 1: CPU_time = 0.00 secs, Wall_time = 0.00 secs
Tue Aug 18 09:07:47 2026: Image # 8, module Metadata # 2: CPU_time = 0.00 secs, Wall_time = 0.00 secs
Tue Aug 18 09:07:47 2026: Image # 8, module NamesAndTypes # 3: CPU_time = 6.25 secs, Wall_time = 4.43 secs
Tue Aug 18 09:07:51 2026: Image # 8, module Groups # 4: CPU_time = 0.00 secs, Wall_time = 0.00 secs
Tue Aug 18 09:07:51 2026: Image # 8, module MaskImage # 5: CPU_time = 0.08 secs, Wall_time = 0.08 secs
Tue Aug 18 09:07:51 2026: Image # 8, module MaskImage # 6: CPU_time = 0.09 secs, Wall_time = 0.08 secs
Tue Aug 18 09:07:51 2026: Image # 8, module MaskImage # 7: CPU_time = 0.08 secs, Wall_time = 0.09 secs
Tue Aug 18 09:07:51 2026: Image # 8, module MaskObjects # 8: CPU_time = 0.55 secs, Wall_time = 0.55 secs
Tue Aug 18 09:07:52 2026: Image # 8, module MeasureObjectIntensity # 9: CPU_time = 5.70 secs, Wall_time = 5.69 secs
Tue Aug 18 09:07:57 2026: Image # 8, module MeasureColocalization # 10: CPU_time = 156.93 secs, Wall_time = 45.24 secs
Tue Aug 18 09:08:43 2026: Image # 9, module Images # 1: CPU_time = 0.00 secs, Wall_time = 0.00 secs
Tue Aug 18 09:08:43 2026: Image # 9, module Metadata # 2: CPU_time = 0.00 secs, Wall_time = 0.00 secs
Tue Aug 18 09:08:43 2026: Image # 9, module NamesAndTypes # 3: CPU_time = 5.57 secs, Wall_time = 3.87 secs
Tue Aug 18 09:08:47 2026: Image # 9, module Groups # 4: CPU_time = 0.00 secs, Wall_time = 0.00 secs
Tue Aug 18 09:08:47 2026: Image # 9, module MaskImage # 5: CPU_time = 0.08 secs, Wall_time = 0.09 secs
Tue Aug 18 09:08:47 2026: Image # 9, module MaskImage # 6: CPU_time = 0.08 secs, Wall_time = 0.08 secs
Tue Aug 18 09:08:47 2026: Image # 9, module MaskImage # 7: CPU_time = 0.08 secs, Wall_time = 0.09 secs
Tue Aug 18 09:08:47 2026: Image # 9, module MaskObjects # 8: CPU_time = 0.51 secs, Wall_time = 0.50 secs
Tue Aug 18 09:08:47 2026: Image # 9, module MeasureObjectIntensity # 9: CPU_time = 3.57 secs, Wall_time = 3.58 secs
Tue Aug 18 09:08:51 2026: Image # 9, module MeasureColocalization # 10: CPU_time = 115.32 secs, Wall_time = 29.78 secs
Tue Aug 18 09:09:21 2026: Image # 10, module Images # 1: CPU_time = 0.00 secs, Wall_time = 0.00 secs
Tue Aug 18 09:09:21 2026: Image # 10, module Metadata # 2: CPU_time = 0.00 secs, Wall_time = 0.00 secs
Tue Aug 18 09:09:21 2026: Image # 10, module NamesAndTypes # 3: CPU_time = 5.82 secs, Wall_time = 4.11 secs
Tue Aug 18 09:09:25 2026: Image # 10, module Groups # 4: CPU_time = 0.00 secs, Wall_time = 0.00 secs
Tue Aug 18 09:09:25 2026: Image # 10, module MaskImage # 5: CPU_time = 0.08 secs, Wall_time = 0.09 secs
Tue Aug 18 09:09:25 2026: Image # 10, module MaskImage # 6: CPU_time = 0.09 secs, Wall_time = 0.09 secs
Tue Aug 18 09:09:25 2026: Image # 10, module MaskImage # 7: CPU_time = 0.09 secs, Wall_time = 0.09 secs
Tue Aug 18 09:09:25 2026: Image # 10, module MaskObjects # 8: CPU_time = 0.50 secs, Wall_time = 0.50 secs
Tue Aug 18 09:09:26 2026: Image # 10, module MeasureObjectIntensity # 9: CPU_time = 3.96 secs, Wall_time = 3.96 secs
Tue Aug 18 09:09:30 2026: Image # 10, module MeasureColocalization # 10: CPU_time = 66.77 secs, Wall_time = 18.12 secs
Tue Aug 18 09:09:48 2026: Image # 11, module Images # 1: CPU_time = 0.00 secs, Wall_time = 0.00 secs
Tue Aug 18 09:09:48 2026: Image # 11, module Metadata # 2: CPU_time = 0.00 secs, Wall_time = 0.00 secs
Tue Aug 18 09:09:48 2026: Image # 11, module NamesAndTypes # 3: CPU_time = 5.67 secs, Wall_time = 4.02 secs
Tue Aug 18 09:09:52 2026: Image # 11, module Groups # 4: CPU_time = 0.00 secs, Wall_time = 0.00 secs
Tue Aug 18 09:09:52 2026: Image # 11, module MaskImage # 5: CPU_time = 0.08 secs, Wall_time = 0.09 secs
Tue Aug 18 09:09:52 2026: Image # 11, module MaskImage # 6: CPU_time = 0.08 secs, Wall_time = 0.08 secs
Tue Aug 18 09:09:52 2026: Image # 11, module MaskImage # 7: CPU_time = 0.10 secs, Wall_time = 0.09 secs
Tue Aug 18 09:09:52 2026: Image # 11, module MaskObjects # 8: CPU_time = 0.49 secs, Wall_time = 0.50 secs
Tue Aug 18 09:09:53 2026: Image # 11, module MeasureObjectIntensity # 9: CPU_time = 3.34 secs, Wall_time = 3.33 secs
Tue Aug 18 09:09:56 2026: Image # 11, module MeasureColocalization # 10: CPU_time = 1.98 secs, Wall_time = 1.33 secs
Tue Aug 18 09:09:57 2026: Image # 12, module Images # 1: CPU_time = 0.00 secs, Wall_time = 0.00 secs
Tue Aug 18 09:09:57 2026: Image # 12, module Metadata # 2: CPU_time = 0.00 secs, Wall_time = 0.00 secs
Tue Aug 18 09:09:57 2026: Image # 12, module NamesAndTypes # 3: CPU_time = 6.27 secs, Wall_time = 4.55 secs
Tue Aug 18 09:10:02 2026: Image # 12, module Groups # 4: CPU_time = 0.00 secs, Wall_time = 0.00 secs
Tue Aug 18 09:10:02 2026: Image # 12, module MaskImage # 5: CPU_time = 0.09 secs, Wall_time = 0.09 secs
Tue Aug 18 09:10:02 2026: Image # 12, module MaskImage # 6: CPU_time = 0.09 secs, Wall_time = 0.08 secs
Tue Aug 18 09:10:02 2026: Image # 12, module MaskImage # 7: CPU_time = 0.09 secs, Wall_time = 0.09 secs
Tue Aug 18 09:10:02 2026: Image # 12, module MaskObjects # 8: CPU_time = 0.51 secs, Wall_time = 0.51 secs
Tue Aug 18 09:10:03 2026: Image # 12, module MeasureObjectIntensity # 9: CPU_time = 4.82 secs, Wall_time = 4.82 secs
Tue Aug 18 09:10:07 2026: Image # 12, module MeasureColocalization # 10: CPU_time = 3.53 secs, Wall_time = 2.43 secs
Tue Aug 18 09:10:10 2026: Image # 13, module Images # 1: CPU_time = 0.00 secs, Wall_time = 0.00 secs
Tue Aug 18 09:10:10 2026: Image # 13, module Metadata # 2: CPU_time = 0.00 secs, Wall_time = 0.00 secs
Tue Aug 18 09:10:10 2026: Image # 13, module NamesAndTypes # 3: CPU_time = 5.97 secs, Wall_time = 4.34 secs
Tue Aug 18 09:10:14 2026: Image # 13, module Groups # 4: CPU_time = 0.00 secs, Wall_time = 0.00 secs
Tue Aug 18 09:10:14 2026: Image # 13, module MaskImage # 5: CPU_time = 0.09 secs, Wall_time = 0.09 secs
Tue Aug 18 09:10:14 2026: Image # 13, module MaskImage # 6: CPU_time = 0.09 secs, Wall_time = 0.09 secs
Tue Aug 18 09:10:14 2026: Image # 13, module MaskImage # 7: CPU_time = 0.10 secs, Wall_time = 0.09 secs
Tue Aug 18 09:10:14 2026: Image # 13, module MaskObjects # 8: CPU_time = 0.52 secs, Wall_time = 0.52 secs
Tue Aug 18 09:10:15 2026: Image # 13, module MeasureObjectIntensity # 9: CPU_time = 5.56 secs, Wall_time = 5.56 secs
Tue Aug 18 09:10:21 2026: Image # 13, module MeasureColocalization # 10: CPU_time = 158.27 secs, Wall_time = 42.47 secs
Tue Aug 18 09:11:03 2026: Image # 14, module Images # 1: CPU_time = 0.00 secs, Wall_time = 0.00 secs
Tue Aug 18 09:11:03 2026: Image # 14, module Metadata # 2: CPU_time = 0.00 secs, Wall_time = 0.00 secs
Tue Aug 18 09:11:03 2026: Image # 14, module NamesAndTypes # 3: CPU_time = 5.89 secs, Wall_time = 4.18 secs
Tue Aug 18 09:11:07 2026: Image # 14, module Groups # 4: CPU_time = 0.00 secs, Wall_time = 0.00 secs
Tue Aug 18 09:11:07 2026: Image # 14, module MaskImage # 5: CPU_time = 0.09 secs, Wall_time = 0.09 secs
Tue Aug 18 09:11:07 2026: Image # 14, module MaskImage # 6: CPU_time = 0.08 secs, Wall_time = 0.08 secs
Tue Aug 18 09:11:07 2026: Image # 14, module MaskImage # 7: CPU_time = 0.09 secs, Wall_time = 0.09 secs
Tue Aug 18 09:11:08 2026: Image # 14, module MaskObjects # 8: CPU_time = 0.56 secs, Wall_time = 0.57 secs
Tue Aug 18 09:11:08 2026: Image # 14, module MeasureObjectIntensity # 9: CPU_time = 5.39 secs, Wall_time = 5.38 secs
Tue Aug 18 09:11:13 2026: Image # 14, module MeasureColocalization # 10: CPU_time = 4.00 secs, Wall_time = 2.89 secs
Tue Aug 18 09:11:16 2026: Image # 15, module Images # 1: CPU_time = 0.00 secs, Wall_time = 0.00 secs
Tue Aug 18 09:11:16 2026: Image # 15, module Metadata # 2: CPU_time = 0.00 secs, Wall_time = 0.00 secs
Tue Aug 18 09:11:16 2026: Image # 15, module NamesAndTypes # 3: CPU_time = 5.55 secs, Wall_time = 4.29 secs
Tue Aug 18 09:11:21 2026: Image # 15, module Groups # 4: CPU_time = 0.00 secs, Wall_time = 0.00 secs
Tue Aug 18 09:11:21 2026: Image # 15, module MaskImage # 5: CPU_time = 0.09 secs, Wall_time = 0.09 secs
Tue Aug 18 09:11:21 2026: Image # 15, module MaskImage # 6: CPU_time = 0.08 secs, Wall_time = 0.09 secs
Tue Aug 18 09:11:21 2026: Image # 15, module MaskImage # 7: CPU_time = 0.09 secs, Wall_time = 0.09 secs
Tue Aug 18 09:11:21 2026: Image # 15, module MaskObjects # 8: CPU_time = 0.50 secs, Wall_time = 0.50 secs
Tue Aug 18 09:11:21 2026: Image # 15, module MeasureObjectIntensity # 9: CPU_time = 3.78 secs, Wall_time = 3.77 secs
Tue Aug 18 09:11:25 2026: Image # 15, module MeasureColocalization # 10: CPU_time = 2.35 secs, Wall_time = 1.62 secs
Tue Aug 18 09:11:27 2026: Image # 16, module Images # 1: CPU_time = 0.00 secs, Wall_time = 0.00 secs
Tue Aug 18 09:11:27 2026: Image # 16, module Metadata # 2: CPU_time = 0.01 secs, Wall_time = 0.00 secs
Tue Aug 18 09:11:27 2026: Image # 16, module NamesAndTypes # 3: CPU_time = 6.15 secs, Wall_time = 4.71 secs
Tue Aug 18 09:11:32 2026: Image # 16, module Groups # 4: CPU_time = 0.00 secs, Wall_time = 0.00 secs
Tue Aug 18 09:11:32 2026: Image # 16, module MaskImage # 5: CPU_time = 0.09 secs, Wall_time = 0.08 secs
Tue Aug 18 09:11:32 2026: Image # 16, module MaskImage # 6: CPU_time = 0.08 secs, Wall_time = 0.08 secs
Tue Aug 18 09:11:32 2026: Image # 16, module MaskImage # 7: CPU_time = 0.10 secs, Wall_time = 0.09 secs
Tue Aug 18 09:11:32 2026: Image # 16, module MaskObjects # 8: CPU_time = 0.50 secs, Wall_time = 0.50 secs
Tue Aug 18 09:11:32 2026: Image # 16, module MeasureObjectIntensity # 9: CPU_time = 4.05 secs, Wall_time = 4.05 secs
Tue Aug 18 09:11:36 2026: Image # 16, module MeasureColocalization # 10: CPU_time = 80.25 secs, Wall_time = 21.23 secs
Tue Aug 18 09:11:58 2026: Image # 17, module Images # 1: CPU_time = 0.00 secs, Wall_time = 0.00 secs
Tue Aug 18 09:11:58 2026: Image # 17, module Metadata # 2: CPU_time = 0.00 secs, Wall_time = 0.00 secs
Tue Aug 18 09:11:58 2026: Image # 17, module NamesAndTypes # 3: CPU_time = 6.00 secs, Wall_time = 4.28 secs
Tue Aug 18 09:12:02 2026: Image # 17, module Groups # 4: CPU_time = 0.00 secs, Wall_time = 0.00 secs
Tue Aug 18 09:12:02 2026: Image # 17, module MaskImage # 5: CPU_time = 0.09 secs, Wall_time = 0.09 secs
Tue Aug 18 09:12:02 2026: Image # 17, module MaskImage # 6: CPU_time = 0.09 secs, Wall_time = 0.08 secs
Tue Aug 18 09:12:02 2026: Image # 17, module MaskImage # 7: CPU_time = 0.09 secs, Wall_time = 0.09 secs
Tue Aug 18 09:12:02 2026: Image # 17, module MaskObjects # 8: CPU_time = 0.50 secs, Wall_time = 0.50 secs
Tue Aug 18 09:12:03 2026: Image # 17, module MeasureObjectIntensity # 9: CPU_time = 3.76 secs, Wall_time = 3.75 secs
Tue Aug 18 09:12:06 2026: Image # 17, module MeasureColocalization # 10: CPU_time = 2.48 secs, Wall_time = 1.74 secs
Tue Aug 18 09:12:08 2026: Image # 18, module Images # 1: CPU_time = 0.00 secs, Wall_time = 0.00 secs
Tue Aug 18 09:12:08 2026: Image # 18, module Metadata # 2: CPU_time = 0.00 secs, Wall_time = 0.00 secs
Tue Aug 18 09:12:08 2026: Image # 18, module NamesAndTypes # 3: CPU_time = 5.82 secs, Wall_time = 4.02 secs
Tue Aug 18 09:12:12 2026: Image # 18, module Groups # 4: CPU_time = 0.00 secs, Wall_time = 0.00 secs
Tue Aug 18 09:12:12 2026: Image # 18, module MaskImage # 5: CPU_time = 0.09 secs, Wall_time = 0.09 secs
Tue Aug 18 09:12:12 2026: Image # 18, module MaskImage # 6: CPU_time = 0.08 secs, Wall_time = 0.08 secs
Tue Aug 18 09:12:12 2026: Image # 18, module MaskImage # 7: CPU_time = 0.08 secs, Wall_time = 0.09 secs
Tue Aug 18 09:12:13 2026: Image # 18, module MaskObjects # 8: CPU_time = 0.57 secs, Wall_time = 0.56 secs
Tue Aug 18 09:12:13 2026: Image # 18, module MeasureObjectIntensity # 9: CPU_time = 4.10 secs, Wall_time = 4.09 secs
Tue Aug 18 09:12:17 2026: Image # 18, module MeasureColocalization # 10: CPU_time = 4.41 secs, Wall_time = 3.07 secs
Tue Aug 18 09:12:20 2026: Image # 19, module Images # 1: CPU_time = 0.00 secs, Wall_time = 0.00 secs
Tue Aug 18 09:12:20 2026: Image # 19, module Metadata # 2: CPU_time = 0.00 secs, Wall_time = 0.00 secs
Tue Aug 18 09:12:20 2026: Image # 19, module NamesAndTypes # 3: CPU_time = 5.97 secs, Wall_time = 4.18 secs
Tue Aug 18 09:12:24 2026: Image # 19, module Groups # 4: CPU_time = 0.00 secs, Wall_time = 0.00 secs
Tue Aug 18 09:12:24 2026: Image # 19, module MaskImage # 5: CPU_time = 0.09 secs, Wall_time = 0.09 secs
Tue Aug 18 09:12:25 2026: Image # 19, module MaskImage # 6: CPU_time = 0.09 secs, Wall_time = 0.09 secs
Tue Aug 18 09:12:25 2026: Image # 19, module MaskImage # 7: CPU_time = 0.08 secs, Wall_time = 0.09 secs
Tue Aug 18 09:12:25 2026: Image # 19, module MaskObjects # 8: CPU_time = 0.57 secs, Wall_time = 0.56 secs
Tue Aug 18 09:12:25 2026: Image # 19, module MeasureObjectIntensity # 9: CPU_time = 4.53 secs, Wall_time = 4.52 secs
Tue Aug 18 09:12:30 2026: Image # 19, module MeasureColocalization # 10: CPU_time = 25.14 secs, Wall_time = 8.40 secs
Tue Aug 18 09:12:38 2026: Image # 20, module Images # 1: CPU_time = 0.00 secs, Wall_time = 0.00 secs
Tue Aug 18 09:12:38 2026: Image # 20, module Metadata # 2: CPU_time = 0.00 secs, Wall_time = 0.00 secs
Tue Aug 18 09:12:38 2026: Image # 20, module NamesAndTypes # 3: CPU_time = 6.15 secs, Wall_time = 4.12 secs
Tue Aug 18 09:12:42 2026: Image # 20, module Groups # 4: CPU_time = 0.00 secs, Wall_time = 0.00 secs
Tue Aug 18 09:12:42 2026: Image # 20, module MaskImage # 5: CPU_time = 0.09 secs, Wall_time = 0.09 secs
Tue Aug 18 09:12:42 2026: Image # 20, module MaskImage # 6: CPU_time = 0.08 secs, Wall_time = 0.08 secs
Tue Aug 18 09:12:43 2026: Image # 20, module MaskImage # 7: CPU_time = 0.10 secs, Wall_time = 0.09 secs
Tue Aug 18 09:12:43 2026: Image # 20, module MaskObjects # 8: CPU_time = 0.52 secs, Wall_time = 0.52 secs
Tue Aug 18 09:12:43 2026: Image # 20, module MeasureObjectIntensity # 9: CPU_time = 5.43 secs, Wall_time = 5.42 secs
Tue Aug 18 09:12:49 2026: Image # 20, module MeasureColocalization # 10: CPU_time = 3.79 secs, Wall_time = 2.86 secs
Tue Aug 18 09:12:51 2026: Image # 21, module Images # 1: CPU_time = 0.00 secs, Wall_time = 0.00 secs
Tue Aug 18 09:12:51 2026: Image # 21, module Metadata # 2: CPU_time = 0.00 secs, Wall_time = 0.00 secs
Tue Aug 18 09:12:51 2026: Image # 21, module NamesAndTypes # 3: CPU_time = 5.95 secs, Wall_time = 3.98 secs
Tue Aug 18 09:12:55 2026: Image # 21, module Groups # 4: CPU_time = 0.00 secs, Wall_time = 0.00 secs
Tue Aug 18 09:12:55 2026: Image # 21, module MaskImage # 5: CPU_time = 0.08 secs, Wall_time = 0.09 secs
Tue Aug 18 09:12:56 2026: Image # 21, module MaskImage # 6: CPU_time = 0.09 secs, Wall_time = 0.08 secs
Tue Aug 18 09:12:56 2026: Image # 21, module MaskImage # 7: CPU_time = 0.08 secs, Wall_time = 0.09 secs
Tue Aug 18 09:12:56 2026: Image # 21, module MaskObjects # 8: CPU_time = 0.51 secs, Wall_time = 0.51 secs
Tue Aug 18 09:12:56 2026: Image # 21, module MeasureObjectIntensity # 9: CPU_time = 4.46 secs, Wall_time = 4.45 secs
Tue Aug 18 09:13:01 2026: Image # 21, module MeasureColocalization # 10: CPU_time = 6.47 secs, Wall_time = 4.31 secs
Tue Aug 18 09:13:05 2026: Image # 22, module Images # 1: CPU_time = 0.00 secs, Wall_time = 0.00 secs
Tue Aug 18 09:13:05 2026: Image # 22, module Metadata # 2: CPU_time = 0.00 secs, Wall_time = 0.00 secs
Tue Aug 18 09:13:05 2026: Image # 22, module NamesAndTypes # 3: CPU_time = 5.68 secs, Wall_time = 3.93 secs
Tue Aug 18 09:13:09 2026: Image # 22, module Groups # 4: CPU_time = 0.00 secs, Wall_time = 0.00 secs
Tue Aug 18 09:13:09 2026: Image # 22, module MaskImage # 5: CPU_time = 0.08 secs, Wall_time = 0.09 secs
Tue Aug 18 09:13:09 2026: Image # 22, module MaskImage # 6: CPU_time = 0.10 secs, Wall_time = 0.09 secs
Tue Aug 18 09:13:09 2026: Image # 22, module MaskImage # 7: CPU_time = 0.09 secs, Wall_time = 0.09 secs
Tue Aug 18 09:13:09 2026: Image # 22, module MaskObjects # 8: CPU_time = 0.52 secs, Wall_time = 0.52 secs
Tue Aug 18 09:13:10 2026: Image # 22, module MeasureObjectIntensity # 9: CPU_time = 3.73 secs, Wall_time = 3.72 secs
Tue Aug 18 09:13:13 2026: Image # 22, module MeasureColocalization # 10: CPU_time = 118.25 secs, Wall_time = 30.67 secs
Tue Aug 18 09:13:44 2026: Image # 23, module Images # 1: CPU_time = 0.00 secs, Wall_time = 0.00 secs
Tue Aug 18 09:13:44 2026: Image # 23, module Metadata # 2: CPU_time = 0.00 secs, Wall_time = 0.00 secs
Tue Aug 18 09:13:44 2026: Image # 23, module NamesAndTypes # 3: CPU_time = 5.35 secs, Wall_time = 3.89 secs
Tue Aug 18 09:13:48 2026: Image # 23, module Groups # 4: CPU_time = 0.00 secs, Wall_time = 0.00 secs
Tue Aug 18 09:13:48 2026: Image # 23, module MaskImage # 5: CPU_time = 0.08 secs, Wall_time = 0.09 secs
Tue Aug 18 09:13:48 2026: Image # 23, module MaskImage # 6: CPU_time = 0.12 secs, Wall_time = 0.11 secs
Tue Aug 18 09:13:48 2026: Image # 23, module MaskImage # 7: CPU_time = 0.09 secs, Wall_time = 0.09 secs
Tue Aug 18 09:13:48 2026: Image # 23, module MaskObjects # 8: CPU_time = 0.55 secs, Wall_time = 0.56 secs
Tue Aug 18 09:13:49 2026: Image # 23, module MeasureObjectIntensity # 9: CPU_time = 5.70 secs, Wall_time = 5.69 secs
Tue Aug 18 09:13:55 2026: Image # 23, module MeasureColocalization # 10: CPU_time = 4.21 secs, Wall_time = 3.13 secs
Tue Aug 18 09:13:58 2026: Image # 24, module Images # 1: CPU_time = 0.00 secs, Wall_time = 0.00 secs
Tue Aug 18 09:13:58 2026: Image # 24, module Metadata # 2: CPU_time = 0.00 secs, Wall_time = 0.00 secs
Tue Aug 18 09:13:58 2026: Image # 24, module NamesAndTypes # 3: CPU_time = 5.31 secs, Wall_time = 3.77 secs
Tue Aug 18 09:14:01 2026: Image # 24, module Groups # 4: CPU_time = 0.00 secs, Wall_time = 0.00 secs
Tue Aug 18 09:14:02 2026: Image # 24, module MaskImage # 5: CPU_time = 0.09 secs, Wall_time = 0.09 secs
Tue Aug 18 09:14:02 2026: Image # 24, module MaskImage # 6: CPU_time = 0.10 secs, Wall_time = 0.09 secs
Tue Aug 18 09:14:02 2026: Image # 24, module MaskImage # 7: CPU_time = 0.09 secs, Wall_time = 0.09 secs
Tue Aug 18 09:14:02 2026: Image # 24, module MaskObjects # 8: CPU_time = 0.55 secs, Wall_time = 0.55 secs
Tue Aug 18 09:14:02 2026: Image # 24, module MeasureObjectIntensity # 9: CPU_time = 5.67 secs, Wall_time = 5.65 secs
Tue Aug 18 09:14:08 2026: Image # 24, module MeasureColocalization # 10: CPU_time = 4.04 secs, Wall_time = 2.95 secs
Tue Aug 18 09:14:11 2026: Image # 25, module Images # 1: CPU_time = 0.00 secs, Wall_time = 0.00 secs
Tue Aug 18 09:14:11 2026: Image # 25, module Metadata # 2: CPU_time = 0.00 secs, Wall_time = 0.00 secs
Tue Aug 18 09:14:11 2026: Image # 25, module NamesAndTypes # 3: CPU_time = 5.41 secs, Wall_time = 3.85 secs
Tue Aug 18 09:14:15 2026: Image # 25, module Groups # 4: CPU_time = 0.00 secs, Wall_time = 0.00 secs
Tue Aug 18 09:14:15 2026: Image # 25, module MaskImage # 5: CPU_time = 0.08 secs, Wall_time = 0.08 secs
Tue Aug 18 09:14:15 2026: Image # 25, module MaskImage # 6: CPU_time = 0.08 secs, Wall_time = 0.08 secs
Tue Aug 18 09:14:15 2026: Image # 25, module MaskImage # 7: CPU_time = 0.09 secs, Wall_time = 0.09 secs
Tue Aug 18 09:14:15 2026: Image # 25, module MaskObjects # 8: CPU_time = 0.58 secs, Wall_time = 0.57 secs
Tue Aug 18 09:14:16 2026: Image # 25, module MeasureObjectIntensity # 9: CPU_time = 8.33 secs, Wall_time = 8.32 secs
Tue Aug 18 09:14:24 2026: Image # 25, module MeasureColocalization # 10: CPU_time = 325.02 secs, Wall_time = 116.69 secs
Tue Aug 18 09:16:21 2026: Image # 26, module Images # 1: CPU_time = 0.00 secs, Wall_time = 0.00 secs
Tue Aug 18 09:16:21 2026: Image # 26, module Metadata # 2: CPU_time = 0.00 secs, Wall_time = 0.00 secs
Tue Aug 18 09:16:21 2026: Image # 26, module NamesAndTypes # 3: CPU_time = 6.36 secs, Wall_time = 4.41 secs
Tue Aug 18 09:16:25 2026: Image # 26, module Groups # 4: CPU_time = 0.00 secs, Wall_time = 0.00 secs
Tue Aug 18 09:16:25 2026: Image # 26, module MaskImage # 5: CPU_time = 0.09 secs, Wall_time = 0.09 secs
Tue Aug 18 09:16:25 2026: Image # 26, module MaskImage # 6: CPU_time = 0.09 secs, Wall_time = 0.09 secs
Tue Aug 18 09:16:25 2026: Image # 26, module MaskImage # 7: CPU_time = 0.10 secs, Wall_time = 0.09 secs
Tue Aug 18 09:16:25 2026: Image # 26, module MaskObjects # 8: CPU_time = 0.51 secs, Wall_time = 0.51 secs
Tue Aug 18 09:16:26 2026: Image # 26, module MeasureObjectIntensity # 9: CPU_time = 4.36 secs, Wall_time = 4.35 secs
Tue Aug 18 09:16:30 2026: Image # 26, module MeasureColocalization # 10: CPU_time = 204.30 secs, Wall_time = 52.45 secs
Tue Aug 18 09:17:23 2026: Image # 27, module Images # 1: CPU_time = 0.00 secs, Wall_time = 0.00 secs
Tue Aug 18 09:17:23 2026: Image # 27, module Metadata # 2: CPU_time = 0.00 secs, Wall_time = 0.00 secs
Tue Aug 18 09:17:23 2026: Image # 27, module NamesAndTypes # 3: CPU_time = 5.98 secs, Wall_time = 3.73 secs
Tue Aug 18 09:17:26 2026: Image # 27, module Groups # 4: CPU_time = 0.00 secs, Wall_time = 0.00 secs
Tue Aug 18 09:17:26 2026: Image # 27, module MaskImage # 5: CPU_time = 0.09 secs, Wall_time = 0.09 secs
Tue Aug 18 09:17:27 2026: Image # 27, module MaskImage # 6: CPU_time = 0.09 secs, Wall_time = 0.09 secs
Tue Aug 18 09:17:27 2026: Image # 27, module MaskImage # 7: CPU_time = 0.09 secs, Wall_time = 0.09 secs
Tue Aug 18 09:17:27 2026: Image # 27, module MaskObjects # 8: CPU_time = 0.50 secs, Wall_time = 0.50 secs
Tue Aug 18 09:17:27 2026: Image # 27, module MeasureObjectIntensity # 9: CPU_time = 3.14 secs, Wall_time = 3.14 secs
Tue Aug 18 09:17:30 2026: Image # 27, module MeasureColocalization # 10: CPU_time = 63.47 secs, Wall_time = 16.59 secs
Tue Aug 18 09:17:47 2026: Image # 28, module Images # 1: CPU_time = 0.00 secs, Wall_time = 0.00 secs
Tue Aug 18 09:17:47 2026: Image # 28, module Metadata # 2: CPU_time = 0.00 secs, Wall_time = 0.00 secs
Tue Aug 18 09:17:47 2026: Image # 28, module NamesAndTypes # 3: CPU_time = 5.89 secs, Wall_time = 4.38 secs
Tue Aug 18 09:17:51 2026: Image # 28, module Groups # 4: CPU_time = 0.00 secs, Wall_time = 0.00 secs
Tue Aug 18 09:17:51 2026: Image # 28, module MaskImage # 5: CPU_time = 0.09 secs, Wall_time = 0.09 secs
Tue Aug 18 09:17:51 2026: Image # 28, module MaskImage # 6: CPU_time = 0.09 secs, Wall_time = 0.09 secs
Tue Aug 18 09:17:52 2026: Image # 28, module MaskImage # 7: CPU_time = 0.09 secs, Wall_time = 0.09 secs
Tue Aug 18 09:17:52 2026: Image # 28, module MaskObjects # 8: CPU_time = 0.51 secs, Wall_time = 0.51 secs
Tue Aug 18 09:17:52 2026: Image # 28, module MeasureObjectIntensity # 9: CPU_time = 5.46 secs, Wall_time = 5.45 secs
Tue Aug 18 09:17:58 2026: Image # 28, module MeasureColocalization # 10: CPU_time = 298.53 secs, Wall_time = 76.99 secs
Tue Aug 18 09:19:15 2026: Image # 29, module Images # 1: CPU_time = 0.00 secs, Wall_time = 0.00 secs
Tue Aug 18 09:19:15 2026: Image # 29, module Metadata # 2: CPU_time = 0.00 secs, Wall_time = 0.00 secs
Tue Aug 18 09:19:15 2026: Image # 29, module NamesAndTypes # 3: CPU_time = 5.80 secs, Wall_time = 4.19 secs
Tue Aug 18 09:19:19 2026: Image # 29, module Groups # 4: CPU_time = 0.00 secs, Wall_time = 0.00 secs
Tue Aug 18 09:19:19 2026: Image # 29, module MaskImage # 5: CPU_time = 0.08 secs, Wall_time = 0.09 secs
Tue Aug 18 09:19:19 2026: Image # 29, module MaskImage # 6: CPU_time = 0.09 secs, Wall_time = 0.09 secs
Tue Aug 18 09:19:19 2026: Image # 29, module MaskImage # 7: CPU_time = 0.09 secs, Wall_time = 0.09 secs
Tue Aug 18 09:19:19 2026: Image # 29, module MaskObjects # 8: CPU_time = 0.50 secs, Wall_time = 0.50 secs
Tue Aug 18 09:19:20 2026: Image # 29, module MeasureObjectIntensity # 9: CPU_time = 3.60 secs, Wall_time = 3.58 secs
Tue Aug 18 09:19:23 2026: Image # 29, module MeasureColocalization # 10: CPU_time = 144.25 secs, Wall_time = 37.14 secs
Tue Aug 18 09:20:00 2026: Image # 30, module Images # 1: CPU_time = 0.00 secs, Wall_time = 0.00 secs
Tue Aug 18 09:20:00 2026: Image # 30, module Metadata # 2: CPU_time = 0.00 secs, Wall_time = 0.00 secs
Tue Aug 18 09:20:00 2026: Image # 30, module NamesAndTypes # 3: CPU_time = 5.73 secs, Wall_time = 4.07 secs
Tue Aug 18 09:20:04 2026: Image # 30, module Groups # 4: CPU_time = 0.00 secs, Wall_time = 0.00 secs
Tue Aug 18 09:20:04 2026: Image # 30, module MaskImage # 5: CPU_time = 0.08 secs, Wall_time = 0.09 secs
Tue Aug 18 09:20:05 2026: Image # 30, module MaskImage # 6: CPU_time = 0.09 secs, Wall_time = 0.09 secs
Tue Aug 18 09:20:05 2026: Image # 30, module MaskImage # 7: CPU_time = 0.09 secs, Wall_time = 0.09 secs
Tue Aug 18 09:20:05 2026: Image # 30, module MaskObjects # 8: CPU_time = 0.51 secs, Wall_time = 0.50 secs
Tue Aug 18 09:20:05 2026: Image # 30, module MeasureObjectIntensity # 9: CPU_time = 4.00 secs, Wall_time = 4.00 secs
Tue Aug 18 09:20:09 2026: Image # 30, module MeasureColocalization # 10: CPU_time = 2.58 secs, Wall_time = 1.80 secs
Tue Aug 18 09:20:11 2026: Image # 31, module Images # 1: CPU_time = 0.00 secs, Wall_time = 0.00 secs
Tue Aug 18 09:20:11 2026: Image # 31, module Metadata # 2: CPU_time = 0.00 secs, Wall_time = 0.00 secs
Tue Aug 18 09:20:11 2026: Image # 31, module NamesAndTypes # 3: CPU_time = 6.09 secs, Wall_time = 4.01 secs
Tue Aug 18 09:20:15 2026: Image # 31, module Groups # 4: CPU_time = 0.00 secs, Wall_time = 0.00 secs
Tue Aug 18 09:20:15 2026: Image # 31, module MaskImage # 5: CPU_time = 0.09 secs, Wall_time = 0.09 secs
Tue Aug 18 09:20:15 2026: Image # 31, module MaskImage # 6: CPU_time = 0.12 secs, Wall_time = 0.11 secs
Tue Aug 18 09:20:15 2026: Image # 31, module MaskImage # 7: CPU_time = 0.08 secs, Wall_time = 0.09 secs
Tue Aug 18 09:20:15 2026: Image # 31, module MaskObjects # 8: CPU_time = 0.50 secs, Wall_time = 0.50 secs
Tue Aug 18 09:20:16 2026: Image # 31, module MeasureObjectIntensity # 9: CPU_time = 3.97 secs, Wall_time = 3.97 secs
Tue Aug 18 09:20:20 2026: Image # 31, module MeasureColocalization # 10: CPU_time = 136.25 secs, Wall_time = 35.38 secs
Tue Aug 18 09:20:55 2026: Image # 32, module Images # 1: CPU_time = 0.00 secs, Wall_time = 0.00 secs
Tue Aug 18 09:20:55 2026: Image # 32, module Metadata # 2: CPU_time = 0.00 secs, Wall_time = 0.00 secs
Tue Aug 18 09:20:55 2026: Image # 32, module NamesAndTypes # 3: CPU_time = 5.83 secs, Wall_time = 4.10 secs
Tue Aug 18 09:20:59 2026: Image # 32, module Groups # 4: CPU_time = 0.00 secs, Wall_time = 0.00 secs
Tue Aug 18 09:20:59 2026: Image # 32, module MaskImage # 5: CPU_time = 0.08 secs, Wall_time = 0.09 secs
Tue Aug 18 09:20:59 2026: Image # 32, module MaskImage # 6: CPU_time = 0.09 secs, Wall_time = 0.09 secs
Tue Aug 18 09:21:00 2026: Image # 32, module MaskImage # 7: CPU_time = 0.10 secs, Wall_time = 0.09 secs
Tue Aug 18 09:21:00 2026: Image # 32, module MaskObjects # 8: CPU_time = 0.50 secs, Wall_time = 0.50 secs
Tue Aug 18 09:21:00 2026: Image # 32, module MeasureObjectIntensity # 9: CPU_time = 3.88 secs, Wall_time = 3.87 secs
Tue Aug 18 09:21:04 2026: Image # 32, module MeasureColocalization # 10: CPU_time = 2.35 secs, Wall_time = 1.66 secs
Tue Aug 18 09:21:06 2026: Image # 33, module Images # 1: CPU_time = 0.00 secs, Wall_time = 0.00 secs
Tue Aug 18 09:21:06 2026: Image # 33, module Metadata # 2: CPU_time = 0.00 secs, Wall_time = 0.00 secs
Tue Aug 18 09:21:06 2026: Image # 33, module NamesAndTypes # 3: CPU_time = 6.06 secs, Wall_time = 3.91 secs
Tue Aug 18 09:21:10 2026: Image # 33, module Groups # 4: CPU_time = 0.00 secs, Wall_time = 0.00 secs
Tue Aug 18 09:21:10 2026: Image # 33, module MaskImage # 5: CPU_time = 0.09 secs, Wall_time = 0.09 secs
Tue Aug 18 09:21:10 2026: Image # 33, module MaskImage # 6: CPU_time = 0.08 secs, Wall_time = 0.08 secs
Tue Aug 18 09:21:10 2026: Image # 33, module MaskImage # 7: CPU_time = 0.10 secs, Wall_time = 0.09 secs
Tue Aug 18 09:21:10 2026: Image # 33, module MaskObjects # 8: CPU_time = 0.50 secs, Wall_time = 0.50 secs
Tue Aug 18 09:21:10 2026: Image # 33, module MeasureObjectIntensity # 9: CPU_time = 3.31 secs, Wall_time = 3.30 secs
Tue Aug 18 09:21:14 2026: Image # 33, module MeasureColocalization # 10: CPU_time = 95.13 secs, Wall_time = 24.75 secs
Tue Aug 18 09:21:38 2026: Image # 34, module Images # 1: CPU_time = 0.00 secs, Wall_time = 0.00 secs
Tue Aug 18 09:21:38 2026: Image # 34, module Metadata # 2: CPU_time = 0.00 secs, Wall_time = 0.00 secs
Tue Aug 18 09:21:38 2026: Image # 34, module NamesAndTypes # 3: CPU_time = 6.05 secs, Wall_time = 4.31 secs
Tue Aug 18 09:21:43 2026: Image # 34, module Groups # 4: CPU_time = 0.00 secs, Wall_time = 0.00 secs
Tue Aug 18 09:21:43 2026: Image # 34, module MaskImage # 5: CPU_time = 0.09 secs, Wall_time = 0.09 secs
Tue Aug 18 09:21:43 2026: Image # 34, module MaskImage # 6: CPU_time = 0.09 secs, Wall_time = 0.09 secs
Tue Aug 18 09:21:43 2026: Image # 34, module MaskImage # 7: CPU_time = 0.08 secs, Wall_time = 0.09 secs
Tue Aug 18 09:21:43 2026: Image # 34, module MaskObjects # 8: CPU_time = 0.50 secs, Wall_time = 0.50 secs
Tue Aug 18 09:21:44 2026: Image # 34, module MeasureObjectIntensity # 9: CPU_time = 3.91 secs, Wall_time = 3.91 secs
Tue Aug 18 09:21:47 2026: Image # 34, module MeasureColocalization # 10: CPU_time = 136.99 secs, Wall_time = 35.51 secs
Tue Aug 18 09:22:23 2026: Image # 35, module Images # 1: CPU_time = 0.00 secs, Wall_time = 0.00 secs
Tue Aug 18 09:22:23 2026: Image # 35, module Metadata # 2: CPU_time = 0.00 secs, Wall_time = 0.00 secs
Tue Aug 18 09:22:23 2026: Image # 35, module NamesAndTypes # 3: CPU_time = 5.58 secs, Wall_time = 4.74 secs
Tue Aug 18 09:22:28 2026: Image # 35, module Groups # 4: CPU_time = 0.00 secs, Wall_time = 0.00 secs
Tue Aug 18 09:22:28 2026: Image # 35, module MaskImage # 5: CPU_time = 0.09 secs, Wall_time = 0.09 secs
Tue Aug 18 09:22:28 2026: Image # 35, module MaskImage # 6: CPU_time = 0.09 secs, Wall_time = 0.08 secs
Tue Aug 18 09:22:28 2026: Image # 35, module MaskImage # 7: CPU_time = 0.08 secs, Wall_time = 0.09 secs
Tue Aug 18 09:22:28 2026: Image # 35, module MaskObjects # 8: CPU_time = 0.56 secs, Wall_time = 0.56 secs
Tue Aug 18 09:22:29 2026: Image # 35, module MeasureObjectIntensity # 9: CPU_time = 6.33 secs, Wall_time = 6.32 secs
Tue Aug 18 09:22:35 2026: Image # 35, module MeasureColocalization # 10: CPU_time = 6.57 secs, Wall_time = 4.81 secs
Tue Aug 18 09:22:40 2026: Image # 36, module Images # 1: CPU_time = 0.00 secs, Wall_time = 0.00 secs
Tue Aug 18 09:22:40 2026: Image # 36, module Metadata # 2: CPU_time = 0.00 secs, Wall_time = 0.00 secs
Tue Aug 18 09:22:40 2026: Image # 36, module NamesAndTypes # 3: CPU_time = 5.65 secs, Wall_time = 4.35 secs
Tue Aug 18 09:22:44 2026: Image # 36, module Groups # 4: CPU_time = 0.00 secs, Wall_time = 0.00 secs
Tue Aug 18 09:22:44 2026: Image # 36, module MaskImage # 5: CPU_time = 0.08 secs, Wall_time = 0.09 secs
Tue Aug 18 09:22:44 2026: Image # 36, module MaskImage # 6: CPU_time = 0.09 secs, Wall_time = 0.09 secs
Tue Aug 18 09:22:44 2026: Image # 36, module MaskImage # 7: CPU_time = 0.08 secs, Wall_time = 0.09 secs
Tue Aug 18 09:22:44 2026: Image # 36, module MaskObjects # 8: CPU_time = 0.54 secs, Wall_time = 0.54 secs
Tue Aug 18 09:22:45 2026: Image # 36, module MeasureObjectIntensity # 9: CPU_time = 4.34 secs, Wall_time = 4.34 secs
Tue Aug 18 09:22:49 2026: Image # 36, module MeasureColocalization # 10: CPU_time = 69.06 secs, Wall_time = 18.64 secs
Tue Aug 18 09:23:08 2026: Image # 37, module Images # 1: CPU_time = 0.00 secs, Wall_time = 0.00 secs
Tue Aug 18 09:23:08 2026: Image # 37, module Metadata # 2: CPU_time = 0.00 secs, Wall_time = 0.00 secs
Tue Aug 18 09:23:08 2026: Image # 37, module NamesAndTypes # 3: CPU_time = 5.80 secs, Wall_time = 4.20 secs
Tue Aug 18 09:23:12 2026: Image # 37, module Groups # 4: CPU_time = 0.00 secs, Wall_time = 0.00 secs
Tue Aug 18 09:23:12 2026: Image # 37, module MaskImage # 5: CPU_time = 0.08 secs, Wall_time = 0.09 secs
Tue Aug 18 09:23:12 2026: Image # 37, module MaskImage # 6: CPU_time = 0.09 secs, Wall_time = 0.09 secs
Tue Aug 18 09:23:12 2026: Image # 37, module MaskImage # 7: CPU_time = 0.10 secs, Wall_time = 0.09 secs
Tue Aug 18 09:23:12 2026: Image # 37, module MaskObjects # 8: CPU_time = 0.59 secs, Wall_time = 0.59 secs
Tue Aug 18 09:23:13 2026: Image # 37, module MeasureObjectIntensity # 9: CPU_time = 8.42 secs, Wall_time = 8.40 secs
Tue Aug 18 09:23:21 2026: Image # 37, module MeasureColocalization # 10: CPU_time = 131.16 secs, Wall_time = 47.54 secs
Tue Aug 18 09:24:09 2026: Image # 38, module Images # 1: CPU_time = 0.00 secs, Wall_time = 0.00 secs
Tue Aug 18 09:24:09 2026: Image # 38, module Metadata # 2: CPU_time = 0.00 secs, Wall_time = 0.00 secs
Tue Aug 18 09:24:09 2026: Image # 38, module NamesAndTypes # 3: CPU_time = 6.25 secs, Wall_time = 4.55 secs
Tue Aug 18 09:24:13 2026: Image # 38, module Groups # 4: CPU_time = 0.00 secs, Wall_time = 0.00 secs
Tue Aug 18 09:24:13 2026: Image # 38, module MaskImage # 5: CPU_time = 0.08 secs, Wall_time = 0.09 secs
Tue Aug 18 09:24:14 2026: Image # 38, module MaskImage # 6: CPU_time = 0.09 secs, Wall_time = 0.09 secs
Tue Aug 18 09:24:14 2026: Image # 38, module MaskImage # 7: CPU_time = 0.09 secs, Wall_time = 0.09 secs
Tue Aug 18 09:24:14 2026: Image # 38, module MaskObjects # 8: CPU_time = 0.58 secs, Wall_time = 0.58 secs
Tue Aug 18 09:24:14 2026: Image # 38, module MeasureObjectIntensity # 9: CPU_time = 4.23 secs, Wall_time = 4.23 secs
Tue Aug 18 09:24:19 2026: Image # 38, module MeasureColocalization # 10: CPU_time = 2.79 secs, Wall_time = 1.97 secs
Tue Aug 18 09:24:21 2026: Image # 39, module Images # 1: CPU_time = 0.00 secs, Wall_time = 0.00 secs
Tue Aug 18 09:24:21 2026: Image # 39, module Metadata # 2: CPU_time = 0.00 secs, Wall_time = 0.00 secs
Tue Aug 18 09:24:21 2026: Image # 39, module NamesAndTypes # 3: CPU_time = 5.85 secs, Wall_time = 4.21 secs
Tue Aug 18 09:24:25 2026: Image # 39, module Groups # 4: CPU_time = 0.00 secs, Wall_time = 0.00 secs
Tue Aug 18 09:24:25 2026: Image # 39, module MaskImage # 5: CPU_time = 0.08 secs, Wall_time = 0.09 secs
Tue Aug 18 09:24:25 2026: Image # 39, module MaskImage # 6: CPU_time = 0.09 secs, Wall_time = 0.09 secs
Tue Aug 18 09:24:25 2026: Image # 39, module MaskImage # 7: CPU_time = 0.08 secs, Wall_time = 0.09 secs
Tue Aug 18 09:24:25 2026: Image # 39, module MaskObjects # 8: CPU_time = 0.63 secs, Wall_time = 0.63 secs
Tue Aug 18 09:24:26 2026: Image # 39, module MeasureObjectIntensity # 9: CPU_time = 5.40 secs, Wall_time = 5.40 secs
Tue Aug 18 09:24:31 2026: Image # 39, module MeasureColocalization # 10: CPU_time = 3.81 secs, Wall_time = 2.76 secs
Tue Aug 18 09:24:34 2026: Image # 40, module Images # 1: CPU_time = 0.00 secs, Wall_time = 0.00 secs
Tue Aug 18 09:24:34 2026: Image # 40, module Metadata # 2: CPU_time = 0.00 secs, Wall_time = 0.00 secs
Tue Aug 18 09:24:34 2026: Image # 40, module NamesAndTypes # 3: CPU_time = 5.69 secs, Wall_time = 4.16 secs
Tue Aug 18 09:24:38 2026: Image # 40, module Groups # 4: CPU_time = 0.00 secs, Wall_time = 0.00 secs
Tue Aug 18 09:24:38 2026: Image # 40, module MaskImage # 5: CPU_time = 0.09 secs, Wall_time = 0.09 secs
Tue Aug 18 09:24:38 2026: Image # 40, module MaskImage # 6: CPU_time = 0.10 secs, Wall_time = 0.09 secs
Tue Aug 18 09:24:38 2026: Image # 40, module MaskImage # 7: CPU_time = 0.09 secs, Wall_time = 0.09 secs
Tue Aug 18 09:24:38 2026: Image # 40, module MaskObjects # 8: CPU_time = 0.64 secs, Wall_time = 0.64 secs
Tue Aug 18 09:24:39 2026: Image # 40, module MeasureObjectIntensity # 9: CPU_time = 6.79 secs, Wall_time = 6.77 secs
Tue Aug 18 09:24:46 2026: Image # 40, module MeasureColocalization # 10: CPU_time = 88.00 secs, Wall_time = 27.81 secs
Tue Aug 18 09:25:13 2026: Image # 41, module Images # 1: CPU_time = 0.00 secs, Wall_time = 0.00 secs
Tue Aug 18 09:25:13 2026: Image # 41, module Metadata # 2: CPU_time = 0.00 secs, Wall_time = 0.00 secs
Tue Aug 18 09:25:13 2026: Image # 41, module NamesAndTypes # 3: CPU_time = 5.62 secs, Wall_time = 3.83 secs
Tue Aug 18 09:25:17 2026: Image # 41, module Groups # 4: CPU_time = 0.00 secs, Wall_time = 0.00 secs
Tue Aug 18 09:25:17 2026: Image # 41, module MaskImage # 5: CPU_time = 0.09 secs, Wall_time = 0.09 secs
Tue Aug 18 09:25:17 2026: Image # 41, module MaskImage # 6: CPU_time = 0.11 secs, Wall_time = 0.10 secs
Tue Aug 18 09:25:18 2026: Image # 41, module MaskImage # 7: CPU_time = 0.09 secs, Wall_time = 0.09 secs
Tue Aug 18 09:25:18 2026: Image # 41, module MaskObjects # 8: CPU_time = 0.64 secs, Wall_time = 0.64 secs
Tue Aug 18 09:25:18 2026: Image # 41, module MeasureObjectIntensity # 9: CPU_time = 6.47 secs, Wall_time = 6.46 secs
Tue Aug 18 09:25:25 2026: Image # 41, module MeasureColocalization # 10: CPU_time = 6.64 secs, Wall_time = 4.88 secs
Tue Aug 18 09:25:30 2026: Image # 42, module Images # 1: CPU_time = 0.00 secs, Wall_time = 0.00 secs
Tue Aug 18 09:25:30 2026: Image # 42, module Metadata # 2: CPU_time = 0.00 secs, Wall_time = 0.00 secs
Tue Aug 18 09:25:30 2026: Image # 42, module NamesAndTypes # 3: CPU_time = 6.38 secs, Wall_time = 4.67 secs
Tue Aug 18 09:25:34 2026: Image # 42, module Groups # 4: CPU_time = 0.00 secs, Wall_time = 0.00 secs
Tue Aug 18 09:25:34 2026: Image # 42, module MaskImage # 5: CPU_time = 0.10 secs, Wall_time = 0.09 secs
Tue Aug 18 09:25:34 2026: Image # 42, module MaskImage # 6: CPU_time = 0.10 secs, Wall_time = 0.09 secs
Tue Aug 18 09:25:34 2026: Image # 42, module MaskImage # 7: CPU_time = 0.09 secs, Wall_time = 0.09 secs
Tue Aug 18 09:25:35 2026: Image # 42, module MaskObjects # 8: CPU_time = 0.63 secs, Wall_time = 0.64 secs
Tue Aug 18 09:25:35 2026: Image # 42, module MeasureObjectIntensity # 9: CPU_time = 6.46 secs, Wall_time = 6.45 secs
Tue Aug 18 09:25:42 2026: Image # 42, module MeasureColocalization # 10: CPU_time = 4.91 secs, Wall_time = 3.75 secs
Tue Aug 18 09:25:45 2026: Image # 43, module Images # 1: CPU_time = 0.00 secs, Wall_time = 0.00 secs
Tue Aug 18 09:25:45 2026: Image # 43, module Metadata # 2: CPU_time = 0.00 secs, Wall_time = 0.00 secs
Tue Aug 18 09:25:45 2026: Image # 43, module NamesAndTypes # 3: CPU_time = 5.74 secs, Wall_time = 3.98 secs
Tue Aug 18 09:25:49 2026: Image # 43, module Groups # 4: CPU_time = 0.00 secs, Wall_time = 0.00 secs
Tue Aug 18 09:25:49 2026: Image # 43, module MaskImage # 5: CPU_time = 0.08 secs, Wall_time = 0.09 secs
Tue Aug 18 09:25:50 2026: Image # 43, module MaskImage # 6: CPU_time = 0.09 secs, Wall_time = 0.09 secs
Tue Aug 18 09:25:50 2026: Image # 43, module MaskImage # 7: CPU_time = 0.09 secs, Wall_time = 0.09 secs
Tue Aug 18 09:25:50 2026: Image # 43, module MaskObjects # 8: CPU_time = 0.54 secs, Wall_time = 0.54 secs
Tue Aug 18 09:25:50 2026: Image # 43, module MeasureObjectIntensity # 9: CPU_time = 5.03 secs, Wall_time = 5.03 secs
Tue Aug 18 09:25:55 2026: Image # 43, module MeasureColocalization # 10: CPU_time = 59.65 secs, Wall_time = 17.35 secs
Tue Aug 18 09:26:13 2026: Image # 44, module Images # 1: CPU_time = 0.00 secs, Wall_time = 0.00 secs
Tue Aug 18 09:26:13 2026: Image # 44, module Metadata # 2: CPU_time = 0.00 secs, Wall_time = 0.00 secs
Tue Aug 18 09:26:13 2026: Image # 44, module NamesAndTypes # 3: CPU_time = 5.80 secs, Wall_time = 4.10 secs
Tue Aug 18 09:26:17 2026: Image # 44, module Groups # 4: CPU_time = 0.00 secs, Wall_time = 0.00 secs
Tue Aug 18 09:26:17 2026: Image # 44, module MaskImage # 5: CPU_time = 0.08 secs, Wall_time = 0.09 secs
Tue Aug 18 09:26:17 2026: Image # 44, module MaskImage # 6: CPU_time = 0.10 secs, Wall_time = 0.09 secs
Tue Aug 18 09:26:17 2026: Image # 44, module MaskImage # 7: CPU_time = 0.08 secs, Wall_time = 0.09 secs
Tue Aug 18 09:26:17 2026: Image # 44, module MaskObjects # 8: CPU_time = 0.62 secs, Wall_time = 0.62 secs
Tue Aug 18 09:26:18 2026: Image # 44, module MeasureObjectIntensity # 9: CPU_time = 5.29 secs, Wall_time = 5.29 secs
Tue Aug 18 09:26:23 2026: Image # 44, module MeasureColocalization # 10: CPU_time = 125.84 secs, Wall_time = 35.45 secs
Tue Aug 18 09:26:58 2026: Image # 45, module Images # 1: CPU_time = 0.00 secs, Wall_time = 0.00 secs
Tue Aug 18 09:26:58 2026: Image # 45, module Metadata # 2: CPU_time = 0.00 secs, Wall_time = 0.00 secs
Tue Aug 18 09:26:58 2026: Image # 45, module NamesAndTypes # 3: CPU_time = 6.28 secs, Wall_time = 5.01 secs
Tue Aug 18 09:27:03 2026: Image # 45, module Groups # 4: CPU_time = 0.00 secs, Wall_time = 0.00 secs
Tue Aug 18 09:27:03 2026: Image # 45, module MaskImage # 5: CPU_time = 0.10 secs, Wall_time = 0.09 secs
Tue Aug 18 09:27:04 2026: Image # 45, module MaskImage # 6: CPU_time = 0.10 secs, Wall_time = 0.11 secs
Tue Aug 18 09:27:04 2026: Image # 45, module MaskImage # 7: CPU_time = 0.09 secs, Wall_time = 0.09 secs
Tue Aug 18 09:27:04 2026: Image # 45, module MaskObjects # 8: CPU_time = 0.53 secs, Wall_time = 0.53 secs
Tue Aug 18 09:27:04 2026: Image # 45, module MeasureObjectIntensity # 9: CPU_time = 3.67 secs, Wall_time = 3.67 secs
Tue Aug 18 09:27:08 2026: Image # 45, module MeasureColocalization # 10: CPU_time = 29.13 secs, Wall_time = 8.23 secs
Tue Aug 18 09:27:16 2026: Image # 46, module Images # 1: CPU_time = 0.00 secs, Wall_time = 0.00 secs
Tue Aug 18 09:27:16 2026: Image # 46, module Metadata # 2: CPU_time = 0.00 secs, Wall_time = 0.00 secs
Tue Aug 18 09:27:16 2026: Image # 46, module NamesAndTypes # 3: CPU_time = 4.82 secs, Wall_time = 3.49 secs
Tue Aug 18 09:27:20 2026: Image # 46, module Groups # 4: CPU_time = 0.00 secs, Wall_time = 0.00 secs
Tue Aug 18 09:27:20 2026: Image # 46, module MaskImage # 5: CPU_time = 0.07 secs, Wall_time = 0.07 secs
Tue Aug 18 09:27:20 2026: Image # 46, module MaskImage # 6: CPU_time = 0.07 secs, Wall_time = 0.07 secs
Tue Aug 18 09:27:20 2026: Image # 46, module MaskImage # 7: CPU_time = 0.07 secs, Wall_time = 0.07 secs
Tue Aug 18 09:27:20 2026: Image # 46, module MaskObjects # 8: CPU_time = 0.42 secs, Wall_time = 0.43 secs
Tue Aug 18 09:27:20 2026: Image # 46, module MeasureObjectIntensity # 9: CPU_time = 3.77 secs, Wall_time = 3.76 secs
Tue Aug 18 09:27:24 2026: Image # 46, module MeasureColocalization # 10: CPU_time = 33.89 secs, Wall_time = 9.95 secs
Tue Aug 18 09:27:34 2026: Image # 47, module Images # 1: CPU_time = 0.00 secs, Wall_time = 0.00 secs
Tue Aug 18 09:27:34 2026: Image # 47, module Metadata # 2: CPU_time = 0.00 secs, Wall_time = 0.00 secs
Tue Aug 18 09:27:34 2026: Image # 47, module NamesAndTypes # 3: CPU_time = 4.98 secs, Wall_time = 3.73 secs
Tue Aug 18 09:27:38 2026: Image # 47, module Groups # 4: CPU_time = 0.00 secs, Wall_time = 0.00 secs
Tue Aug 18 09:27:38 2026: Image # 47, module MaskImage # 5: CPU_time = 0.07 secs, Wall_time = 0.07 secs
Tue Aug 18 09:27:38 2026: Image # 47, module MaskImage # 6: CPU_time = 0.09 secs, Wall_time = 0.09 secs
Tue Aug 18 09:27:38 2026: Image # 47, module MaskImage # 7: CPU_time = 0.08 secs, Wall_time = 0.07 secs
Tue Aug 18 09:27:38 2026: Image # 47, module MaskObjects # 8: CPU_time = 0.46 secs, Wall_time = 0.46 secs
Tue Aug 18 09:27:38 2026: Image # 47, module MeasureObjectIntensity # 9: CPU_time = 3.18 secs, Wall_time = 3.18 secs
Tue Aug 18 09:27:42 2026: Image # 47, module MeasureColocalization # 10: CPU_time = 21.57 secs, Wall_time = 6.20 secs
Tue Aug 18 09:27:48 2026: Image # 48, module Images # 1: CPU_time = 0.00 secs, Wall_time = 0.00 secs
Tue Aug 18 09:27:48 2026: Image # 48, module Metadata # 2: CPU_time = 0.00 secs, Wall_time = 0.00 secs
Tue Aug 18 09:27:48 2026: Image # 48, module NamesAndTypes # 3: CPU_time = 5.75 secs, Wall_time = 3.99 secs
Tue Aug 18 09:27:52 2026: Image # 48, module Groups # 4: CPU_time = 0.00 secs, Wall_time = 0.00 secs
Tue Aug 18 09:27:52 2026: Image # 48, module MaskImage # 5: CPU_time = 0.08 secs, Wall_time = 0.09 secs
Tue Aug 18 09:27:52 2026: Image # 48, module MaskImage # 6: CPU_time = 0.10 secs, Wall_time = 0.09 secs
Tue Aug 18 09:27:52 2026: Image # 48, module MaskImage # 7: CPU_time = 0.10 secs, Wall_time = 0.09 secs
Tue Aug 18 09:27:52 2026: Image # 48, module MaskObjects # 8: CPU_time = 0.56 secs, Wall_time = 0.57 secs
Tue Aug 18 09:27:53 2026: Image # 48, module MeasureObjectIntensity # 9: CPU_time = 4.12 secs, Wall_time = 4.12 secs
Tue Aug 18 09:27:57 2026: Image # 48, module MeasureColocalization # 10: CPU_time = 73.63 secs, Wall_time = 19.79 secs
Tue Aug 18 09:28:17 2026: Image # 49, module Images # 1: CPU_time = 0.00 secs, Wall_time = 0.00 secs
Tue Aug 18 09:28:17 2026: Image # 49, module Metadata # 2: CPU_time = 0.00 secs, Wall_time = 0.00 secs
Tue Aug 18 09:28:17 2026: Image # 49, module NamesAndTypes # 3: CPU_time = 6.33 secs, Wall_time = 4.45 secs
Tue Aug 18 09:28:21 2026: Image # 49, module Groups # 4: CPU_time = 0.00 secs, Wall_time = 0.00 secs
Tue Aug 18 09:28:21 2026: Image # 49, module MaskImage # 5: CPU_time = 0.08 secs, Wall_time = 0.09 secs
Tue Aug 18 09:28:21 2026: Image # 49, module MaskImage # 6: CPU_time = 0.11 secs, Wall_time = 0.11 secs
Tue Aug 18 09:28:21 2026: Image # 49, module MaskImage # 7: CPU_time = 0.09 secs, Wall_time = 0.09 secs
Tue Aug 18 09:28:21 2026: Image # 49, module MaskObjects # 8: CPU_time = 0.57 secs, Wall_time = 0.57 secs
Tue Aug 18 09:28:22 2026: Image # 49, module MeasureObjectIntensity # 9: CPU_time = 5.41 secs, Wall_time = 5.40 secs
Tue Aug 18 09:28:27 2026: Image # 49, module MeasureColocalization # 10: CPU_time = 83.82 secs, Wall_time = 23.61 secs
Tue Aug 18 09:28:51 2026: Image # 50, module Images # 1: CPU_time = 0.00 secs, Wall_time = 0.00 secs
Tue Aug 18 09:28:51 2026: Image # 50, module Metadata # 2: CPU_time = 0.00 secs, Wall_time = 0.00 secs
Tue Aug 18 09:28:51 2026: Image # 50, module NamesAndTypes # 3: CPU_time = 5.45 secs, Wall_time = 4.16 secs
Tue Aug 18 09:28:55 2026: Image # 50, module Groups # 4: CPU_time = 0.00 secs, Wall_time = 0.00 secs
Tue Aug 18 09:28:55 2026: Image # 50, module MaskImage # 5: CPU_time = 0.08 secs, Wall_time = 0.08 secs
Tue Aug 18 09:28:55 2026: Image # 50, module MaskImage # 6: CPU_time = 0.09 secs, Wall_time = 0.08 secs
Tue Aug 18 09:28:55 2026: Image # 50, module MaskImage # 7: CPU_time = 0.08 secs, Wall_time = 0.08 secs
Tue Aug 18 09:28:55 2026: Image # 50, module MaskObjects # 8: CPU_time = 0.53 secs, Wall_time = 0.53 secs
Tue Aug 18 09:28:56 2026: Image # 50, module MeasureObjectIntensity # 9: CPU_time = 5.45 secs, Wall_time = 5.43 secs
Tue Aug 18 09:29:01 2026: Image # 50, module MeasureColocalization # 10: CPU_time = 34.12 secs, Wall_time = 10.56 secs
