Error for image set, channel=051, metadata=DNA: Image missing from channel
Error for image set, channel=052, metadata=DNA: Image missing from channel
Error for image set, channel=053, metadata=DNA: Image missing from channel
Error for image set, channel=054, metadata=DNA: Image missing from channel
Error for image set, channel=055, metadata=DNA: Image missing from channel
Error for image set, channel=056, metadata=DNA: Image missing from channel
Error for image set, channel=057, metadata=DNA: Image missing from channel
Error for image set, channel=058, metadata=DNA: Image missing from channel
Error for image set, channel=059, metadata=DNA: Image missing from channel
Error for image set, channel=060, metadata=DNA: Image missing from channel
Error for image set, channel=061, metadata=DNA: Image missing from channel
Error for image set, channel=062, metadata=DNA: Image missing from channel
Error for image set, channel=063, metadata=DNA: Image missing from channel
Error for image set, channel=064, metadata=DNA: Image missing from channel
Error for image set, channel=065, metadata=DNA: Image missing from channel
Error for image set, channel=066, metadata=DNA: Image missing from channel
Error for image set, channel=067, metadata=DNA: Image missing from channel
Error for image set, channel=068, metadata=DNA: Image missing from channel
Error for image set, channel=069, metadata=DNA: Image missing from channel
Error for image set, channel=070, metadata=DNA: Image missing from channel
Error for image set, channel=071, metadata=DNA: Image missing from channel
Error for image set, channel=072, metadata=DNA: Image missing from channel
Error for image set, channel=073, metadata=DNA: Image missing from channel
Error for image set, channel=074, metadata=DNA: Image missing from channel
Error for image set, channel=075, metadata=DNA: Image missing from channel
Error for image set, channel=076, metadata=DNA: Image missing from channel
Error for image set, channel=077, metadata=DNA: Image missing from channel
Error for image set, channel=078, metadata=DNA: Image missing from channel
Error for image set, channel=079, metadata=DNA: Image missing from channel
Error for image set, channel=080, metadata=DNA: Image missing from channel
Error for image set, channel=081, metadata=DNA: Image missing from channel
Error for image set, channel=082, metadata=DNA: Image missing from channel
Error for image set, channel=083, metadata=DNA: Image missing from channel
Error for image set, channel=084, metadata=DNA: Image missing from channel
Error for image set, channel=085, metadata=DNA: Image missing from channel
Error for image set, channel=086, metadata=DNA: Image missing from channel
Error for image set, channel=087, metadata=DNA: Image missing from channel
Error for image set, channel=088, metadata=DNA: Image missing from channel
Error for image set, channel=089, metadata=DNA: Image missing from channel
Error for image set, channel=090, metadata=DNA: Image missing from channel
Error for image set, channel=091, metadata=DNA: Image missing from channel
Error for image set, channel=092, metadata=DNA: Image missing from channel
Error for image set, channel=093, metadata=DNA: Image missing from channel
Error for image set, channel=094, metadata=DNA: Image missing from channel
Error for image set, channel=095, metadata=DNA: Image missing from channel
Error for image set, channel=096, metadata=DNA: Image missing from channel
Error for image set, channel=097, metadata=DNA: Image missing from channel
Error for image set, channel=098, metadata=DNA: Image missing from channel
Error for image set, channel=099, metadata=DNA: Image missing from channel
Error for image set, channel=100, metadata=DNA: Image missing from channel
Error for image set, channel=101, metadata=DNA: Image missing from channel
Error for image set, channel=102, metadata=DNA: Image missing from channel
Error for image set, channel=103, metadata=DNA: Image missing from channel
Error for image set, channel=104, metadata=DNA: Image missing from channel
Error for image set, channel=105, metadata=DNA: Image missing from channel
Error for image set, channel=106, metadata=DNA: Image missing from channel
Error for image set, channel=107, metadata=DNA: Image missing from channel
Error for image set, channel=108, metadata=DNA: Image missing from channel
Error for image set, channel=109, metadata=DNA: Image missing from channel
Error for image set, channel=110, metadata=DNA: Image missing from channel
Error for image set, channel=111, metadata=DNA: Image missing from channel
Error for image set, channel=112, metadata=DNA: Image missing from channel
Error for image set, channel=113, metadata=DNA: Image missing from channel
Error for image set, channel=114, metadata=DNA: Image missing from channel
Error for image set, channel=115, metadata=DNA: Image missing from channel
Error for image set, channel=116, metadata=DNA: Image missing from channel
Error for image set, channel=117, metadata=DNA: Image missing from channel
Error for image set, channel=118, metadata=DNA: Image missing from channel
Error for image set, channel=119, metadata=DNA: Image missing from channel
Error for image set, channel=120, metadata=DNA: Image missing from channel
Error for image set, channel=121, metadata=DNA: Image missing from channel
Error for image set, channel=122, metadata=DNA: Image missing from channel
Error for image set, channel=123, metadata=DNA: Image missing from channel
Error for image set, channel=124, metadata=DNA: Image missing from channel
Error for image set, channel=125, metadata=DNA: Image missing from channel
Error for image set, channel=126, metadata=DNA: Image missing from channel
Error for image set, channel=127, metadata=DNA: Image missing from channel
Error for image set, channel=128, metadata=DNA: Image missing from channel
Error for image set, channel=129, metadata=DNA: Image missing from channel
Error for image set, channel=130, metadata=DNA: Image missing from channel
Error for image set, channel=131, metadata=DNA: Image missing from channel
Error for image set, channel=132, metadata=DNA: Image missing from channel
Error for image set, channel=133, metadata=DNA: Image missing from channel
Error for image set, channel=134, metadata=DNA: Image missing from channel
Error for image set, channel=135, metadata=DNA: Image missing from channel
Error for image set, channel=136, metadata=DNA: Image missing from channel
Error for image set, channel=137, metadata=DNA: Image missing from channel
Error for image set, channel=138, metadata=DNA: Image missing from channel
Error for image set, channel=139, metadata=DNA: Image missing from channel
Error for image set, channel=140, metadata=DNA: Image missing from channel
Error for image set, channel=141, metadata=DNA: Image missing from channel
Error for image set, channel=142, metadata=DNA: Image missing from channel
Error for image set, channel=143, metadata=DNA: Image missing from channel
Error for image set, channel=144, metadata=DNA: Image missing from channel
Error for image set, channel=145, metadata=DNA: Image missing from channel
Error for image set, channel=146, metadata=DNA: Image missing from channel
Error for image set, channel=147, metadata=DNA: Image missing from channel
Error for image set, channel=148, metadata=DNA: Image missing from channel
Error for image set, channel=149, metadata=DNA: Image missing from channel
Error for image set, channel=150, metadata=DNA: Image missing from channel
Times reported are CPU and Wall-clock times for each module
Wed Aug 19 09:09:49 2026: Image # 1, module Images # 1: CPU_time = 0.01 secs, Wall_time = 0.00 secs
Wed Aug 19 09:09:49 2026: Image # 1, module Metadata # 2: CPU_time = 0.00 secs, Wall_time = 0.00 secs
Wed Aug 19 09:09:49 2026: Image # 1, module NamesAndTypes # 3: CPU_time = 5.63 secs, Wall_time = 3.47 secs
Wed Aug 19 09:09:53 2026: Image # 1, module Groups # 4: CPU_time = 0.00 secs, Wall_time = 0.00 secs
Wed Aug 19 09:09:53 2026: Image # 1, module MaskImage # 5: CPU_time = 0.08 secs, Wall_time = 0.09 secs
Wed Aug 19 09:09:53 2026: Image # 1, module MaskImage # 6: CPU_time = 0.09 secs, Wall_time = 0.09 secs
Wed Aug 19 09:09:53 2026: Image # 1, module MaskImage # 7: CPU_time = 0.10 secs, Wall_time = 0.10 secs
Wed Aug 19 09:09:53 2026: Image # 1, module MaskObjects # 8: CPU_time = 0.56 secs, Wall_time = 0.57 secs
Wed Aug 19 09:09:53 2026: Image # 1, module MeasureObjectIntensity # 9: CPU_time = 4.22 secs, Wall_time = 4.22 secs
Wed Aug 19 09:09:58 2026: Image # 1, module MeasureColocalization # 10: CPU_time = 101.62 secs, Wall_time = 26.94 secs
Wed Aug 19 09:10:25 2026: Image # 1, module ExportToSpreadsheet # 11: CPU_time = 0.00 secs, Wall_time = 0.00 secs
Wed Aug 19 09:10:25 2026: Image # 2, module Images # 1: CPU_time = 0.00 secs, Wall_time = 0.00 secs
Wed Aug 19 09:10:25 2026: Image # 2, module Metadata # 2: CPU_time = 0.00 secs, Wall_time = 0.00 secs
Wed Aug 19 09:10:25 2026: Image # 2, module NamesAndTypes # 3: CPU_time = 5.71 secs, Wall_time = 3.71 secs
Wed Aug 19 09:10:28 2026: Image # 2, module Groups # 4: CPU_time = 0.00 secs, Wall_time = 0.00 secs
Wed Aug 19 09:10:28 2026: Image # 2, module MaskImage # 5: CPU_time = 0.09 secs, Wall_time = 0.08 secs
Wed Aug 19 09:10:28 2026: Image # 2, module MaskImage # 6: CPU_time = 0.08 secs, Wall_time = 0.09 secs
Wed Aug 19 09:10:28 2026: Image # 2, module MaskImage # 7: CPU_time = 0.09 secs, Wall_time = 0.09 secs
Wed Aug 19 09:10:29 2026: Image # 2, module MaskObjects # 8: CPU_time = 0.50 secs, Wall_time = 0.50 secs
Wed Aug 19 09:10:29 2026: Image # 2, module MeasureObjectIntensity # 9: CPU_time = 4.48 secs, Wall_time = 4.48 secs
Wed Aug 19 09:10:34 2026: Image # 2, module MeasureColocalization # 10: CPU_time = 107.04 secs, Wall_time = 28.57 secs
Wed Aug 19 09:11:02 2026: Image # 2, module ExportToSpreadsheet # 11: CPU_time = 0.00 secs, Wall_time = 0.00 secs
Wed Aug 19 09:11:02 2026: Image # 3, module Images # 1: CPU_time = 0.00 secs, Wall_time = 0.00 secs
Wed Aug 19 09:11:02 2026: Image # 3, module Metadata # 2: CPU_time = 0.00 secs, Wall_time = 0.00 secs
Wed Aug 19 09:11:02 2026: Image # 3, module NamesAndTypes # 3: CPU_time = 4.94 secs, Wall_time = 3.13 secs
Wed Aug 19 09:11:05 2026: Image # 3, module Groups # 4: CPU_time = 0.00 secs, Wall_time = 0.00 secs
Wed Aug 19 09:11:05 2026: Image # 3, module MaskImage # 5: CPU_time = 0.06 secs, Wall_time = 0.07 secs
Wed Aug 19 09:11:05 2026: Image # 3, module MaskImage # 6: CPU_time = 0.08 secs, Wall_time = 0.07 secs
Wed Aug 19 09:11:05 2026: Image # 3, module MaskImage # 7: CPU_time = 0.07 secs, Wall_time = 0.07 secs
Wed Aug 19 09:11:05 2026: Image # 3, module MaskObjects # 8: CPU_time = 0.43 secs, Wall_time = 0.43 secs
Wed Aug 19 09:11:06 2026: Image # 3, module MeasureObjectIntensity # 9: CPU_time = 5.15 secs, Wall_time = 5.15 secs
Wed Aug 19 09:11:11 2026: Image # 3, module MeasureColocalization # 10: CPU_time = 245.36 secs, Wall_time = 64.40 secs
Wed Aug 19 09:12:15 2026: Image # 3, module ExportToSpreadsheet # 11: CPU_time = 0.00 secs, Wall_time = 0.00 secs
Wed Aug 19 09:12:15 2026: Image # 4, module Images # 1: CPU_time = 0.00 secs, Wall_time = 0.00 secs
Wed Aug 19 09:12:15 2026: Image # 4, module Metadata # 2: CPU_time = 0.00 secs, Wall_time = 0.00 secs
Wed Aug 19 09:12:15 2026: Image # 4, module NamesAndTypes # 3: CPU_time = 5.87 secs, Wall_time = 3.98 secs
Wed Aug 19 09:12:19 2026: Image # 4, module Groups # 4: CPU_time = 0.00 secs, Wall_time = 0.00 secs
Wed Aug 19 09:12:19 2026: Image # 4, module MaskImage # 5: CPU_time = 0.10 secs, Wall_time = 0.08 secs
Wed Aug 19 09:12:20 2026: Image # 4, module MaskImage # 6: CPU_time = 0.08 secs, Wall_time = 0.09 secs
Wed Aug 19 09:12:20 2026: Image # 4, module MaskImage # 7: CPU_time = 0.09 secs, Wall_time = 0.09 secs
Wed Aug 19 09:12:20 2026: Image # 4, module MaskObjects # 8: CPU_time = 0.54 secs, Wall_time = 0.53 secs
Wed Aug 19 09:12:20 2026: Image # 4, module MeasureObjectIntensity # 9: CPU_time = 4.98 secs, Wall_time = 4.97 secs
Wed Aug 19 09:12:25 2026: Image # 4, module MeasureColocalization # 10: CPU_time = 234.24 secs, Wall_time = 61.22 secs
Wed Aug 19 09:13:26 2026: Image # 4, module ExportToSpreadsheet # 11: CPU_time = 0.00 secs, Wall_time = 0.01 secs
Wed Aug 19 09:13:26 2026: Image # 5, module Images # 1: CPU_time = 0.00 secs, Wall_time = 0.00 secs
Wed Aug 19 09:13:26 2026: Image # 5, module Metadata # 2: CPU_time = 0.00 secs, Wall_time = 0.00 secs
Wed Aug 19 09:13:26 2026: Image # 5, module NamesAndTypes # 3: CPU_time = 5.58 secs, Wall_time = 3.50 secs
Wed Aug 19 09:13:30 2026: Image # 5, module Groups # 4: CPU_time = 0.00 secs, Wall_time = 0.00 secs
Wed Aug 19 09:13:30 2026: Image # 5, module MaskImage # 5: CPU_time = 0.08 secs, Wall_time = 0.08 secs
Wed Aug 19 09:13:30 2026: Image # 5, module MaskImage # 6: CPU_time = 0.09 secs, Wall_time = 0.08 secs
Wed Aug 19 09:13:30 2026: Image # 5, module MaskImage # 7: CPU_time = 0.09 secs, Wall_time = 0.09 secs
Wed Aug 19 09:13:30 2026: Image # 5, module MaskObjects # 8: CPU_time = 0.65 secs, Wall_time = 0.64 secs
Wed Aug 19 09:13:31 2026: Image # 5, module MeasureObjectIntensity # 9: CPU_time = 8.74 secs, Wall_time = 8.74 secs
Wed Aug 19 09:13:40 2026: Image # 5, module MeasureColocalization # 10: CPU_time = 234.73 secs, Wall_time = 79.83 secs
Wed Aug 19 09:14:59 2026: Image # 5, module ExportToSpreadsheet # 11: CPU_time = 0.00 secs, Wall_time = 0.00 secs
Wed Aug 19 09:14:59 2026: Image # 6, module Images # 1: CPU_time = 0.00 secs, Wall_time = 0.00 secs
Wed Aug 19 09:14:59 2026: Image # 6, module Metadata # 2: CPU_time = 0.00 secs, Wall_time = 0.00 secs
Wed Aug 19 09:14:59 2026: Image # 6, module NamesAndTypes # 3: CPU_time = 4.82 secs, Wall_time = 3.46 secs
Wed Aug 19 09:15:03 2026: Image # 6, module Groups # 4: CPU_time = 0.00 secs, Wall_time = 0.00 secs
Wed Aug 19 09:15:03 2026: Image # 6, module MaskImage # 5: CPU_time = 0.07 secs, Wall_time = 0.07 secs
Wed Aug 19 09:15:03 2026: Image # 6, module MaskImage # 6: CPU_time = 0.07 secs, Wall_time = 0.07 secs
Wed Aug 19 09:15:03 2026: Image # 6, module MaskImage # 7: CPU_time = 0.07 secs, Wall_time = 0.08 secs
Wed Aug 19 09:15:03 2026: Image # 6, module MaskObjects # 8: CPU_time = 0.51 secs, Wall_time = 0.51 secs
Wed Aug 19 09:15:04 2026: Image # 6, module MeasureObjectIntensity # 9: CPU_time = 8.12 secs, Wall_time = 8.11 secs
Wed Aug 19 09:15:12 2026: Image # 6, module MeasureColocalization # 10: CPU_time = 166.76 secs, Wall_time = 56.09 secs
Wed Aug 19 09:16:08 2026: Image # 6, module ExportToSpreadsheet # 11: CPU_time = 0.00 secs, Wall_time = 0.00 secs
Wed Aug 19 09:16:08 2026: Image # 7, module Images # 1: CPU_time = 0.00 secs, Wall_time = 0.00 secs
Wed Aug 19 09:16:08 2026: Image # 7, module Metadata # 2: CPU_time = 0.00 secs, Wall_time = 0.00 secs
Wed Aug 19 09:16:08 2026: Image # 7, module NamesAndTypes # 3: CPU_time = 5.48 secs, Wall_time = 3.43 secs
Wed Aug 19 09:16:11 2026: Image # 7, module Groups # 4: CPU_time = 0.00 secs, Wall_time = 0.00 secs
Wed Aug 19 09:16:11 2026: Image # 7, module MaskImage # 5: CPU_time = 0.09 secs, Wall_time = 0.08 secs
Wed Aug 19 09:16:11 2026: Image # 7, module MaskImage # 6: CPU_time = 0.08 secs, Wall_time = 0.08 secs
Wed Aug 19 09:16:12 2026: Image # 7, module MaskImage # 7: CPU_time = 0.09 secs, Wall_time = 0.09 secs
Wed Aug 19 09:16:12 2026: Image # 7, module MaskObjects # 8: CPU_time = 0.57 secs, Wall_time = 0.57 secs
Wed Aug 19 09:16:12 2026: Image # 7, module MeasureObjectIntensity # 9: CPU_time = 6.32 secs, Wall_time = 6.32 secs
Wed Aug 19 09:16:19 2026: Image # 7, module MeasureColocalization # 10: CPU_time = 167.27 secs, Wall_time = 44.94 secs
Wed Aug 19 09:17:03 2026: Image # 7, module ExportToSpreadsheet # 11: CPU_time = 0.00 secs, Wall_time = 0.00 secs
Wed Aug 19 09:17:03 2026: Image # 8, module Images # 1: CPU_time = 0.00 secs, Wall_time = 0.00 secs
Wed Aug 19 09:17:03 2026: Image # 8, module Metadata # 2: CPU_time = 0.00 secs, Wall_time = 0.00 secs
Wed Aug 19 09:17:03 2026: Image # 8, module NamesAndTypes # 3: CPU_time = 5.18 secs, Wall_time = 3.43 secs
Wed Aug 19 09:17:07 2026: Image # 8, module Groups # 4: CPU_time = 0.00 secs, Wall_time = 0.00 secs
Wed Aug 19 09:17:07 2026: Image # 8, module MaskImage # 5: CPU_time = 0.08 secs, Wall_time = 0.08 secs
Wed Aug 19 09:17:07 2026: Image # 8, module MaskImage # 6: CPU_time = 0.08 secs, Wall_time = 0.09 secs
Wed Aug 19 09:17:07 2026: Image # 8, module MaskImage # 7: CPU_time = 0.09 secs, Wall_time = 0.09 secs
Wed Aug 19 09:17:07 2026: Image # 8, module MaskObjects # 8: CPU_time = 0.55 secs, Wall_time = 0.55 secs
Wed Aug 19 09:17:08 2026: Image # 8, module MeasureObjectIntensity # 9: CPU_time = 6.55 secs, Wall_time = 6.54 secs
Wed Aug 19 09:17:14 2026: Image # 8, module MeasureColocalization # 10: CPU_time = 192.97 secs, Wall_time = 53.54 secs
Wed Aug 19 09:18:08 2026: Image # 8, module ExportToSpreadsheet # 11: CPU_time = 0.00 secs, Wall_time = 0.00 secs
Wed Aug 19 09:18:08 2026: Image # 9, module Images # 1: CPU_time = 0.00 secs, Wall_time = 0.00 secs
Wed Aug 19 09:18:08 2026: Image # 9, module Metadata # 2: CPU_time = 0.00 secs, Wall_time = 0.00 secs
Wed Aug 19 09:18:08 2026: Image # 9, module NamesAndTypes # 3: CPU_time = 5.41 secs, Wall_time = 3.49 secs
Wed Aug 19 09:18:11 2026: Image # 9, module Groups # 4: CPU_time = 0.00 secs, Wall_time = 0.00 secs
Wed Aug 19 09:18:11 2026: Image # 9, module MaskImage # 5: CPU_time = 0.09 secs, Wall_time = 0.08 secs
Wed Aug 19 09:18:11 2026: Image # 9, module MaskImage # 6: CPU_time = 0.08 secs, Wall_time = 0.09 secs
Wed Aug 19 09:18:12 2026: Image # 9, module MaskImage # 7: CPU_time = 0.09 secs, Wall_time = 0.09 secs
Wed Aug 19 09:18:12 2026: Image # 9, module MaskObjects # 8: CPU_time = 0.50 secs, Wall_time = 0.50 secs
Wed Aug 19 09:18:12 2026: Image # 9, module MeasureObjectIntensity # 9: CPU_time = 4.16 secs, Wall_time = 4.15 secs
Wed Aug 19 09:18:16 2026: Image # 9, module MeasureColocalization # 10: CPU_time = 72.79 secs, Wall_time = 19.67 secs
Wed Aug 19 09:18:36 2026: Image # 9, module ExportToSpreadsheet # 11: CPU_time = 0.00 secs, Wall_time = 0.00 secs
Wed Aug 19 09:18:36 2026: Image # 10, module Images # 1: CPU_time = 0.00 secs, Wall_time = 0.00 secs
Wed Aug 19 09:18:36 2026: Image # 10, module Metadata # 2: CPU_time = 0.00 secs, Wall_time = 0.00 secs
Wed Aug 19 09:18:36 2026: Image # 10, module NamesAndTypes # 3: CPU_time = 5.51 secs, Wall_time = 3.64 secs
Wed Aug 19 09:18:40 2026: Image # 10, module Groups # 4: CPU_time = 0.00 secs, Wall_time = 0.00 secs
Wed Aug 19 09:18:40 2026: Image # 10, module MaskImage # 5: CPU_time = 0.09 secs, Wall_time = 0.09 secs
Wed Aug 19 09:18:40 2026: Image # 10, module MaskImage # 6: CPU_time = 0.08 secs, Wall_time = 0.09 secs
Wed Aug 19 09:18:40 2026: Image # 10, module MaskImage # 7: CPU_time = 0.08 secs, Wall_time = 0.09 secs
Wed Aug 19 09:18:40 2026: Image # 10, module MaskObjects # 8: CPU_time = 0.49 secs, Wall_time = 0.50 secs
Wed Aug 19 09:18:40 2026: Image # 10, module MeasureObjectIntensity # 9: CPU_time = 3.86 secs, Wall_time = 3.85 secs
Wed Aug 19 09:18:44 2026: Image # 10, module MeasureColocalization # 10: CPU_time = 50.37 secs, Wall_time = 13.92 secs
Wed Aug 19 09:18:58 2026: Image # 10, module ExportToSpreadsheet # 11: CPU_time = 0.00 secs, Wall_time = 0.00 secs
Wed Aug 19 09:18:58 2026: Image # 11, module Images # 1: CPU_time = 0.00 secs, Wall_time = 0.00 secs
Wed Aug 19 09:18:58 2026: Image # 11, module Metadata # 2: CPU_time = 0.00 secs, Wall_time = 0.00 secs
Wed Aug 19 09:18:58 2026: Image # 11, module NamesAndTypes # 3: CPU_time = 5.05 secs, Wall_time = 3.42 secs
Wed Aug 19 09:19:02 2026: Image # 11, module Groups # 4: CPU_time = 0.00 secs, Wall_time = 0.00 secs
Wed Aug 19 09:19:02 2026: Image # 11, module MaskImage # 5: CPU_time = 0.09 secs, Wall_time = 0.09 secs
Wed Aug 19 09:19:02 2026: Image # 11, module MaskImage # 6: CPU_time = 0.09 secs, Wall_time = 0.09 secs
Wed Aug 19 09:19:02 2026: Image # 11, module MaskImage # 7: CPU_time = 0.08 secs, Wall_time = 0.09 secs
Wed Aug 19 09:19:02 2026: Image # 11, module MaskObjects # 8: CPU_time = 0.51 secs, Wall_time = 0.50 secs
Wed Aug 19 09:19:02 2026: Image # 11, module MeasureObjectIntensity # 9: CPU_time = 3.73 secs, Wall_time = 3.72 secs
Wed Aug 19 09:19:06 2026: Image # 11, module MeasureColocalization # 10: CPU_time = 29.37 secs, Wall_time = 8.48 secs
Wed Aug 19 09:19:15 2026: Image # 11, module ExportToSpreadsheet # 11: CPU_time = 0.00 secs, Wall_time = 0.00 secs
Wed Aug 19 09:19:15 2026: Image # 12, module Images # 1: CPU_time = 0.00 secs, Wall_time = 0.00 secs
Wed Aug 19 09:19:15 2026: Image # 12, module Metadata # 2: CPU_time = 0.00 secs, Wall_time = 0.00 secs
Wed Aug 19 09:19:15 2026: Image # 12, module NamesAndTypes # 3: CPU_time = 5.86 secs, Wall_time = 4.69 secs
Wed Aug 19 09:19:19 2026: Image # 12, module Groups # 4: CPU_time = 0.00 secs, Wall_time = 0.00 secs
Wed Aug 19 09:19:19 2026: Image # 12, module MaskImage # 5: CPU_time = 0.10 secs, Wall_time = 0.09 secs
Wed Aug 19 09:19:19 2026: Image # 12, module MaskImage # 6: CPU_time = 0.08 secs, Wall_time = 0.08 secs
Wed Aug 19 09:19:19 2026: Image # 12, module MaskImage # 7: CPU_time = 0.09 secs, Wall_time = 0.09 secs
Wed Aug 19 09:19:20 2026: Image # 12, module MaskObjects # 8: CPU_time = 0.51 secs, Wall_time = 0.51 secs
Wed Aug 19 09:19:20 2026: Image # 12, module MeasureObjectIntensity # 9: CPU_time = 5.76 secs, Wall_time = 5.76 secs
Wed Aug 19 09:19:26 2026: Image # 12, module MeasureColocalization # 10: CPU_time = 116.86 secs, Wall_time = 31.97 secs
Wed Aug 19 09:19:58 2026: Image # 12, module ExportToSpreadsheet # 11: CPU_time = 0.00 secs, Wall_time = 0.00 secs
Wed Aug 19 09:19:58 2026: Image # 13, module Images # 1: CPU_time = 0.00 secs, Wall_time = 0.00 secs
Wed Aug 19 09:19:58 2026: Image # 13, module Metadata # 2: CPU_time = 0.00 secs, Wall_time = 0.00 secs
Wed Aug 19 09:19:58 2026: Image # 13, module NamesAndTypes # 3: CPU_time = 5.69 secs, Wall_time = 3.85 secs
Wed Aug 19 09:20:02 2026: Image # 13, module Groups # 4: CPU_time = 0.00 secs, Wall_time = 0.00 secs
Wed Aug 19 09:20:02 2026: Image # 13, module MaskImage # 5: CPU_time = 0.09 secs, Wall_time = 0.08 secs
Wed Aug 19 09:20:02 2026: Image # 13, module MaskImage # 6: CPU_time = 0.08 secs, Wall_time = 0.09 secs
Wed Aug 19 09:20:02 2026: Image # 13, module MaskImage # 7: CPU_time = 0.10 secs, Wall_time = 0.09 secs
Wed Aug 19 09:20:02 2026: Image # 13, module MaskObjects # 8: CPU_time = 0.51 secs, Wall_time = 0.51 secs
Wed Aug 19 09:20:02 2026: Image # 13, module MeasureObjectIntensity # 9: CPU_time = 5.57 secs, Wall_time = 5.57 secs
Wed Aug 19 09:20:08 2026: Image # 13, module MeasureColocalization # 10: CPU_time = 229.27 secs, Wall_time = 60.70 secs
Wed Aug 19 09:21:09 2026: Image # 13, module ExportToSpreadsheet # 11: CPU_time = 0.00 secs, Wall_time = 0.00 secs
Wed Aug 19 09:21:09 2026: Image # 14, module Images # 1: CPU_time = 0.00 secs, Wall_time = 0.00 secs
Wed Aug 19 09:21:09 2026: Image # 14, module Metadata # 2: CPU_time = 0.00 secs, Wall_time = 0.00 secs
Wed Aug 19 09:21:09 2026: Image # 14, module NamesAndTypes # 3: CPU_time = 5.89 secs, Wall_time = 3.55 secs
Wed Aug 19 09:21:12 2026: Image # 14, module Groups # 4: CPU_time = 0.00 secs, Wall_time = 0.00 secs
Wed Aug 19 09:21:12 2026: Image # 14, module MaskImage # 5: CPU_time = 0.09 secs, Wall_time = 0.09 secs
Wed Aug 19 09:21:12 2026: Image # 14, module MaskImage # 6: CPU_time = 0.09 secs, Wall_time = 0.09 secs
Wed Aug 19 09:21:12 2026: Image # 14, module MaskImage # 7: CPU_time = 0.09 secs, Wall_time = 0.09 secs
Wed Aug 19 09:21:13 2026: Image # 14, module MaskObjects # 8: CPU_time = 0.57 secs, Wall_time = 0.57 secs
Wed Aug 19 09:21:13 2026: Image # 14, module MeasureObjectIntensity # 9: CPU_time = 6.98 secs, Wall_time = 6.98 secs
Wed Aug 19 09:21:20 2026: Image # 14, module MeasureColocalization # 10: CPU_time = 354.94 secs, Wall_time = 94.28 secs
Wed Aug 19 09:22:54 2026: Image # 14, module ExportToSpreadsheet # 11: CPU_time = 0.01 secs, Wall_time = 0.00 secs
Wed Aug 19 09:22:54 2026: Image # 15, module Images # 1: CPU_time = 0.00 secs, Wall_time = 0.00 secs
Wed Aug 19 09:22:54 2026: Image # 15, module Metadata # 2: CPU_time = 0.00 secs, Wall_time = 0.00 secs
Wed Aug 19 09:22:54 2026: Image # 15, module NamesAndTypes # 3: CPU_time = 5.15 secs, Wall_time = 3.65 secs
Wed Aug 19 09:22:58 2026: Image # 15, module Groups # 4: CPU_time = 0.00 secs, Wall_time = 0.00 secs
Wed Aug 19 09:22:58 2026: Image # 15, module MaskImage # 5: CPU_time = 0.08 secs, Wall_time = 0.08 secs
Wed Aug 19 09:22:58 2026: Image # 15, module MaskImage # 6: CPU_time = 0.09 secs, Wall_time = 0.08 secs
Wed Aug 19 09:22:58 2026: Image # 15, module MaskImage # 7: CPU_time = 0.09 secs, Wall_time = 0.09 secs
Wed Aug 19 09:22:58 2026: Image # 15, module MaskObjects # 8: CPU_time = 0.46 secs, Wall_time = 0.46 secs
Wed Aug 19 09:22:59 2026: Image # 15, module MeasureObjectIntensity # 9: CPU_time = 4.77 secs, Wall_time = 4.77 secs
Wed Aug 19 09:23:04 2026: Image # 15, module MeasureColocalization # 10: CPU_time = 136.70 secs, Wall_time = 36.34 secs
Wed Aug 19 09:23:40 2026: Image # 15, module ExportToSpreadsheet # 11: CPU_time = 0.00 secs, Wall_time = 0.00 secs
Wed Aug 19 09:23:40 2026: Image # 16, module Images # 1: CPU_time = 0.00 secs, Wall_time = 0.00 secs
Wed Aug 19 09:23:40 2026: Image # 16, module Metadata # 2: CPU_time = 0.00 secs, Wall_time = 0.00 secs
Wed Aug 19 09:23:40 2026: Image # 16, module NamesAndTypes # 3: CPU_time = 5.06 secs, Wall_time = 11.40 secs
Wed Aug 19 09:23:51 2026: Image # 16, module Groups # 4: CPU_time = 0.00 secs, Wall_time = 0.00 secs
Wed Aug 19 09:23:51 2026: Image # 16, module MaskImage # 5: CPU_time = 0.08 secs, Wall_time = 0.08 secs
Wed Aug 19 09:23:51 2026: Image # 16, module MaskImage # 6: CPU_time = 0.08 secs, Wall_time = 0.08 secs
Wed Aug 19 09:23:51 2026: Image # 16, module MaskImage # 7: CPU_time = 0.09 secs, Wall_time = 0.08 secs
Wed Aug 19 09:23:52 2026: Image # 16, module MaskObjects # 8: CPU_time = 0.51 secs, Wall_time = 0.51 secs
Wed Aug 19 09:23:52 2026: Image # 16, module MeasureObjectIntensity # 9: CPU_time = 4.42 secs, Wall_time = 4.41 secs
Wed Aug 19 09:23:56 2026: Image # 16, module MeasureColocalization # 10: CPU_time = 104.35 secs, Wall_time = 27.84 secs
Wed Aug 19 09:24:24 2026: Image # 16, module ExportToSpreadsheet # 11: CPU_time = 0.00 secs, Wall_time = 0.19 secs
Wed Aug 19 09:24:25 2026: Image # 17, module Images # 1: CPU_time = 0.00 secs, Wall_time = 0.00 secs
Wed Aug 19 09:24:25 2026: Image # 17, module Metadata # 2: CPU_time = 0.00 secs, Wall_time = 0.00 secs
Wed Aug 19 09:24:25 2026: Image # 17, module NamesAndTypes # 3: CPU_time = 5.25 secs, Wall_time = 6.53 secs
Wed Aug 19 09:24:31 2026: Image # 17, module Groups # 4: CPU_time = 0.00 secs, Wall_time = 0.00 secs
Wed Aug 19 09:24:31 2026: Image # 17, module MaskImage # 5: CPU_time = 0.08 secs, Wall_time = 0.08 secs
Wed Aug 19 09:24:31 2026: Image # 17, module MaskImage # 6: CPU_time = 0.08 secs, Wall_time = 0.08 secs
Wed Aug 19 09:24:31 2026: Image # 17, module MaskImage # 7: CPU_time = 0.08 secs, Wall_time = 0.08 secs
Wed Aug 19 09:24:31 2026: Image # 17, module MaskObjects # 8: CPU_time = 0.50 secs, Wall_time = 0.51 secs
Wed Aug 19 09:24:32 2026: Image # 17, module MeasureObjectIntensity # 9: CPU_time = 4.82 secs, Wall_time = 4.81 secs
Wed Aug 19 09:24:37 2026: Image # 17, module MeasureColocalization # 10: CPU_time = 195.97 secs, Wall_time = 51.34 secs
Wed Aug 19 09:25:28 2026: Image # 17, module ExportToSpreadsheet # 11: CPU_time = 0.00 secs, Wall_time = 0.00 secs
Wed Aug 19 09:25:28 2026: Image # 18, module Images # 1: CPU_time = 0.00 secs, Wall_time = 0.00 secs
Wed Aug 19 09:25:28 2026: Image # 18, module Metadata # 2: CPU_time = 0.00 secs, Wall_time = 0.00 secs
Wed Aug 19 09:25:28 2026: Image # 18, module NamesAndTypes # 3: CPU_time = 5.19 secs, Wall_time = 4.66 secs
Wed Aug 19 09:25:33 2026: Image # 18, module Groups # 4: CPU_time = 0.00 secs, Wall_time = 0.00 secs
Wed Aug 19 09:25:33 2026: Image # 18, module MaskImage # 5: CPU_time = 0.07 secs, Wall_time = 0.08 secs
Wed Aug 19 09:25:33 2026: Image # 18, module MaskImage # 6: CPU_time = 0.07 secs, Wall_time = 0.08 secs
Wed Aug 19 09:25:33 2026: Image # 18, module MaskImage # 7: CPU_time = 0.08 secs, Wall_time = 0.08 secs
Wed Aug 19 09:25:33 2026: Image # 18, module MaskObjects # 8: CPU_time = 0.49 secs, Wall_time = 0.49 secs
Wed Aug 19 09:25:33 2026: Image # 18, module MeasureObjectIntensity # 9: CPU_time = 5.09 secs, Wall_time = 5.09 secs
/lab/cheeseman_sequencing/jhe/miniforge3/envs/cellprofiler_env/lib/python3.8/site-packages/scipy/stats/_stats_py.py:4424: ConstantInputWarning: An input array is constant; the correlation coefficient is not defined.
  warnings.warn(stats.ConstantInputWarning(msg))
Wed Aug 19 09:25:39 2026: Image # 18, module MeasureColocalization # 10: CPU_time = 61.03 secs, Wall_time = 17.26 secs
Wed Aug 19 09:25:56 2026: Image # 18, module ExportToSpreadsheet # 11: CPU_time = 0.00 secs, Wall_time = 0.00 secs
Wed Aug 19 09:25:56 2026: Image # 19, module Images # 1: CPU_time = 0.00 secs, Wall_time = 0.00 secs
Wed Aug 19 09:25:56 2026: Image # 19, module Metadata # 2: CPU_time = 0.00 secs, Wall_time = 0.00 secs
Wed Aug 19 09:25:56 2026: Image # 19, module NamesAndTypes # 3: CPU_time = 5.05 secs, Wall_time = 8.00 secs
Wed Aug 19 09:26:04 2026: Image # 19, module Groups # 4: CPU_time = 0.00 secs, Wall_time = 0.00 secs
Wed Aug 19 09:26:04 2026: Image # 19, module MaskImage # 5: CPU_time = 0.08 secs, Wall_time = 0.08 secs
Wed Aug 19 09:26:04 2026: Image # 19, module MaskImage # 6: CPU_time = 0.08 secs, Wall_time = 0.08 secs
Wed Aug 19 09:26:04 2026: Image # 19, module MaskImage # 7: CPU_time = 0.09 secs, Wall_time = 0.09 secs
Wed Aug 19 09:26:04 2026: Image # 19, module MaskObjects # 8: CPU_time = 0.46 secs, Wall_time = 0.46 secs
Wed Aug 19 09:26:05 2026: Image # 19, module MeasureObjectIntensity # 9: CPU_time = 4.94 secs, Wall_time = 4.94 secs
Wed Aug 19 09:26:09 2026: Image # 19, module MeasureColocalization # 10: CPU_time = 41.87 secs, Wall_time = 12.37 secs
Wed Aug 19 09:26:22 2026: Image # 19, module ExportToSpreadsheet # 11: CPU_time = 0.00 secs, Wall_time = 0.00 secs
Wed Aug 19 09:26:22 2026: Image # 20, module Images # 1: CPU_time = 0.00 secs, Wall_time = 0.00 secs
Wed Aug 19 09:26:22 2026: Image # 20, module Metadata # 2: CPU_time = 0.00 secs, Wall_time = 0.00 secs
Wed Aug 19 09:26:22 2026: Image # 20, module NamesAndTypes # 3: CPU_time = 5.26 secs, Wall_time = 9.33 secs
Wed Aug 19 09:26:31 2026: Image # 20, module Groups # 4: CPU_time = 0.00 secs, Wall_time = 0.00 secs
Wed Aug 19 09:26:31 2026: Image # 20, module MaskImage # 5: CPU_time = 0.09 secs, Wall_time = 0.08 secs
Wed Aug 19 09:26:31 2026: Image # 20, module MaskImage # 6: CPU_time = 0.07 secs, Wall_time = 0.08 secs
Wed Aug 19 09:26:31 2026: Image # 20, module MaskImage # 7: CPU_time = 0.07 secs, Wall_time = 0.08 secs
Wed Aug 19 09:26:31 2026: Image # 20, module MaskObjects # 8: CPU_time = 0.50 secs, Wall_time = 0.51 secs
Wed Aug 19 09:26:32 2026: Image # 20, module MeasureObjectIntensity # 9: CPU_time = 7.34 secs, Wall_time = 7.33 secs
Wed Aug 19 09:26:39 2026: Image # 20, module MeasureColocalization # 10: CPU_time = 59.57 secs, Wall_time = 18.65 secs
Wed Aug 19 09:26:58 2026: Image # 20, module ExportToSpreadsheet # 11: CPU_time = 0.00 secs, Wall_time = 0.03 secs
Wed Aug 19 09:26:58 2026: Image # 21, module Images # 1: CPU_time = 0.00 secs, Wall_time = 0.00 secs
Wed Aug 19 09:26:58 2026: Image # 21, module Metadata # 2: CPU_time = 0.00 secs, Wall_time = 0.00 secs
Wed Aug 19 09:26:58 2026: Image # 21, module NamesAndTypes # 3: CPU_time = 5.11 secs, Wall_time = 6.68 secs
Wed Aug 19 09:27:05 2026: Image # 21, module Groups # 4: CPU_time = 0.00 secs, Wall_time = 0.00 secs
Wed Aug 19 09:27:05 2026: Image # 21, module MaskImage # 5: CPU_time = 0.07 secs, Wall_time = 0.08 secs
Wed Aug 19 09:27:05 2026: Image # 21, module MaskImage # 6: CPU_time = 0.09 secs, Wall_time = 0.08 secs
Wed Aug 19 09:27:05 2026: Image # 21, module MaskImage # 7: CPU_time = 0.09 secs, Wall_time = 0.08 secs
Wed Aug 19 09:27:05 2026: Image # 21, module MaskObjects # 8: CPU_time = 0.47 secs, Wall_time = 0.47 secs
Wed Aug 19 09:27:05 2026: Image # 21, module MeasureObjectIntensity # 9: CPU_time = 5.72 secs, Wall_time = 5.71 secs
Wed Aug 19 09:27:11 2026: Image # 21, module MeasureColocalization # 10: CPU_time = 48.12 secs, Wall_time = 14.47 secs
Wed Aug 19 09:27:26 2026: Image # 21, module ExportToSpreadsheet # 11: CPU_time = 0.00 secs, Wall_time = 0.00 secs
Wed Aug 19 09:27:26 2026: Image # 22, module Images # 1: CPU_time = 0.00 secs, Wall_time = 0.00 secs
Wed Aug 19 09:27:26 2026: Image # 22, module Metadata # 2: CPU_time = 0.00 secs, Wall_time = 0.00 secs
Wed Aug 19 09:27:26 2026: Image # 22, module NamesAndTypes # 3: CPU_time = 4.70 secs, Wall_time = 9.48 secs
Wed Aug 19 09:27:35 2026: Image # 22, module Groups # 4: CPU_time = 0.00 secs, Wall_time = 0.00 secs
Wed Aug 19 09:27:35 2026: Image # 22, module MaskImage # 5: CPU_time = 0.08 secs, Wall_time = 0.08 secs
Wed Aug 19 09:27:35 2026: Image # 22, module MaskImage # 6: CPU_time = 0.07 secs, Wall_time = 0.08 secs
Wed Aug 19 09:27:35 2026: Image # 22, module MaskImage # 7: CPU_time = 0.07 secs, Wall_time = 0.08 secs
Wed Aug 19 09:27:35 2026: Image # 22, module MaskObjects # 8: CPU_time = 0.48 secs, Wall_time = 0.48 secs
Wed Aug 19 09:27:36 2026: Image # 22, module MeasureObjectIntensity # 9: CPU_time = 4.06 secs, Wall_time = 4.05 secs
Wed Aug 19 09:27:40 2026: Image # 22, module MeasureColocalization # 10: CPU_time = 139.51 secs, Wall_time = 36.25 secs
Wed Aug 19 09:28:16 2026: Image # 22, module ExportToSpreadsheet # 11: CPU_time = 0.00 secs, Wall_time = 0.00 secs
Wed Aug 19 09:28:16 2026: Image # 23, module Images # 1: CPU_time = 0.00 secs, Wall_time = 0.00 secs
Wed Aug 19 09:28:16 2026: Image # 23, module Metadata # 2: CPU_time = 0.00 secs, Wall_time = 0.00 secs
Wed Aug 19 09:28:16 2026: Image # 23, module NamesAndTypes # 3: CPU_time = 4.85 secs, Wall_time = 5.03 secs
Wed Aug 19 09:28:21 2026: Image # 23, module Groups # 4: CPU_time = 0.00 secs, Wall_time = 0.00 secs
Wed Aug 19 09:28:21 2026: Image # 23, module MaskImage # 5: CPU_time = 0.07 secs, Wall_time = 0.08 secs
Wed Aug 19 09:28:21 2026: Image # 23, module MaskImage # 6: CPU_time = 0.08 secs, Wall_time = 0.08 secs
Wed Aug 19 09:28:21 2026: Image # 23, module MaskImage # 7: CPU_time = 0.09 secs, Wall_time = 0.09 secs
Wed Aug 19 09:28:21 2026: Image # 23, module MaskObjects # 8: CPU_time = 0.51 secs, Wall_time = 0.51 secs
Wed Aug 19 09:28:22 2026: Image # 23, module MeasureObjectIntensity # 9: CPU_time = 7.43 secs, Wall_time = 7.43 secs
Wed Aug 19 09:28:29 2026: Image # 23, module MeasureColocalization # 10: CPU_time = 86.47 secs, Wall_time = 26.07 secs
Wed Aug 19 09:28:55 2026: Image # 23, module ExportToSpreadsheet # 11: CPU_time = 0.00 secs, Wall_time = 0.13 secs
Wed Aug 19 09:28:56 2026: Image # 24, module Images # 1: CPU_time = 0.00 secs, Wall_time = 0.00 secs
Wed Aug 19 09:28:56 2026: Image # 24, module Metadata # 2: CPU_time = 0.00 secs, Wall_time = 0.00 secs
Wed Aug 19 09:28:56 2026: Image # 24, module NamesAndTypes # 3: CPU_time = 4.83 secs, Wall_time = 5.51 secs
Wed Aug 19 09:29:01 2026: Image # 24, module Groups # 4: CPU_time = 0.00 secs, Wall_time = 0.00 secs
Wed Aug 19 09:29:01 2026: Image # 24, module MaskImage # 5: CPU_time = 0.08 secs, Wall_time = 0.08 secs
Wed Aug 19 09:29:01 2026: Image # 24, module MaskImage # 6: CPU_time = 0.09 secs, Wall_time = 0.08 secs
Wed Aug 19 09:29:01 2026: Image # 24, module MaskImage # 7: CPU_time = 0.08 secs, Wall_time = 0.08 secs
Wed Aug 19 09:29:01 2026: Image # 24, module MaskObjects # 8: CPU_time = 0.51 secs, Wall_time = 0.51 secs
Wed Aug 19 09:29:02 2026: Image # 24, module MeasureObjectIntensity # 9: CPU_time = 7.52 secs, Wall_time = 7.51 secs
Wed Aug 19 09:29:09 2026: Image # 24, module MeasureColocalization # 10: CPU_time = 237.60 secs, Wall_time = 67.67 secs
Wed Aug 19 09:30:17 2026: Image # 24, module ExportToSpreadsheet # 11: CPU_time = 0.00 secs, Wall_time = 0.11 secs
Wed Aug 19 09:30:17 2026: Image # 25, module Images # 1: CPU_time = 0.00 secs, Wall_time = 0.00 secs
Wed Aug 19 09:30:17 2026: Image # 25, module Metadata # 2: CPU_time = 0.00 secs, Wall_time = 0.00 secs
Wed Aug 19 09:30:17 2026: Image # 25, module NamesAndTypes # 3: CPU_time = 5.59 secs, Wall_time = 6.65 secs
Wed Aug 19 09:30:24 2026: Image # 25, module Groups # 4: CPU_time = 0.00 secs, Wall_time = 0.00 secs
Wed Aug 19 09:30:24 2026: Image # 25, module MaskImage # 5: CPU_time = 0.10 secs, Wall_time = 0.09 secs
Wed Aug 19 09:30:24 2026: Image # 25, module MaskImage # 6: CPU_time = 0.09 secs, Wall_time = 0.09 secs
Wed Aug 19 09:30:24 2026: Image # 25, module MaskImage # 7: CPU_time = 0.09 secs, Wall_time = 0.10 secs
Wed Aug 19 09:30:24 2026: Image # 25, module MaskObjects # 8: CPU_time = 0.58 secs, Wall_time = 0.58 secs
Wed Aug 19 09:30:25 2026: Image # 25, module MeasureObjectIntensity # 9: CPU_time = 9.83 secs, Wall_time = 9.83 secs
Wed Aug 19 09:30:35 2026: Image # 25, module MeasureColocalization # 10: CPU_time = 183.07 secs, Wall_time = 63.23 secs
Wed Aug 19 09:31:38 2026: Image # 25, module ExportToSpreadsheet # 11: CPU_time = 0.00 secs, Wall_time = 0.00 secs
Wed Aug 19 09:31:38 2026: Image # 26, module Images # 1: CPU_time = 0.00 secs, Wall_time = 0.00 secs
Wed Aug 19 09:31:38 2026: Image # 26, module Metadata # 2: CPU_time = 0.00 secs, Wall_time = 0.00 secs
Wed Aug 19 09:31:38 2026: Image # 26, module NamesAndTypes # 3: CPU_time = 5.39 secs, Wall_time = 5.67 secs
Wed Aug 19 09:31:43 2026: Image # 26, module Groups # 4: CPU_time = 0.00 secs, Wall_time = 0.00 secs
Wed Aug 19 09:31:43 2026: Image # 26, module MaskImage # 5: CPU_time = 0.08 secs, Wall_time = 0.09 secs
Wed Aug 19 09:31:44 2026: Image # 26, module MaskImage # 6: CPU_time = 0.09 secs, Wall_time = 0.09 secs
Wed Aug 19 09:31:44 2026: Image # 26, module MaskImage # 7: CPU_time = 0.10 secs, Wall_time = 0.09 secs
Wed Aug 19 09:31:44 2026: Image # 26, module MaskObjects # 8: CPU_time = 0.52 secs, Wall_time = 0.52 secs
Wed Aug 19 09:31:44 2026: Image # 26, module MeasureObjectIntensity # 9: CPU_time = 5.70 secs, Wall_time = 5.69 secs
Wed Aug 19 09:31:50 2026: Image # 26, module MeasureColocalization # 10: CPU_time = 61.80 secs, Wall_time = 17.91 secs
Wed Aug 19 09:32:08 2026: Image # 26, module ExportToSpreadsheet # 11: CPU_time = 0.00 secs, Wall_time = 0.00 secs
Wed Aug 19 09:32:08 2026: Image # 27, module Images # 1: CPU_time = 0.00 secs, Wall_time = 0.00 secs
Wed Aug 19 09:32:08 2026: Image # 27, module Metadata # 2: CPU_time = 0.00 secs, Wall_time = 0.00 secs
Wed Aug 19 09:32:08 2026: Image # 27, module NamesAndTypes # 3: CPU_time = 5.00 secs, Wall_time = 3.69 secs
Wed Aug 19 09:32:12 2026: Image # 27, module Groups # 4: CPU_time = 0.00 secs, Wall_time = 0.00 secs
Wed Aug 19 09:32:12 2026: Image # 27, module MaskImage # 5: CPU_time = 0.08 secs, Wall_time = 0.09 secs
Wed Aug 19 09:32:12 2026: Image # 27, module MaskImage # 6: CPU_time = 0.09 secs, Wall_time = 0.09 secs
Wed Aug 19 09:32:12 2026: Image # 27, module MaskImage # 7: CPU_time = 0.08 secs, Wall_time = 0.09 secs
Wed Aug 19 09:32:12 2026: Image # 27, module MaskObjects # 8: CPU_time = 0.50 secs, Wall_time = 0.50 secs
Wed Aug 19 09:32:12 2026: Image # 27, module MeasureObjectIntensity # 9: CPU_time = 4.21 secs, Wall_time = 4.20 secs
Wed Aug 19 09:32:17 2026: Image # 27, module MeasureColocalization # 10: CPU_time = 53.25 secs, Wall_time = 14.70 secs
Wed Aug 19 09:32:31 2026: Image # 27, module ExportToSpreadsheet # 11: CPU_time = 0.00 secs, Wall_time = 0.00 secs
Wed Aug 19 09:32:31 2026: Image # 28, module Images # 1: CPU_time = 0.00 secs, Wall_time = 0.00 secs
Wed Aug 19 09:32:31 2026: Image # 28, module Metadata # 2: CPU_time = 0.00 secs, Wall_time = 0.00 secs
Wed Aug 19 09:32:31 2026: Image # 28, module NamesAndTypes # 3: CPU_time = 5.03 secs, Wall_time = 4.08 secs
Wed Aug 19 09:32:35 2026: Image # 28, module Groups # 4: CPU_time = 0.00 secs, Wall_time = 0.00 secs
Wed Aug 19 09:32:35 2026: Image # 28, module MaskImage # 5: CPU_time = 0.08 secs, Wall_time = 0.08 secs
Wed Aug 19 09:32:35 2026: Image # 28, module MaskImage # 6: CPU_time = 0.08 secs, Wall_time = 0.08 secs
Wed Aug 19 09:32:36 2026: Image # 28, module MaskImage # 7: CPU_time = 0.10 secs, Wall_time = 0.09 secs
Wed Aug 19 09:32:36 2026: Image # 28, module MaskObjects # 8: CPU_time = 0.47 secs, Wall_time = 0.47 secs
Wed Aug 19 09:32:36 2026: Image # 28, module MeasureObjectIntensity # 9: CPU_time = 6.21 secs, Wall_time = 6.21 secs
Wed Aug 19 09:32:42 2026: Image # 28, module MeasureColocalization # 10: CPU_time = 126.90 secs, Wall_time = 34.96 secs
Wed Aug 19 09:33:17 2026: Image # 28, module ExportToSpreadsheet # 11: CPU_time = 0.00 secs, Wall_time = 0.00 secs
Wed Aug 19 09:33:17 2026: Image # 29, module Images # 1: CPU_time = 0.00 secs, Wall_time = 0.00 secs
Wed Aug 19 09:33:17 2026: Image # 29, module Metadata # 2: CPU_time = 0.00 secs, Wall_time = 0.00 secs
Wed Aug 19 09:33:17 2026: Image # 29, module NamesAndTypes # 3: CPU_time = 5.41 secs, Wall_time = 5.24 secs
Wed Aug 19 09:33:23 2026: Image # 29, module Groups # 4: CPU_time = 0.00 secs, Wall_time = 0.00 secs
Wed Aug 19 09:33:23 2026: Image # 29, module MaskImage # 5: CPU_time = 0.08 secs, Wall_time = 0.09 secs
Wed Aug 19 09:33:23 2026: Image # 29, module MaskImage # 6: CPU_time = 0.08 secs, Wall_time = 0.09 secs
Wed Aug 19 09:33:23 2026: Image # 29, module MaskImage # 7: CPU_time = 0.09 secs, Wall_time = 0.09 secs
Wed Aug 19 09:33:23 2026: Image # 29, module MaskObjects # 8: CPU_time = 0.47 secs, Wall_time = 0.46 secs
Wed Aug 19 09:33:23 2026: Image # 29, module MeasureObjectIntensity # 9: CPU_time = 4.92 secs, Wall_time = 4.92 secs
Wed Aug 19 09:33:28 2026: Image # 29, module MeasureColocalization # 10: CPU_time = 66.53 secs, Wall_time = 18.59 secs
Wed Aug 19 09:33:47 2026: Image # 29, module ExportToSpreadsheet # 11: CPU_time = 0.00 secs, Wall_time = 0.00 secs
Wed Aug 19 09:33:47 2026: Image # 30, module Images # 1: CPU_time = 0.00 secs, Wall_time = 0.00 secs
Wed Aug 19 09:33:47 2026: Image # 30, module Metadata # 2: CPU_time = 0.00 secs, Wall_time = 0.00 secs
Wed Aug 19 09:33:47 2026: Image # 30, module NamesAndTypes # 3: CPU_time = 5.72 secs, Wall_time = 8.29 secs
Wed Aug 19 09:33:55 2026: Image # 30, module Groups # 4: CPU_time = 0.00 secs, Wall_time = 0.00 secs
Wed Aug 19 09:33:55 2026: Image # 30, module MaskImage # 5: CPU_time = 0.08 secs, Wall_time = 0.09 secs
Wed Aug 19 09:33:55 2026: Image # 30, module MaskImage # 6: CPU_time = 0.09 secs, Wall_time = 0.09 secs
Wed Aug 19 09:33:55 2026: Image # 30, module MaskImage # 7: CPU_time = 0.09 secs, Wall_time = 0.09 secs
Wed Aug 19 09:33:55 2026: Image # 30, module MaskObjects # 8: CPU_time = 0.51 secs, Wall_time = 0.51 secs
Wed Aug 19 09:33:56 2026: Image # 30, module MeasureObjectIntensity # 9: CPU_time = 5.79 secs, Wall_time = 5.79 secs
Wed Aug 19 09:34:02 2026: Image # 30, module MeasureColocalization # 10: CPU_time = 183.82 secs, Wall_time = 48.72 secs
Wed Aug 19 09:34:50 2026: Image # 30, module ExportToSpreadsheet # 11: CPU_time = 0.00 secs, Wall_time = 0.13 secs
Wed Aug 19 09:34:51 2026: Image # 31, module Images # 1: CPU_time = 0.00 secs, Wall_time = 0.00 secs
Wed Aug 19 09:34:51 2026: Image # 31, module Metadata # 2: CPU_time = 0.00 secs, Wall_time = 0.00 secs
Wed Aug 19 09:34:51 2026: Image # 31, module NamesAndTypes # 3: CPU_time = 5.64 secs, Wall_time = 5.52 secs
Wed Aug 19 09:34:56 2026: Image # 31, module Groups # 4: CPU_time = 0.00 secs, Wall_time = 0.00 secs
Wed Aug 19 09:34:56 2026: Image # 31, module MaskImage # 5: CPU_time = 0.09 secs, Wall_time = 0.09 secs
Wed Aug 19 09:34:56 2026: Image # 31, module MaskImage # 6: CPU_time = 0.08 secs, Wall_time = 0.09 secs
Wed Aug 19 09:34:56 2026: Image # 31, module MaskImage # 7: CPU_time = 0.09 secs, Wall_time = 0.09 secs
Wed Aug 19 09:34:56 2026: Image # 31, module MaskObjects # 8: CPU_time = 0.51 secs, Wall_time = 0.50 secs
Wed Aug 19 09:34:57 2026: Image # 31, module MeasureObjectIntensity # 9: CPU_time = 4.75 secs, Wall_time = 4.75 secs
Wed Aug 19 09:35:02 2026: Image # 31, module MeasureColocalization # 10: CPU_time = 143.03 secs, Wall_time = 37.92 secs
Wed Aug 19 09:35:40 2026: Image # 31, module ExportToSpreadsheet # 11: CPU_time = 0.00 secs, Wall_time = 0.00 secs
Wed Aug 19 09:35:40 2026: Image # 32, module Images # 1: CPU_time = 0.00 secs, Wall_time = 0.00 secs
Wed Aug 19 09:35:40 2026: Image # 32, module Metadata # 2: CPU_time = 0.00 secs, Wall_time = 0.00 secs
Wed Aug 19 09:35:40 2026: Image # 32, module NamesAndTypes # 3: CPU_time = 5.54 secs, Wall_time = 4.89 secs
Wed Aug 19 09:35:44 2026: Image # 32, module Groups # 4: CPU_time = 0.00 secs, Wall_time = 0.00 secs
Wed Aug 19 09:35:44 2026: Image # 32, module MaskImage # 5: CPU_time = 0.10 secs, Wall_time = 0.09 secs
Wed Aug 19 09:35:45 2026: Image # 32, module MaskImage # 6: CPU_time = 0.08 secs, Wall_time = 0.09 secs
Wed Aug 19 09:35:45 2026: Image # 32, module MaskImage # 7: CPU_time = 0.09 secs, Wall_time = 0.10 secs
Wed Aug 19 09:35:45 2026: Image # 32, module MaskObjects # 8: CPU_time = 0.51 secs, Wall_time = 0.51 secs
Wed Aug 19 09:35:45 2026: Image # 32, module MeasureObjectIntensity # 9: CPU_time = 5.04 secs, Wall_time = 5.03 secs
Wed Aug 19 09:35:50 2026: Image # 32, module MeasureColocalization # 10: CPU_time = 204.79 secs, Wall_time = 53.72 secs
Wed Aug 19 09:36:44 2026: Image # 32, module ExportToSpreadsheet # 11: CPU_time = 0.00 secs, Wall_time = 0.00 secs
Wed Aug 19 09:36:44 2026: Image # 33, module Images # 1: CPU_time = 0.00 secs, Wall_time = 0.00 secs
Wed Aug 19 09:36:44 2026: Image # 33, module Metadata # 2: CPU_time = 0.00 secs, Wall_time = 0.00 secs
Wed Aug 19 09:36:44 2026: Image # 33, module NamesAndTypes # 3: CPU_time = 5.29 secs, Wall_time = 4.27 secs
Wed Aug 19 09:36:48 2026: Image # 33, module Groups # 4: CPU_time = 0.00 secs, Wall_time = 0.00 secs
Wed Aug 19 09:36:48 2026: Image # 33, module MaskImage # 5: CPU_time = 0.07 secs, Wall_time = 0.08 secs
Wed Aug 19 09:36:48 2026: Image # 33, module MaskImage # 6: CPU_time = 0.07 secs, Wall_time = 0.08 secs
Wed Aug 19 09:36:48 2026: Image # 33, module MaskImage # 7: CPU_time = 0.08 secs, Wall_time = 0.08 secs
Wed Aug 19 09:36:49 2026: Image # 33, module MaskObjects # 8: CPU_time = 0.47 secs, Wall_time = 0.47 secs
Wed Aug 19 09:36:49 2026: Image # 33, module MeasureObjectIntensity # 9: CPU_time = 4.06 secs, Wall_time = 4.06 secs
Wed Aug 19 09:36:53 2026: Image # 33, module MeasureColocalization # 10: CPU_time = 111.33 secs, Wall_time = 29.77 secs
Wed Aug 19 09:37:23 2026: Image # 33, module ExportToSpreadsheet # 11: CPU_time = 0.00 secs, Wall_time = 0.00 secs
Wed Aug 19 09:37:23 2026: Image # 34, module Images # 1: CPU_time = 0.00 secs, Wall_time = 0.00 secs
Wed Aug 19 09:37:23 2026: Image # 34, module Metadata # 2: CPU_time = 0.00 secs, Wall_time = 0.00 secs
Wed Aug 19 09:37:23 2026: Image # 34, module NamesAndTypes # 3: CPU_time = 5.64 secs, Wall_time = 8.85 secs
Wed Aug 19 09:37:32 2026: Image # 34, module Groups # 4: CPU_time = 0.00 secs, Wall_time = 0.00 secs
Wed Aug 19 09:37:32 2026: Image # 34, module MaskImage # 5: CPU_time = 0.09 secs, Wall_time = 0.09 secs
Wed Aug 19 09:37:32 2026: Image # 34, module MaskImage # 6: CPU_time = 0.08 secs, Wall_time = 0.09 secs
Wed Aug 19 09:37:32 2026: Image # 34, module MaskImage # 7: CPU_time = 0.10 secs, Wall_time = 0.09 secs
Wed Aug 19 09:37:32 2026: Image # 34, module MaskObjects # 8: CPU_time = 0.50 secs, Wall_time = 0.51 secs
Wed Aug 19 09:37:32 2026: Image # 34, module MeasureObjectIntensity # 9: CPU_time = 4.77 secs, Wall_time = 4.77 secs
Wed Aug 19 09:37:37 2026: Image # 34, module MeasureColocalization # 10: CPU_time = 140.65 secs, Wall_time = 37.09 secs
Wed Aug 19 09:38:14 2026: Image # 34, module ExportToSpreadsheet # 11: CPU_time = 0.01 secs, Wall_time = 0.00 secs
Wed Aug 19 09:38:14 2026: Image # 35, module Images # 1: CPU_time = 0.00 secs, Wall_time = 0.00 secs
Wed Aug 19 09:38:14 2026: Image # 35, module Metadata # 2: CPU_time = 0.00 secs, Wall_time = 0.00 secs
Wed Aug 19 09:38:14 2026: Image # 35, module NamesAndTypes # 3: CPU_time = 5.38 secs, Wall_time = 4.39 secs
Wed Aug 19 09:38:19 2026: Image # 35, module Groups # 4: CPU_time = 0.00 secs, Wall_time = 0.00 secs
Wed Aug 19 09:38:19 2026: Image # 35, module MaskImage # 5: CPU_time = 0.09 secs, Wall_time = 0.09 secs
Wed Aug 19 09:38:19 2026: Image # 35, module MaskImage # 6: CPU_time = 0.09 secs, Wall_time = 0.09 secs
Wed Aug 19 09:38:19 2026: Image # 35, module MaskImage # 7: CPU_time = 0.08 secs, Wall_time = 0.09 secs
Wed Aug 19 09:38:19 2026: Image # 35, module MaskObjects # 8: CPU_time = 0.56 secs, Wall_time = 0.56 secs
Wed Aug 19 09:38:20 2026: Image # 35, module MeasureObjectIntensity # 9: CPU_time = 8.73 secs, Wall_time = 8.71 secs
Wed Aug 19 09:38:28 2026: Image # 35, module MeasureColocalization # 10: CPU_time = 32.76 secs, Wall_time = 13.29 secs
Wed Aug 19 09:38:42 2026: Image # 35, module ExportToSpreadsheet # 11: CPU_time = 0.00 secs, Wall_time = 0.00 secs
Wed Aug 19 09:38:42 2026: Image # 36, module Images # 1: CPU_time = 0.00 secs, Wall_time = 0.00 secs
Wed Aug 19 09:38:42 2026: Image # 36, module Metadata # 2: CPU_time = 0.00 secs, Wall_time = 0.00 secs
Wed Aug 19 09:38:42 2026: Image # 36, module NamesAndTypes # 3: CPU_time = 5.50 secs, Wall_time = 4.62 secs
Wed Aug 19 09:38:46 2026: Image # 36, module Groups # 4: CPU_time = 0.00 secs, Wall_time = 0.00 secs
Wed Aug 19 09:38:46 2026: Image # 36, module MaskImage # 5: CPU_time = 0.09 secs, Wall_time = 0.10 secs
Wed Aug 19 09:38:46 2026: Image # 36, module MaskImage # 6: CPU_time = 0.07 secs, Wall_time = 0.07 secs
Wed Aug 19 09:38:46 2026: Image # 36, module MaskImage # 7: CPU_time = 0.08 secs, Wall_time = 0.09 secs
Wed Aug 19 09:38:47 2026: Image # 36, module MaskObjects # 8: CPU_time = 0.44 secs, Wall_time = 0.44 secs
Wed Aug 19 09:38:47 2026: Image # 36, module MeasureObjectIntensity # 9: CPU_time = 5.96 secs, Wall_time = 5.95 secs
Wed Aug 19 09:38:53 2026: Image # 36, module MeasureColocalization # 10: CPU_time = 19.42 secs, Wall_time = 7.13 secs
Wed Aug 19 09:39:00 2026: Image # 36, module ExportToSpreadsheet # 11: CPU_time = 0.00 secs, Wall_time = 0.00 secs
Wed Aug 19 09:39:00 2026: Image # 37, module Images # 1: CPU_time = 0.00 secs, Wall_time = 0.00 secs
Wed Aug 19 09:39:00 2026: Image # 37, module Metadata # 2: CPU_time = 0.00 secs, Wall_time = 0.00 secs
Wed Aug 19 09:39:00 2026: Image # 37, module NamesAndTypes # 3: CPU_time = 5.50 secs, Wall_time = 5.70 secs
Wed Aug 19 09:39:06 2026: Image # 37, module Groups # 4: CPU_time = 0.00 secs, Wall_time = 0.00 secs
Wed Aug 19 09:39:06 2026: Image # 37, module MaskImage # 5: CPU_time = 0.10 secs, Wall_time = 0.11 secs
Wed Aug 19 09:39:06 2026: Image # 37, module MaskImage # 6: CPU_time = 0.09 secs, Wall_time = 0.09 secs
Wed Aug 19 09:39:06 2026: Image # 37, module MaskImage # 7: CPU_time = 0.09 secs, Wall_time = 0.09 secs
Wed Aug 19 09:39:06 2026: Image # 37, module MaskObjects # 8: CPU_time = 0.57 secs, Wall_time = 0.57 secs
Wed Aug 19 09:39:07 2026: Image # 37, module MeasureObjectIntensity # 9: CPU_time = 10.39 secs, Wall_time = 10.38 secs
Wed Aug 19 09:39:17 2026: Image # 37, module MeasureColocalization # 10: CPU_time = 30.77 secs, Wall_time = 13.76 secs
Wed Aug 19 09:39:31 2026: Image # 37, module ExportToSpreadsheet # 11: CPU_time = 0.00 secs, Wall_time = 0.16 secs
Wed Aug 19 09:39:31 2026: Image # 38, module Images # 1: CPU_time = 0.00 secs, Wall_time = 0.00 secs
Wed Aug 19 09:39:31 2026: Image # 38, module Metadata # 2: CPU_time = 0.00 secs, Wall_time = 0.00 secs
Wed Aug 19 09:39:31 2026: Image # 38, module NamesAndTypes # 3: CPU_time = 5.57 secs, Wall_time = 5.53 secs
Wed Aug 19 09:39:36 2026: Image # 38, module Groups # 4: CPU_time = 0.00 secs, Wall_time = 0.00 secs
Wed Aug 19 09:39:36 2026: Image # 38, module MaskImage # 5: CPU_time = 0.08 secs, Wall_time = 0.08 secs
Wed Aug 19 09:39:37 2026: Image # 38, module MaskImage # 6: CPU_time = 0.09 secs, Wall_time = 0.09 secs
Wed Aug 19 09:39:37 2026: Image # 38, module MaskImage # 7: CPU_time = 0.08 secs, Wall_time = 0.09 secs
Wed Aug 19 09:39:37 2026: Image # 38, module MaskObjects # 8: CPU_time = 0.51 secs, Wall_time = 0.51 secs
Wed Aug 19 09:39:37 2026: Image # 38, module MeasureObjectIntensity # 9: CPU_time = 6.00 secs, Wall_time = 5.99 secs
Wed Aug 19 09:39:43 2026: Image # 38, module MeasureColocalization # 10: CPU_time = 26.38 secs, Wall_time = 9.01 secs
Wed Aug 19 09:39:52 2026: Image # 38, module ExportToSpreadsheet # 11: CPU_time = 0.00 secs, Wall_time = 0.00 secs
Wed Aug 19 09:39:52 2026: Image # 39, module Images # 1: CPU_time = 0.00 secs, Wall_time = 0.00 secs
Wed Aug 19 09:39:52 2026: Image # 39, module Metadata # 2: CPU_time = 0.00 secs, Wall_time = 0.00 secs
Wed Aug 19 09:39:52 2026: Image # 39, module NamesAndTypes # 3: CPU_time = 5.28 secs, Wall_time = 4.58 secs
Wed Aug 19 09:39:57 2026: Image # 39, module Groups # 4: CPU_time = 0.00 secs, Wall_time = 0.00 secs
Wed Aug 19 09:39:57 2026: Image # 39, module MaskImage # 5: CPU_time = 0.11 secs, Wall_time = 0.10 secs
Wed Aug 19 09:39:57 2026: Image # 39, module MaskImage # 6: CPU_time = 0.08 secs, Wall_time = 0.08 secs
Wed Aug 19 09:39:57 2026: Image # 39, module MaskImage # 7: CPU_time = 0.09 secs, Wall_time = 0.09 secs
Wed Aug 19 09:39:57 2026: Image # 39, module MaskObjects # 8: CPU_time = 0.55 secs, Wall_time = 0.55 secs
Wed Aug 19 09:39:58 2026: Image # 39, module MeasureObjectIntensity # 9: CPU_time = 7.77 secs, Wall_time = 7.77 secs
Wed Aug 19 09:40:05 2026: Image # 39, module MeasureColocalization # 10: CPU_time = 34.32 secs, Wall_time = 12.16 secs
Wed Aug 19 09:40:18 2026: Image # 39, module ExportToSpreadsheet # 11: CPU_time = 0.00 secs, Wall_time = 0.00 secs
Wed Aug 19 09:40:18 2026: Image # 40, module Images # 1: CPU_time = 0.00 secs, Wall_time = 0.00 secs
Wed Aug 19 09:40:18 2026: Image # 40, module Metadata # 2: CPU_time = 0.00 secs, Wall_time = 0.00 secs
Wed Aug 19 09:40:18 2026: Image # 40, module NamesAndTypes # 3: CPU_time = 5.41 secs, Wall_time = 5.58 secs
Wed Aug 19 09:40:23 2026: Image # 40, module Groups # 4: CPU_time = 0.00 secs, Wall_time = 0.00 secs
Wed Aug 19 09:40:23 2026: Image # 40, module MaskImage # 5: CPU_time = 0.09 secs, Wall_time = 0.08 secs
Wed Aug 19 09:40:23 2026: Image # 40, module MaskImage # 6: CPU_time = 0.09 secs, Wall_time = 0.09 secs
Wed Aug 19 09:40:23 2026: Image # 40, module MaskImage # 7: CPU_time = 0.09 secs, Wall_time = 0.09 secs
Wed Aug 19 09:40:24 2026: Image # 40, module MaskObjects # 8: CPU_time = 0.57 secs, Wall_time = 0.56 secs
Wed Aug 19 09:40:24 2026: Image # 40, module MeasureObjectIntensity # 9: CPU_time = 8.51 secs, Wall_time = 8.50 secs
Wed Aug 19 09:40:33 2026: Image # 40, module MeasureColocalization # 10: CPU_time = 31.33 secs, Wall_time = 12.18 secs
Wed Aug 19 09:40:45 2026: Image # 40, module ExportToSpreadsheet # 11: CPU_time = 0.00 secs, Wall_time = 0.00 secs
Wed Aug 19 09:40:45 2026: Image # 41, module Images # 1: CPU_time = 0.00 secs, Wall_time = 0.00 secs
Wed Aug 19 09:40:45 2026: Image # 41, module Metadata # 2: CPU_time = 0.00 secs, Wall_time = 0.00 secs
Wed Aug 19 09:40:45 2026: Image # 41, module NamesAndTypes # 3: CPU_time = 5.36 secs, Wall_time = 4.11 secs
Wed Aug 19 09:40:49 2026: Image # 41, module Groups # 4: CPU_time = 0.00 secs, Wall_time = 0.00 secs
Wed Aug 19 09:40:49 2026: Image # 41, module MaskImage # 5: CPU_time = 0.09 secs, Wall_time = 0.09 secs
Wed Aug 19 09:40:49 2026: Image # 41, module MaskImage # 6: CPU_time = 0.09 secs, Wall_time = 0.08 secs
Wed Aug 19 09:40:49 2026: Image # 41, module MaskImage # 7: CPU_time = 0.08 secs, Wall_time = 0.09 secs
Wed Aug 19 09:40:49 2026: Image # 41, module MaskObjects # 8: CPU_time = 0.60 secs, Wall_time = 0.60 secs
Wed Aug 19 09:40:50 2026: Image # 41, module MeasureObjectIntensity # 9: CPU_time = 9.56 secs, Wall_time = 9.56 secs
Wed Aug 19 09:40:59 2026: Image # 41, module MeasureColocalization # 10: CPU_time = 25.86 secs, Wall_time = 11.69 secs
Wed Aug 19 09:41:11 2026: Image # 41, module ExportToSpreadsheet # 11: CPU_time = 0.00 secs, Wall_time = 0.00 secs
Wed Aug 19 09:41:11 2026: Image # 42, module Images # 1: CPU_time = 0.00 secs, Wall_time = 0.00 secs
Wed Aug 19 09:41:11 2026: Image # 42, module Metadata # 2: CPU_time = 0.00 secs, Wall_time = 0.00 secs
Wed Aug 19 09:41:11 2026: Image # 42, module NamesAndTypes # 3: CPU_time = 5.34 secs, Wall_time = 4.25 secs
Wed Aug 19 09:41:15 2026: Image # 42, module Groups # 4: CPU_time = 0.00 secs, Wall_time = 0.00 secs
Wed Aug 19 09:41:15 2026: Image # 42, module MaskImage # 5: CPU_time = 0.10 secs, Wall_time = 0.10 secs
Wed Aug 19 09:41:15 2026: Image # 42, module MaskImage # 6: CPU_time = 0.08 secs, Wall_time = 0.08 secs
Wed Aug 19 09:41:15 2026: Image # 42, module MaskImage # 7: CPU_time = 0.09 secs, Wall_time = 0.09 secs
Wed Aug 19 09:41:16 2026: Image # 42, module MaskObjects # 8: CPU_time = 0.57 secs, Wall_time = 0.56 secs
Wed Aug 19 09:41:16 2026: Image # 42, module MeasureObjectIntensity # 9: CPU_time = 9.90 secs, Wall_time = 9.90 secs
Wed Aug 19 09:41:26 2026: Image # 42, module MeasureColocalization # 10: CPU_time = 24.71 secs, Wall_time = 11.43 secs
Wed Aug 19 09:41:37 2026: Image # 42, module ExportToSpreadsheet # 11: CPU_time = 0.00 secs, Wall_time = 0.00 secs
Wed Aug 19 09:41:37 2026: Image # 43, module Images # 1: CPU_time = 0.00 secs, Wall_time = 0.00 secs
Wed Aug 19 09:41:37 2026: Image # 43, module Metadata # 2: CPU_time = 0.00 secs, Wall_time = 0.00 secs
Wed Aug 19 09:41:37 2026: Image # 43, module NamesAndTypes # 3: CPU_time = 5.68 secs, Wall_time = 4.30 secs
Wed Aug 19 09:41:42 2026: Image # 43, module Groups # 4: CPU_time = 0.00 secs, Wall_time = 0.00 secs
Wed Aug 19 09:41:42 2026: Image # 43, module MaskImage # 5: CPU_time = 0.09 secs, Wall_time = 0.08 secs
Wed Aug 19 09:41:42 2026: Image # 43, module MaskImage # 6: CPU_time = 0.09 secs, Wall_time = 0.09 secs
Wed Aug 19 09:41:42 2026: Image # 43, module MaskImage # 7: CPU_time = 0.08 secs, Wall_time = 0.08 secs
Wed Aug 19 09:41:42 2026: Image # 43, module MaskObjects # 8: CPU_time = 0.46 secs, Wall_time = 0.47 secs
Wed Aug 19 09:41:43 2026: Image # 43, module MeasureObjectIntensity # 9: CPU_time = 5.57 secs, Wall_time = 5.56 secs
Wed Aug 19 09:41:48 2026: Image # 43, module MeasureColocalization # 10: CPU_time = 18.22 secs, Wall_time = 6.88 secs
Wed Aug 19 09:41:55 2026: Image # 43, module ExportToSpreadsheet # 11: CPU_time = 0.00 secs, Wall_time = 0.00 secs
Wed Aug 19 09:41:55 2026: Image # 44, module Images # 1: CPU_time = 0.00 secs, Wall_time = 0.00 secs
Wed Aug 19 09:41:55 2026: Image # 44, module Metadata # 2: CPU_time = 0.00 secs, Wall_time = 0.00 secs
Wed Aug 19 09:41:55 2026: Image # 44, module NamesAndTypes # 3: CPU_time = 5.36 secs, Wall_time = 5.16 secs
Wed Aug 19 09:42:00 2026: Image # 44, module Groups # 4: CPU_time = 0.00 secs, Wall_time = 0.00 secs
Wed Aug 19 09:42:00 2026: Image # 44, module MaskImage # 5: CPU_time = 0.10 secs, Wall_time = 0.10 secs
Wed Aug 19 09:42:00 2026: Image # 44, module MaskImage # 6: CPU_time = 0.10 secs, Wall_time = 0.09 secs
Wed Aug 19 09:42:00 2026: Image # 44, module MaskImage # 7: CPU_time = 0.09 secs, Wall_time = 0.09 secs
Wed Aug 19 09:42:00 2026: Image # 44, module MaskObjects # 8: CPU_time = 0.55 secs, Wall_time = 0.55 secs
Wed Aug 19 09:42:01 2026: Image # 44, module MeasureObjectIntensity # 9: CPU_time = 7.00 secs, Wall_time = 6.99 secs
Wed Aug 19 09:42:08 2026: Image # 44, module MeasureColocalization # 10: CPU_time = 35.77 secs, Wall_time = 12.42 secs
Wed Aug 19 09:42:20 2026: Image # 44, module ExportToSpreadsheet # 11: CPU_time = 0.00 secs, Wall_time = 0.00 secs
Wed Aug 19 09:42:20 2026: Image # 45, module Images # 1: CPU_time = 0.00 secs, Wall_time = 0.00 secs
Wed Aug 19 09:42:20 2026: Image # 45, module Metadata # 2: CPU_time = 0.00 secs, Wall_time = 0.00 secs
Wed Aug 19 09:42:20 2026: Image # 45, module NamesAndTypes # 3: CPU_time = 5.57 secs, Wall_time = 5.15 secs
Wed Aug 19 09:42:26 2026: Image # 45, module Groups # 4: CPU_time = 0.00 secs, Wall_time = 0.00 secs
Wed Aug 19 09:42:26 2026: Image # 45, module MaskImage # 5: CPU_time = 0.10 secs, Wall_time = 0.10 secs
Wed Aug 19 09:42:26 2026: Image # 45, module MaskImage # 6: CPU_time = 0.08 secs, Wall_time = 0.08 secs
Wed Aug 19 09:42:26 2026: Image # 45, module MaskImage # 7: CPU_time = 0.08 secs, Wall_time = 0.09 secs
Wed Aug 19 09:42:26 2026: Image # 45, module MaskObjects # 8: CPU_time = 0.53 secs, Wall_time = 0.53 secs
Wed Aug 19 09:42:26 2026: Image # 45, module MeasureObjectIntensity # 9: CPU_time = 5.01 secs, Wall_time = 5.00 secs
Wed Aug 19 09:42:31 2026: Image # 45, module MeasureColocalization # 10: CPU_time = 13.24 secs, Wall_time = 4.90 secs
Wed Aug 19 09:42:36 2026: Image # 45, module ExportToSpreadsheet # 11: CPU_time = 0.00 secs, Wall_time = 0.00 secs
Wed Aug 19 09:42:36 2026: Image # 46, module Images # 1: CPU_time = 0.00 secs, Wall_time = 0.00 secs
Wed Aug 19 09:42:36 2026: Image # 46, module Metadata # 2: CPU_time = 0.00 secs, Wall_time = 0.00 secs
Wed Aug 19 09:42:36 2026: Image # 46, module NamesAndTypes # 3: CPU_time = 5.45 secs, Wall_time = 5.43 secs
Wed Aug 19 09:42:42 2026: Image # 46, module Groups # 4: CPU_time = 0.00 secs, Wall_time = 0.00 secs
Wed Aug 19 09:42:42 2026: Image # 46, module MaskImage # 5: CPU_time = 0.08 secs, Wall_time = 0.09 secs
Wed Aug 19 09:42:42 2026: Image # 46, module MaskImage # 6: CPU_time = 0.09 secs, Wall_time = 0.08 secs
Wed Aug 19 09:42:42 2026: Image # 46, module MaskImage # 7: CPU_time = 0.09 secs, Wall_time = 0.08 secs
Wed Aug 19 09:42:42 2026: Image # 46, module MaskObjects # 8: CPU_time = 0.53 secs, Wall_time = 0.53 secs
Wed Aug 19 09:42:43 2026: Image # 46, module MeasureObjectIntensity # 9: CPU_time = 4.56 secs, Wall_time = 4.55 secs
Wed Aug 19 09:42:47 2026: Image # 46, module MeasureColocalization # 10: CPU_time = 12.25 secs, Wall_time = 4.62 secs
Wed Aug 19 09:42:52 2026: Image # 46, module ExportToSpreadsheet # 11: CPU_time = 0.00 secs, Wall_time = 0.00 secs
Wed Aug 19 09:42:52 2026: Image # 47, module Images # 1: CPU_time = 0.00 secs, Wall_time = 0.00 secs
Wed Aug 19 09:42:52 2026: Image # 47, module Metadata # 2: CPU_time = 0.00 secs, Wall_time = 0.00 secs
Wed Aug 19 09:42:52 2026: Image # 47, module NamesAndTypes # 3: CPU_time = 5.29 secs, Wall_time = 5.57 secs
Wed Aug 19 09:42:57 2026: Image # 47, module Groups # 4: CPU_time = 0.00 secs, Wall_time = 0.00 secs
Wed Aug 19 09:42:57 2026: Image # 47, module MaskImage # 5: CPU_time = 0.10 secs, Wall_time = 0.10 secs
Wed Aug 19 09:42:57 2026: Image # 47, module MaskImage # 6: CPU_time = 0.10 secs, Wall_time = 0.09 secs
Wed Aug 19 09:42:58 2026: Image # 47, module MaskImage # 7: CPU_time = 0.08 secs, Wall_time = 0.09 secs
Wed Aug 19 09:42:58 2026: Image # 47, module MaskObjects # 8: CPU_time = 0.54 secs, Wall_time = 0.53 secs
Wed Aug 19 09:42:58 2026: Image # 47, module MeasureObjectIntensity # 9: CPU_time = 4.47 secs, Wall_time = 4.46 secs
Wed Aug 19 09:43:03 2026: Image # 47, module MeasureColocalization # 10: CPU_time = 20.65 secs, Wall_time = 6.59 secs
Wed Aug 19 09:43:09 2026: Image # 47, module ExportToSpreadsheet # 11: CPU_time = 0.00 secs, Wall_time = 0.03 secs
Wed Aug 19 09:43:09 2026: Image # 48, module Images # 1: CPU_time = 0.00 secs, Wall_time = 0.00 secs
Wed Aug 19 09:43:09 2026: Image # 48, module Metadata # 2: CPU_time = 0.00 secs, Wall_time = 0.00 secs
Wed Aug 19 09:43:09 2026: Image # 48, module NamesAndTypes # 3: CPU_time = 5.74 secs, Wall_time = 4.95 secs
Wed Aug 19 09:43:14 2026: Image # 48, module Groups # 4: CPU_time = 0.00 secs, Wall_time = 0.00 secs
Wed Aug 19 09:43:14 2026: Image # 48, module MaskImage # 5: CPU_time = 0.09 secs, Wall_time = 0.08 secs
Wed Aug 19 09:43:14 2026: Image # 48, module MaskImage # 6: CPU_time = 0.08 secs, Wall_time = 0.08 secs
Wed Aug 19 09:43:14 2026: Image # 48, module MaskImage # 7: CPU_time = 0.10 secs, Wall_time = 0.09 secs
Wed Aug 19 09:43:14 2026: Image # 48, module MaskObjects # 8: CPU_time = 0.58 secs, Wall_time = 0.57 secs
Wed Aug 19 09:43:15 2026: Image # 48, module MeasureObjectIntensity # 9: CPU_time = 5.79 secs, Wall_time = 5.78 secs
Wed Aug 19 09:43:21 2026: Image # 48, module MeasureColocalization # 10: CPU_time = 69.47 secs, Wall_time = 19.69 secs
Wed Aug 19 09:43:41 2026: Image # 48, module ExportToSpreadsheet # 11: CPU_time = 0.00 secs, Wall_time = 0.00 secs
Wed Aug 19 09:43:41 2026: Image # 49, module Images # 1: CPU_time = 0.00 secs, Wall_time = 0.00 secs
Wed Aug 19 09:43:41 2026: Image # 49, module Metadata # 2: CPU_time = 0.00 secs, Wall_time = 0.00 secs
Wed Aug 19 09:43:41 2026: Image # 49, module NamesAndTypes # 3: CPU_time = 5.23 secs, Wall_time = 5.25 secs
Wed Aug 19 09:43:46 2026: Image # 49, module Groups # 4: CPU_time = 0.00 secs, Wall_time = 0.00 secs
Wed Aug 19 09:43:46 2026: Image # 49, module MaskImage # 5: CPU_time = 0.07 secs, Wall_time = 0.08 secs
Wed Aug 19 09:43:46 2026: Image # 49, module MaskImage # 6: CPU_time = 0.07 secs, Wall_time = 0.08 secs
Wed Aug 19 09:43:46 2026: Image # 49, module MaskImage # 7: CPU_time = 0.08 secs, Wall_time = 0.08 secs
Wed Aug 19 09:43:46 2026: Image # 49, module MaskObjects # 8: CPU_time = 0.52 secs, Wall_time = 0.52 secs
Wed Aug 19 09:43:47 2026: Image # 49, module MeasureObjectIntensity # 9: CPU_time = 5.95 secs, Wall_time = 5.95 secs
Wed Aug 19 09:43:53 2026: Image # 49, module MeasureColocalization # 10: CPU_time = 52.34 secs, Wall_time = 16.02 secs
Wed Aug 19 09:44:09 2026: Image # 49, module ExportToSpreadsheet # 11: CPU_time = 0.00 secs, Wall_time = 0.00 secs
Wed Aug 19 09:44:09 2026: Image # 50, module Images # 1: CPU_time = 0.00 secs, Wall_time = 0.00 secs
Wed Aug 19 09:44:09 2026: Image # 50, module Metadata # 2: CPU_time = 0.00 secs, Wall_time = 0.00 secs
Wed Aug 19 09:44:09 2026: Image # 50, module NamesAndTypes # 3: CPU_time = 5.79 secs, Wall_time = 5.77 secs
Wed Aug 19 09:44:14 2026: Image # 50, module Groups # 4: CPU_time = 0.00 secs, Wall_time = 0.00 secs
Wed Aug 19 09:44:14 2026: Image # 50, module MaskImage # 5: CPU_time = 0.08 secs, Wall_time = 0.08 secs
Wed Aug 19 09:44:14 2026: Image # 50, module MaskImage # 6: CPU_time = 0.09 secs, Wall_time = 0.09 secs
Wed Aug 19 09:44:15 2026: Image # 50, module MaskImage # 7: CPU_time = 0.09 secs, Wall_time = 0.09 secs
Wed Aug 19 09:44:15 2026: Image # 50, module MaskObjects # 8: CPU_time = 0.55 secs, Wall_time = 0.54 secs
Wed Aug 19 09:44:15 2026: Image # 50, module MeasureObjectIntensity # 9: CPU_time = 6.62 secs, Wall_time = 6.61 secs
Wed Aug 19 09:44:22 2026: Image # 50, module MeasureColocalization # 10: CPU_time = 45.12 secs, Wall_time = 14.02 secs
Wed Aug 19 09:44:36 2026: Image # 50, module ExportToSpreadsheet # 11: CPU_time = 0.00 secs, Wall_time = 0.04 secs
