Error for image set, channel=051, metadata=DNA: Image missing from channel
Error for image set, channel=052, metadata=DNA: Image missing from channel
Error for image set, channel=053, metadata=DNA: Image missing from channel
Error for image set, channel=054, metadata=DNA: Image missing from channel
Error for image set, channel=055, metadata=DNA: Image missing from channel
Error for image set, channel=056, metadata=DNA: Image missing from channel
Error for image set, channel=057, metadata=DNA: Image missing from channel
Error for image set, channel=058, metadata=DNA: Image missing from channel
Error for image set, channel=059, metadata=DNA: Image missing from channel
Error for image set, channel=060, metadata=DNA: Image missing from channel
Error for image set, channel=061, metadata=DNA: Image missing from channel
Error for image set, channel=062, metadata=DNA: Image missing from channel
Error for image set, channel=063, metadata=DNA: Image missing from channel
Error for image set, channel=064, metadata=DNA: Image missing from channel
Error for image set, channel=065, metadata=DNA: Image missing from channel
Error for image set, channel=066, metadata=DNA: Image missing from channel
Error for image set, channel=067, metadata=DNA: Image missing from channel
Error for image set, channel=068, metadata=DNA: Image missing from channel
Error for image set, channel=069, metadata=DNA: Image missing from channel
Error for image set, channel=070, metadata=DNA: Image missing from channel
Error for image set, channel=071, metadata=DNA: Image missing from channel
Error for image set, channel=072, metadata=DNA: Image missing from channel
Error for image set, channel=073, metadata=DNA: Image missing from channel
Error for image set, channel=074, metadata=DNA: Image missing from channel
Error for image set, channel=075, metadata=DNA: Image missing from channel
Error for image set, channel=076, metadata=DNA: Image missing from channel
Error for image set, channel=077, metadata=DNA: Image missing from channel
Error for image set, channel=078, metadata=DNA: Image missing from channel
Error for image set, channel=079, metadata=DNA: Image missing from channel
Error for image set, channel=080, metadata=DNA: Image missing from channel
Error for image set, channel=081, metadata=DNA: Image missing from channel
Error for image set, channel=082, metadata=DNA: Image missing from channel
Error for image set, channel=083, metadata=DNA: Image missing from channel
Error for image set, channel=084, metadata=DNA: Image missing from channel
Error for image set, channel=085, metadata=DNA: Image missing from channel
Error for image set, channel=086, metadata=DNA: Image missing from channel
Error for image set, channel=087, metadata=DNA: Image missing from channel
Error for image set, channel=088, metadata=DNA: Image missing from channel
Error for image set, channel=089, metadata=DNA: Image missing from channel
Error for image set, channel=090, metadata=DNA: Image missing from channel
Error for image set, channel=091, metadata=DNA: Image missing from channel
Error for image set, channel=092, metadata=DNA: Image missing from channel
Error for image set, channel=093, metadata=DNA: Image missing from channel
Error for image set, channel=094, metadata=DNA: Image missing from channel
Error for image set, channel=095, metadata=DNA: Image missing from channel
Error for image set, channel=096, metadata=DNA: Image missing from channel
Error for image set, channel=097, metadata=DNA: Image missing from channel
Error for image set, channel=098, metadata=DNA: Image missing from channel
Error for image set, channel=099, metadata=DNA: Image missing from channel
Error for image set, channel=100, metadata=DNA: Image missing from channel
Error for image set, channel=101, metadata=DNA: Image missing from channel
Error for image set, channel=102, metadata=DNA: Image missing from channel
Error for image set, channel=103, metadata=DNA: Image missing from channel
Error for image set, channel=104, metadata=DNA: Image missing from channel
Error for image set, channel=105, metadata=DNA: Image missing from channel
Error for image set, channel=106, metadata=DNA: Image missing from channel
Error for image set, channel=107, metadata=DNA: Image missing from channel
Error for image set, channel=108, metadata=DNA: Image missing from channel
Error for image set, channel=109, metadata=DNA: Image missing from channel
Error for image set, channel=110, metadata=DNA: Image missing from channel
Error for image set, channel=111, metadata=DNA: Image missing from channel
Error for image set, channel=112, metadata=DNA: Image missing from channel
Error for image set, channel=113, metadata=DNA: Image missing from channel
Error for image set, channel=114, metadata=DNA: Image missing from channel
Error for image set, channel=115, metadata=DNA: Image missing from channel
Error for image set, channel=116, metadata=DNA: Image missing from channel
Error for image set, channel=117, metadata=DNA: Image missing from channel
Error for image set, channel=118, metadata=DNA: Image missing from channel
Error for image set, channel=119, metadata=DNA: Image missing from channel
Error for image set, channel=120, metadata=DNA: Image missing from channel
Error for image set, channel=121, metadata=DNA: Image missing from channel
Error for image set, channel=122, metadata=DNA: Image missing from channel
Error for image set, channel=123, metadata=DNA: Image missing from channel
Error for image set, channel=124, metadata=DNA: Image missing from channel
Error for image set, channel=125, metadata=DNA: Image missing from channel
Error for image set, channel=126, metadata=DNA: Image missing from channel
Error for image set, channel=127, metadata=DNA: Image missing from channel
Error for image set, channel=128, metadata=DNA: Image missing from channel
Error for image set, channel=129, metadata=DNA: Image missing from channel
Error for image set, channel=130, metadata=DNA: Image missing from channel
Error for image set, channel=131, metadata=DNA: Image missing from channel
Error for image set, channel=132, metadata=DNA: Image missing from channel
Error for image set, channel=133, metadata=DNA: Image missing from channel
Error for image set, channel=134, metadata=DNA: Image missing from channel
Error for image set, channel=135, metadata=DNA: Image missing from channel
Error for image set, channel=136, metadata=DNA: Image missing from channel
Error for image set, channel=137, metadata=DNA: Image missing from channel
Error for image set, channel=138, metadata=DNA: Image missing from channel
Error for image set, channel=139, metadata=DNA: Image missing from channel
Error for image set, channel=140, metadata=DNA: Image missing from channel
Error for image set, channel=141, metadata=DNA: Image missing from channel
Error for image set, channel=142, metadata=DNA: Image missing from channel
Error for image set, channel=143, metadata=DNA: Image missing from channel
Error for image set, channel=144, metadata=DNA: Image missing from channel
Error for image set, channel=145, metadata=DNA: Image missing from channel
Error for image set, channel=146, metadata=DNA: Image missing from channel
Error for image set, channel=147, metadata=DNA: Image missing from channel
Error for image set, channel=148, metadata=DNA: Image missing from channel
Error for image set, channel=149, metadata=DNA: Image missing from channel
Error for image set, channel=150, metadata=DNA: Image missing from channel
Times reported are CPU and Wall-clock times for each module
Tue Aug 18 16:29:19 2026: Image # 1, module Images # 1: CPU_time = 0.00 secs, Wall_time = 0.00 secs
Tue Aug 18 16:29:20 2026: Image # 1, module Metadata # 2: CPU_time = 0.00 secs, Wall_time = 0.00 secs
Tue Aug 18 16:29:20 2026: Image # 1, module NamesAndTypes # 3: CPU_time = 6.25 secs, Wall_time = 5.18 secs
Tue Aug 18 16:29:25 2026: Image # 1, module Groups # 4: CPU_time = 0.00 secs, Wall_time = 0.00 secs
Tue Aug 18 16:29:25 2026: Image # 1, module MaskImage # 5: CPU_time = 0.08 secs, Wall_time = 0.08 secs
Tue Aug 18 16:29:25 2026: Image # 1, module MaskImage # 6: CPU_time = 0.09 secs, Wall_time = 0.08 secs
Tue Aug 18 16:29:25 2026: Image # 1, module MaskImage # 7: CPU_time = 0.10 secs, Wall_time = 0.10 secs
Tue Aug 18 16:29:25 2026: Image # 1, module MaskObjects # 8: CPU_time = 0.53 secs, Wall_time = 0.53 secs
Tue Aug 18 16:29:25 2026: Image # 1, module MeasureObjectIntensity # 9: CPU_time = 5.12 secs, Wall_time = 5.12 secs
Tue Aug 18 16:29:31 2026: Image # 1, module MeasureColocalization # 10: CPU_time = 126.49 secs, Wall_time = 33.65 secs
Tue Aug 18 16:30:04 2026: Image # 1, module ExportToSpreadsheet # 11: CPU_time = 0.01 secs, Wall_time = 0.00 secs
Tue Aug 18 16:30:04 2026: Image # 2, module Images # 1: CPU_time = 0.00 secs, Wall_time = 0.00 secs
Tue Aug 18 16:30:04 2026: Image # 2, module Metadata # 2: CPU_time = 0.00 secs, Wall_time = 0.00 secs
Tue Aug 18 16:30:04 2026: Image # 2, module NamesAndTypes # 3: CPU_time = 5.18 secs, Wall_time = 4.47 secs
Tue Aug 18 16:30:09 2026: Image # 2, module Groups # 4: CPU_time = 0.00 secs, Wall_time = 0.00 secs
Tue Aug 18 16:30:09 2026: Image # 2, module MaskImage # 5: CPU_time = 0.08 secs, Wall_time = 0.09 secs
Tue Aug 18 16:30:09 2026: Image # 2, module MaskImage # 6: CPU_time = 0.08 secs, Wall_time = 0.08 secs
Tue Aug 18 16:30:09 2026: Image # 2, module MaskImage # 7: CPU_time = 0.08 secs, Wall_time = 0.09 secs
Tue Aug 18 16:30:09 2026: Image # 2, module MaskObjects # 8: CPU_time = 0.47 secs, Wall_time = 0.46 secs
Tue Aug 18 16:30:09 2026: Image # 2, module MeasureObjectIntensity # 9: CPU_time = 4.38 secs, Wall_time = 4.37 secs
Tue Aug 18 16:30:14 2026: Image # 2, module MeasureColocalization # 10: CPU_time = 31.20 secs, Wall_time = 9.48 secs
Tue Aug 18 16:30:23 2026: Image # 2, module ExportToSpreadsheet # 11: CPU_time = 0.00 secs, Wall_time = 0.00 secs
Tue Aug 18 16:30:23 2026: Image # 3, module Images # 1: CPU_time = 0.00 secs, Wall_time = 0.00 secs
Tue Aug 18 16:30:23 2026: Image # 3, module Metadata # 2: CPU_time = 0.00 secs, Wall_time = 0.00 secs
Tue Aug 18 16:30:23 2026: Image # 3, module NamesAndTypes # 3: CPU_time = 5.70 secs, Wall_time = 4.18 secs
Tue Aug 18 16:30:28 2026: Image # 3, module Groups # 4: CPU_time = 0.00 secs, Wall_time = 0.00 secs
Tue Aug 18 16:30:28 2026: Image # 3, module MaskImage # 5: CPU_time = 0.07 secs, Wall_time = 0.07 secs
Tue Aug 18 16:30:28 2026: Image # 3, module MaskImage # 6: CPU_time = 0.08 secs, Wall_time = 0.07 secs
Tue Aug 18 16:30:28 2026: Image # 3, module MaskImage # 7: CPU_time = 0.07 secs, Wall_time = 0.08 secs
Tue Aug 18 16:30:28 2026: Image # 3, module MaskObjects # 8: CPU_time = 0.48 secs, Wall_time = 0.49 secs
Tue Aug 18 16:30:28 2026: Image # 3, module MeasureObjectIntensity # 9: CPU_time = 5.07 secs, Wall_time = 5.06 secs
Tue Aug 18 16:30:33 2026: Image # 3, module MeasureColocalization # 10: CPU_time = 3.50 secs, Wall_time = 2.53 secs
Tue Aug 18 16:30:36 2026: Image # 3, module ExportToSpreadsheet # 11: CPU_time = 0.01 secs, Wall_time = 0.00 secs
Tue Aug 18 16:30:36 2026: Image # 4, module Images # 1: CPU_time = 0.00 secs, Wall_time = 0.00 secs
Tue Aug 18 16:30:36 2026: Image # 4, module Metadata # 2: CPU_time = 0.00 secs, Wall_time = 0.00 secs
Tue Aug 18 16:30:36 2026: Image # 4, module NamesAndTypes # 3: CPU_time = 5.86 secs, Wall_time = 6.08 secs
Tue Aug 18 16:30:42 2026: Image # 4, module Groups # 4: CPU_time = 0.00 secs, Wall_time = 0.00 secs
Tue Aug 18 16:30:42 2026: Image # 4, module MaskImage # 5: CPU_time = 0.09 secs, Wall_time = 0.08 secs
Tue Aug 18 16:30:42 2026: Image # 4, module MaskImage # 6: CPU_time = 0.08 secs, Wall_time = 0.08 secs
Tue Aug 18 16:30:42 2026: Image # 4, module MaskImage # 7: CPU_time = 0.10 secs, Wall_time = 0.10 secs
Tue Aug 18 16:30:42 2026: Image # 4, module MaskObjects # 8: CPU_time = 0.52 secs, Wall_time = 0.53 secs
Tue Aug 18 16:30:43 2026: Image # 4, module MeasureObjectIntensity # 9: CPU_time = 5.89 secs, Wall_time = 5.88 secs
Tue Aug 18 16:30:49 2026: Image # 4, module MeasureColocalization # 10: CPU_time = 168.62 secs, Wall_time = 44.33 secs
Tue Aug 18 16:31:33 2026: Image # 4, module ExportToSpreadsheet # 11: CPU_time = 0.01 secs, Wall_time = 0.00 secs
Tue Aug 18 16:31:33 2026: Image # 5, module Images # 1: CPU_time = 0.00 secs, Wall_time = 0.00 secs
Tue Aug 18 16:31:33 2026: Image # 5, module Metadata # 2: CPU_time = 0.00 secs, Wall_time = 0.00 secs
Tue Aug 18 16:31:33 2026: Image # 5, module NamesAndTypes # 3: CPU_time = 5.48 secs, Wall_time = 5.78 secs
Tue Aug 18 16:31:39 2026: Image # 5, module Groups # 4: CPU_time = 0.00 secs, Wall_time = 0.00 secs
Tue Aug 18 16:31:39 2026: Image # 5, module MaskImage # 5: CPU_time = 0.08 secs, Wall_time = 0.07 secs
Tue Aug 18 16:31:39 2026: Image # 5, module MaskImage # 6: CPU_time = 0.08 secs, Wall_time = 0.08 secs
Tue Aug 18 16:31:39 2026: Image # 5, module MaskImage # 7: CPU_time = 0.09 secs, Wall_time = 0.09 secs
Tue Aug 18 16:31:39 2026: Image # 5, module MaskObjects # 8: CPU_time = 0.57 secs, Wall_time = 0.56 secs
Tue Aug 18 16:31:40 2026: Image # 5, module MeasureObjectIntensity # 9: CPU_time = 8.04 secs, Wall_time = 8.04 secs
Tue Aug 18 16:31:48 2026: Image # 5, module MeasureColocalization # 10: CPU_time = 284.07 secs, Wall_time = 95.18 secs
Tue Aug 18 16:33:23 2026: Image # 5, module ExportToSpreadsheet # 11: CPU_time = 0.00 secs, Wall_time = 0.00 secs
Tue Aug 18 16:33:23 2026: Image # 6, module Images # 1: CPU_time = 0.00 secs, Wall_time = 0.00 secs
Tue Aug 18 16:33:23 2026: Image # 6, module Metadata # 2: CPU_time = 0.00 secs, Wall_time = 0.00 secs
Tue Aug 18 16:33:23 2026: Image # 6, module NamesAndTypes # 3: CPU_time = 5.42 secs, Wall_time = 4.01 secs
Tue Aug 18 16:33:27 2026: Image # 6, module Groups # 4: CPU_time = 0.00 secs, Wall_time = 0.00 secs
Tue Aug 18 16:33:27 2026: Image # 6, module MaskImage # 5: CPU_time = 0.07 secs, Wall_time = 0.08 secs
Tue Aug 18 16:33:27 2026: Image # 6, module MaskImage # 6: CPU_time = 0.08 secs, Wall_time = 0.08 secs
Tue Aug 18 16:33:27 2026: Image # 6, module MaskImage # 7: CPU_time = 0.11 secs, Wall_time = 0.11 secs
Tue Aug 18 16:33:27 2026: Image # 6, module MaskObjects # 8: CPU_time = 0.59 secs, Wall_time = 0.59 secs
Tue Aug 18 16:33:28 2026: Image # 6, module MeasureObjectIntensity # 9: CPU_time = 7.83 secs, Wall_time = 7.82 secs
Tue Aug 18 16:33:36 2026: Image # 6, module MeasureColocalization # 10: CPU_time = 229.90 secs, Wall_time = 77.40 secs
Tue Aug 18 16:34:53 2026: Image # 6, module ExportToSpreadsheet # 11: CPU_time = 0.01 secs, Wall_time = 0.00 secs
Tue Aug 18 16:34:53 2026: Image # 7, module Images # 1: CPU_time = 0.00 secs, Wall_time = 0.00 secs
Tue Aug 18 16:34:53 2026: Image # 7, module Metadata # 2: CPU_time = 0.00 secs, Wall_time = 0.00 secs
Tue Aug 18 16:34:53 2026: Image # 7, module NamesAndTypes # 3: CPU_time = 5.46 secs, Wall_time = 3.99 secs
Tue Aug 18 16:34:57 2026: Image # 7, module Groups # 4: CPU_time = 0.00 secs, Wall_time = 0.00 secs
Tue Aug 18 16:34:57 2026: Image # 7, module MaskImage # 5: CPU_time = 0.09 secs, Wall_time = 0.08 secs
Tue Aug 18 16:34:57 2026: Image # 7, module MaskImage # 6: CPU_time = 0.08 secs, Wall_time = 0.08 secs
Tue Aug 18 16:34:57 2026: Image # 7, module MaskImage # 7: CPU_time = 0.11 secs, Wall_time = 0.10 secs
Tue Aug 18 16:34:57 2026: Image # 7, module MaskObjects # 8: CPU_time = 0.55 secs, Wall_time = 0.55 secs
Tue Aug 18 16:34:58 2026: Image # 7, module MeasureObjectIntensity # 9: CPU_time = 7.36 secs, Wall_time = 7.34 secs
Tue Aug 18 16:35:05 2026: Image # 7, module MeasureColocalization # 10: CPU_time = 257.58 secs, Wall_time = 70.77 secs
Tue Aug 18 16:36:16 2026: Image # 7, module ExportToSpreadsheet # 11: CPU_time = 0.03 secs, Wall_time = 0.01 secs
Tue Aug 18 16:36:16 2026: Image # 8, module Images # 1: CPU_time = 0.00 secs, Wall_time = 0.00 secs
Tue Aug 18 16:36:16 2026: Image # 8, module Metadata # 2: CPU_time = 0.00 secs, Wall_time = 0.00 secs
Tue Aug 18 16:36:16 2026: Image # 8, module NamesAndTypes # 3: CPU_time = 5.39 secs, Wall_time = 3.99 secs
Tue Aug 18 16:36:20 2026: Image # 8, module Groups # 4: CPU_time = 0.00 secs, Wall_time = 0.00 secs
Tue Aug 18 16:36:20 2026: Image # 8, module MaskImage # 5: CPU_time = 0.08 secs, Wall_time = 0.08 secs
Tue Aug 18 16:36:20 2026: Image # 8, module MaskImage # 6: CPU_time = 0.08 secs, Wall_time = 0.08 secs
Tue Aug 18 16:36:20 2026: Image # 8, module MaskImage # 7: CPU_time = 0.09 secs, Wall_time = 0.08 secs
Tue Aug 18 16:36:20 2026: Image # 8, module MaskObjects # 8: CPU_time = 0.51 secs, Wall_time = 0.51 secs
Tue Aug 18 16:36:21 2026: Image # 8, module MeasureObjectIntensity # 9: CPU_time = 6.47 secs, Wall_time = 6.46 secs
Tue Aug 18 16:36:27 2026: Image # 8, module MeasureColocalization # 10: CPU_time = 160.68 secs, Wall_time = 48.24 secs
Tue Aug 18 16:37:15 2026: Image # 8, module ExportToSpreadsheet # 11: CPU_time = 0.00 secs, Wall_time = 0.00 secs
Tue Aug 18 16:37:15 2026: Image # 9, module Images # 1: CPU_time = 0.00 secs, Wall_time = 0.00 secs
Tue Aug 18 16:37:15 2026: Image # 9, module Metadata # 2: CPU_time = 0.00 secs, Wall_time = 0.00 secs
Tue Aug 18 16:37:15 2026: Image # 9, module NamesAndTypes # 3: CPU_time = 5.25 secs, Wall_time = 3.93 secs
Tue Aug 18 16:37:19 2026: Image # 9, module Groups # 4: CPU_time = 0.00 secs, Wall_time = 0.00 secs
Tue Aug 18 16:37:19 2026: Image # 9, module MaskImage # 5: CPU_time = 0.09 secs, Wall_time = 0.08 secs
Tue Aug 18 16:37:19 2026: Image # 9, module MaskImage # 6: CPU_time = 0.07 secs, Wall_time = 0.08 secs
Tue Aug 18 16:37:20 2026: Image # 9, module MaskImage # 7: CPU_time = 0.08 secs, Wall_time = 0.08 secs
Tue Aug 18 16:37:20 2026: Image # 9, module MaskObjects # 8: CPU_time = 0.46 secs, Wall_time = 0.47 secs
Tue Aug 18 16:37:20 2026: Image # 9, module MeasureObjectIntensity # 9: CPU_time = 3.96 secs, Wall_time = 3.96 secs
Tue Aug 18 16:37:24 2026: Image # 9, module MeasureColocalization # 10: CPU_time = 133.22 secs, Wall_time = 34.45 secs
Tue Aug 18 16:37:58 2026: Image # 9, module ExportToSpreadsheet # 11: CPU_time = 0.00 secs, Wall_time = 0.00 secs
Tue Aug 18 16:37:59 2026: Image # 10, module Images # 1: CPU_time = 0.00 secs, Wall_time = 0.00 secs
Tue Aug 18 16:37:59 2026: Image # 10, module Metadata # 2: CPU_time = 0.00 secs, Wall_time = 0.00 secs
Tue Aug 18 16:37:59 2026: Image # 10, module NamesAndTypes # 3: CPU_time = 5.21 secs, Wall_time = 3.66 secs
Tue Aug 18 16:38:02 2026: Image # 10, module Groups # 4: CPU_time = 0.00 secs, Wall_time = 0.00 secs
Tue Aug 18 16:38:02 2026: Image # 10, module MaskImage # 5: CPU_time = 0.07 secs, Wall_time = 0.08 secs
Tue Aug 18 16:38:02 2026: Image # 10, module MaskImage # 6: CPU_time = 0.09 secs, Wall_time = 0.08 secs
Tue Aug 18 16:38:02 2026: Image # 10, module MaskImage # 7: CPU_time = 0.08 secs, Wall_time = 0.08 secs
Tue Aug 18 16:38:02 2026: Image # 10, module MaskObjects # 8: CPU_time = 0.44 secs, Wall_time = 0.44 secs
Tue Aug 18 16:38:03 2026: Image # 10, module MeasureObjectIntensity # 9: CPU_time = 4.02 secs, Wall_time = 4.02 secs
Tue Aug 18 16:38:07 2026: Image # 10, module MeasureColocalization # 10: CPU_time = 73.49 secs, Wall_time = 19.98 secs
Tue Aug 18 16:38:27 2026: Image # 10, module ExportToSpreadsheet # 11: CPU_time = 0.06 secs, Wall_time = 0.02 secs
Tue Aug 18 16:38:27 2026: Image # 11, module Images # 1: CPU_time = 0.00 secs, Wall_time = 0.00 secs
Tue Aug 18 16:38:27 2026: Image # 11, module Metadata # 2: CPU_time = 0.00 secs, Wall_time = 0.00 secs
Tue Aug 18 16:38:27 2026: Image # 11, module NamesAndTypes # 3: CPU_time = 5.21 secs, Wall_time = 4.01 secs
Tue Aug 18 16:38:31 2026: Image # 11, module Groups # 4: CPU_time = 0.00 secs, Wall_time = 0.00 secs
Tue Aug 18 16:38:31 2026: Image # 11, module MaskImage # 5: CPU_time = 0.08 secs, Wall_time = 0.08 secs
Tue Aug 18 16:38:31 2026: Image # 11, module MaskImage # 6: CPU_time = 0.07 secs, Wall_time = 0.07 secs
Tue Aug 18 16:38:31 2026: Image # 11, module MaskImage # 7: CPU_time = 0.08 secs, Wall_time = 0.08 secs
Tue Aug 18 16:38:31 2026: Image # 11, module MaskObjects # 8: CPU_time = 0.44 secs, Wall_time = 0.44 secs
Tue Aug 18 16:38:32 2026: Image # 11, module MeasureObjectIntensity # 9: CPU_time = 3.55 secs, Wall_time = 3.55 secs
Tue Aug 18 16:38:35 2026: Image # 11, module MeasureColocalization # 10: CPU_time = 2.24 secs, Wall_time = 1.54 secs
Tue Aug 18 16:38:37 2026: Image # 11, module ExportToSpreadsheet # 11: CPU_time = 0.00 secs, Wall_time = 0.00 secs
Tue Aug 18 16:38:37 2026: Image # 12, module Images # 1: CPU_time = 0.00 secs, Wall_time = 0.00 secs
Tue Aug 18 16:38:37 2026: Image # 12, module Metadata # 2: CPU_time = 0.00 secs, Wall_time = 0.00 secs
Tue Aug 18 16:38:37 2026: Image # 12, module NamesAndTypes # 3: CPU_time = 5.25 secs, Wall_time = 4.26 secs
Tue Aug 18 16:38:41 2026: Image # 12, module Groups # 4: CPU_time = 0.00 secs, Wall_time = 0.00 secs
Tue Aug 18 16:38:41 2026: Image # 12, module MaskImage # 5: CPU_time = 0.07 secs, Wall_time = 0.08 secs
Tue Aug 18 16:38:41 2026: Image # 12, module MaskImage # 6: CPU_time = 0.07 secs, Wall_time = 0.07 secs
Tue Aug 18 16:38:41 2026: Image # 12, module MaskImage # 7: CPU_time = 0.08 secs, Wall_time = 0.08 secs
Tue Aug 18 16:38:41 2026: Image # 12, module MaskObjects # 8: CPU_time = 0.46 secs, Wall_time = 0.46 secs
Tue Aug 18 16:38:42 2026: Image # 12, module MeasureObjectIntensity # 9: CPU_time = 5.56 secs, Wall_time = 5.55 secs
Tue Aug 18 16:38:47 2026: Image # 12, module MeasureColocalization # 10: CPU_time = 3.80 secs, Wall_time = 2.79 secs
Tue Aug 18 16:38:50 2026: Image # 12, module ExportToSpreadsheet # 11: CPU_time = 0.00 secs, Wall_time = 0.00 secs
Tue Aug 18 16:38:50 2026: Image # 13, module Images # 1: CPU_time = 0.00 secs, Wall_time = 0.00 secs
Tue Aug 18 16:38:50 2026: Image # 13, module Metadata # 2: CPU_time = 0.00 secs, Wall_time = 0.00 secs
Tue Aug 18 16:38:50 2026: Image # 13, module NamesAndTypes # 3: CPU_time = 5.97 secs, Wall_time = 4.35 secs
Tue Aug 18 16:38:54 2026: Image # 13, module Groups # 4: CPU_time = 0.00 secs, Wall_time = 0.00 secs
Tue Aug 18 16:38:54 2026: Image # 13, module MaskImage # 5: CPU_time = 0.08 secs, Wall_time = 0.09 secs
Tue Aug 18 16:38:54 2026: Image # 13, module MaskImage # 6: CPU_time = 0.08 secs, Wall_time = 0.08 secs
Tue Aug 18 16:38:55 2026: Image # 13, module MaskImage # 7: CPU_time = 0.10 secs, Wall_time = 0.09 secs
Tue Aug 18 16:38:55 2026: Image # 13, module MaskObjects # 8: CPU_time = 0.51 secs, Wall_time = 0.51 secs
Tue Aug 18 16:38:55 2026: Image # 13, module MeasureObjectIntensity # 9: CPU_time = 6.82 secs, Wall_time = 6.82 secs
Tue Aug 18 16:39:02 2026: Image # 13, module MeasureColocalization # 10: CPU_time = 147.78 secs, Wall_time = 40.67 secs
Tue Aug 18 16:39:43 2026: Image # 13, module ExportToSpreadsheet # 11: CPU_time = 0.01 secs, Wall_time = 0.00 secs
Tue Aug 18 16:39:43 2026: Image # 14, module Images # 1: CPU_time = 0.00 secs, Wall_time = 0.00 secs
Tue Aug 18 16:39:43 2026: Image # 14, module Metadata # 2: CPU_time = 0.00 secs, Wall_time = 0.00 secs
Tue Aug 18 16:39:43 2026: Image # 14, module NamesAndTypes # 3: CPU_time = 5.36 secs, Wall_time = 3.98 secs
Tue Aug 18 16:39:47 2026: Image # 14, module Groups # 4: CPU_time = 0.00 secs, Wall_time = 0.00 secs
Tue Aug 18 16:39:47 2026: Image # 14, module MaskImage # 5: CPU_time = 0.07 secs, Wall_time = 0.08 secs
Tue Aug 18 16:39:47 2026: Image # 14, module MaskImage # 6: CPU_time = 0.08 secs, Wall_time = 0.08 secs
Tue Aug 18 16:39:47 2026: Image # 14, module MaskImage # 7: CPU_time = 0.08 secs, Wall_time = 0.08 secs
Tue Aug 18 16:39:47 2026: Image # 14, module MaskObjects # 8: CPU_time = 0.49 secs, Wall_time = 0.49 secs
Tue Aug 18 16:39:47 2026: Image # 14, module MeasureObjectIntensity # 9: CPU_time = 5.64 secs, Wall_time = 5.65 secs
Tue Aug 18 16:39:53 2026: Image # 14, module MeasureColocalization # 10: CPU_time = 4.33 secs, Wall_time = 3.20 secs
Tue Aug 18 16:39:56 2026: Image # 14, module ExportToSpreadsheet # 11: CPU_time = 0.00 secs, Wall_time = 0.00 secs
Tue Aug 18 16:39:56 2026: Image # 15, module Images # 1: CPU_time = 0.00 secs, Wall_time = 0.00 secs
Tue Aug 18 16:39:56 2026: Image # 15, module Metadata # 2: CPU_time = 0.00 secs, Wall_time = 0.00 secs
Tue Aug 18 16:39:56 2026: Image # 15, module NamesAndTypes # 3: CPU_time = 5.18 secs, Wall_time = 4.74 secs
Tue Aug 18 16:40:01 2026: Image # 15, module Groups # 4: CPU_time = 0.00 secs, Wall_time = 0.00 secs
Tue Aug 18 16:40:01 2026: Image # 15, module MaskImage # 5: CPU_time = 0.08 secs, Wall_time = 0.08 secs
Tue Aug 18 16:40:01 2026: Image # 15, module MaskImage # 6: CPU_time = 0.07 secs, Wall_time = 0.08 secs
Tue Aug 18 16:40:01 2026: Image # 15, module MaskImage # 7: CPU_time = 0.08 secs, Wall_time = 0.08 secs
Tue Aug 18 16:40:01 2026: Image # 15, module MaskObjects # 8: CPU_time = 0.45 secs, Wall_time = 0.45 secs
Tue Aug 18 16:40:02 2026: Image # 15, module MeasureObjectIntensity # 9: CPU_time = 4.03 secs, Wall_time = 4.02 secs
Tue Aug 18 16:40:06 2026: Image # 15, module MeasureColocalization # 10: CPU_time = 2.55 secs, Wall_time = 1.78 secs
Tue Aug 18 16:40:08 2026: Image # 15, module ExportToSpreadsheet # 11: CPU_time = 0.01 secs, Wall_time = 0.00 secs
Tue Aug 18 16:40:08 2026: Image # 16, module Images # 1: CPU_time = 0.00 secs, Wall_time = 0.00 secs
Tue Aug 18 16:40:08 2026: Image # 16, module Metadata # 2: CPU_time = 0.00 secs, Wall_time = 0.00 secs
Tue Aug 18 16:40:08 2026: Image # 16, module NamesAndTypes # 3: CPU_time = 5.11 secs, Wall_time = 4.27 secs
Tue Aug 18 16:40:12 2026: Image # 16, module Groups # 4: CPU_time = 0.00 secs, Wall_time = 0.00 secs
Tue Aug 18 16:40:12 2026: Image # 16, module MaskImage # 5: CPU_time = 0.08 secs, Wall_time = 0.08 secs
Tue Aug 18 16:40:12 2026: Image # 16, module MaskImage # 6: CPU_time = 0.08 secs, Wall_time = 0.08 secs
Tue Aug 18 16:40:12 2026: Image # 16, module MaskImage # 7: CPU_time = 0.08 secs, Wall_time = 0.08 secs
Tue Aug 18 16:40:12 2026: Image # 16, module MaskObjects # 8: CPU_time = 0.44 secs, Wall_time = 0.45 secs
Tue Aug 18 16:40:13 2026: Image # 16, module MeasureObjectIntensity # 9: CPU_time = 4.22 secs, Wall_time = 4.22 secs
Tue Aug 18 16:40:17 2026: Image # 16, module MeasureColocalization # 10: CPU_time = 92.57 secs, Wall_time = 24.53 secs
Tue Aug 18 16:40:41 2026: Image # 16, module ExportToSpreadsheet # 11: CPU_time = 0.01 secs, Wall_time = 0.00 secs
Tue Aug 18 16:40:41 2026: Image # 17, module Images # 1: CPU_time = 0.00 secs, Wall_time = 0.00 secs
Tue Aug 18 16:40:41 2026: Image # 17, module Metadata # 2: CPU_time = 0.00 secs, Wall_time = 0.00 secs
Tue Aug 18 16:40:41 2026: Image # 17, module NamesAndTypes # 3: CPU_time = 5.33 secs, Wall_time = 4.36 secs
Tue Aug 18 16:40:46 2026: Image # 17, module Groups # 4: CPU_time = 0.00 secs, Wall_time = 0.00 secs
Tue Aug 18 16:40:46 2026: Image # 17, module MaskImage # 5: CPU_time = 0.08 secs, Wall_time = 0.08 secs
Tue Aug 18 16:40:46 2026: Image # 17, module MaskImage # 6: CPU_time = 0.07 secs, Wall_time = 0.08 secs
Tue Aug 18 16:40:46 2026: Image # 17, module MaskImage # 7: CPU_time = 0.07 secs, Wall_time = 0.08 secs
Tue Aug 18 16:40:46 2026: Image # 17, module MaskObjects # 8: CPU_time = 0.46 secs, Wall_time = 0.47 secs
Tue Aug 18 16:40:46 2026: Image # 17, module MeasureObjectIntensity # 9: CPU_time = 4.21 secs, Wall_time = 4.22 secs
Tue Aug 18 16:40:51 2026: Image # 17, module MeasureColocalization # 10: CPU_time = 2.86 secs, Wall_time = 2.07 secs
Tue Aug 18 16:40:53 2026: Image # 17, module ExportToSpreadsheet # 11: CPU_time = 0.00 secs, Wall_time = 0.00 secs
Tue Aug 18 16:40:53 2026: Image # 18, module Images # 1: CPU_time = 0.00 secs, Wall_time = 0.00 secs
Tue Aug 18 16:40:53 2026: Image # 18, module Metadata # 2: CPU_time = 0.00 secs, Wall_time = 0.00 secs
Tue Aug 18 16:40:53 2026: Image # 18, module NamesAndTypes # 3: CPU_time = 5.28 secs, Wall_time = 3.81 secs
Tue Aug 18 16:40:57 2026: Image # 18, module Groups # 4: CPU_time = 0.00 secs, Wall_time = 0.00 secs
Tue Aug 18 16:40:57 2026: Image # 18, module MaskImage # 5: CPU_time = 0.09 secs, Wall_time = 0.08 secs
Tue Aug 18 16:40:57 2026: Image # 18, module MaskImage # 6: CPU_time = 0.09 secs, Wall_time = 0.08 secs
Tue Aug 18 16:40:57 2026: Image # 18, module MaskImage # 7: CPU_time = 0.09 secs, Wall_time = 0.09 secs
Tue Aug 18 16:40:57 2026: Image # 18, module MaskObjects # 8: CPU_time = 0.48 secs, Wall_time = 0.47 secs
Tue Aug 18 16:40:57 2026: Image # 18, module MeasureObjectIntensity # 9: CPU_time = 4.33 secs, Wall_time = 4.33 secs
Tue Aug 18 16:41:02 2026: Image # 18, module MeasureColocalization # 10: CPU_time = 5.19 secs, Wall_time = 3.81 secs
Tue Aug 18 16:41:05 2026: Image # 18, module ExportToSpreadsheet # 11: CPU_time = 0.01 secs, Wall_time = 0.00 secs
Tue Aug 18 16:41:05 2026: Image # 19, module Images # 1: CPU_time = 0.00 secs, Wall_time = 0.00 secs
Tue Aug 18 16:41:05 2026: Image # 19, module Metadata # 2: CPU_time = 0.00 secs, Wall_time = 0.00 secs
Tue Aug 18 16:41:05 2026: Image # 19, module NamesAndTypes # 3: CPU_time = 5.24 secs, Wall_time = 4.29 secs
Tue Aug 18 16:41:10 2026: Image # 19, module Groups # 4: CPU_time = 0.00 secs, Wall_time = 0.00 secs
Tue Aug 18 16:41:10 2026: Image # 19, module MaskImage # 5: CPU_time = 0.08 secs, Wall_time = 0.08 secs
Tue Aug 18 16:41:10 2026: Image # 19, module MaskImage # 6: CPU_time = 0.07 secs, Wall_time = 0.08 secs
Tue Aug 18 16:41:10 2026: Image # 19, module MaskImage # 7: CPU_time = 0.08 secs, Wall_time = 0.08 secs
Tue Aug 18 16:41:10 2026: Image # 19, module MaskObjects # 8: CPU_time = 0.48 secs, Wall_time = 0.47 secs
Tue Aug 18 16:41:10 2026: Image # 19, module MeasureObjectIntensity # 9: CPU_time = 4.79 secs, Wall_time = 4.79 secs
Tue Aug 18 16:41:15 2026: Image # 19, module MeasureColocalization # 10: CPU_time = 22.53 secs, Wall_time = 8.25 secs
Tue Aug 18 16:41:23 2026: Image # 19, module ExportToSpreadsheet # 11: CPU_time = 0.00 secs, Wall_time = 0.00 secs
Tue Aug 18 16:41:23 2026: Image # 20, module Images # 1: CPU_time = 0.00 secs, Wall_time = 0.00 secs
Tue Aug 18 16:41:23 2026: Image # 20, module Metadata # 2: CPU_time = 0.00 secs, Wall_time = 0.00 secs
Tue Aug 18 16:41:23 2026: Image # 20, module NamesAndTypes # 3: CPU_time = 5.37 secs, Wall_time = 4.52 secs
Tue Aug 18 16:41:28 2026: Image # 20, module Groups # 4: CPU_time = 0.00 secs, Wall_time = 0.00 secs
Tue Aug 18 16:41:28 2026: Image # 20, module MaskImage # 5: CPU_time = 0.08 secs, Wall_time = 0.08 secs
Tue Aug 18 16:41:28 2026: Image # 20, module MaskImage # 6: CPU_time = 0.07 secs, Wall_time = 0.08 secs
Tue Aug 18 16:41:28 2026: Image # 20, module MaskImage # 7: CPU_time = 0.07 secs, Wall_time = 0.08 secs
Tue Aug 18 16:41:28 2026: Image # 20, module MaskObjects # 8: CPU_time = 0.47 secs, Wall_time = 0.48 secs
Tue Aug 18 16:41:29 2026: Image # 20, module MeasureObjectIntensity # 9: CPU_time = 6.03 secs, Wall_time = 6.03 secs
Tue Aug 18 16:41:35 2026: Image # 20, module MeasureColocalization # 10: CPU_time = 4.38 secs, Wall_time = 3.35 secs
Tue Aug 18 16:41:38 2026: Image # 20, module ExportToSpreadsheet # 11: CPU_time = 0.00 secs, Wall_time = 0.00 secs
Tue Aug 18 16:41:38 2026: Image # 21, module Images # 1: CPU_time = 0.00 secs, Wall_time = 0.00 secs
Tue Aug 18 16:41:38 2026: Image # 21, module Metadata # 2: CPU_time = 0.00 secs, Wall_time = 0.00 secs
Tue Aug 18 16:41:38 2026: Image # 21, module NamesAndTypes # 3: CPU_time = 5.34 secs, Wall_time = 3.77 secs
Tue Aug 18 16:41:42 2026: Image # 21, module Groups # 4: CPU_time = 0.00 secs, Wall_time = 0.00 secs
Tue Aug 18 16:41:42 2026: Image # 21, module MaskImage # 5: CPU_time = 0.07 secs, Wall_time = 0.08 secs
Tue Aug 18 16:41:42 2026: Image # 21, module MaskImage # 6: CPU_time = 0.07 secs, Wall_time = 0.08 secs
Tue Aug 18 16:41:42 2026: Image # 21, module MaskImage # 7: CPU_time = 0.08 secs, Wall_time = 0.08 secs
Tue Aug 18 16:41:42 2026: Image # 21, module MaskObjects # 8: CPU_time = 0.47 secs, Wall_time = 0.47 secs
Tue Aug 18 16:41:43 2026: Image # 21, module MeasureObjectIntensity # 9: CPU_time = 4.80 secs, Wall_time = 4.79 secs
Tue Aug 18 16:41:47 2026: Image # 21, module MeasureColocalization # 10: CPU_time = 6.61 secs, Wall_time = 4.48 secs
Tue Aug 18 16:41:52 2026: Image # 21, module ExportToSpreadsheet # 11: CPU_time = 0.01 secs, Wall_time = 0.00 secs
Tue Aug 18 16:41:52 2026: Image # 22, module Images # 1: CPU_time = 0.00 secs, Wall_time = 0.00 secs
Tue Aug 18 16:41:52 2026: Image # 22, module Metadata # 2: CPU_time = 0.00 secs, Wall_time = 0.00 secs
Tue Aug 18 16:41:52 2026: Image # 22, module NamesAndTypes # 3: CPU_time = 4.91 secs, Wall_time = 3.79 secs
Tue Aug 18 16:41:56 2026: Image # 22, module Groups # 4: CPU_time = 0.00 secs, Wall_time = 0.00 secs
Tue Aug 18 16:41:56 2026: Image # 22, module MaskImage # 5: CPU_time = 0.09 secs, Wall_time = 0.08 secs
Tue Aug 18 16:41:56 2026: Image # 22, module MaskImage # 6: CPU_time = 0.08 secs, Wall_time = 0.08 secs
Tue Aug 18 16:41:56 2026: Image # 22, module MaskImage # 7: CPU_time = 0.08 secs, Wall_time = 0.08 secs
Tue Aug 18 16:41:56 2026: Image # 22, module MaskObjects # 8: CPU_time = 0.47 secs, Wall_time = 0.47 secs
Tue Aug 18 16:41:56 2026: Image # 22, module MeasureObjectIntensity # 9: CPU_time = 3.97 secs, Wall_time = 3.97 secs
Tue Aug 18 16:42:00 2026: Image # 22, module MeasureColocalization # 10: CPU_time = 139.02 secs, Wall_time = 36.11 secs
Tue Aug 18 16:42:37 2026: Image # 22, module ExportToSpreadsheet # 11: CPU_time = 0.01 secs, Wall_time = 0.00 secs
Tue Aug 18 16:42:37 2026: Image # 23, module Images # 1: CPU_time = 0.00 secs, Wall_time = 0.00 secs
Tue Aug 18 16:42:37 2026: Image # 23, module Metadata # 2: CPU_time = 0.00 secs, Wall_time = 0.00 secs
Tue Aug 18 16:42:37 2026: Image # 23, module NamesAndTypes # 3: CPU_time = 5.13 secs, Wall_time = 3.90 secs
Tue Aug 18 16:42:40 2026: Image # 23, module Groups # 4: CPU_time = 0.00 secs, Wall_time = 0.00 secs
Tue Aug 18 16:42:40 2026: Image # 23, module MaskImage # 5: CPU_time = 0.08 secs, Wall_time = 0.08 secs
Tue Aug 18 16:42:41 2026: Image # 23, module MaskImage # 6: CPU_time = 0.08 secs, Wall_time = 0.08 secs
Tue Aug 18 16:42:41 2026: Image # 23, module MaskImage # 7: CPU_time = 0.08 secs, Wall_time = 0.08 secs
Tue Aug 18 16:42:41 2026: Image # 23, module MaskObjects # 8: CPU_time = 0.50 secs, Wall_time = 0.50 secs
Tue Aug 18 16:42:41 2026: Image # 23, module MeasureObjectIntensity # 9: CPU_time = 6.64 secs, Wall_time = 6.63 secs
Tue Aug 18 16:42:48 2026: Image # 23, module MeasureColocalization # 10: CPU_time = 4.94 secs, Wall_time = 3.80 secs
Tue Aug 18 16:42:52 2026: Image # 23, module ExportToSpreadsheet # 11: CPU_time = 0.01 secs, Wall_time = 0.00 secs
Tue Aug 18 16:42:52 2026: Image # 24, module Images # 1: CPU_time = 0.00 secs, Wall_time = 0.00 secs
Tue Aug 18 16:42:52 2026: Image # 24, module Metadata # 2: CPU_time = 0.00 secs, Wall_time = 0.00 secs
Tue Aug 18 16:42:52 2026: Image # 24, module NamesAndTypes # 3: CPU_time = 4.98 secs, Wall_time = 3.98 secs
Tue Aug 18 16:42:56 2026: Image # 24, module Groups # 4: CPU_time = 0.00 secs, Wall_time = 0.00 secs
Tue Aug 18 16:42:56 2026: Image # 24, module MaskImage # 5: CPU_time = 0.08 secs, Wall_time = 0.08 secs
Tue Aug 18 16:42:56 2026: Image # 24, module MaskImage # 6: CPU_time = 0.09 secs, Wall_time = 0.08 secs
Tue Aug 18 16:42:56 2026: Image # 24, module MaskImage # 7: CPU_time = 0.10 secs, Wall_time = 0.10 secs
Tue Aug 18 16:42:56 2026: Image # 24, module MaskObjects # 8: CPU_time = 0.52 secs, Wall_time = 0.51 secs
Tue Aug 18 16:42:56 2026: Image # 24, module MeasureObjectIntensity # 9: CPU_time = 6.39 secs, Wall_time = 6.38 secs
Tue Aug 18 16:43:03 2026: Image # 24, module MeasureColocalization # 10: CPU_time = 4.58 secs, Wall_time = 3.45 secs
Tue Aug 18 16:43:06 2026: Image # 24, module ExportToSpreadsheet # 11: CPU_time = 0.00 secs, Wall_time = 0.00 secs
Tue Aug 18 16:43:06 2026: Image # 25, module Images # 1: CPU_time = 0.00 secs, Wall_time = 0.00 secs
Tue Aug 18 16:43:06 2026: Image # 25, module Metadata # 2: CPU_time = 0.00 secs, Wall_time = 0.00 secs
Tue Aug 18 16:43:06 2026: Image # 25, module NamesAndTypes # 3: CPU_time = 5.13 secs, Wall_time = 4.08 secs
Tue Aug 18 16:43:10 2026: Image # 25, module Groups # 4: CPU_time = 0.00 secs, Wall_time = 0.00 secs
Tue Aug 18 16:43:10 2026: Image # 25, module MaskImage # 5: CPU_time = 0.07 secs, Wall_time = 0.08 secs
Tue Aug 18 16:43:10 2026: Image # 25, module MaskImage # 6: CPU_time = 0.07 secs, Wall_time = 0.08 secs
Tue Aug 18 16:43:11 2026: Image # 25, module MaskImage # 7: CPU_time = 0.09 secs, Wall_time = 0.10 secs
Tue Aug 18 16:43:11 2026: Image # 25, module MaskObjects # 8: CPU_time = 0.52 secs, Wall_time = 0.52 secs
Tue Aug 18 16:43:11 2026: Image # 25, module MeasureObjectIntensity # 9: CPU_time = 9.56 secs, Wall_time = 9.55 secs
Tue Aug 18 16:43:21 2026: Image # 25, module MeasureColocalization # 10: CPU_time = 323.57 secs, Wall_time = 114.36 secs
Tue Aug 18 16:45:15 2026: Image # 25, module ExportToSpreadsheet # 11: CPU_time = 0.00 secs, Wall_time = 0.00 secs
Tue Aug 18 16:45:15 2026: Image # 26, module Images # 1: CPU_time = 0.00 secs, Wall_time = 0.00 secs
Tue Aug 18 16:45:15 2026: Image # 26, module Metadata # 2: CPU_time = 0.00 secs, Wall_time = 0.00 secs
Tue Aug 18 16:45:15 2026: Image # 26, module NamesAndTypes # 3: CPU_time = 5.90 secs, Wall_time = 4.51 secs
Tue Aug 18 16:45:20 2026: Image # 26, module Groups # 4: CPU_time = 0.00 secs, Wall_time = 0.00 secs
Tue Aug 18 16:45:20 2026: Image # 26, module MaskImage # 5: CPU_time = 0.08 secs, Wall_time = 0.08 secs
Tue Aug 18 16:45:20 2026: Image # 26, module MaskImage # 6: CPU_time = 0.08 secs, Wall_time = 0.08 secs
Tue Aug 18 16:45:20 2026: Image # 26, module MaskImage # 7: CPU_time = 0.09 secs, Wall_time = 0.09 secs
Tue Aug 18 16:45:20 2026: Image # 26, module MaskObjects # 8: CPU_time = 0.51 secs, Wall_time = 0.51 secs
Tue Aug 18 16:45:20 2026: Image # 26, module MeasureObjectIntensity # 9: CPU_time = 4.97 secs, Wall_time = 4.95 secs
Tue Aug 18 16:45:25 2026: Image # 26, module MeasureColocalization # 10: CPU_time = 145.69 secs, Wall_time = 38.00 secs
Tue Aug 18 16:46:03 2026: Image # 26, module ExportToSpreadsheet # 11: CPU_time = 0.00 secs, Wall_time = 0.00 secs
Tue Aug 18 16:46:03 2026: Image # 27, module Images # 1: CPU_time = 0.00 secs, Wall_time = 0.00 secs
Tue Aug 18 16:46:03 2026: Image # 27, module Metadata # 2: CPU_time = 0.00 secs, Wall_time = 0.00 secs
Tue Aug 18 16:46:03 2026: Image # 27, module NamesAndTypes # 3: CPU_time = 5.04 secs, Wall_time = 3.68 secs
Tue Aug 18 16:46:07 2026: Image # 27, module Groups # 4: CPU_time = 0.00 secs, Wall_time = 0.00 secs
Tue Aug 18 16:46:07 2026: Image # 27, module MaskImage # 5: CPU_time = 0.08 secs, Wall_time = 0.08 secs
Tue Aug 18 16:46:07 2026: Image # 27, module MaskImage # 6: CPU_time = 0.08 secs, Wall_time = 0.08 secs
Tue Aug 18 16:46:07 2026: Image # 27, module MaskImage # 7: CPU_time = 0.10 secs, Wall_time = 0.10 secs
Tue Aug 18 16:46:07 2026: Image # 27, module MaskObjects # 8: CPU_time = 0.46 secs, Wall_time = 0.45 secs
Tue Aug 18 16:46:08 2026: Image # 27, module MeasureObjectIntensity # 9: CPU_time = 3.18 secs, Wall_time = 3.17 secs
Tue Aug 18 16:46:11 2026: Image # 27, module MeasureColocalization # 10: CPU_time = 69.10 secs, Wall_time = 18.07 secs
Tue Aug 18 16:46:29 2026: Image # 27, module ExportToSpreadsheet # 11: CPU_time = 0.03 secs, Wall_time = 0.01 secs
Tue Aug 18 16:46:29 2026: Image # 28, module Images # 1: CPU_time = 0.00 secs, Wall_time = 0.00 secs
Tue Aug 18 16:46:29 2026: Image # 28, module Metadata # 2: CPU_time = 0.00 secs, Wall_time = 0.00 secs
Tue Aug 18 16:46:29 2026: Image # 28, module NamesAndTypes # 3: CPU_time = 5.42 secs, Wall_time = 4.11 secs
Tue Aug 18 16:46:33 2026: Image # 28, module Groups # 4: CPU_time = 0.00 secs, Wall_time = 0.00 secs
Tue Aug 18 16:46:33 2026: Image # 28, module MaskImage # 5: CPU_time = 0.08 secs, Wall_time = 0.07 secs
Tue Aug 18 16:46:33 2026: Image # 28, module MaskImage # 6: CPU_time = 0.08 secs, Wall_time = 0.07 secs
Tue Aug 18 16:46:33 2026: Image # 28, module MaskImage # 7: CPU_time = 0.08 secs, Wall_time = 0.08 secs
Tue Aug 18 16:46:33 2026: Image # 28, module MaskObjects # 8: CPU_time = 0.44 secs, Wall_time = 0.45 secs
Tue Aug 18 16:46:34 2026: Image # 28, module MeasureObjectIntensity # 9: CPU_time = 5.94 secs, Wall_time = 5.94 secs
Tue Aug 18 16:46:40 2026: Image # 28, module MeasureColocalization # 10: CPU_time = 317.26 secs, Wall_time = 82.33 secs
Tue Aug 18 16:48:02 2026: Image # 28, module ExportToSpreadsheet # 11: CPU_time = 0.01 secs, Wall_time = 0.00 secs
Tue Aug 18 16:48:02 2026: Image # 29, module Images # 1: CPU_time = 0.00 secs, Wall_time = 0.00 secs
Tue Aug 18 16:48:02 2026: Image # 29, module Metadata # 2: CPU_time = 0.00 secs, Wall_time = 0.00 secs
Tue Aug 18 16:48:02 2026: Image # 29, module NamesAndTypes # 3: CPU_time = 5.04 secs, Wall_time = 3.77 secs
Tue Aug 18 16:48:06 2026: Image # 29, module Groups # 4: CPU_time = 0.00 secs, Wall_time = 0.00 secs
Tue Aug 18 16:48:06 2026: Image # 29, module MaskImage # 5: CPU_time = 0.08 secs, Wall_time = 0.08 secs
Tue Aug 18 16:48:06 2026: Image # 29, module MaskImage # 6: CPU_time = 0.08 secs, Wall_time = 0.08 secs
Tue Aug 18 16:48:06 2026: Image # 29, module MaskImage # 7: CPU_time = 0.07 secs, Wall_time = 0.08 secs
Tue Aug 18 16:48:06 2026: Image # 29, module MaskObjects # 8: CPU_time = 0.44 secs, Wall_time = 0.43 secs
Tue Aug 18 16:48:07 2026: Image # 29, module MeasureObjectIntensity # 9: CPU_time = 3.72 secs, Wall_time = 3.71 secs
Tue Aug 18 16:48:10 2026: Image # 29, module MeasureColocalization # 10: CPU_time = 164.09 secs, Wall_time = 42.32 secs
Tue Aug 18 16:48:53 2026: Image # 29, module ExportToSpreadsheet # 11: CPU_time = 0.00 secs, Wall_time = 0.00 secs
Tue Aug 18 16:48:53 2026: Image # 30, module Images # 1: CPU_time = 0.00 secs, Wall_time = 0.00 secs
Tue Aug 18 16:48:53 2026: Image # 30, module Metadata # 2: CPU_time = 0.00 secs, Wall_time = 0.00 secs
Tue Aug 18 16:48:53 2026: Image # 30, module NamesAndTypes # 3: CPU_time = 5.40 secs, Wall_time = 3.89 secs
Tue Aug 18 16:48:57 2026: Image # 30, module Groups # 4: CPU_time = 0.00 secs, Wall_time = 0.00 secs
Tue Aug 18 16:48:57 2026: Image # 30, module MaskImage # 5: CPU_time = 0.08 secs, Wall_time = 0.08 secs
Tue Aug 18 16:48:57 2026: Image # 30, module MaskImage # 6: CPU_time = 0.09 secs, Wall_time = 0.08 secs
Tue Aug 18 16:48:57 2026: Image # 30, module MaskImage # 7: CPU_time = 0.08 secs, Wall_time = 0.08 secs
Tue Aug 18 16:48:57 2026: Image # 30, module MaskObjects # 8: CPU_time = 0.46 secs, Wall_time = 0.46 secs
Tue Aug 18 16:48:57 2026: Image # 30, module MeasureObjectIntensity # 9: CPU_time = 4.31 secs, Wall_time = 4.31 secs
Tue Aug 18 16:49:02 2026: Image # 30, module MeasureColocalization # 10: CPU_time = 2.89 secs, Wall_time = 2.05 secs
Tue Aug 18 16:49:04 2026: Image # 30, module ExportToSpreadsheet # 11: CPU_time = 0.00 secs, Wall_time = 0.00 secs
Tue Aug 18 16:49:04 2026: Image # 31, module Images # 1: CPU_time = 0.00 secs, Wall_time = 0.00 secs
Tue Aug 18 16:49:04 2026: Image # 31, module Metadata # 2: CPU_time = 0.00 secs, Wall_time = 0.00 secs
Tue Aug 18 16:49:04 2026: Image # 31, module NamesAndTypes # 3: CPU_time = 5.09 secs, Wall_time = 3.57 secs
Tue Aug 18 16:49:07 2026: Image # 31, module Groups # 4: CPU_time = 0.00 secs, Wall_time = 0.00 secs
Tue Aug 18 16:49:07 2026: Image # 31, module MaskImage # 5: CPU_time = 0.08 secs, Wall_time = 0.08 secs
Tue Aug 18 16:49:07 2026: Image # 31, module MaskImage # 6: CPU_time = 0.08 secs, Wall_time = 0.08 secs
Tue Aug 18 16:49:07 2026: Image # 31, module MaskImage # 7: CPU_time = 0.08 secs, Wall_time = 0.08 secs
Tue Aug 18 16:49:07 2026: Image # 31, module MaskObjects # 8: CPU_time = 0.43 secs, Wall_time = 0.43 secs
Tue Aug 18 16:49:08 2026: Image # 31, module MeasureObjectIntensity # 9: CPU_time = 4.22 secs, Wall_time = 4.21 secs
Tue Aug 18 16:49:12 2026: Image # 31, module MeasureColocalization # 10: CPU_time = 153.78 secs, Wall_time = 40.00 secs
Tue Aug 18 16:49:52 2026: Image # 31, module ExportToSpreadsheet # 11: CPU_time = 0.00 secs, Wall_time = 0.00 secs
Tue Aug 18 16:49:52 2026: Image # 32, module Images # 1: CPU_time = 0.00 secs, Wall_time = 0.00 secs
Tue Aug 18 16:49:52 2026: Image # 32, module Metadata # 2: CPU_time = 0.00 secs, Wall_time = 0.00 secs
Tue Aug 18 16:49:52 2026: Image # 32, module NamesAndTypes # 3: CPU_time = 5.37 secs, Wall_time = 4.09 secs
Tue Aug 18 16:49:56 2026: Image # 32, module Groups # 4: CPU_time = 0.00 secs, Wall_time = 0.00 secs
Tue Aug 18 16:49:56 2026: Image # 32, module MaskImage # 5: CPU_time = 0.08 secs, Wall_time = 0.08 secs
Tue Aug 18 16:49:56 2026: Image # 32, module MaskImage # 6: CPU_time = 0.08 secs, Wall_time = 0.08 secs
Tue Aug 18 16:49:56 2026: Image # 32, module MaskImage # 7: CPU_time = 0.08 secs, Wall_time = 0.08 secs
Tue Aug 18 16:49:57 2026: Image # 32, module MaskObjects # 8: CPU_time = 0.47 secs, Wall_time = 0.47 secs
Tue Aug 18 16:49:57 2026: Image # 32, module MeasureObjectIntensity # 9: CPU_time = 4.34 secs, Wall_time = 4.34 secs
Tue Aug 18 16:50:01 2026: Image # 32, module MeasureColocalization # 10: CPU_time = 2.75 secs, Wall_time = 2.00 secs
Tue Aug 18 16:50:03 2026: Image # 32, module ExportToSpreadsheet # 11: CPU_time = 0.00 secs, Wall_time = 0.00 secs
Tue Aug 18 16:50:03 2026: Image # 33, module Images # 1: CPU_time = 0.00 secs, Wall_time = 0.00 secs
Tue Aug 18 16:50:03 2026: Image # 33, module Metadata # 2: CPU_time = 0.00 secs, Wall_time = 0.00 secs
Tue Aug 18 16:50:03 2026: Image # 33, module NamesAndTypes # 3: CPU_time = 5.26 secs, Wall_time = 3.61 secs
Tue Aug 18 16:50:07 2026: Image # 33, module Groups # 4: CPU_time = 0.00 secs, Wall_time = 0.00 secs
Tue Aug 18 16:50:07 2026: Image # 33, module MaskImage # 5: CPU_time = 0.08 secs, Wall_time = 0.08 secs
Tue Aug 18 16:50:07 2026: Image # 33, module MaskImage # 6: CPU_time = 0.08 secs, Wall_time = 0.08 secs
Tue Aug 18 16:50:07 2026: Image # 33, module MaskImage # 7: CPU_time = 0.08 secs, Wall_time = 0.08 secs
Tue Aug 18 16:50:07 2026: Image # 33, module MaskObjects # 8: CPU_time = 0.48 secs, Wall_time = 0.47 secs
Tue Aug 18 16:50:08 2026: Image # 33, module MeasureObjectIntensity # 9: CPU_time = 3.52 secs, Wall_time = 3.51 secs
Tue Aug 18 16:50:11 2026: Image # 33, module MeasureColocalization # 10: CPU_time = 107.86 secs, Wall_time = 28.18 secs
Tue Aug 18 16:50:39 2026: Image # 33, module ExportToSpreadsheet # 11: CPU_time = 0.01 secs, Wall_time = 0.00 secs
Tue Aug 18 16:50:39 2026: Image # 34, module Images # 1: CPU_time = 0.00 secs, Wall_time = 0.00 secs
Tue Aug 18 16:50:39 2026: Image # 34, module Metadata # 2: CPU_time = 0.00 secs, Wall_time = 0.00 secs
Tue Aug 18 16:50:39 2026: Image # 34, module NamesAndTypes # 3: CPU_time = 5.19 secs, Wall_time = 3.80 secs
Tue Aug 18 16:50:43 2026: Image # 34, module Groups # 4: CPU_time = 0.00 secs, Wall_time = 0.00 secs
Tue Aug 18 16:50:43 2026: Image # 34, module MaskImage # 5: CPU_time = 0.08 secs, Wall_time = 0.08 secs
Tue Aug 18 16:50:43 2026: Image # 34, module MaskImage # 6: CPU_time = 0.07 secs, Wall_time = 0.08 secs
Tue Aug 18 16:50:43 2026: Image # 34, module MaskImage # 7: CPU_time = 0.09 secs, Wall_time = 0.09 secs
Tue Aug 18 16:50:43 2026: Image # 34, module MaskObjects # 8: CPU_time = 0.43 secs, Wall_time = 0.43 secs
Tue Aug 18 16:50:44 2026: Image # 34, module MeasureObjectIntensity # 9: CPU_time = 4.03 secs, Wall_time = 4.02 secs
Tue Aug 18 16:50:48 2026: Image # 34, module MeasureColocalization # 10: CPU_time = 154.11 secs, Wall_time = 39.91 secs
Tue Aug 18 16:51:28 2026: Image # 34, module ExportToSpreadsheet # 11: CPU_time = 0.04 secs, Wall_time = 0.01 secs
Tue Aug 18 16:51:28 2026: Image # 35, module Images # 1: CPU_time = 0.00 secs, Wall_time = 0.00 secs
Tue Aug 18 16:51:28 2026: Image # 35, module Metadata # 2: CPU_time = 0.00 secs, Wall_time = 0.00 secs
Tue Aug 18 16:51:28 2026: Image # 35, module NamesAndTypes # 3: CPU_time = 5.23 secs, Wall_time = 3.98 secs
Tue Aug 18 16:51:32 2026: Image # 35, module Groups # 4: CPU_time = 0.00 secs, Wall_time = 0.00 secs
Tue Aug 18 16:51:32 2026: Image # 35, module MaskImage # 5: CPU_time = 0.07 secs, Wall_time = 0.08 secs
Tue Aug 18 16:51:32 2026: Image # 35, module MaskImage # 6: CPU_time = 0.07 secs, Wall_time = 0.08 secs
Tue Aug 18 16:51:32 2026: Image # 35, module MaskImage # 7: CPU_time = 0.08 secs, Wall_time = 0.09 secs
Tue Aug 18 16:51:32 2026: Image # 35, module MaskObjects # 8: CPU_time = 0.53 secs, Wall_time = 0.53 secs
Tue Aug 18 16:51:33 2026: Image # 35, module MeasureObjectIntensity # 9: CPU_time = 7.22 secs, Wall_time = 7.21 secs
Tue Aug 18 16:51:40 2026: Image # 35, module MeasureColocalization # 10: CPU_time = 7.57 secs, Wall_time = 5.80 secs
Tue Aug 18 16:51:46 2026: Image # 35, module ExportToSpreadsheet # 11: CPU_time = 0.00 secs, Wall_time = 0.00 secs
Tue Aug 18 16:51:46 2026: Image # 36, module Images # 1: CPU_time = 0.00 secs, Wall_time = 0.00 secs
Tue Aug 18 16:51:46 2026: Image # 36, module Metadata # 2: CPU_time = 0.00 secs, Wall_time = 0.00 secs
Tue Aug 18 16:51:46 2026: Image # 36, module NamesAndTypes # 3: CPU_time = 5.15 secs, Wall_time = 3.85 secs
Tue Aug 18 16:51:50 2026: Image # 36, module Groups # 4: CPU_time = 0.00 secs, Wall_time = 0.00 secs
Tue Aug 18 16:51:50 2026: Image # 36, module MaskImage # 5: CPU_time = 0.08 secs, Wall_time = 0.08 secs
Tue Aug 18 16:51:50 2026: Image # 36, module MaskImage # 6: CPU_time = 0.07 secs, Wall_time = 0.08 secs
Tue Aug 18 16:51:50 2026: Image # 36, module MaskImage # 7: CPU_time = 0.08 secs, Wall_time = 0.08 secs
Tue Aug 18 16:51:50 2026: Image # 36, module MaskObjects # 8: CPU_time = 0.49 secs, Wall_time = 0.48 secs
Tue Aug 18 16:51:50 2026: Image # 36, module MeasureObjectIntensity # 9: CPU_time = 4.67 secs, Wall_time = 4.67 secs
Tue Aug 18 16:51:55 2026: Image # 36, module MeasureColocalization # 10: CPU_time = 48.38 secs, Wall_time = 13.61 secs
Tue Aug 18 16:52:09 2026: Image # 36, module ExportToSpreadsheet # 11: CPU_time = 0.00 secs, Wall_time = 0.00 secs
Tue Aug 18 16:52:09 2026: Image # 37, module Images # 1: CPU_time = 0.00 secs, Wall_time = 0.00 secs
Tue Aug 18 16:52:09 2026: Image # 37, module Metadata # 2: CPU_time = 0.00 secs, Wall_time = 0.00 secs
Tue Aug 18 16:52:09 2026: Image # 37, module NamesAndTypes # 3: CPU_time = 5.07 secs, Wall_time = 4.02 secs
Tue Aug 18 16:52:13 2026: Image # 37, module Groups # 4: CPU_time = 0.00 secs, Wall_time = 0.00 secs
Tue Aug 18 16:52:13 2026: Image # 37, module MaskImage # 5: CPU_time = 0.08 secs, Wall_time = 0.08 secs
Tue Aug 18 16:52:13 2026: Image # 37, module MaskImage # 6: CPU_time = 0.10 secs, Wall_time = 0.09 secs
Tue Aug 18 16:52:13 2026: Image # 37, module MaskImage # 7: CPU_time = 0.07 secs, Wall_time = 0.07 secs
Tue Aug 18 16:52:13 2026: Image # 37, module MaskObjects # 8: CPU_time = 0.49 secs, Wall_time = 0.49 secs
Tue Aug 18 16:52:13 2026: Image # 37, module MeasureObjectIntensity # 9: CPU_time = 9.23 secs, Wall_time = 9.22 secs
Tue Aug 18 16:52:23 2026: Image # 37, module MeasureColocalization # 10: CPU_time = 129.65 secs, Wall_time = 45.59 secs
Tue Aug 18 16:53:08 2026: Image # 37, module ExportToSpreadsheet # 11: CPU_time = 0.00 secs, Wall_time = 0.00 secs
Tue Aug 18 16:53:08 2026: Image # 38, module Images # 1: CPU_time = 0.00 secs, Wall_time = 0.00 secs
Tue Aug 18 16:53:08 2026: Image # 38, module Metadata # 2: CPU_time = 0.00 secs, Wall_time = 0.00 secs
Tue Aug 18 16:53:08 2026: Image # 38, module NamesAndTypes # 3: CPU_time = 5.14 secs, Wall_time = 4.22 secs
Tue Aug 18 16:53:12 2026: Image # 38, module Groups # 4: CPU_time = 0.00 secs, Wall_time = 0.00 secs
Tue Aug 18 16:53:12 2026: Image # 38, module MaskImage # 5: CPU_time = 0.07 secs, Wall_time = 0.08 secs
Tue Aug 18 16:53:12 2026: Image # 38, module MaskImage # 6: CPU_time = 0.09 secs, Wall_time = 0.08 secs
Tue Aug 18 16:53:13 2026: Image # 38, module MaskImage # 7: CPU_time = 0.08 secs, Wall_time = 0.08 secs
Tue Aug 18 16:53:13 2026: Image # 38, module MaskObjects # 8: CPU_time = 0.49 secs, Wall_time = 0.48 secs
Tue Aug 18 16:53:13 2026: Image # 38, module MeasureObjectIntensity # 9: CPU_time = 4.65 secs, Wall_time = 4.65 secs
Tue Aug 18 16:53:18 2026: Image # 38, module MeasureColocalization # 10: CPU_time = 3.18 secs, Wall_time = 2.31 secs
Tue Aug 18 16:53:20 2026: Image # 38, module ExportToSpreadsheet # 11: CPU_time = 0.00 secs, Wall_time = 0.00 secs
Tue Aug 18 16:53:20 2026: Image # 39, module Images # 1: CPU_time = 0.00 secs, Wall_time = 0.00 secs
Tue Aug 18 16:53:20 2026: Image # 39, module Metadata # 2: CPU_time = 0.00 secs, Wall_time = 0.00 secs
Tue Aug 18 16:53:20 2026: Image # 39, module NamesAndTypes # 3: CPU_time = 4.96 secs, Wall_time = 3.72 secs
Tue Aug 18 16:53:24 2026: Image # 39, module Groups # 4: CPU_time = 0.00 secs, Wall_time = 0.00 secs
Tue Aug 18 16:53:24 2026: Image # 39, module MaskImage # 5: CPU_time = 0.08 secs, Wall_time = 0.08 secs
Tue Aug 18 16:53:24 2026: Image # 39, module MaskImage # 6: CPU_time = 0.07 secs, Wall_time = 0.08 secs
Tue Aug 18 16:53:24 2026: Image # 39, module MaskImage # 7: CPU_time = 0.08 secs, Wall_time = 0.08 secs
Tue Aug 18 16:53:24 2026: Image # 39, module MaskObjects # 8: CPU_time = 0.51 secs, Wall_time = 0.51 secs
Tue Aug 18 16:53:25 2026: Image # 39, module MeasureObjectIntensity # 9: CPU_time = 5.89 secs, Wall_time = 5.89 secs
Tue Aug 18 16:53:30 2026: Image # 39, module MeasureColocalization # 10: CPU_time = 4.20 secs, Wall_time = 3.13 secs
Tue Aug 18 16:53:34 2026: Image # 39, module ExportToSpreadsheet # 11: CPU_time = 0.00 secs, Wall_time = 0.00 secs
Tue Aug 18 16:53:34 2026: Image # 40, module Images # 1: CPU_time = 0.00 secs, Wall_time = 0.00 secs
Tue Aug 18 16:53:34 2026: Image # 40, module Metadata # 2: CPU_time = 0.00 secs, Wall_time = 0.00 secs
Tue Aug 18 16:53:34 2026: Image # 40, module NamesAndTypes # 3: CPU_time = 5.18 secs, Wall_time = 4.32 secs
Tue Aug 18 16:53:38 2026: Image # 40, module Groups # 4: CPU_time = 0.00 secs, Wall_time = 0.00 secs
Tue Aug 18 16:53:38 2026: Image # 40, module MaskImage # 5: CPU_time = 0.07 secs, Wall_time = 0.08 secs
Tue Aug 18 16:53:38 2026: Image # 40, module MaskImage # 6: CPU_time = 0.08 secs, Wall_time = 0.08 secs
Tue Aug 18 16:53:38 2026: Image # 40, module MaskImage # 7: CPU_time = 0.07 secs, Wall_time = 0.07 secs
Tue Aug 18 16:53:38 2026: Image # 40, module MaskObjects # 8: CPU_time = 0.55 secs, Wall_time = 0.55 secs
Tue Aug 18 16:53:39 2026: Image # 40, module MeasureObjectIntensity # 9: CPU_time = 7.57 secs, Wall_time = 7.56 secs
Tue Aug 18 16:53:46 2026: Image # 40, module MeasureColocalization # 10: CPU_time = 91.37 secs, Wall_time = 30.68 secs
Tue Aug 18 16:54:17 2026: Image # 40, module ExportToSpreadsheet # 11: CPU_time = 0.01 secs, Wall_time = 0.00 secs
Tue Aug 18 16:54:17 2026: Image # 41, module Images # 1: CPU_time = 0.00 secs, Wall_time = 0.00 secs
Tue Aug 18 16:54:17 2026: Image # 41, module Metadata # 2: CPU_time = 0.00 secs, Wall_time = 0.00 secs
Tue Aug 18 16:54:17 2026: Image # 41, module NamesAndTypes # 3: CPU_time = 5.27 secs, Wall_time = 3.73 secs
Tue Aug 18 16:54:21 2026: Image # 41, module Groups # 4: CPU_time = 0.00 secs, Wall_time = 0.00 secs
Tue Aug 18 16:54:21 2026: Image # 41, module MaskImage # 5: CPU_time = 0.08 secs, Wall_time = 0.07 secs
Tue Aug 18 16:54:21 2026: Image # 41, module MaskImage # 6: CPU_time = 0.07 secs, Wall_time = 0.08 secs
Tue Aug 18 16:54:21 2026: Image # 41, module MaskImage # 7: CPU_time = 0.09 secs, Wall_time = 0.09 secs
Tue Aug 18 16:54:21 2026: Image # 41, module MaskObjects # 8: CPU_time = 0.57 secs, Wall_time = 0.57 secs
Tue Aug 18 16:54:22 2026: Image # 41, module MeasureObjectIntensity # 9: CPU_time = 7.41 secs, Wall_time = 7.41 secs
Tue Aug 18 16:54:29 2026: Image # 41, module MeasureColocalization # 10: CPU_time = 7.57 secs, Wall_time = 5.79 secs
Tue Aug 18 16:54:35 2026: Image # 41, module ExportToSpreadsheet # 11: CPU_time = 0.00 secs, Wall_time = 0.00 secs
Tue Aug 18 16:54:35 2026: Image # 42, module Images # 1: CPU_time = 0.00 secs, Wall_time = 0.00 secs
Tue Aug 18 16:54:35 2026: Image # 42, module Metadata # 2: CPU_time = 0.00 secs, Wall_time = 0.00 secs
Tue Aug 18 16:54:35 2026: Image # 42, module NamesAndTypes # 3: CPU_time = 5.63 secs, Wall_time = 4.13 secs
Tue Aug 18 16:54:39 2026: Image # 42, module Groups # 4: CPU_time = 0.00 secs, Wall_time = 0.00 secs
Tue Aug 18 16:54:39 2026: Image # 42, module MaskImage # 5: CPU_time = 0.08 secs, Wall_time = 0.08 secs
Tue Aug 18 16:54:39 2026: Image # 42, module MaskImage # 6: CPU_time = 0.07 secs, Wall_time = 0.08 secs
Tue Aug 18 16:54:39 2026: Image # 42, module MaskImage # 7: CPU_time = 0.09 secs, Wall_time = 0.08 secs
Tue Aug 18 16:54:39 2026: Image # 42, module MaskObjects # 8: CPU_time = 0.57 secs, Wall_time = 0.57 secs
Tue Aug 18 16:54:40 2026: Image # 42, module MeasureObjectIntensity # 9: CPU_time = 7.39 secs, Wall_time = 7.37 secs
Tue Aug 18 16:54:47 2026: Image # 42, module MeasureColocalization # 10: CPU_time = 5.29 secs, Wall_time = 4.10 secs
Tue Aug 18 16:54:51 2026: Image # 42, module ExportToSpreadsheet # 11: CPU_time = 0.00 secs, Wall_time = 0.00 secs
Tue Aug 18 16:54:51 2026: Image # 43, module Images # 1: CPU_time = 0.00 secs, Wall_time = 0.00 secs
Tue Aug 18 16:54:51 2026: Image # 43, module Metadata # 2: CPU_time = 0.00 secs, Wall_time = 0.00 secs
Tue Aug 18 16:54:51 2026: Image # 43, module NamesAndTypes # 3: CPU_time = 5.37 secs, Wall_time = 4.09 secs
Tue Aug 18 16:54:55 2026: Image # 43, module Groups # 4: CPU_time = 0.00 secs, Wall_time = 0.00 secs
Tue Aug 18 16:54:55 2026: Image # 43, module MaskImage # 5: CPU_time = 0.07 secs, Wall_time = 0.07 secs
Tue Aug 18 16:54:55 2026: Image # 43, module MaskImage # 6: CPU_time = 0.09 secs, Wall_time = 0.08 secs
Tue Aug 18 16:54:55 2026: Image # 43, module MaskImage # 7: CPU_time = 0.08 secs, Wall_time = 0.08 secs
Tue Aug 18 16:54:56 2026: Image # 43, module MaskObjects # 8: CPU_time = 0.50 secs, Wall_time = 0.50 secs
Tue Aug 18 16:54:56 2026: Image # 43, module MeasureObjectIntensity # 9: CPU_time = 5.47 secs, Wall_time = 5.46 secs
Tue Aug 18 16:55:02 2026: Image # 43, module MeasureColocalization # 10: CPU_time = 78.59 secs, Wall_time = 22.81 secs
Tue Aug 18 16:55:24 2026: Image # 43, module ExportToSpreadsheet # 11: CPU_time = 0.00 secs, Wall_time = 0.00 secs
Tue Aug 18 16:55:24 2026: Image # 44, module Images # 1: CPU_time = 0.00 secs, Wall_time = 0.00 secs
Tue Aug 18 16:55:24 2026: Image # 44, module Metadata # 2: CPU_time = 0.00 secs, Wall_time = 0.00 secs
Tue Aug 18 16:55:24 2026: Image # 44, module NamesAndTypes # 3: CPU_time = 5.31 secs, Wall_time = 3.94 secs
Tue Aug 18 16:55:28 2026: Image # 44, module Groups # 4: CPU_time = 0.00 secs, Wall_time = 0.00 secs
Tue Aug 18 16:55:28 2026: Image # 44, module MaskImage # 5: CPU_time = 0.09 secs, Wall_time = 0.08 secs
Tue Aug 18 16:55:28 2026: Image # 44, module MaskImage # 6: CPU_time = 0.08 secs, Wall_time = 0.08 secs
Tue Aug 18 16:55:28 2026: Image # 44, module MaskImage # 7: CPU_time = 0.09 secs, Wall_time = 0.09 secs
Tue Aug 18 16:55:29 2026: Image # 44, module MaskObjects # 8: CPU_time = 0.59 secs, Wall_time = 0.58 secs
Tue Aug 18 16:55:29 2026: Image # 44, module MeasureObjectIntensity # 9: CPU_time = 6.06 secs, Wall_time = 6.06 secs
Tue Aug 18 16:55:35 2026: Image # 44, module MeasureColocalization # 10: CPU_time = 122.61 secs, Wall_time = 33.11 secs
Tue Aug 18 16:56:08 2026: Image # 44, module ExportToSpreadsheet # 11: CPU_time = 0.00 secs, Wall_time = 0.00 secs
Tue Aug 18 16:56:08 2026: Image # 45, module Images # 1: CPU_time = 0.00 secs, Wall_time = 0.00 secs
Tue Aug 18 16:56:08 2026: Image # 45, module Metadata # 2: CPU_time = 0.00 secs, Wall_time = 0.00 secs
Tue Aug 18 16:56:08 2026: Image # 45, module NamesAndTypes # 3: CPU_time = 5.28 secs, Wall_time = 4.09 secs
Tue Aug 18 16:56:12 2026: Image # 45, module Groups # 4: CPU_time = 0.00 secs, Wall_time = 0.00 secs
Tue Aug 18 16:56:12 2026: Image # 45, module MaskImage # 5: CPU_time = 0.08 secs, Wall_time = 0.08 secs
Tue Aug 18 16:56:13 2026: Image # 45, module MaskImage # 6: CPU_time = 0.08 secs, Wall_time = 0.07 secs
Tue Aug 18 16:56:13 2026: Image # 45, module MaskImage # 7: CPU_time = 0.08 secs, Wall_time = 0.08 secs
Tue Aug 18 16:56:13 2026: Image # 45, module MaskObjects # 8: CPU_time = 0.49 secs, Wall_time = 0.49 secs
Tue Aug 18 16:56:13 2026: Image # 45, module MeasureObjectIntensity # 9: CPU_time = 4.03 secs, Wall_time = 4.02 secs
Tue Aug 18 16:56:17 2026: Image # 45, module MeasureColocalization # 10: CPU_time = 33.44 secs, Wall_time = 9.52 secs
Tue Aug 18 16:56:27 2026: Image # 45, module ExportToSpreadsheet # 11: CPU_time = 0.03 secs, Wall_time = 0.01 secs
Tue Aug 18 16:56:27 2026: Image # 46, module Images # 1: CPU_time = 0.00 secs, Wall_time = 0.00 secs
Tue Aug 18 16:56:27 2026: Image # 46, module Metadata # 2: CPU_time = 0.00 secs, Wall_time = 0.00 secs
Tue Aug 18 16:56:27 2026: Image # 46, module NamesAndTypes # 3: CPU_time = 5.45 secs, Wall_time = 4.33 secs
Tue Aug 18 16:56:31 2026: Image # 46, module Groups # 4: CPU_time = 0.00 secs, Wall_time = 0.00 secs
Tue Aug 18 16:56:31 2026: Image # 46, module MaskImage # 5: CPU_time = 0.08 secs, Wall_time = 0.08 secs
Tue Aug 18 16:56:31 2026: Image # 46, module MaskImage # 6: CPU_time = 0.08 secs, Wall_time = 0.08 secs
Tue Aug 18 16:56:31 2026: Image # 46, module MaskImage # 7: CPU_time = 0.08 secs, Wall_time = 0.08 secs
Tue Aug 18 16:56:31 2026: Image # 46, module MaskObjects # 8: CPU_time = 0.53 secs, Wall_time = 0.53 secs
Tue Aug 18 16:56:32 2026: Image # 46, module MeasureObjectIntensity # 9: CPU_time = 4.58 secs, Wall_time = 4.57 secs
Tue Aug 18 16:56:36 2026: Image # 46, module MeasureColocalization # 10: CPU_time = 40.98 secs, Wall_time = 12.24 secs
Tue Aug 18 16:56:49 2026: Image # 46, module ExportToSpreadsheet # 11: CPU_time = 0.00 secs, Wall_time = 0.00 secs
Tue Aug 18 16:56:49 2026: Image # 47, module Images # 1: CPU_time = 0.00 secs, Wall_time = 0.00 secs
Tue Aug 18 16:56:49 2026: Image # 47, module Metadata # 2: CPU_time = 0.00 secs, Wall_time = 0.00 secs
Tue Aug 18 16:56:49 2026: Image # 47, module NamesAndTypes # 3: CPU_time = 5.36 secs, Wall_time = 4.15 secs
Tue Aug 18 16:56:53 2026: Image # 47, module Groups # 4: CPU_time = 0.00 secs, Wall_time = 0.00 secs
Tue Aug 18 16:56:53 2026: Image # 47, module MaskImage # 5: CPU_time = 0.07 secs, Wall_time = 0.08 secs
Tue Aug 18 16:56:53 2026: Image # 47, module MaskImage # 6: CPU_time = 0.07 secs, Wall_time = 0.08 secs
Tue Aug 18 16:56:53 2026: Image # 47, module MaskImage # 7: CPU_time = 0.08 secs, Wall_time = 0.08 secs
Tue Aug 18 16:56:53 2026: Image # 47, module MaskObjects # 8: CPU_time = 0.51 secs, Wall_time = 0.52 secs
Tue Aug 18 16:56:54 2026: Image # 47, module MeasureObjectIntensity # 9: CPU_time = 3.74 secs, Wall_time = 3.73 secs
Tue Aug 18 16:56:57 2026: Image # 47, module MeasureColocalization # 10: CPU_time = 24.54 secs, Wall_time = 7.09 secs
Tue Aug 18 16:57:04 2026: Image # 47, module ExportToSpreadsheet # 11: CPU_time = 0.01 secs, Wall_time = 0.00 secs
Tue Aug 18 16:57:04 2026: Image # 48, module Images # 1: CPU_time = 0.00 secs, Wall_time = 0.00 secs
Tue Aug 18 16:57:04 2026: Image # 48, module Metadata # 2: CPU_time = 0.00 secs, Wall_time = 0.00 secs
Tue Aug 18 16:57:04 2026: Image # 48, module NamesAndTypes # 3: CPU_time = 5.38 secs, Wall_time = 4.12 secs
Tue Aug 18 16:57:09 2026: Image # 48, module Groups # 4: CPU_time = 0.00 secs, Wall_time = 0.00 secs
Tue Aug 18 16:57:09 2026: Image # 48, module MaskImage # 5: CPU_time = 0.08 secs, Wall_time = 0.07 secs
Tue Aug 18 16:57:09 2026: Image # 48, module MaskImage # 6: CPU_time = 0.07 secs, Wall_time = 0.07 secs
Tue Aug 18 16:57:09 2026: Image # 48, module MaskImage # 7: CPU_time = 0.09 secs, Wall_time = 0.08 secs
Tue Aug 18 16:57:09 2026: Image # 48, module MaskObjects # 8: CPU_time = 0.50 secs, Wall_time = 0.50 secs
Tue Aug 18 16:57:09 2026: Image # 48, module MeasureObjectIntensity # 9: CPU_time = 4.37 secs, Wall_time = 4.36 secs
Tue Aug 18 16:57:14 2026: Image # 48, module MeasureColocalization # 10: CPU_time = 79.31 secs, Wall_time = 21.47 secs
Tue Aug 18 16:57:35 2026: Image # 48, module ExportToSpreadsheet # 11: CPU_time = 0.01 secs, Wall_time = 0.00 secs
Tue Aug 18 16:57:35 2026: Image # 49, module Images # 1: CPU_time = 0.00 secs, Wall_time = 0.00 secs
Tue Aug 18 16:57:35 2026: Image # 49, module Metadata # 2: CPU_time = 0.00 secs, Wall_time = 0.00 secs
Tue Aug 18 16:57:35 2026: Image # 49, module NamesAndTypes # 3: CPU_time = 5.37 secs, Wall_time = 5.15 secs
Tue Aug 18 16:57:40 2026: Image # 49, module Groups # 4: CPU_time = 0.00 secs, Wall_time = 0.00 secs
Tue Aug 18 16:57:40 2026: Image # 49, module MaskImage # 5: CPU_time = 0.08 secs, Wall_time = 0.08 secs
Tue Aug 18 16:57:40 2026: Image # 49, module MaskImage # 6: CPU_time = 0.07 secs, Wall_time = 0.07 secs
Tue Aug 18 16:57:40 2026: Image # 49, module MaskImage # 7: CPU_time = 0.08 secs, Wall_time = 0.08 secs
Tue Aug 18 16:57:41 2026: Image # 49, module MaskObjects # 8: CPU_time = 0.49 secs, Wall_time = 0.49 secs
Tue Aug 18 16:57:41 2026: Image # 49, module MeasureObjectIntensity # 9: CPU_time = 5.74 secs, Wall_time = 5.72 secs
Tue Aug 18 16:57:47 2026: Image # 49, module MeasureColocalization # 10: CPU_time = 87.18 secs, Wall_time = 24.89 secs
Tue Aug 18 16:58:12 2026: Image # 49, module ExportToSpreadsheet # 11: CPU_time = 0.01 secs, Wall_time = 0.00 secs
Tue Aug 18 16:58:12 2026: Image # 50, module Images # 1: CPU_time = 0.00 secs, Wall_time = 0.00 secs
Tue Aug 18 16:58:12 2026: Image # 50, module Metadata # 2: CPU_time = 0.00 secs, Wall_time = 0.00 secs
Tue Aug 18 16:58:12 2026: Image # 50, module NamesAndTypes # 3: CPU_time = 5.20 secs, Wall_time = 5.17 secs
Tue Aug 18 16:58:17 2026: Image # 50, module Groups # 4: CPU_time = 0.00 secs, Wall_time = 0.00 secs
Tue Aug 18 16:58:17 2026: Image # 50, module MaskImage # 5: CPU_time = 0.08 secs, Wall_time = 0.08 secs
Tue Aug 18 16:58:17 2026: Image # 50, module MaskImage # 6: CPU_time = 0.08 secs, Wall_time = 0.08 secs
Tue Aug 18 16:58:17 2026: Image # 50, module MaskImage # 7: CPU_time = 0.07 secs, Wall_time = 0.08 secs
Tue Aug 18 16:58:17 2026: Image # 50, module MaskObjects # 8: CPU_time = 0.48 secs, Wall_time = 0.49 secs
Tue Aug 18 16:58:18 2026: Image # 50, module MeasureObjectIntensity # 9: CPU_time = 4.95 secs, Wall_time = 4.94 secs
Tue Aug 18 16:58:23 2026: Image # 50, module MeasureColocalization # 10: CPU_time = 35.34 secs, Wall_time = 10.88 secs
Tue Aug 18 16:58:33 2026: Image # 50, module ExportToSpreadsheet # 11: CPU_time = 0.00 secs, Wall_time = 0.00 secs
