Times reported are CPU and Wall-clock times for each module
Mon Aug 17 12:24:35 2026: Image # 1, module Images # 1: CPU_time = 0.00 secs, Wall_time = 0.00 secs
Mon Aug 17 12:24:35 2026: Image # 1, module Metadata # 2: CPU_time = 0.00 secs, Wall_time = 0.00 secs
Mon Aug 17 12:24:35 2026: Image # 1, module NamesAndTypes # 3: CPU_time = 5.10 secs, Wall_time = 4.83 secs
Mon Aug 17 12:24:40 2026: Image # 1, module Groups # 4: CPU_time = 0.00 secs, Wall_time = 0.00 secs
Mon Aug 17 12:24:40 2026: Image # 1, module MaskImage # 5: CPU_time = 0.09 secs, Wall_time = 0.08 secs
Mon Aug 17 12:24:40 2026: Image # 1, module MaskImage # 6: CPU_time = 0.08 secs, Wall_time = 0.08 secs
Mon Aug 17 12:24:40 2026: Image # 1, module MaskImage # 7: CPU_time = 0.18 secs, Wall_time = 0.09 secs
Mon Aug 17 12:24:40 2026: Image # 1, module MaskObjects # 8: CPU_time = 0.72 secs, Wall_time = 0.51 secs
Mon Aug 17 12:24:41 2026: Image # 1, module MeasureObjectSizeShape # 9: CPU_time = 30.93 secs, Wall_time = 30.02 secs
Mon Aug 17 12:25:11 2026: Image # 1, module MeasureObjectIntensity # 10: CPU_time = 7.56 secs, Wall_time = 7.56 secs
Mon Aug 17 12:25:19 2026: Image # 1, module MeasureColocalization # 12: CPU_time = 1097.75 secs, Wall_time = 281.48 secs
Mon Aug 17 12:30:00 2026: Image # 1, module ExportToSpreadsheet # 13: CPU_time = 0.00 secs, Wall_time = 0.00 secs
Mon Aug 17 12:30:00 2026: Image # 2, module Images # 1: CPU_time = 0.00 secs, Wall_time = 0.00 secs
Mon Aug 17 12:30:00 2026: Image # 2, module Metadata # 2: CPU_time = 0.00 secs, Wall_time = 0.00 secs
Mon Aug 17 12:30:00 2026: Image # 2, module NamesAndTypes # 3: CPU_time = 4.04 secs, Wall_time = 4.90 secs
Mon Aug 17 12:30:05 2026: Image # 2, module Groups # 4: CPU_time = 0.00 secs, Wall_time = 0.00 secs
Mon Aug 17 12:30:05 2026: Image # 2, module MaskImage # 5: CPU_time = 0.08 secs, Wall_time = 0.07 secs
Mon Aug 17 12:30:05 2026: Image # 2, module MaskImage # 6: CPU_time = 0.07 secs, Wall_time = 0.07 secs
Mon Aug 17 12:30:05 2026: Image # 2, module MaskImage # 7: CPU_time = 0.19 secs, Wall_time = 0.10 secs
Mon Aug 17 12:30:05 2026: Image # 2, module MaskObjects # 8: CPU_time = 0.73 secs, Wall_time = 0.50 secs
Mon Aug 17 12:30:06 2026: Image # 2, module MeasureObjectSizeShape # 9: CPU_time = 34.82 secs, Wall_time = 33.70 secs
Mon Aug 17 12:30:39 2026: Image # 2, module MeasureObjectIntensity # 10: CPU_time = 7.71 secs, Wall_time = 7.71 secs
Mon Aug 17 12:30:47 2026: Image # 2, module MeasureColocalization # 12: CPU_time = 5.42 secs, Wall_time = 4.23 secs
Mon Aug 17 12:30:51 2026: Image # 2, module ExportToSpreadsheet # 13: CPU_time = 0.00 secs, Wall_time = 0.00 secs
Mon Aug 17 12:30:51 2026: Image # 3, module Images # 1: CPU_time = 0.00 secs, Wall_time = 0.00 secs
Mon Aug 17 12:30:51 2026: Image # 3, module Metadata # 2: CPU_time = 0.00 secs, Wall_time = 0.00 secs
Mon Aug 17 12:30:51 2026: Image # 3, module NamesAndTypes # 3: CPU_time = 4.27 secs, Wall_time = 4.47 secs
Mon Aug 17 12:30:56 2026: Image # 3, module Groups # 4: CPU_time = 0.00 secs, Wall_time = 0.00 secs
Mon Aug 17 12:30:56 2026: Image # 3, module MaskImage # 5: CPU_time = 0.07 secs, Wall_time = 0.07 secs
Mon Aug 17 12:30:56 2026: Image # 3, module MaskImage # 6: CPU_time = 0.06 secs, Wall_time = 0.07 secs
Mon Aug 17 12:30:56 2026: Image # 3, module MaskImage # 7: CPU_time = 0.15 secs, Wall_time = 0.08 secs
Mon Aug 17 12:30:56 2026: Image # 3, module MaskObjects # 8: CPU_time = 0.72 secs, Wall_time = 0.53 secs
Mon Aug 17 12:30:57 2026: Image # 3, module MeasureObjectSizeShape # 9: CPU_time = 37.75 secs, Wall_time = 36.68 secs
Mon Aug 17 12:31:33 2026: Image # 3, module MeasureObjectIntensity # 10: CPU_time = 8.86 secs, Wall_time = 8.83 secs
Mon Aug 17 12:31:42 2026: Image # 3, module MeasureColocalization # 12: CPU_time = 5.69 secs, Wall_time = 4.61 secs
Mon Aug 17 12:31:47 2026: Image # 3, module ExportToSpreadsheet # 13: CPU_time = 0.00 secs, Wall_time = 0.00 secs
Mon Aug 17 12:31:47 2026: Image # 4, module Images # 1: CPU_time = 0.00 secs, Wall_time = 0.00 secs
Mon Aug 17 12:31:47 2026: Image # 4, module Metadata # 2: CPU_time = 0.00 secs, Wall_time = 0.00 secs
Mon Aug 17 12:31:47 2026: Image # 4, module NamesAndTypes # 3: CPU_time = 4.54 secs, Wall_time = 5.58 secs
Mon Aug 17 12:31:52 2026: Image # 4, module Groups # 4: CPU_time = 0.00 secs, Wall_time = 0.00 secs
Mon Aug 17 12:31:52 2026: Image # 4, module MaskImage # 5: CPU_time = 0.07 secs, Wall_time = 0.07 secs
Mon Aug 17 12:31:52 2026: Image # 4, module MaskImage # 6: CPU_time = 0.08 secs, Wall_time = 0.07 secs
Mon Aug 17 12:31:53 2026: Image # 4, module MaskImage # 7: CPU_time = 0.15 secs, Wall_time = 0.08 secs
Mon Aug 17 12:31:53 2026: Image # 4, module MaskObjects # 8: CPU_time = 0.71 secs, Wall_time = 0.49 secs
Mon Aug 17 12:31:53 2026: Image # 4, module MeasureObjectSizeShape # 9: CPU_time = 27.81 secs, Wall_time = 27.20 secs
Mon Aug 17 12:32:20 2026: Image # 4, module MeasureObjectIntensity # 10: CPU_time = 6.64 secs, Wall_time = 6.63 secs
Mon Aug 17 12:32:27 2026: Image # 4, module MeasureColocalization # 12: CPU_time = 385.38 secs, Wall_time = 140.72 secs
Mon Aug 17 12:34:48 2026: Image # 4, module ExportToSpreadsheet # 13: CPU_time = 0.00 secs, Wall_time = 0.00 secs
Mon Aug 17 12:34:48 2026: Image # 5, module Images # 1: CPU_time = 0.00 secs, Wall_time = 0.00 secs
Mon Aug 17 12:34:48 2026: Image # 5, module Metadata # 2: CPU_time = 0.00 secs, Wall_time = 0.00 secs
Mon Aug 17 12:34:48 2026: Image # 5, module NamesAndTypes # 3: CPU_time = 4.60 secs, Wall_time = 4.34 secs
Mon Aug 17 12:34:52 2026: Image # 5, module Groups # 4: CPU_time = 0.00 secs, Wall_time = 0.00 secs
Mon Aug 17 12:34:52 2026: Image # 5, module MaskImage # 5: CPU_time = 0.07 secs, Wall_time = 0.07 secs
Mon Aug 17 12:34:52 2026: Image # 5, module MaskImage # 6: CPU_time = 0.09 secs, Wall_time = 0.09 secs
Mon Aug 17 12:34:52 2026: Image # 5, module MaskImage # 7: CPU_time = 0.15 secs, Wall_time = 0.08 secs
Mon Aug 17 12:34:52 2026: Image # 5, module MaskObjects # 8: CPU_time = 0.71 secs, Wall_time = 0.51 secs
Mon Aug 17 12:34:53 2026: Image # 5, module MeasureObjectSizeShape # 9: CPU_time = 31.81 secs, Wall_time = 30.72 secs
Mon Aug 17 12:35:23 2026: Image # 5, module MeasureObjectIntensity # 10: CPU_time = 6.41 secs, Wall_time = 6.40 secs
Mon Aug 17 12:35:30 2026: Image # 5, module MeasureColocalization # 12: CPU_time = 4.92 secs, Wall_time = 3.74 secs
Mon Aug 17 12:35:34 2026: Image # 5, module ExportToSpreadsheet # 13: CPU_time = 0.00 secs, Wall_time = 0.00 secs
Mon Aug 17 12:35:34 2026: Image # 6, module Images # 1: CPU_time = 0.00 secs, Wall_time = 0.00 secs
Mon Aug 17 12:35:34 2026: Image # 6, module Metadata # 2: CPU_time = 0.00 secs, Wall_time = 0.00 secs
Mon Aug 17 12:35:34 2026: Image # 6, module NamesAndTypes # 3: CPU_time = 4.39 secs, Wall_time = 5.41 secs
Mon Aug 17 12:35:39 2026: Image # 6, module Groups # 4: CPU_time = 0.00 secs, Wall_time = 0.00 secs
Mon Aug 17 12:35:39 2026: Image # 6, module MaskImage # 5: CPU_time = 0.07 secs, Wall_time = 0.07 secs
Mon Aug 17 12:35:39 2026: Image # 6, module MaskImage # 6: CPU_time = 0.06 secs, Wall_time = 0.07 secs
Mon Aug 17 12:35:39 2026: Image # 6, module MaskImage # 7: CPU_time = 0.15 secs, Wall_time = 0.08 secs
Mon Aug 17 12:35:39 2026: Image # 6, module MaskObjects # 8: CPU_time = 0.69 secs, Wall_time = 0.49 secs
Mon Aug 17 12:35:40 2026: Image # 6, module MeasureObjectSizeShape # 9: CPU_time = 26.05 secs, Wall_time = 25.15 secs
Mon Aug 17 12:36:05 2026: Image # 6, module MeasureObjectIntensity # 10: CPU_time = 4.29 secs, Wall_time = 4.29 secs
Mon Aug 17 12:36:09 2026: Image # 6, module MeasureColocalization # 12: CPU_time = 2.66 secs, Wall_time = 1.89 secs
Mon Aug 17 12:36:11 2026: Image # 6, module ExportToSpreadsheet # 13: CPU_time = 0.00 secs, Wall_time = 0.00 secs
Mon Aug 17 12:36:11 2026: Image # 7, module Images # 1: CPU_time = 0.00 secs, Wall_time = 0.00 secs
Mon Aug 17 12:36:11 2026: Image # 7, module Metadata # 2: CPU_time = 0.00 secs, Wall_time = 0.00 secs
Mon Aug 17 12:36:11 2026: Image # 7, module NamesAndTypes # 3: CPU_time = 4.60 secs, Wall_time = 3.83 secs
Mon Aug 17 12:36:15 2026: Image # 7, module Groups # 4: CPU_time = 0.00 secs, Wall_time = 0.00 secs
Mon Aug 17 12:36:15 2026: Image # 7, module MaskImage # 5: CPU_time = 0.08 secs, Wall_time = 0.07 secs
Mon Aug 17 12:36:15 2026: Image # 7, module MaskImage # 6: CPU_time = 0.09 secs, Wall_time = 0.08 secs
Mon Aug 17 12:36:15 2026: Image # 7, module MaskImage # 7: CPU_time = 0.15 secs, Wall_time = 0.08 secs
Mon Aug 17 12:36:15 2026: Image # 7, module MaskObjects # 8: CPU_time = 0.71 secs, Wall_time = 0.52 secs
Mon Aug 17 12:36:16 2026: Image # 7, module MeasureObjectSizeShape # 9: CPU_time = 33.62 secs, Wall_time = 33.58 secs
Mon Aug 17 12:36:49 2026: Image # 7, module MeasureObjectIntensity # 10: CPU_time = 8.90 secs, Wall_time = 8.89 secs
Mon Aug 17 12:36:58 2026: Image # 7, module MeasureColocalization # 12: CPU_time = 1610.49 secs, Wall_time = 524.45 secs
Mon Aug 17 12:45:43 2026: Image # 7, module ExportToSpreadsheet # 13: CPU_time = 0.00 secs, Wall_time = 0.00 secs
Mon Aug 17 12:45:43 2026: Image # 8, module Images # 1: CPU_time = 0.00 secs, Wall_time = 0.00 secs
Mon Aug 17 12:45:43 2026: Image # 8, module Metadata # 2: CPU_time = 0.00 secs, Wall_time = 0.00 secs
Mon Aug 17 12:45:43 2026: Image # 8, module NamesAndTypes # 3: CPU_time = 5.33 secs, Wall_time = 4.35 secs
Mon Aug 17 12:45:47 2026: Image # 8, module Groups # 4: CPU_time = 0.00 secs, Wall_time = 0.00 secs
Mon Aug 17 12:45:47 2026: Image # 8, module MaskImage # 5: CPU_time = 0.08 secs, Wall_time = 0.08 secs
Mon Aug 17 12:45:47 2026: Image # 8, module MaskImage # 6: CPU_time = 0.08 secs, Wall_time = 0.08 secs
Mon Aug 17 12:45:47 2026: Image # 8, module MaskImage # 7: CPU_time = 0.18 secs, Wall_time = 0.09 secs
Mon Aug 17 12:45:47 2026: Image # 8, module MaskObjects # 8: CPU_time = 0.80 secs, Wall_time = 0.56 secs
Mon Aug 17 12:45:48 2026: Image # 8, module MeasureObjectSizeShape # 9: CPU_time = 34.60 secs, Wall_time = 34.58 secs
Mon Aug 17 12:46:22 2026: Image # 8, module MeasureObjectIntensity # 10: CPU_time = 7.11 secs, Wall_time = 7.09 secs
Mon Aug 17 12:46:30 2026: Image # 8, module MeasureColocalization # 12: CPU_time = 5.20 secs, Wall_time = 4.07 secs
Mon Aug 17 12:46:34 2026: Image # 8, module ExportToSpreadsheet # 13: CPU_time = 0.00 secs, Wall_time = 0.00 secs
Mon Aug 17 12:46:34 2026: Image # 9, module Images # 1: CPU_time = 0.00 secs, Wall_time = 0.00 secs
Mon Aug 17 12:46:34 2026: Image # 9, module Metadata # 2: CPU_time = 0.00 secs, Wall_time = 0.00 secs
Mon Aug 17 12:46:34 2026: Image # 9, module NamesAndTypes # 3: CPU_time = 4.97 secs, Wall_time = 4.49 secs
Mon Aug 17 12:46:38 2026: Image # 9, module Groups # 4: CPU_time = 0.00 secs, Wall_time = 0.00 secs
Mon Aug 17 12:46:38 2026: Image # 9, module MaskImage # 5: CPU_time = 0.08 secs, Wall_time = 0.08 secs
Mon Aug 17 12:46:38 2026: Image # 9, module MaskImage # 6: CPU_time = 0.08 secs, Wall_time = 0.08 secs
Mon Aug 17 12:46:38 2026: Image # 9, module MaskImage # 7: CPU_time = 0.17 secs, Wall_time = 0.08 secs
Mon Aug 17 12:46:38 2026: Image # 9, module MaskObjects # 8: CPU_time = 0.80 secs, Wall_time = 0.56 secs
Mon Aug 17 12:46:39 2026: Image # 9, module MeasureObjectSizeShape # 9: CPU_time = 33.78 secs, Wall_time = 33.76 secs
Mon Aug 17 12:47:13 2026: Image # 9, module MeasureObjectIntensity # 10: CPU_time = 6.61 secs, Wall_time = 6.61 secs
Mon Aug 17 12:47:19 2026: Image # 9, module MeasureColocalization # 12: CPU_time = 4.44 secs, Wall_time = 3.39 secs
Mon Aug 17 12:47:23 2026: Image # 9, module ExportToSpreadsheet # 13: CPU_time = 0.00 secs, Wall_time = 0.00 secs
Mon Aug 17 12:47:23 2026: Image # 10, module Images # 1: CPU_time = 0.00 secs, Wall_time = 0.00 secs
Mon Aug 17 12:47:23 2026: Image # 10, module Metadata # 2: CPU_time = 0.00 secs, Wall_time = 0.00 secs
Mon Aug 17 12:47:23 2026: Image # 10, module NamesAndTypes # 3: CPU_time = 5.20 secs, Wall_time = 4.66 secs
Mon Aug 17 12:47:27 2026: Image # 10, module Groups # 4: CPU_time = 0.00 secs, Wall_time = 0.00 secs
Mon Aug 17 12:47:27 2026: Image # 10, module MaskImage # 5: CPU_time = 0.08 secs, Wall_time = 0.08 secs
Mon Aug 17 12:47:27 2026: Image # 10, module MaskImage # 6: CPU_time = 0.08 secs, Wall_time = 0.08 secs
Mon Aug 17 12:47:28 2026: Image # 10, module MaskImage # 7: CPU_time = 0.18 secs, Wall_time = 0.09 secs
Mon Aug 17 12:47:28 2026: Image # 10, module MaskObjects # 8: CPU_time = 0.88 secs, Wall_time = 0.62 secs
Mon Aug 17 12:47:28 2026: Image # 10, module MeasureObjectSizeShape # 9: CPU_time = 35.35 secs, Wall_time = 35.32 secs
Mon Aug 17 12:48:04 2026: Image # 10, module MeasureObjectIntensity # 10: CPU_time = 9.69 secs, Wall_time = 9.68 secs
Mon Aug 17 12:48:13 2026: Image # 10, module MeasureColocalization # 12: CPU_time = 840.31 secs, Wall_time = 480.88 secs
Mon Aug 17 12:56:14 2026: Image # 10, module ExportToSpreadsheet # 13: CPU_time = 0.00 secs, Wall_time = 0.00 secs
Mon Aug 17 12:56:14 2026: Image # 11, module Images # 1: CPU_time = 0.00 secs, Wall_time = 0.00 secs
Mon Aug 17 12:56:14 2026: Image # 11, module Metadata # 2: CPU_time = 0.00 secs, Wall_time = 0.00 secs
Mon Aug 17 12:56:14 2026: Image # 11, module NamesAndTypes # 3: CPU_time = 5.24 secs, Wall_time = 4.40 secs
Mon Aug 17 12:56:19 2026: Image # 11, module Groups # 4: CPU_time = 0.00 secs, Wall_time = 0.00 secs
Mon Aug 17 12:56:19 2026: Image # 11, module MaskImage # 5: CPU_time = 0.11 secs, Wall_time = 0.10 secs
Mon Aug 17 12:56:19 2026: Image # 11, module MaskImage # 6: CPU_time = 0.11 secs, Wall_time = 0.11 secs
Mon Aug 17 12:56:19 2026: Image # 11, module MaskImage # 7: CPU_time = 0.21 secs, Wall_time = 0.11 secs
Mon Aug 17 12:56:19 2026: Image # 11, module MaskObjects # 8: CPU_time = 1.18 secs, Wall_time = 0.93 secs
Mon Aug 17 12:56:20 2026: Image # 11, module MeasureObjectSizeShape # 9: CPU_time = 51.36 secs, Wall_time = 51.25 secs
Mon Aug 17 12:57:11 2026: Image # 11, module MeasureObjectIntensity # 10: CPU_time = 10.98 secs, Wall_time = 10.96 secs
Mon Aug 17 12:57:22 2026: Image # 11, module MeasureColocalization # 12: CPU_time = 4313.87 secs, Wall_time = 1662.77 secs
Mon Aug 17 13:25:05 2026: Image # 11, module ExportToSpreadsheet # 13: CPU_time = 0.00 secs, Wall_time = 0.00 secs
Mon Aug 17 13:25:05 2026: Image # 12, module Images # 1: CPU_time = 0.00 secs, Wall_time = 0.00 secs
Mon Aug 17 13:25:05 2026: Image # 12, module Metadata # 2: CPU_time = 0.00 secs, Wall_time = 0.00 secs
Mon Aug 17 13:25:05 2026: Image # 12, module NamesAndTypes # 3: CPU_time = 6.34 secs, Wall_time = 5.83 secs
Mon Aug 17 13:25:11 2026: Image # 12, module Groups # 4: CPU_time = 0.00 secs, Wall_time = 0.00 secs
Mon Aug 17 13:25:11 2026: Image # 12, module MaskImage # 5: CPU_time = 0.12 secs, Wall_time = 0.11 secs
Mon Aug 17 13:25:11 2026: Image # 12, module MaskImage # 6: CPU_time = 0.11 secs, Wall_time = 0.11 secs
Mon Aug 17 13:25:11 2026: Image # 12, module MaskImage # 7: CPU_time = 0.24 secs, Wall_time = 0.12 secs
Mon Aug 17 13:25:11 2026: Image # 12, module MaskObjects # 8: CPU_time = 1.00 secs, Wall_time = 0.75 secs
Mon Aug 17 13:25:12 2026: Image # 12, module MeasureObjectSizeShape # 9: CPU_time = 44.95 secs, Wall_time = 44.19 secs
Mon Aug 17 13:25:56 2026: Image # 12, module MeasureObjectIntensity # 10: CPU_time = 7.16 secs, Wall_time = 7.15 secs
Mon Aug 17 13:26:03 2026: Image # 12, module MeasureColocalization # 12: CPU_time = 5.07 secs, Wall_time = 3.88 secs
Mon Aug 17 13:26:07 2026: Image # 12, module ExportToSpreadsheet # 13: CPU_time = 0.00 secs, Wall_time = 0.00 secs
Mon Aug 17 13:26:07 2026: Image # 13, module Images # 1: CPU_time = 0.00 secs, Wall_time = 0.00 secs
Mon Aug 17 13:26:07 2026: Image # 13, module Metadata # 2: CPU_time = 0.00 secs, Wall_time = 0.00 secs
Mon Aug 17 13:26:07 2026: Image # 13, module NamesAndTypes # 3: CPU_time = 5.24 secs, Wall_time = 4.89 secs
Mon Aug 17 13:26:12 2026: Image # 13, module Groups # 4: CPU_time = 0.00 secs, Wall_time = 0.00 secs
Mon Aug 17 13:26:12 2026: Image # 13, module MaskImage # 5: CPU_time = 0.08 secs, Wall_time = 0.08 secs
Mon Aug 17 13:26:12 2026: Image # 13, module MaskImage # 6: CPU_time = 0.09 secs, Wall_time = 0.08 secs
Mon Aug 17 13:26:12 2026: Image # 13, module MaskImage # 7: CPU_time = 0.16 secs, Wall_time = 0.09 secs
Mon Aug 17 13:26:12 2026: Image # 13, module MaskObjects # 8: CPU_time = 0.85 secs, Wall_time = 0.62 secs
Mon Aug 17 13:26:13 2026: Image # 13, module MeasureObjectSizeShape # 9: CPU_time = 34.15 secs, Wall_time = 33.27 secs
Mon Aug 17 13:26:46 2026: Image # 13, module MeasureObjectIntensity # 10: CPU_time = 8.18 secs, Wall_time = 8.16 secs
Mon Aug 17 13:26:54 2026: Image # 13, module MeasureColocalization # 12: CPU_time = 5.47 secs, Wall_time = 4.43 secs
Mon Aug 17 13:26:59 2026: Image # 13, module ExportToSpreadsheet # 13: CPU_time = 0.00 secs, Wall_time = 0.00 secs
Mon Aug 17 13:26:59 2026: Image # 14, module Images # 1: CPU_time = 0.00 secs, Wall_time = 0.00 secs
Mon Aug 17 13:26:59 2026: Image # 14, module Metadata # 2: CPU_time = 0.00 secs, Wall_time = 0.00 secs
Mon Aug 17 13:26:59 2026: Image # 14, module NamesAndTypes # 3: CPU_time = 5.76 secs, Wall_time = 5.33 secs
Mon Aug 17 13:27:04 2026: Image # 14, module Groups # 4: CPU_time = 0.00 secs, Wall_time = 0.00 secs
Mon Aug 17 13:27:04 2026: Image # 14, module MaskImage # 5: CPU_time = 0.11 secs, Wall_time = 0.10 secs
Mon Aug 17 13:27:04 2026: Image # 14, module MaskImage # 6: CPU_time = 0.11 secs, Wall_time = 0.10 secs
Mon Aug 17 13:27:04 2026: Image # 14, module MaskImage # 7: CPU_time = 0.24 secs, Wall_time = 0.13 secs
Mon Aug 17 13:27:05 2026: Image # 14, module MaskObjects # 8: CPU_time = 0.87 secs, Wall_time = 0.65 secs
Mon Aug 17 13:27:05 2026: Image # 14, module MeasureObjectSizeShape # 9: CPU_time = 38.86 secs, Wall_time = 37.97 secs
Mon Aug 17 13:27:43 2026: Image # 14, module MeasureObjectIntensity # 10: CPU_time = 6.84 secs, Wall_time = 6.83 secs
Mon Aug 17 13:27:50 2026: Image # 14, module MeasureColocalization # 12: CPU_time = 4.54 secs, Wall_time = 3.55 secs
Mon Aug 17 13:27:54 2026: Image # 14, module ExportToSpreadsheet # 13: CPU_time = 0.00 secs, Wall_time = 0.00 secs
Mon Aug 17 13:27:54 2026: Image # 15, module Images # 1: CPU_time = 0.00 secs, Wall_time = 0.00 secs
Mon Aug 17 13:27:54 2026: Image # 15, module Metadata # 2: CPU_time = 0.00 secs, Wall_time = 0.00 secs
Mon Aug 17 13:27:54 2026: Image # 15, module NamesAndTypes # 3: CPU_time = 5.74 secs, Wall_time = 5.72 secs
Mon Aug 17 13:27:59 2026: Image # 15, module Groups # 4: CPU_time = 0.00 secs, Wall_time = 0.00 secs
Mon Aug 17 13:27:59 2026: Image # 15, module MaskImage # 5: CPU_time = 0.12 secs, Wall_time = 0.12 secs
Mon Aug 17 13:27:59 2026: Image # 15, module MaskImage # 6: CPU_time = 0.12 secs, Wall_time = 0.11 secs
Mon Aug 17 13:28:00 2026: Image # 15, module MaskImage # 7: CPU_time = 0.20 secs, Wall_time = 0.11 secs
Mon Aug 17 13:28:00 2026: Image # 15, module MaskObjects # 8: CPU_time = 0.81 secs, Wall_time = 0.59 secs
Mon Aug 17 13:28:00 2026: Image # 15, module MeasureObjectSizeShape # 9: CPU_time = 36.48 secs, Wall_time = 36.40 secs
Mon Aug 17 13:28:37 2026: Image # 15, module MeasureObjectIntensity # 10: CPU_time = 6.37 secs, Wall_time = 6.35 secs
Mon Aug 17 13:28:43 2026: Image # 15, module MeasureColocalization # 12: CPU_time = 762.29 secs, Wall_time = 323.13 secs
Mon Aug 17 13:34:06 2026: Image # 15, module ExportToSpreadsheet # 13: CPU_time = 0.00 secs, Wall_time = 0.00 secs
Mon Aug 17 13:34:06 2026: Image # 16, module Images # 1: CPU_time = 0.00 secs, Wall_time = 0.00 secs
Mon Aug 17 13:34:06 2026: Image # 16, module Metadata # 2: CPU_time = 0.00 secs, Wall_time = 0.00 secs
Mon Aug 17 13:34:06 2026: Image # 16, module NamesAndTypes # 3: CPU_time = 6.74 secs, Wall_time = 5.42 secs
Mon Aug 17 13:34:12 2026: Image # 16, module Groups # 4: CPU_time = 0.00 secs, Wall_time = 0.00 secs
Mon Aug 17 13:34:12 2026: Image # 16, module MaskImage # 5: CPU_time = 0.11 secs, Wall_time = 0.11 secs
Mon Aug 17 13:34:12 2026: Image # 16, module MaskImage # 6: CPU_time = 0.14 secs, Wall_time = 0.13 secs
Mon Aug 17 13:34:12 2026: Image # 16, module MaskImage # 7: CPU_time = 0.27 secs, Wall_time = 0.14 secs
Mon Aug 17 13:34:12 2026: Image # 16, module MaskObjects # 8: CPU_time = 1.00 secs, Wall_time = 0.75 secs
Mon Aug 17 13:34:13 2026: Image # 16, module MeasureObjectSizeShape # 9: CPU_time = 42.01 secs, Wall_time = 41.20 secs
Mon Aug 17 13:34:54 2026: Image # 16, module MeasureObjectIntensity # 10: CPU_time = 10.42 secs, Wall_time = 10.39 secs
Mon Aug 17 13:35:04 2026: Image # 16, module MeasureColocalization # 12: CPU_time = 5.49 secs, Wall_time = 4.46 secs
Mon Aug 17 13:35:09 2026: Image # 16, module ExportToSpreadsheet # 13: CPU_time = 0.00 secs, Wall_time = 0.00 secs
Mon Aug 17 13:35:09 2026: Image # 17, module Images # 1: CPU_time = 0.00 secs, Wall_time = 0.00 secs
Mon Aug 17 13:35:09 2026: Image # 17, module Metadata # 2: CPU_time = 0.00 secs, Wall_time = 0.00 secs
Mon Aug 17 13:35:09 2026: Image # 17, module NamesAndTypes # 3: CPU_time = 5.32 secs, Wall_time = 4.79 secs
Mon Aug 17 13:35:14 2026: Image # 17, module Groups # 4: CPU_time = 0.00 secs, Wall_time = 0.00 secs
Mon Aug 17 13:35:14 2026: Image # 17, module MaskImage # 5: CPU_time = 0.11 secs, Wall_time = 0.10 secs
Mon Aug 17 13:35:14 2026: Image # 17, module MaskImage # 6: CPU_time = 0.09 secs, Wall_time = 0.09 secs
Mon Aug 17 13:35:14 2026: Image # 17, module MaskImage # 7: CPU_time = 0.20 secs, Wall_time = 0.10 secs
Mon Aug 17 13:35:14 2026: Image # 17, module MaskObjects # 8: CPU_time = 0.84 secs, Wall_time = 0.60 secs
Mon Aug 17 13:35:15 2026: Image # 17, module MeasureObjectSizeShape # 9: CPU_time = 28.67 secs, Wall_time = 28.62 secs
Mon Aug 17 13:35:43 2026: Image # 17, module MeasureObjectIntensity # 10: CPU_time = 5.77 secs, Wall_time = 5.76 secs
Mon Aug 17 13:35:49 2026: Image # 17, module MeasureColocalization # 12: CPU_time = 3.67 secs, Wall_time = 2.68 secs
Mon Aug 17 13:35:52 2026: Image # 17, module ExportToSpreadsheet # 13: CPU_time = 0.00 secs, Wall_time = 0.00 secs
Mon Aug 17 13:35:52 2026: Image # 18, module Images # 1: CPU_time = 0.00 secs, Wall_time = 0.00 secs
Mon Aug 17 13:35:52 2026: Image # 18, module Metadata # 2: CPU_time = 0.00 secs, Wall_time = 0.00 secs
Mon Aug 17 13:35:52 2026: Image # 18, module NamesAndTypes # 3: CPU_time = 5.57 secs, Wall_time = 4.60 secs
Mon Aug 17 13:35:56 2026: Image # 18, module Groups # 4: CPU_time = 0.00 secs, Wall_time = 0.00 secs
Mon Aug 17 13:35:56 2026: Image # 18, module MaskImage # 5: CPU_time = 0.08 secs, Wall_time = 0.08 secs
Mon Aug 17 13:35:56 2026: Image # 18, module MaskImage # 6: CPU_time = 0.10 secs, Wall_time = 0.09 secs
Mon Aug 17 13:35:56 2026: Image # 18, module MaskImage # 7: CPU_time = 0.18 secs, Wall_time = 0.09 secs
Mon Aug 17 13:35:57 2026: Image # 18, module MaskObjects # 8: CPU_time = 0.94 secs, Wall_time = 0.71 secs
Mon Aug 17 13:35:57 2026: Image # 18, module MeasureObjectSizeShape # 9: CPU_time = 56.01 secs, Wall_time = 55.90 secs
Mon Aug 17 13:36:53 2026: Image # 18, module MeasureObjectIntensity # 10: CPU_time = 13.44 secs, Wall_time = 13.40 secs
Mon Aug 17 13:37:07 2026: Image # 18, module MeasureColocalization # 12: CPU_time = 2287.24 secs, Wall_time = 1027.34 secs
Mon Aug 17 13:54:14 2026: Image # 18, module ExportToSpreadsheet # 13: CPU_time = 0.00 secs, Wall_time = 0.00 secs
Mon Aug 17 13:54:14 2026: Image # 19, module Images # 1: CPU_time = 0.00 secs, Wall_time = 0.00 secs
Mon Aug 17 13:54:14 2026: Image # 19, module Metadata # 2: CPU_time = 0.00 secs, Wall_time = 0.00 secs
Mon Aug 17 13:54:14 2026: Image # 19, module NamesAndTypes # 3: CPU_time = 5.12 secs, Wall_time = 5.09 secs
Mon Aug 17 13:54:19 2026: Image # 19, module Groups # 4: CPU_time = 0.00 secs, Wall_time = 0.00 secs
Mon Aug 17 13:54:19 2026: Image # 19, module MaskImage # 5: CPU_time = 0.07 secs, Wall_time = 0.08 secs
Mon Aug 17 13:54:19 2026: Image # 19, module MaskImage # 6: CPU_time = 0.08 secs, Wall_time = 0.08 secs
Mon Aug 17 13:54:19 2026: Image # 19, module MaskImage # 7: CPU_time = 0.17 secs, Wall_time = 0.09 secs
Mon Aug 17 13:54:19 2026: Image # 19, module MaskObjects # 8: CPU_time = 0.82 secs, Wall_time = 0.61 secs
Mon Aug 17 13:54:20 2026: Image # 19, module MeasureObjectSizeShape # 9: CPU_time = 42.19 secs, Wall_time = 42.13 secs
Mon Aug 17 13:55:02 2026: Image # 19, module MeasureObjectIntensity # 10: CPU_time = 12.93 secs, Wall_time = 12.91 secs
Mon Aug 17 13:55:15 2026: Image # 19, module MeasureColocalization # 12: CPU_time = 2830.73 secs, Wall_time = 1077.13 secs
Mon Aug 17 14:13:12 2026: Image # 19, module ExportToSpreadsheet # 13: CPU_time = 0.00 secs, Wall_time = 0.00 secs
Mon Aug 17 14:13:12 2026: Image # 20, module Images # 1: CPU_time = 0.00 secs, Wall_time = 0.00 secs
Mon Aug 17 14:13:12 2026: Image # 20, module Metadata # 2: CPU_time = 0.00 secs, Wall_time = 0.00 secs
Mon Aug 17 14:13:12 2026: Image # 20, module NamesAndTypes # 3: CPU_time = 5.71 secs, Wall_time = 4.83 secs
Mon Aug 17 14:13:17 2026: Image # 20, module Groups # 4: CPU_time = 0.00 secs, Wall_time = 0.00 secs
Mon Aug 17 14:13:17 2026: Image # 20, module MaskImage # 5: CPU_time = 0.08 secs, Wall_time = 0.09 secs
Mon Aug 17 14:13:17 2026: Image # 20, module MaskImage # 6: CPU_time = 0.08 secs, Wall_time = 0.09 secs
Mon Aug 17 14:13:17 2026: Image # 20, module MaskImage # 7: CPU_time = 0.22 secs, Wall_time = 0.11 secs
Mon Aug 17 14:13:17 2026: Image # 20, module MaskObjects # 8: CPU_time = 0.92 secs, Wall_time = 0.66 secs
Mon Aug 17 14:13:18 2026: Image # 20, module MeasureObjectSizeShape # 9: CPU_time = 35.96 secs, Wall_time = 35.35 secs
Mon Aug 17 14:13:53 2026: Image # 20, module MeasureObjectIntensity # 10: CPU_time = 7.49 secs, Wall_time = 7.49 secs
Mon Aug 17 14:14:01 2026: Image # 20, module MeasureColocalization # 12: CPU_time = 5.31 secs, Wall_time = 4.13 secs
Mon Aug 17 14:14:05 2026: Image # 20, module ExportToSpreadsheet # 13: CPU_time = 0.00 secs, Wall_time = 0.00 secs
Mon Aug 17 14:14:05 2026: Image # 21, module Images # 1: CPU_time = 0.00 secs, Wall_time = 0.00 secs
Mon Aug 17 14:14:05 2026: Image # 21, module Metadata # 2: CPU_time = 0.00 secs, Wall_time = 0.00 secs
Mon Aug 17 14:14:05 2026: Image # 21, module NamesAndTypes # 3: CPU_time = 5.38 secs, Wall_time = 4.18 secs
Mon Aug 17 14:14:09 2026: Image # 21, module Groups # 4: CPU_time = 0.00 secs, Wall_time = 0.00 secs
Mon Aug 17 14:14:09 2026: Image # 21, module MaskImage # 5: CPU_time = 0.09 secs, Wall_time = 0.08 secs
Mon Aug 17 14:14:09 2026: Image # 21, module MaskImage # 6: CPU_time = 0.09 secs, Wall_time = 0.09 secs
Mon Aug 17 14:14:09 2026: Image # 21, module MaskImage # 7: CPU_time = 0.18 secs, Wall_time = 0.09 secs
Mon Aug 17 14:14:09 2026: Image # 21, module MaskObjects # 8: CPU_time = 0.88 secs, Wall_time = 0.64 secs
Mon Aug 17 14:14:10 2026: Image # 21, module MeasureObjectSizeShape # 9: CPU_time = 35.05 secs, Wall_time = 35.02 secs
Mon Aug 17 14:14:45 2026: Image # 21, module MeasureObjectIntensity # 10: CPU_time = 7.28 secs, Wall_time = 7.28 secs
Mon Aug 17 14:14:52 2026: Image # 21, module MeasureColocalization # 12: CPU_time = 5.51 secs, Wall_time = 4.33 secs
Mon Aug 17 14:14:57 2026: Image # 21, module ExportToSpreadsheet # 13: CPU_time = 0.00 secs, Wall_time = 0.00 secs
Mon Aug 17 14:14:57 2026: Image # 22, module Images # 1: CPU_time = 0.00 secs, Wall_time = 0.00 secs
Mon Aug 17 14:14:57 2026: Image # 22, module Metadata # 2: CPU_time = 0.00 secs, Wall_time = 0.00 secs
Mon Aug 17 14:14:57 2026: Image # 22, module NamesAndTypes # 3: CPU_time = 5.73 secs, Wall_time = 4.66 secs
Mon Aug 17 14:15:01 2026: Image # 22, module Groups # 4: CPU_time = 0.00 secs, Wall_time = 0.00 secs
Mon Aug 17 14:15:01 2026: Image # 22, module MaskImage # 5: CPU_time = 0.08 secs, Wall_time = 0.09 secs
Mon Aug 17 14:15:01 2026: Image # 22, module MaskImage # 6: CPU_time = 0.09 secs, Wall_time = 0.09 secs
Mon Aug 17 14:15:01 2026: Image # 22, module MaskImage # 7: CPU_time = 0.21 secs, Wall_time = 0.10 secs
Mon Aug 17 14:15:02 2026: Image # 22, module MaskObjects # 8: CPU_time = 0.93 secs, Wall_time = 0.66 secs
Mon Aug 17 14:15:02 2026: Image # 22, module MeasureObjectSizeShape # 9: CPU_time = 33.69 secs, Wall_time = 33.66 secs
Mon Aug 17 14:15:36 2026: Image # 22, module MeasureObjectIntensity # 10: CPU_time = 8.54 secs, Wall_time = 8.53 secs
Mon Aug 17 14:15:44 2026: Image # 22, module MeasureColocalization # 12: CPU_time = 4072.78 secs, Wall_time = 1356.00 secs
Mon Aug 17 14:38:20 2026: Image # 22, module ExportToSpreadsheet # 13: CPU_time = 0.00 secs, Wall_time = 0.00 secs
Mon Aug 17 14:38:20 2026: Image # 23, module Images # 1: CPU_time = 0.00 secs, Wall_time = 0.00 secs
Mon Aug 17 14:38:20 2026: Image # 23, module Metadata # 2: CPU_time = 0.00 secs, Wall_time = 0.00 secs
Mon Aug 17 14:38:20 2026: Image # 23, module NamesAndTypes # 3: CPU_time = 4.35 secs, Wall_time = 4.61 secs
Mon Aug 17 14:38:25 2026: Image # 23, module Groups # 4: CPU_time = 0.00 secs, Wall_time = 0.00 secs
Mon Aug 17 14:38:25 2026: Image # 23, module MaskImage # 5: CPU_time = 0.08 secs, Wall_time = 0.07 secs
Mon Aug 17 14:38:25 2026: Image # 23, module MaskImage # 6: CPU_time = 0.08 secs, Wall_time = 0.08 secs
Mon Aug 17 14:38:25 2026: Image # 23, module MaskImage # 7: CPU_time = 0.16 secs, Wall_time = 0.08 secs
Mon Aug 17 14:38:25 2026: Image # 23, module MaskObjects # 8: CPU_time = 0.72 secs, Wall_time = 0.54 secs
Mon Aug 17 14:38:26 2026: Image # 23, module MeasureObjectSizeShape # 9: CPU_time = 36.75 secs, Wall_time = 36.73 secs
Mon Aug 17 14:39:03 2026: Image # 23, module MeasureObjectIntensity # 10: CPU_time = 8.12 secs, Wall_time = 8.12 secs
Mon Aug 17 14:39:11 2026: Image # 23, module MeasureColocalization # 12: CPU_time = 5.70 secs, Wall_time = 4.57 secs
Mon Aug 17 14:39:15 2026: Image # 23, module ExportToSpreadsheet # 13: CPU_time = 0.00 secs, Wall_time = 0.00 secs
Mon Aug 17 14:39:15 2026: Image # 24, module Images # 1: CPU_time = 0.00 secs, Wall_time = 0.00 secs
Mon Aug 17 14:39:15 2026: Image # 24, module Metadata # 2: CPU_time = 0.00 secs, Wall_time = 0.00 secs
Mon Aug 17 14:39:15 2026: Image # 24, module NamesAndTypes # 3: CPU_time = 4.38 secs, Wall_time = 4.80 secs
Mon Aug 17 14:39:20 2026: Image # 24, module Groups # 4: CPU_time = 0.00 secs, Wall_time = 0.00 secs
Mon Aug 17 14:39:20 2026: Image # 24, module MaskImage # 5: CPU_time = 0.07 secs, Wall_time = 0.07 secs
Mon Aug 17 14:39:20 2026: Image # 24, module MaskImage # 6: CPU_time = 0.07 secs, Wall_time = 0.07 secs
Mon Aug 17 14:39:20 2026: Image # 24, module MaskImage # 7: CPU_time = 0.21 secs, Wall_time = 0.10 secs
Mon Aug 17 14:39:20 2026: Image # 24, module MaskObjects # 8: CPU_time = 0.69 secs, Wall_time = 0.49 secs
Mon Aug 17 14:39:21 2026: Image # 24, module MeasureObjectSizeShape # 9: CPU_time = 26.00 secs, Wall_time = 25.23 secs
Mon Aug 17 14:39:46 2026: Image # 24, module MeasureObjectIntensity # 10: CPU_time = 4.56 secs, Wall_time = 4.55 secs
Mon Aug 17 14:39:51 2026: Image # 24, module MeasureColocalization # 12: CPU_time = 381.97 secs, Wall_time = 101.57 secs
Mon Aug 17 14:41:32 2026: Image # 24, module ExportToSpreadsheet # 13: CPU_time = 0.00 secs, Wall_time = 0.00 secs
Mon Aug 17 14:41:32 2026: Image # 25, module Images # 1: CPU_time = 0.00 secs, Wall_time = 0.00 secs
Mon Aug 17 14:41:32 2026: Image # 25, module Metadata # 2: CPU_time = 0.00 secs, Wall_time = 0.00 secs
Mon Aug 17 14:41:32 2026: Image # 25, module NamesAndTypes # 3: CPU_time = 4.45 secs, Wall_time = 4.75 secs
Mon Aug 17 14:41:37 2026: Image # 25, module Groups # 4: CPU_time = 0.00 secs, Wall_time = 0.00 secs
Mon Aug 17 14:41:37 2026: Image # 25, module MaskImage # 5: CPU_time = 0.08 secs, Wall_time = 0.07 secs
Mon Aug 17 14:41:37 2026: Image # 25, module MaskImage # 6: CPU_time = 0.09 secs, Wall_time = 0.09 secs
Mon Aug 17 14:41:37 2026: Image # 25, module MaskImage # 7: CPU_time = 0.21 secs, Wall_time = 0.10 secs
Mon Aug 17 14:41:37 2026: Image # 25, module MaskObjects # 8: CPU_time = 0.67 secs, Wall_time = 0.49 secs
Mon Aug 17 14:41:38 2026: Image # 25, module MeasureObjectSizeShape # 9: CPU_time = 25.48 secs, Wall_time = 24.88 secs
Mon Aug 17 14:42:03 2026: Image # 25, module MeasureObjectIntensity # 10: CPU_time = 6.10 secs, Wall_time = 6.09 secs
Mon Aug 17 14:42:09 2026: Image # 25, module MeasureColocalization # 12: CPU_time = 897.11 secs, Wall_time = 256.80 secs
Mon Aug 17 14:46:26 2026: Image # 25, module ExportToSpreadsheet # 13: CPU_time = 0.00 secs, Wall_time = 0.00 secs
Mon Aug 17 14:46:26 2026: Image # 26, module Images # 1: CPU_time = 0.00 secs, Wall_time = 0.00 secs
Mon Aug 17 14:46:26 2026: Image # 26, module Metadata # 2: CPU_time = 0.00 secs, Wall_time = 0.00 secs
Mon Aug 17 14:46:26 2026: Image # 26, module NamesAndTypes # 3: CPU_time = 4.88 secs, Wall_time = 3.89 secs
Mon Aug 17 14:46:29 2026: Image # 26, module Groups # 4: CPU_time = 0.00 secs, Wall_time = 0.00 secs
Mon Aug 17 14:46:29 2026: Image # 26, module MaskImage # 5: CPU_time = 0.09 secs, Wall_time = 0.10 secs
Mon Aug 17 14:46:30 2026: Image # 26, module MaskImage # 6: CPU_time = 0.08 secs, Wall_time = 0.08 secs
Mon Aug 17 14:46:30 2026: Image # 26, module MaskImage # 7: CPU_time = 0.17 secs, Wall_time = 0.09 secs
Mon Aug 17 14:46:30 2026: Image # 26, module MaskObjects # 8: CPU_time = 0.73 secs, Wall_time = 0.53 secs
Mon Aug 17 14:46:30 2026: Image # 26, module MeasureObjectSizeShape # 9: CPU_time = 26.94 secs, Wall_time = 26.35 secs
Mon Aug 17 14:46:57 2026: Image # 26, module MeasureObjectIntensity # 10: CPU_time = 5.05 secs, Wall_time = 5.04 secs
Mon Aug 17 14:47:02 2026: Image # 26, module MeasureColocalization # 12: CPU_time = 2039.13 secs, Wall_time = 538.45 secs
Mon Aug 17 14:56:00 2026: Image # 26, module ExportToSpreadsheet # 13: CPU_time = 0.00 secs, Wall_time = 0.00 secs
Mon Aug 17 14:56:00 2026: Image # 27, module Images # 1: CPU_time = 0.00 secs, Wall_time = 0.00 secs
Mon Aug 17 14:56:00 2026: Image # 27, module Metadata # 2: CPU_time = 0.00 secs, Wall_time = 0.00 secs
Mon Aug 17 14:56:00 2026: Image # 27, module NamesAndTypes # 3: CPU_time = 5.37 secs, Wall_time = 21.81 secs
Mon Aug 17 14:56:22 2026: Image # 27, module Groups # 4: CPU_time = 0.00 secs, Wall_time = 0.00 secs
Mon Aug 17 14:56:22 2026: Image # 27, module MaskImage # 5: CPU_time = 0.09 secs, Wall_time = 0.09 secs
Mon Aug 17 14:56:22 2026: Image # 27, module MaskImage # 6: CPU_time = 0.09 secs, Wall_time = 0.09 secs
Mon Aug 17 14:56:22 2026: Image # 27, module MaskImage # 7: CPU_time = 0.18 secs, Wall_time = 0.09 secs
Mon Aug 17 14:56:22 2026: Image # 27, module MaskObjects # 8: CPU_time = 0.81 secs, Wall_time = 0.58 secs
Mon Aug 17 14:56:23 2026: Image # 27, module MeasureObjectSizeShape # 9: CPU_time = 30.22 secs, Wall_time = 29.30 secs
Mon Aug 17 14:56:52 2026: Image # 27, module MeasureObjectIntensity # 10: CPU_time = 4.13 secs, Wall_time = 4.12 secs
Mon Aug 17 14:56:56 2026: Image # 27, module MeasureColocalization # 12: CPU_time = 910.25 secs, Wall_time = 288.16 secs
Mon Aug 17 15:01:44 2026: Image # 27, module ExportToSpreadsheet # 13: CPU_time = 0.00 secs, Wall_time = 0.00 secs
Mon Aug 17 15:01:44 2026: Image # 28, module Images # 1: CPU_time = 0.00 secs, Wall_time = 0.00 secs
Mon Aug 17 15:01:44 2026: Image # 28, module Metadata # 2: CPU_time = 0.00 secs, Wall_time = 0.00 secs
Mon Aug 17 15:01:44 2026: Image # 28, module NamesAndTypes # 3: CPU_time = 5.89 secs, Wall_time = 15.07 secs
Mon Aug 17 15:02:00 2026: Image # 28, module Groups # 4: CPU_time = 0.00 secs, Wall_time = 0.00 secs
Mon Aug 17 15:02:00 2026: Image # 28, module MaskImage # 5: CPU_time = 0.09 secs, Wall_time = 0.09 secs
Mon Aug 17 15:02:00 2026: Image # 28, module MaskImage # 6: CPU_time = 0.09 secs, Wall_time = 0.09 secs
Mon Aug 17 15:02:00 2026: Image # 28, module MaskImage # 7: CPU_time = 0.18 secs, Wall_time = 0.09 secs
Mon Aug 17 15:02:00 2026: Image # 28, module MaskObjects # 8: CPU_time = 0.77 secs, Wall_time = 0.52 secs
Mon Aug 17 15:02:00 2026: Image # 28, module MeasureObjectSizeShape # 9: CPU_time = 27.33 secs, Wall_time = 26.72 secs
Mon Aug 17 15:02:27 2026: Image # 28, module MeasureObjectIntensity # 10: CPU_time = 7.14 secs, Wall_time = 7.13 secs
Mon Aug 17 15:02:34 2026: Image # 28, module MeasureColocalization # 12: CPU_time = 1486.60 secs, Wall_time = 401.02 secs
Mon Aug 17 15:09:15 2026: Image # 28, module ExportToSpreadsheet # 13: CPU_time = 0.00 secs, Wall_time = 0.00 secs
Mon Aug 17 15:09:15 2026: Image # 29, module Images # 1: CPU_time = 0.00 secs, Wall_time = 0.00 secs
Mon Aug 17 15:09:15 2026: Image # 29, module Metadata # 2: CPU_time = 0.00 secs, Wall_time = 0.00 secs
Mon Aug 17 15:09:15 2026: Image # 29, module NamesAndTypes # 3: CPU_time = 4.48 secs, Wall_time = 3.78 secs
Mon Aug 17 15:09:19 2026: Image # 29, module Groups # 4: CPU_time = 0.00 secs, Wall_time = 0.00 secs
Mon Aug 17 15:09:19 2026: Image # 29, module MaskImage # 5: CPU_time = 0.07 secs, Wall_time = 0.08 secs
Mon Aug 17 15:09:19 2026: Image # 29, module MaskImage # 6: CPU_time = 0.08 secs, Wall_time = 0.08 secs
Mon Aug 17 15:09:19 2026: Image # 29, module MaskImage # 7: CPU_time = 0.15 secs, Wall_time = 0.08 secs
Mon Aug 17 15:09:19 2026: Image # 29, module MaskObjects # 8: CPU_time = 0.69 secs, Wall_time = 0.47 secs
Mon Aug 17 15:09:20 2026: Image # 29, module MeasureObjectSizeShape # 9: CPU_time = 24.78 secs, Wall_time = 23.84 secs
Mon Aug 17 15:09:44 2026: Image # 29, module MeasureObjectIntensity # 10: CPU_time = 5.82 secs, Wall_time = 5.81 secs
Mon Aug 17 15:09:49 2026: Image # 29, module MeasureColocalization # 12: CPU_time = 3.90 secs, Wall_time = 2.98 secs
Mon Aug 17 15:09:52 2026: Image # 29, module ExportToSpreadsheet # 13: CPU_time = 0.00 secs, Wall_time = 0.00 secs
Mon Aug 17 15:09:52 2026: Image # 30, module Images # 1: CPU_time = 0.00 secs, Wall_time = 0.00 secs
Mon Aug 17 15:09:52 2026: Image # 30, module Metadata # 2: CPU_time = 0.00 secs, Wall_time = 0.00 secs
Mon Aug 17 15:09:52 2026: Image # 30, module NamesAndTypes # 3: CPU_time = 4.64 secs, Wall_time = 4.26 secs
Mon Aug 17 15:09:57 2026: Image # 30, module Groups # 4: CPU_time = 0.00 secs, Wall_time = 0.00 secs
Mon Aug 17 15:09:57 2026: Image # 30, module MaskImage # 5: CPU_time = 0.10 secs, Wall_time = 0.10 secs
Mon Aug 17 15:09:57 2026: Image # 30, module MaskImage # 6: CPU_time = 0.07 secs, Wall_time = 0.08 secs
Mon Aug 17 15:09:57 2026: Image # 30, module MaskImage # 7: CPU_time = 0.16 secs, Wall_time = 0.08 secs
Mon Aug 17 15:09:57 2026: Image # 30, module MaskObjects # 8: CPU_time = 0.74 secs, Wall_time = 0.52 secs
Mon Aug 17 15:09:57 2026: Image # 30, module MeasureObjectSizeShape # 9: CPU_time = 30.33 secs, Wall_time = 30.29 secs
Mon Aug 17 15:10:28 2026: Image # 30, module MeasureObjectIntensity # 10: CPU_time = 6.54 secs, Wall_time = 6.54 secs
Mon Aug 17 15:10:34 2026: Image # 30, module MeasureColocalization # 12: CPU_time = 4.21 secs, Wall_time = 3.26 secs
Mon Aug 17 15:10:38 2026: Image # 30, module ExportToSpreadsheet # 13: CPU_time = 0.00 secs, Wall_time = 0.00 secs
Mon Aug 17 15:10:38 2026: Image # 31, module Images # 1: CPU_time = 0.00 secs, Wall_time = 0.00 secs
Mon Aug 17 15:10:38 2026: Image # 31, module Metadata # 2: CPU_time = 0.00 secs, Wall_time = 0.00 secs
Mon Aug 17 15:10:38 2026: Image # 31, module NamesAndTypes # 3: CPU_time = 4.34 secs, Wall_time = 3.75 secs
Mon Aug 17 15:10:41 2026: Image # 31, module Groups # 4: CPU_time = 0.00 secs, Wall_time = 0.00 secs
Mon Aug 17 15:10:41 2026: Image # 31, module MaskImage # 5: CPU_time = 0.08 secs, Wall_time = 0.08 secs
Mon Aug 17 15:10:41 2026: Image # 31, module MaskImage # 6: CPU_time = 0.08 secs, Wall_time = 0.08 secs
Mon Aug 17 15:10:41 2026: Image # 31, module MaskImage # 7: CPU_time = 0.15 secs, Wall_time = 0.08 secs
Mon Aug 17 15:10:42 2026: Image # 31, module MaskObjects # 8: CPU_time = 0.72 secs, Wall_time = 0.49 secs
Mon Aug 17 15:10:42 2026: Image # 31, module MeasureObjectSizeShape # 9: CPU_time = 29.54 secs, Wall_time = 29.52 secs
Mon Aug 17 15:11:12 2026: Image # 31, module MeasureObjectIntensity # 10: CPU_time = 8.77 secs, Wall_time = 8.76 secs
Mon Aug 17 15:11:20 2026: Image # 31, module MeasureColocalization # 12: CPU_time = 2148.79 secs, Wall_time = 565.66 secs
Mon Aug 17 15:20:46 2026: Image # 31, module ExportToSpreadsheet # 13: CPU_time = 0.00 secs, Wall_time = 0.00 secs
Mon Aug 17 15:20:46 2026: Image # 32, module Images # 1: CPU_time = 0.00 secs, Wall_time = 0.00 secs
Mon Aug 17 15:20:46 2026: Image # 32, module Metadata # 2: CPU_time = 0.00 secs, Wall_time = 0.00 secs
Mon Aug 17 15:20:46 2026: Image # 32, module NamesAndTypes # 3: CPU_time = 4.43 secs, Wall_time = 3.73 secs
Mon Aug 17 15:20:50 2026: Image # 32, module Groups # 4: CPU_time = 0.00 secs, Wall_time = 0.00 secs
Mon Aug 17 15:20:50 2026: Image # 32, module MaskImage # 5: CPU_time = 0.08 secs, Wall_time = 0.08 secs
Mon Aug 17 15:20:50 2026: Image # 32, module MaskImage # 6: CPU_time = 0.07 secs, Wall_time = 0.08 secs
Mon Aug 17 15:20:50 2026: Image # 32, module MaskImage # 7: CPU_time = 0.20 secs, Wall_time = 0.09 secs
Mon Aug 17 15:20:50 2026: Image # 32, module MaskObjects # 8: CPU_time = 0.73 secs, Wall_time = 0.50 secs
Mon Aug 17 15:20:51 2026: Image # 32, module MeasureObjectSizeShape # 9: CPU_time = 30.56 secs, Wall_time = 30.53 secs
Mon Aug 17 15:21:21 2026: Image # 32, module MeasureObjectIntensity # 10: CPU_time = 6.95 secs, Wall_time = 6.94 secs
Mon Aug 17 15:21:28 2026: Image # 32, module MeasureColocalization # 12: CPU_time = 855.71 secs, Wall_time = 247.05 secs
Mon Aug 17 15:25:35 2026: Image # 32, module ExportToSpreadsheet # 13: CPU_time = 0.00 secs, Wall_time = 0.00 secs
Mon Aug 17 15:25:35 2026: Image # 33, module Images # 1: CPU_time = 0.00 secs, Wall_time = 0.00 secs
Mon Aug 17 15:25:35 2026: Image # 33, module Metadata # 2: CPU_time = 0.00 secs, Wall_time = 0.00 secs
Mon Aug 17 15:25:35 2026: Image # 33, module NamesAndTypes # 3: CPU_time = 4.38 secs, Wall_time = 3.66 secs
Mon Aug 17 15:25:39 2026: Image # 33, module Groups # 4: CPU_time = 0.00 secs, Wall_time = 0.00 secs
Mon Aug 17 15:25:39 2026: Image # 33, module MaskImage # 5: CPU_time = 0.10 secs, Wall_time = 0.10 secs
Mon Aug 17 15:25:39 2026: Image # 33, module MaskImage # 6: CPU_time = 0.08 secs, Wall_time = 0.08 secs
Mon Aug 17 15:25:39 2026: Image # 33, module MaskImage # 7: CPU_time = 0.20 secs, Wall_time = 0.10 secs
Mon Aug 17 15:25:39 2026: Image # 33, module MaskObjects # 8: CPU_time = 0.70 secs, Wall_time = 0.51 secs
Mon Aug 17 15:25:40 2026: Image # 33, module MeasureObjectSizeShape # 9: CPU_time = 30.12 secs, Wall_time = 30.10 secs
Mon Aug 17 15:26:10 2026: Image # 33, module MeasureObjectIntensity # 10: CPU_time = 6.79 secs, Wall_time = 6.77 secs
Mon Aug 17 15:26:16 2026: Image # 33, module MeasureColocalization # 12: CPU_time = 575.20 secs, Wall_time = 164.15 secs
Mon Aug 17 15:29:01 2026: Image # 33, module ExportToSpreadsheet # 13: CPU_time = 0.00 secs, Wall_time = 0.00 secs
Mon Aug 17 15:29:01 2026: Image # 34, module Images # 1: CPU_time = 0.00 secs, Wall_time = 0.00 secs
Mon Aug 17 15:29:01 2026: Image # 34, module Metadata # 2: CPU_time = 0.00 secs, Wall_time = 0.00 secs
Mon Aug 17 15:29:01 2026: Image # 34, module NamesAndTypes # 3: CPU_time = 4.31 secs, Wall_time = 3.90 secs
Mon Aug 17 15:29:05 2026: Image # 34, module Groups # 4: CPU_time = 0.00 secs, Wall_time = 0.00 secs
Mon Aug 17 15:29:05 2026: Image # 34, module MaskImage # 5: CPU_time = 0.09 secs, Wall_time = 0.09 secs
Mon Aug 17 15:29:05 2026: Image # 34, module MaskImage # 6: CPU_time = 0.08 secs, Wall_time = 0.07 secs
Mon Aug 17 15:29:05 2026: Image # 34, module MaskImage # 7: CPU_time = 0.20 secs, Wall_time = 0.10 secs
Mon Aug 17 15:29:05 2026: Image # 34, module MaskObjects # 8: CPU_time = 0.72 secs, Wall_time = 0.50 secs
Mon Aug 17 15:29:05 2026: Image # 34, module MeasureObjectSizeShape # 9: CPU_time = 31.87 secs, Wall_time = 31.84 secs
Mon Aug 17 15:29:37 2026: Image # 34, module MeasureObjectIntensity # 10: CPU_time = 10.74 secs, Wall_time = 10.71 secs
Mon Aug 17 15:29:48 2026: Image # 34, module MeasureColocalization # 12: CPU_time = 1373.07 secs, Wall_time = 490.59 secs
Mon Aug 17 15:37:58 2026: Image # 34, module ExportToSpreadsheet # 13: CPU_time = 0.00 secs, Wall_time = 0.00 secs
Mon Aug 17 15:37:58 2026: Image # 35, module Images # 1: CPU_time = 0.00 secs, Wall_time = 0.00 secs
Mon Aug 17 15:37:58 2026: Image # 35, module Metadata # 2: CPU_time = 0.00 secs, Wall_time = 0.00 secs
Mon Aug 17 15:37:58 2026: Image # 35, module NamesAndTypes # 3: CPU_time = 4.09 secs, Wall_time = 3.39 secs
Mon Aug 17 15:38:02 2026: Image # 35, module Groups # 4: CPU_time = 0.00 secs, Wall_time = 0.00 secs
Mon Aug 17 15:38:02 2026: Image # 35, module MaskImage # 5: CPU_time = 0.07 secs, Wall_time = 0.07 secs
Mon Aug 17 15:38:02 2026: Image # 35, module MaskImage # 6: CPU_time = 0.07 secs, Wall_time = 0.07 secs
Mon Aug 17 15:38:02 2026: Image # 35, module MaskImage # 7: CPU_time = 0.18 secs, Wall_time = 0.09 secs
Mon Aug 17 15:38:02 2026: Image # 35, module MaskObjects # 8: CPU_time = 0.62 secs, Wall_time = 0.45 secs
Mon Aug 17 15:38:03 2026: Image # 35, module MeasureObjectSizeShape # 9: CPU_time = 27.74 secs, Wall_time = 27.14 secs
Mon Aug 17 15:38:30 2026: Image # 35, module MeasureObjectIntensity # 10: CPU_time = 5.77 secs, Wall_time = 5.76 secs
Mon Aug 17 15:38:35 2026: Image # 35, module MeasureColocalization # 12: CPU_time = 1276.64 secs, Wall_time = 342.16 secs
Mon Aug 17 15:44:18 2026: Image # 35, module ExportToSpreadsheet # 13: CPU_time = 0.00 secs, Wall_time = 0.00 secs
Mon Aug 17 15:44:18 2026: Image # 36, module Images # 1: CPU_time = 0.00 secs, Wall_time = 0.00 secs
Mon Aug 17 15:44:18 2026: Image # 36, module Metadata # 2: CPU_time = 0.00 secs, Wall_time = 0.00 secs
Mon Aug 17 15:44:18 2026: Image # 36, module NamesAndTypes # 3: CPU_time = 4.15 secs, Wall_time = 3.42 secs
Mon Aug 17 15:44:21 2026: Image # 36, module Groups # 4: CPU_time = 0.00 secs, Wall_time = 0.00 secs
Mon Aug 17 15:44:21 2026: Image # 36, module MaskImage # 5: CPU_time = 0.09 secs, Wall_time = 0.09 secs
Mon Aug 17 15:44:21 2026: Image # 36, module MaskImage # 6: CPU_time = 0.07 secs, Wall_time = 0.07 secs
Mon Aug 17 15:44:21 2026: Image # 36, module MaskImage # 7: CPU_time = 0.18 secs, Wall_time = 0.09 secs
Mon Aug 17 15:44:21 2026: Image # 36, module MaskObjects # 8: CPU_time = 0.58 secs, Wall_time = 0.42 secs
Mon Aug 17 15:44:22 2026: Image # 36, module MeasureObjectSizeShape # 9: CPU_time = 19.44 secs, Wall_time = 18.84 secs
Mon Aug 17 15:44:41 2026: Image # 36, module MeasureObjectIntensity # 10: CPU_time = 3.56 secs, Wall_time = 3.57 secs
Mon Aug 17 15:44:44 2026: Image # 36, module MeasureColocalization # 12: CPU_time = 2.20 secs, Wall_time = 1.51 secs
Mon Aug 17 15:44:46 2026: Image # 36, module ExportToSpreadsheet # 13: CPU_time = 0.00 secs, Wall_time = 0.00 secs
Mon Aug 17 15:44:46 2026: Image # 37, module Images # 1: CPU_time = 0.00 secs, Wall_time = 0.00 secs
Mon Aug 17 15:44:46 2026: Image # 37, module Metadata # 2: CPU_time = 0.00 secs, Wall_time = 0.00 secs
Mon Aug 17 15:44:46 2026: Image # 37, module NamesAndTypes # 3: CPU_time = 4.10 secs, Wall_time = 3.43 secs
Mon Aug 17 15:44:49 2026: Image # 37, module Groups # 4: CPU_time = 0.00 secs, Wall_time = 0.00 secs
Mon Aug 17 15:44:49 2026: Image # 37, module MaskImage # 5: CPU_time = 0.09 secs, Wall_time = 0.09 secs
Mon Aug 17 15:44:49 2026: Image # 37, module MaskImage # 6: CPU_time = 0.07 secs, Wall_time = 0.07 secs
Mon Aug 17 15:44:49 2026: Image # 37, module MaskImage # 7: CPU_time = 0.18 secs, Wall_time = 0.09 secs
Mon Aug 17 15:44:49 2026: Image # 37, module MaskObjects # 8: CPU_time = 0.57 secs, Wall_time = 0.41 secs
Mon Aug 17 15:44:50 2026: Image # 37, module MeasureObjectSizeShape # 9: CPU_time = 20.44 secs, Wall_time = 19.72 secs
Mon Aug 17 15:45:10 2026: Image # 37, module MeasureObjectIntensity # 10: CPU_time = 4.61 secs, Wall_time = 4.61 secs
Mon Aug 17 15:45:14 2026: Image # 37, module MeasureColocalization # 12: CPU_time = 792.17 secs, Wall_time = 223.28 secs
Mon Aug 17 15:48:57 2026: Image # 37, module ExportToSpreadsheet # 13: CPU_time = 0.00 secs, Wall_time = 0.00 secs
Mon Aug 17 15:48:57 2026: Image # 38, module Images # 1: CPU_time = 0.00 secs, Wall_time = 0.00 secs
Mon Aug 17 15:48:57 2026: Image # 38, module Metadata # 2: CPU_time = 0.00 secs, Wall_time = 0.00 secs
Mon Aug 17 15:48:57 2026: Image # 38, module NamesAndTypes # 3: CPU_time = 4.15 secs, Wall_time = 3.35 secs
Mon Aug 17 15:49:01 2026: Image # 38, module Groups # 4: CPU_time = 0.00 secs, Wall_time = 0.00 secs
Mon Aug 17 15:49:01 2026: Image # 38, module MaskImage # 5: CPU_time = 0.08 secs, Wall_time = 0.09 secs
Mon Aug 17 15:49:01 2026: Image # 38, module MaskImage # 6: CPU_time = 0.07 secs, Wall_time = 0.07 secs
Mon Aug 17 15:49:01 2026: Image # 38, module MaskImage # 7: CPU_time = 0.14 secs, Wall_time = 0.08 secs
Mon Aug 17 15:49:01 2026: Image # 38, module MaskObjects # 8: CPU_time = 0.61 secs, Wall_time = 0.41 secs
Mon Aug 17 15:49:01 2026: Image # 38, module MeasureObjectSizeShape # 9: CPU_time = 18.57 secs, Wall_time = 17.97 secs
Mon Aug 17 15:49:19 2026: Image # 38, module MeasureObjectIntensity # 10: CPU_time = 3.18 secs, Wall_time = 3.17 secs
Mon Aug 17 15:49:23 2026: Image # 38, module MeasureColocalization # 12: CPU_time = 796.63 secs, Wall_time = 209.35 secs
Mon Aug 17 15:52:52 2026: Image # 38, module ExportToSpreadsheet # 13: CPU_time = 0.00 secs, Wall_time = 0.00 secs
Mon Aug 17 15:52:52 2026: Image # 39, module Images # 1: CPU_time = 0.00 secs, Wall_time = 0.00 secs
Mon Aug 17 15:52:52 2026: Image # 39, module Metadata # 2: CPU_time = 0.00 secs, Wall_time = 0.00 secs
Mon Aug 17 15:52:52 2026: Image # 39, module NamesAndTypes # 3: CPU_time = 4.11 secs, Wall_time = 3.58 secs
Mon Aug 17 15:52:56 2026: Image # 39, module Groups # 4: CPU_time = 0.00 secs, Wall_time = 0.00 secs
Mon Aug 17 15:52:56 2026: Image # 39, module MaskImage # 5: CPU_time = 0.07 secs, Wall_time = 0.07 secs
Mon Aug 17 15:52:56 2026: Image # 39, module MaskImage # 6: CPU_time = 0.06 secs, Wall_time = 0.07 secs
Mon Aug 17 15:52:56 2026: Image # 39, module MaskImage # 7: CPU_time = 0.18 secs, Wall_time = 0.10 secs
Mon Aug 17 15:52:56 2026: Image # 39, module MaskObjects # 8: CPU_time = 0.60 secs, Wall_time = 0.41 secs
Mon Aug 17 15:52:56 2026: Image # 39, module MeasureObjectSizeShape # 9: CPU_time = 18.98 secs, Wall_time = 18.38 secs
Mon Aug 17 15:53:15 2026: Image # 39, module MeasureObjectIntensity # 10: CPU_time = 3.20 secs, Wall_time = 3.20 secs
Mon Aug 17 15:53:18 2026: Image # 39, module MeasureColocalization # 12: CPU_time = 1.88 secs, Wall_time = 1.28 secs
Mon Aug 17 15:53:19 2026: Image # 39, module ExportToSpreadsheet # 13: CPU_time = 0.00 secs, Wall_time = 0.00 secs
Mon Aug 17 15:53:19 2026: Image # 40, module Images # 1: CPU_time = 0.00 secs, Wall_time = 0.00 secs
Mon Aug 17 15:53:19 2026: Image # 40, module Metadata # 2: CPU_time = 0.00 secs, Wall_time = 0.00 secs
Mon Aug 17 15:53:19 2026: Image # 40, module NamesAndTypes # 3: CPU_time = 4.08 secs, Wall_time = 3.46 secs
Mon Aug 17 15:53:23 2026: Image # 40, module Groups # 4: CPU_time = 0.00 secs, Wall_time = 0.00 secs
Mon Aug 17 15:53:23 2026: Image # 40, module MaskImage # 5: CPU_time = 0.07 secs, Wall_time = 0.07 secs
Mon Aug 17 15:53:23 2026: Image # 40, module MaskImage # 6: CPU_time = 0.07 secs, Wall_time = 0.07 secs
Mon Aug 17 15:53:23 2026: Image # 40, module MaskImage # 7: CPU_time = 0.18 secs, Wall_time = 0.09 secs
Mon Aug 17 15:53:23 2026: Image # 40, module MaskObjects # 8: CPU_time = 0.60 secs, Wall_time = 0.42 secs
Mon Aug 17 15:53:23 2026: Image # 40, module MeasureObjectSizeShape # 9: CPU_time = 19.16 secs, Wall_time = 18.55 secs
Mon Aug 17 15:53:42 2026: Image # 40, module MeasureObjectIntensity # 10: CPU_time = 3.93 secs, Wall_time = 3.93 secs
Mon Aug 17 15:53:46 2026: Image # 40, module MeasureColocalization # 12: CPU_time = 587.53 secs, Wall_time = 165.22 secs
Mon Aug 17 15:56:31 2026: Image # 40, module ExportToSpreadsheet # 13: CPU_time = 0.00 secs, Wall_time = 0.00 secs
Mon Aug 17 15:56:31 2026: Image # 41, module Images # 1: CPU_time = 0.00 secs, Wall_time = 0.00 secs
Mon Aug 17 15:56:31 2026: Image # 41, module Metadata # 2: CPU_time = 0.00 secs, Wall_time = 0.00 secs
Mon Aug 17 15:56:31 2026: Image # 41, module NamesAndTypes # 3: CPU_time = 4.04 secs, Wall_time = 3.53 secs
Mon Aug 17 15:56:34 2026: Image # 41, module Groups # 4: CPU_time = 0.00 secs, Wall_time = 0.00 secs
Mon Aug 17 15:56:34 2026: Image # 41, module MaskImage # 5: CPU_time = 0.09 secs, Wall_time = 0.09 secs
Mon Aug 17 15:56:35 2026: Image # 41, module MaskImage # 6: CPU_time = 0.07 secs, Wall_time = 0.07 secs
Mon Aug 17 15:56:35 2026: Image # 41, module MaskImage # 7: CPU_time = 0.18 secs, Wall_time = 0.09 secs
Mon Aug 17 15:56:35 2026: Image # 41, module MaskObjects # 8: CPU_time = 0.61 secs, Wall_time = 0.42 secs
Mon Aug 17 15:56:35 2026: Image # 41, module MeasureObjectSizeShape # 9: CPU_time = 19.49 secs, Wall_time = 19.46 secs
Mon Aug 17 15:56:55 2026: Image # 41, module MeasureObjectIntensity # 10: CPU_time = 3.80 secs, Wall_time = 3.80 secs
Mon Aug 17 15:56:58 2026: Image # 41, module MeasureColocalization # 12: CPU_time = 1129.81 secs, Wall_time = 304.16 secs
Mon Aug 17 16:02:03 2026: Image # 41, module ExportToSpreadsheet # 13: CPU_time = 0.00 secs, Wall_time = 0.00 secs
Mon Aug 17 16:02:03 2026: Image # 42, module Images # 1: CPU_time = 0.00 secs, Wall_time = 0.00 secs
Mon Aug 17 16:02:03 2026: Image # 42, module Metadata # 2: CPU_time = 0.00 secs, Wall_time = 0.00 secs
Mon Aug 17 16:02:03 2026: Image # 42, module NamesAndTypes # 3: CPU_time = 3.97 secs, Wall_time = 3.33 secs
Mon Aug 17 16:02:06 2026: Image # 42, module Groups # 4: CPU_time = 0.00 secs, Wall_time = 0.00 secs
Mon Aug 17 16:02:06 2026: Image # 42, module MaskImage # 5: CPU_time = 0.08 secs, Wall_time = 0.09 secs
Mon Aug 17 16:02:06 2026: Image # 42, module MaskImage # 6: CPU_time = 0.07 secs, Wall_time = 0.07 secs
Mon Aug 17 16:02:06 2026: Image # 42, module MaskImage # 7: CPU_time = 0.18 secs, Wall_time = 0.09 secs
Mon Aug 17 16:02:06 2026: Image # 42, module MaskObjects # 8: CPU_time = 0.65 secs, Wall_time = 0.47 secs
Mon Aug 17 16:02:07 2026: Image # 42, module MeasureObjectSizeShape # 9: CPU_time = 25.98 secs, Wall_time = 25.95 secs
Mon Aug 17 16:02:33 2026: Image # 42, module MeasureObjectIntensity # 10: CPU_time = 5.46 secs, Wall_time = 5.45 secs
Mon Aug 17 16:02:38 2026: Image # 42, module MeasureColocalization # 12: CPU_time = 242.30 secs, Wall_time = 134.55 secs
Mon Aug 17 16:04:53 2026: Image # 42, module ExportToSpreadsheet # 13: CPU_time = 0.00 secs, Wall_time = 0.00 secs
Mon Aug 17 16:04:53 2026: Image # 43, module Images # 1: CPU_time = 0.00 secs, Wall_time = 0.00 secs
Mon Aug 17 16:04:53 2026: Image # 43, module Metadata # 2: CPU_time = 0.00 secs, Wall_time = 0.00 secs
Mon Aug 17 16:04:53 2026: Image # 43, module NamesAndTypes # 3: CPU_time = 4.38 secs, Wall_time = 3.53 secs
Mon Aug 17 16:04:56 2026: Image # 43, module Groups # 4: CPU_time = 0.00 secs, Wall_time = 0.00 secs
Mon Aug 17 16:04:56 2026: Image # 43, module MaskImage # 5: CPU_time = 0.09 secs, Wall_time = 0.09 secs
Mon Aug 17 16:04:56 2026: Image # 43, module MaskImage # 6: CPU_time = 0.11 secs, Wall_time = 0.11 secs
Mon Aug 17 16:04:56 2026: Image # 43, module MaskImage # 7: CPU_time = 0.22 secs, Wall_time = 0.11 secs
Mon Aug 17 16:04:56 2026: Image # 43, module MaskObjects # 8: CPU_time = 0.77 secs, Wall_time = 0.56 secs
Mon Aug 17 16:04:57 2026: Image # 43, module MeasureObjectSizeShape # 9: CPU_time = 30.27 secs, Wall_time = 30.24 secs
Mon Aug 17 16:05:27 2026: Image # 43, module MeasureObjectIntensity # 10: CPU_time = 7.75 secs, Wall_time = 7.74 secs
Mon Aug 17 16:05:35 2026: Image # 43, module MeasureColocalization # 12: CPU_time = 3280.26 secs, Wall_time = 891.28 secs
Mon Aug 17 16:20:26 2026: Image # 43, module ExportToSpreadsheet # 13: CPU_time = 0.00 secs, Wall_time = 0.00 secs
Mon Aug 17 16:20:26 2026: Image # 44, module Images # 1: CPU_time = 0.00 secs, Wall_time = 0.00 secs
Mon Aug 17 16:20:26 2026: Image # 44, module Metadata # 2: CPU_time = 0.00 secs, Wall_time = 0.00 secs
Mon Aug 17 16:20:26 2026: Image # 44, module NamesAndTypes # 3: CPU_time = 3.99 secs, Wall_time = 6.44 secs
Mon Aug 17 16:20:33 2026: Image # 44, module Groups # 4: CPU_time = 0.00 secs, Wall_time = 0.00 secs
Mon Aug 17 16:20:33 2026: Image # 44, module MaskImage # 5: CPU_time = 0.09 secs, Wall_time = 0.09 secs
Mon Aug 17 16:20:33 2026: Image # 44, module MaskImage # 6: CPU_time = 0.07 secs, Wall_time = 0.07 secs
Mon Aug 17 16:20:33 2026: Image # 44, module MaskImage # 7: CPU_time = 0.19 secs, Wall_time = 0.09 secs
Mon Aug 17 16:20:33 2026: Image # 44, module MaskObjects # 8: CPU_time = 0.64 secs, Wall_time = 0.45 secs
Mon Aug 17 16:20:33 2026: Image # 44, module MeasureObjectSizeShape # 9: CPU_time = 28.61 secs, Wall_time = 28.58 secs
Mon Aug 17 16:21:02 2026: Image # 44, module MeasureObjectIntensity # 10: CPU_time = 5.66 secs, Wall_time = 5.66 secs
Mon Aug 17 16:21:08 2026: Image # 44, module MeasureColocalization # 12: CPU_time = 4.23 secs, Wall_time = 3.09 secs
Mon Aug 17 16:21:11 2026: Image # 44, module ExportToSpreadsheet # 13: CPU_time = 0.00 secs, Wall_time = 0.00 secs
Mon Aug 17 16:21:11 2026: Image # 45, module Images # 1: CPU_time = 0.00 secs, Wall_time = 0.00 secs
Mon Aug 17 16:21:11 2026: Image # 45, module Metadata # 2: CPU_time = 0.00 secs, Wall_time = 0.00 secs
Mon Aug 17 16:21:11 2026: Image # 45, module NamesAndTypes # 3: CPU_time = 4.07 secs, Wall_time = 3.48 secs
Mon Aug 17 16:21:14 2026: Image # 45, module Groups # 4: CPU_time = 0.00 secs, Wall_time = 0.00 secs
Mon Aug 17 16:21:14 2026: Image # 45, module MaskImage # 5: CPU_time = 0.10 secs, Wall_time = 0.09 secs
Mon Aug 17 16:21:14 2026: Image # 45, module MaskImage # 6: CPU_time = 0.07 secs, Wall_time = 0.07 secs
Mon Aug 17 16:21:15 2026: Image # 45, module MaskImage # 7: CPU_time = 0.19 secs, Wall_time = 0.10 secs
Mon Aug 17 16:21:15 2026: Image # 45, module MaskObjects # 8: CPU_time = 0.70 secs, Wall_time = 0.52 secs
Mon Aug 17 16:21:15 2026: Image # 45, module MeasureObjectSizeShape # 9: CPU_time = 32.03 secs, Wall_time = 32.00 secs
Mon Aug 17 16:21:47 2026: Image # 45, module MeasureObjectIntensity # 10: CPU_time = 5.75 secs, Wall_time = 5.75 secs
Mon Aug 17 16:21:53 2026: Image # 45, module MeasureColocalization # 12: CPU_time = 4.26 secs, Wall_time = 3.13 secs
Mon Aug 17 16:21:56 2026: Image # 45, module ExportToSpreadsheet # 13: CPU_time = 0.00 secs, Wall_time = 0.00 secs
Mon Aug 17 16:21:56 2026: Image # 46, module Images # 1: CPU_time = 0.00 secs, Wall_time = 0.00 secs
Mon Aug 17 16:21:56 2026: Image # 46, module Metadata # 2: CPU_time = 0.00 secs, Wall_time = 0.00 secs
Mon Aug 17 16:21:56 2026: Image # 46, module NamesAndTypes # 3: CPU_time = 4.00 secs, Wall_time = 3.65 secs
Mon Aug 17 16:22:00 2026: Image # 46, module Groups # 4: CPU_time = 0.00 secs, Wall_time = 0.00 secs
Mon Aug 17 16:22:00 2026: Image # 46, module MaskImage # 5: CPU_time = 0.07 secs, Wall_time = 0.07 secs
Mon Aug 17 16:22:00 2026: Image # 46, module MaskImage # 6: CPU_time = 0.07 secs, Wall_time = 0.07 secs
Mon Aug 17 16:22:00 2026: Image # 46, module MaskImage # 7: CPU_time = 0.19 secs, Wall_time = 0.10 secs
Mon Aug 17 16:22:00 2026: Image # 46, module MaskObjects # 8: CPU_time = 0.68 secs, Wall_time = 0.49 secs
Mon Aug 17 16:22:00 2026: Image # 46, module MeasureObjectSizeShape # 9: CPU_time = 26.27 secs, Wall_time = 26.25 secs
Mon Aug 17 16:22:27 2026: Image # 46, module MeasureObjectIntensity # 10: CPU_time = 5.27 secs, Wall_time = 5.26 secs
Mon Aug 17 16:22:32 2026: Image # 46, module MeasureColocalization # 12: CPU_time = 2032.42 secs, Wall_time = 553.77 secs
Mon Aug 17 16:31:46 2026: Image # 46, module ExportToSpreadsheet # 13: CPU_time = 0.00 secs, Wall_time = 0.00 secs
Mon Aug 17 16:31:46 2026: Image # 47, module Images # 1: CPU_time = 0.00 secs, Wall_time = 0.00 secs
Mon Aug 17 16:31:46 2026: Image # 47, module Metadata # 2: CPU_time = 0.00 secs, Wall_time = 0.00 secs
Mon Aug 17 16:31:46 2026: Image # 47, module NamesAndTypes # 3: CPU_time = 4.01 secs, Wall_time = 3.37 secs
Mon Aug 17 16:31:49 2026: Image # 47, module Groups # 4: CPU_time = 0.00 secs, Wall_time = 0.00 secs
Mon Aug 17 16:31:49 2026: Image # 47, module MaskImage # 5: CPU_time = 0.07 secs, Wall_time = 0.07 secs
Mon Aug 17 16:31:49 2026: Image # 47, module MaskImage # 6: CPU_time = 0.08 secs, Wall_time = 0.07 secs
Mon Aug 17 16:31:49 2026: Image # 47, module MaskImage # 7: CPU_time = 0.19 secs, Wall_time = 0.10 secs
Mon Aug 17 16:31:49 2026: Image # 47, module MaskObjects # 8: CPU_time = 0.69 secs, Wall_time = 0.50 secs
Mon Aug 17 16:31:50 2026: Image # 47, module MeasureObjectSizeShape # 9: CPU_time = 28.38 secs, Wall_time = 28.36 secs
Mon Aug 17 16:32:18 2026: Image # 47, module MeasureObjectIntensity # 10: CPU_time = 5.22 secs, Wall_time = 5.21 secs
Mon Aug 17 16:32:23 2026: Image # 47, module MeasureColocalization # 12: CPU_time = 945.32 secs, Wall_time = 268.64 secs
Mon Aug 17 16:36:52 2026: Image # 47, module ExportToSpreadsheet # 13: CPU_time = 0.00 secs, Wall_time = 0.00 secs
Mon Aug 17 16:36:52 2026: Image # 48, module Images # 1: CPU_time = 0.00 secs, Wall_time = 0.00 secs
Mon Aug 17 16:36:52 2026: Image # 48, module Metadata # 2: CPU_time = 0.00 secs, Wall_time = 0.00 secs
Mon Aug 17 16:36:52 2026: Image # 48, module NamesAndTypes # 3: CPU_time = 4.75 secs, Wall_time = 4.42 secs
Mon Aug 17 16:36:57 2026: Image # 48, module Groups # 4: CPU_time = 0.00 secs, Wall_time = 0.00 secs
Mon Aug 17 16:36:57 2026: Image # 48, module MaskImage # 5: CPU_time = 0.08 secs, Wall_time = 0.08 secs
Mon Aug 17 16:36:57 2026: Image # 48, module MaskImage # 6: CPU_time = 0.08 secs, Wall_time = 0.08 secs
Mon Aug 17 16:36:57 2026: Image # 48, module MaskImage # 7: CPU_time = 0.22 secs, Wall_time = 0.11 secs
Mon Aug 17 16:36:57 2026: Image # 48, module MaskObjects # 8: CPU_time = 0.70 secs, Wall_time = 0.52 secs
Mon Aug 17 16:36:57 2026: Image # 48, module MeasureObjectSizeShape # 9: CPU_time = 25.14 secs, Wall_time = 25.11 secs
Mon Aug 17 16:37:22 2026: Image # 48, module MeasureObjectIntensity # 10: CPU_time = 4.16 secs, Wall_time = 4.15 secs
Mon Aug 17 16:37:27 2026: Image # 48, module MeasureColocalization # 12: CPU_time = 2.52 secs, Wall_time = 1.78 secs
Mon Aug 17 16:37:28 2026: Image # 48, module ExportToSpreadsheet # 13: CPU_time = 0.00 secs, Wall_time = 0.00 secs
Mon Aug 17 16:37:28 2026: Image # 49, module Images # 1: CPU_time = 0.00 secs, Wall_time = 0.00 secs
Mon Aug 17 16:37:28 2026: Image # 49, module Metadata # 2: CPU_time = 0.00 secs, Wall_time = 0.00 secs
Mon Aug 17 16:37:28 2026: Image # 49, module NamesAndTypes # 3: CPU_time = 4.66 secs, Wall_time = 3.89 secs
Mon Aug 17 16:37:32 2026: Image # 49, module Groups # 4: CPU_time = 0.00 secs, Wall_time = 0.00 secs
Mon Aug 17 16:37:32 2026: Image # 49, module MaskImage # 5: CPU_time = 0.08 secs, Wall_time = 0.08 secs
Mon Aug 17 16:37:32 2026: Image # 49, module MaskImage # 6: CPU_time = 0.08 secs, Wall_time = 0.08 secs
Mon Aug 17 16:37:32 2026: Image # 49, module MaskImage # 7: CPU_time = 0.17 secs, Wall_time = 0.09 secs
Mon Aug 17 16:37:33 2026: Image # 49, module MaskObjects # 8: CPU_time = 0.72 secs, Wall_time = 0.52 secs
Mon Aug 17 16:37:33 2026: Image # 49, module MeasureObjectSizeShape # 9: CPU_time = 24.17 secs, Wall_time = 23.57 secs
Mon Aug 17 16:37:57 2026: Image # 49, module MeasureObjectIntensity # 10: CPU_time = 4.17 secs, Wall_time = 4.17 secs
Mon Aug 17 16:38:01 2026: Image # 49, module MeasureColocalization # 12: CPU_time = 311.77 secs, Wall_time = 103.14 secs
Mon Aug 17 16:39:44 2026: Image # 49, module ExportToSpreadsheet # 13: CPU_time = 0.00 secs, Wall_time = 0.00 secs
Mon Aug 17 16:39:44 2026: Image # 50, module Images # 1: CPU_time = 0.00 secs, Wall_time = 0.00 secs
Mon Aug 17 16:39:44 2026: Image # 50, module Metadata # 2: CPU_time = 0.00 secs, Wall_time = 0.00 secs
Mon Aug 17 16:39:44 2026: Image # 50, module NamesAndTypes # 3: CPU_time = 4.64 secs, Wall_time = 4.03 secs
Mon Aug 17 16:39:48 2026: Image # 50, module Groups # 4: CPU_time = 0.00 secs, Wall_time = 0.00 secs
Mon Aug 17 16:39:48 2026: Image # 50, module MaskImage # 5: CPU_time = 0.08 secs, Wall_time = 0.08 secs
Mon Aug 17 16:39:48 2026: Image # 50, module MaskImage # 6: CPU_time = 0.08 secs, Wall_time = 0.09 secs
Mon Aug 17 16:39:48 2026: Image # 50, module MaskImage # 7: CPU_time = 0.17 secs, Wall_time = 0.08 secs
Mon Aug 17 16:39:48 2026: Image # 50, module MaskObjects # 8: CPU_time = 0.73 secs, Wall_time = 0.52 secs
Mon Aug 17 16:39:49 2026: Image # 50, module MeasureObjectSizeShape # 9: CPU_time = 25.82 secs, Wall_time = 25.21 secs
Mon Aug 17 16:40:14 2026: Image # 50, module MeasureObjectIntensity # 10: CPU_time = 3.58 secs, Wall_time = 3.58 secs
Mon Aug 17 16:40:18 2026: Image # 50, module MeasureColocalization # 12: CPU_time = 965.35 secs, Wall_time = 254.31 secs
Mon Aug 17 16:44:32 2026: Image # 50, module ExportToSpreadsheet # 13: CPU_time = 0.00 secs, Wall_time = 0.00 secs
Mon Aug 17 16:44:32 2026: Image # 51, module Images # 1: CPU_time = 0.00 secs, Wall_time = 0.00 secs
Mon Aug 17 16:44:32 2026: Image # 51, module Metadata # 2: CPU_time = 0.00 secs, Wall_time = 0.00 secs
Mon Aug 17 16:44:32 2026: Image # 51, module NamesAndTypes # 3: CPU_time = 4.34 secs, Wall_time = 3.99 secs
Mon Aug 17 16:44:36 2026: Image # 51, module Groups # 4: CPU_time = 0.00 secs, Wall_time = 0.00 secs
Mon Aug 17 16:44:36 2026: Image # 51, module MaskImage # 5: CPU_time = 0.08 secs, Wall_time = 0.07 secs
Mon Aug 17 16:44:36 2026: Image # 51, module MaskImage # 6: CPU_time = 0.07 secs, Wall_time = 0.08 secs
Mon Aug 17 16:44:36 2026: Image # 51, module MaskImage # 7: CPU_time = 0.16 secs, Wall_time = 0.08 secs
Mon Aug 17 16:44:36 2026: Image # 51, module MaskObjects # 8: CPU_time = 0.67 secs, Wall_time = 0.48 secs
Mon Aug 17 16:44:37 2026: Image # 51, module MeasureObjectSizeShape # 9: CPU_time = 23.08 secs, Wall_time = 23.06 secs
Mon Aug 17 16:45:00 2026: Image # 51, module MeasureObjectIntensity # 10: CPU_time = 3.36 secs, Wall_time = 3.36 secs
Mon Aug 17 16:45:03 2026: Image # 51, module MeasureColocalization # 12: CPU_time = 1.99 secs, Wall_time = 1.35 secs
Mon Aug 17 16:45:04 2026: Image # 51, module ExportToSpreadsheet # 13: CPU_time = 0.00 secs, Wall_time = 0.00 secs
Mon Aug 17 16:45:04 2026: Image # 52, module Images # 1: CPU_time = 0.00 secs, Wall_time = 0.00 secs
Mon Aug 17 16:45:04 2026: Image # 52, module Metadata # 2: CPU_time = 0.00 secs, Wall_time = 0.00 secs
Mon Aug 17 16:45:04 2026: Image # 52, module NamesAndTypes # 3: CPU_time = 4.28 secs, Wall_time = 3.80 secs
Mon Aug 17 16:45:08 2026: Image # 52, module Groups # 4: CPU_time = 0.00 secs, Wall_time = 0.00 secs
Mon Aug 17 16:45:08 2026: Image # 52, module MaskImage # 5: CPU_time = 0.08 secs, Wall_time = 0.07 secs
Mon Aug 17 16:45:08 2026: Image # 52, module MaskImage # 6: CPU_time = 0.08 secs, Wall_time = 0.07 secs
Mon Aug 17 16:45:08 2026: Image # 52, module MaskImage # 7: CPU_time = 0.15 secs, Wall_time = 0.08 secs
Mon Aug 17 16:45:09 2026: Image # 52, module MaskObjects # 8: CPU_time = 0.68 secs, Wall_time = 0.47 secs
Mon Aug 17 16:45:09 2026: Image # 52, module MeasureObjectSizeShape # 9: CPU_time = 20.60 secs, Wall_time = 20.58 secs
Mon Aug 17 16:45:30 2026: Image # 52, module MeasureObjectIntensity # 10: CPU_time = 3.10 secs, Wall_time = 3.11 secs
Mon Aug 17 16:45:33 2026: Image # 52, module MeasureColocalization # 12: CPU_time = 435.52 secs, Wall_time = 112.80 secs
Mon Aug 17 16:47:25 2026: Image # 52, module ExportToSpreadsheet # 13: CPU_time = 0.00 secs, Wall_time = 0.00 secs
Mon Aug 17 16:47:25 2026: Image # 53, module Images # 1: CPU_time = 0.00 secs, Wall_time = 0.00 secs
Mon Aug 17 16:47:25 2026: Image # 53, module Metadata # 2: CPU_time = 0.00 secs, Wall_time = 0.00 secs
Mon Aug 17 16:47:25 2026: Image # 53, module NamesAndTypes # 3: CPU_time = 4.11 secs, Wall_time = 3.65 secs
Mon Aug 17 16:47:29 2026: Image # 53, module Groups # 4: CPU_time = 0.00 secs, Wall_time = 0.00 secs
Mon Aug 17 16:47:29 2026: Image # 53, module MaskImage # 5: CPU_time = 0.07 secs, Wall_time = 0.07 secs
Mon Aug 17 16:47:29 2026: Image # 53, module MaskImage # 6: CPU_time = 0.07 secs, Wall_time = 0.07 secs
Mon Aug 17 16:47:29 2026: Image # 53, module MaskImage # 7: CPU_time = 0.16 secs, Wall_time = 0.08 secs
Mon Aug 17 16:47:29 2026: Image # 53, module MaskObjects # 8: CPU_time = 0.73 secs, Wall_time = 0.53 secs
Mon Aug 17 16:47:30 2026: Image # 53, module MeasureObjectSizeShape # 9: CPU_time = 29.96 secs, Wall_time = 29.92 secs
Mon Aug 17 16:48:00 2026: Image # 53, module MeasureObjectIntensity # 10: CPU_time = 5.34 secs, Wall_time = 5.34 secs
Mon Aug 17 16:48:05 2026: Image # 53, module MeasureColocalization # 12: CPU_time = 4542.89 secs, Wall_time = 1180.08 secs
Mon Aug 17 17:07:45 2026: Image # 53, module ExportToSpreadsheet # 13: CPU_time = 0.00 secs, Wall_time = 0.00 secs
Mon Aug 17 17:07:45 2026: Image # 54, module Images # 1: CPU_time = 0.00 secs, Wall_time = 0.00 secs
Mon Aug 17 17:07:45 2026: Image # 54, module Metadata # 2: CPU_time = 0.00 secs, Wall_time = 0.00 secs
Mon Aug 17 17:07:45 2026: Image # 54, module NamesAndTypes # 3: CPU_time = 4.81 secs, Wall_time = 4.23 secs
Mon Aug 17 17:07:50 2026: Image # 54, module Groups # 4: CPU_time = 0.00 secs, Wall_time = 0.00 secs
Mon Aug 17 17:07:50 2026: Image # 54, module MaskImage # 5: CPU_time = 0.08 secs, Wall_time = 0.09 secs
Mon Aug 17 17:07:50 2026: Image # 54, module MaskImage # 6: CPU_time = 0.10 secs, Wall_time = 0.09 secs
Mon Aug 17 17:07:50 2026: Image # 54, module MaskImage # 7: CPU_time = 0.23 secs, Wall_time = 0.12 secs
Mon Aug 17 17:07:50 2026: Image # 54, module MaskObjects # 8: CPU_time = 0.82 secs, Wall_time = 0.60 secs
Mon Aug 17 17:07:50 2026: Image # 54, module MeasureObjectSizeShape # 9: CPU_time = 22.64 secs, Wall_time = 22.62 secs
Mon Aug 17 17:08:13 2026: Image # 54, module MeasureObjectIntensity # 10: CPU_time = 4.16 secs, Wall_time = 4.15 secs
Mon Aug 17 17:08:17 2026: Image # 54, module MeasureColocalization # 12: CPU_time = 580.09 secs, Wall_time = 178.33 secs
Mon Aug 17 17:11:16 2026: Image # 54, module ExportToSpreadsheet # 13: CPU_time = 0.00 secs, Wall_time = 0.00 secs
Mon Aug 17 17:11:16 2026: Image # 55, module Images # 1: CPU_time = 0.00 secs, Wall_time = 0.00 secs
Mon Aug 17 17:11:16 2026: Image # 55, module Metadata # 2: CPU_time = 0.00 secs, Wall_time = 0.00 secs
Mon Aug 17 17:11:16 2026: Image # 55, module NamesAndTypes # 3: CPU_time = 5.48 secs, Wall_time = 4.16 secs
Mon Aug 17 17:11:20 2026: Image # 55, module Groups # 4: CPU_time = 0.00 secs, Wall_time = 0.00 secs
Mon Aug 17 17:11:20 2026: Image # 55, module MaskImage # 5: CPU_time = 0.09 secs, Wall_time = 0.09 secs
Mon Aug 17 17:11:20 2026: Image # 55, module MaskImage # 6: CPU_time = 0.10 secs, Wall_time = 0.09 secs
Mon Aug 17 17:11:20 2026: Image # 55, module MaskImage # 7: CPU_time = 0.17 secs, Wall_time = 0.09 secs
Mon Aug 17 17:11:20 2026: Image # 55, module MaskObjects # 8: CPU_time = 0.79 secs, Wall_time = 0.55 secs
Mon Aug 17 17:11:21 2026: Image # 55, module MeasureObjectSizeShape # 9: CPU_time = 24.80 secs, Wall_time = 24.78 secs
Mon Aug 17 17:11:45 2026: Image # 55, module MeasureObjectIntensity # 10: CPU_time = 5.95 secs, Wall_time = 5.94 secs
Mon Aug 17 17:11:51 2026: Image # 55, module MeasureColocalization # 12: CPU_time = 2144.32 secs, Wall_time = 609.48 secs
Mon Aug 17 17:22:01 2026: Image # 55, module ExportToSpreadsheet # 13: CPU_time = 0.00 secs, Wall_time = 0.00 secs
Mon Aug 17 17:22:01 2026: Image # 56, module Images # 1: CPU_time = 0.00 secs, Wall_time = 0.00 secs
Mon Aug 17 17:22:01 2026: Image # 56, module Metadata # 2: CPU_time = 0.00 secs, Wall_time = 0.00 secs
Mon Aug 17 17:22:01 2026: Image # 56, module NamesAndTypes # 3: CPU_time = 5.01 secs, Wall_time = 4.16 secs
Mon Aug 17 17:22:05 2026: Image # 56, module Groups # 4: CPU_time = 0.00 secs, Wall_time = 0.00 secs
Mon Aug 17 17:22:05 2026: Image # 56, module MaskImage # 5: CPU_time = 0.08 secs, Wall_time = 0.09 secs
Mon Aug 17 17:22:05 2026: Image # 56, module MaskImage # 6: CPU_time = 0.09 secs, Wall_time = 0.09 secs
Mon Aug 17 17:22:05 2026: Image # 56, module MaskImage # 7: CPU_time = 0.18 secs, Wall_time = 0.09 secs
Mon Aug 17 17:22:05 2026: Image # 56, module MaskObjects # 8: CPU_time = 0.76 secs, Wall_time = 0.54 secs
Mon Aug 17 17:22:06 2026: Image # 56, module MeasureObjectSizeShape # 9: CPU_time = 24.01 secs, Wall_time = 23.99 secs
Mon Aug 17 17:22:30 2026: Image # 56, module MeasureObjectIntensity # 10: CPU_time = 4.50 secs, Wall_time = 4.49 secs
Mon Aug 17 17:22:34 2026: Image # 56, module MeasureColocalization # 12: CPU_time = 3.05 secs, Wall_time = 2.26 secs
Mon Aug 17 17:22:37 2026: Image # 56, module ExportToSpreadsheet # 13: CPU_time = 0.00 secs, Wall_time = 0.00 secs
Mon Aug 17 17:22:37 2026: Image # 57, module Images # 1: CPU_time = 0.00 secs, Wall_time = 0.00 secs
Mon Aug 17 17:22:37 2026: Image # 57, module Metadata # 2: CPU_time = 0.00 secs, Wall_time = 0.00 secs
Mon Aug 17 17:22:37 2026: Image # 57, module NamesAndTypes # 3: CPU_time = 4.96 secs, Wall_time = 4.02 secs
Mon Aug 17 17:22:41 2026: Image # 57, module Groups # 4: CPU_time = 0.00 secs, Wall_time = 0.00 secs
Mon Aug 17 17:22:41 2026: Image # 57, module MaskImage # 5: CPU_time = 0.09 secs, Wall_time = 0.09 secs
Mon Aug 17 17:22:41 2026: Image # 57, module MaskImage # 6: CPU_time = 0.09 secs, Wall_time = 0.09 secs
Mon Aug 17 17:22:41 2026: Image # 57, module MaskImage # 7: CPU_time = 0.20 secs, Wall_time = 0.10 secs
Mon Aug 17 17:22:41 2026: Image # 57, module MaskObjects # 8: CPU_time = 0.81 secs, Wall_time = 0.55 secs
Mon Aug 17 17:22:41 2026: Image # 57, module MeasureObjectSizeShape # 9: CPU_time = 24.70 secs, Wall_time = 24.67 secs
Mon Aug 17 17:23:06 2026: Image # 57, module MeasureObjectIntensity # 10: CPU_time = 4.60 secs, Wall_time = 4.60 secs
Mon Aug 17 17:23:11 2026: Image # 57, module MeasureColocalization # 12: CPU_time = 2.91 secs, Wall_time = 2.15 secs
Mon Aug 17 17:23:13 2026: Image # 57, module ExportToSpreadsheet # 13: CPU_time = 0.00 secs, Wall_time = 0.00 secs
Mon Aug 17 17:23:13 2026: Image # 58, module Images # 1: CPU_time = 0.00 secs, Wall_time = 0.00 secs
Mon Aug 17 17:23:13 2026: Image # 58, module Metadata # 2: CPU_time = 0.00 secs, Wall_time = 0.00 secs
Mon Aug 17 17:23:13 2026: Image # 58, module NamesAndTypes # 3: CPU_time = 4.92 secs, Wall_time = 4.11 secs
Mon Aug 17 17:23:17 2026: Image # 58, module Groups # 4: CPU_time = 0.00 secs, Wall_time = 0.00 secs
Mon Aug 17 17:23:17 2026: Image # 58, module MaskImage # 5: CPU_time = 0.09 secs, Wall_time = 0.09 secs
Mon Aug 17 17:23:17 2026: Image # 58, module MaskImage # 6: CPU_time = 0.09 secs, Wall_time = 0.09 secs
Mon Aug 17 17:23:17 2026: Image # 58, module MaskImage # 7: CPU_time = 0.19 secs, Wall_time = 0.10 secs
Mon Aug 17 17:23:17 2026: Image # 58, module MaskObjects # 8: CPU_time = 0.77 secs, Wall_time = 0.54 secs
Mon Aug 17 17:23:18 2026: Image # 58, module MeasureObjectSizeShape # 9: CPU_time = 21.37 secs, Wall_time = 21.35 secs
Mon Aug 17 17:23:39 2026: Image # 58, module MeasureObjectIntensity # 10: CPU_time = 4.87 secs, Wall_time = 4.86 secs
Mon Aug 17 17:23:44 2026: Image # 58, module MeasureColocalization # 12: CPU_time = 1396.67 secs, Wall_time = 380.30 secs
Mon Aug 17 17:30:04 2026: Image # 58, module ExportToSpreadsheet # 13: CPU_time = 0.00 secs, Wall_time = 0.00 secs
Mon Aug 17 17:30:04 2026: Image # 59, module Images # 1: CPU_time = 0.00 secs, Wall_time = 0.00 secs
Mon Aug 17 17:30:04 2026: Image # 59, module Metadata # 2: CPU_time = 0.00 secs, Wall_time = 0.00 secs
Mon Aug 17 17:30:04 2026: Image # 59, module NamesAndTypes # 3: CPU_time = 5.04 secs, Wall_time = 4.03 secs
Mon Aug 17 17:30:08 2026: Image # 59, module Groups # 4: CPU_time = 0.00 secs, Wall_time = 0.00 secs
Mon Aug 17 17:30:08 2026: Image # 59, module MaskImage # 5: CPU_time = 0.09 secs, Wall_time = 0.09 secs
Mon Aug 17 17:30:08 2026: Image # 59, module MaskImage # 6: CPU_time = 0.09 secs, Wall_time = 0.09 secs
Mon Aug 17 17:30:09 2026: Image # 59, module MaskImage # 7: CPU_time = 0.18 secs, Wall_time = 0.10 secs
Mon Aug 17 17:30:09 2026: Image # 59, module MaskObjects # 8: CPU_time = 0.75 secs, Wall_time = 0.51 secs
Mon Aug 17 17:30:09 2026: Image # 59, module MeasureObjectSizeShape # 9: CPU_time = 19.80 secs, Wall_time = 19.79 secs
Mon Aug 17 17:30:29 2026: Image # 59, module MeasureObjectIntensity # 10: CPU_time = 3.82 secs, Wall_time = 3.81 secs
Mon Aug 17 17:30:33 2026: Image # 59, module MeasureColocalization # 12: CPU_time = 801.50 secs, Wall_time = 219.43 secs
Mon Aug 17 17:34:12 2026: Image # 59, module ExportToSpreadsheet # 13: CPU_time = 0.00 secs, Wall_time = 0.00 secs
Mon Aug 17 17:34:12 2026: Image # 60, module Images # 1: CPU_time = 0.00 secs, Wall_time = 0.00 secs
Mon Aug 17 17:34:12 2026: Image # 60, module Metadata # 2: CPU_time = 0.00 secs, Wall_time = 0.00 secs
Mon Aug 17 17:34:12 2026: Image # 60, module NamesAndTypes # 3: CPU_time = 4.93 secs, Wall_time = 3.91 secs
Mon Aug 17 17:34:16 2026: Image # 60, module Groups # 4: CPU_time = 0.00 secs, Wall_time = 0.00 secs
Mon Aug 17 17:34:16 2026: Image # 60, module MaskImage # 5: CPU_time = 0.08 secs, Wall_time = 0.09 secs
Mon Aug 17 17:34:16 2026: Image # 60, module MaskImage # 6: CPU_time = 0.08 secs, Wall_time = 0.09 secs
Mon Aug 17 17:34:16 2026: Image # 60, module MaskImage # 7: CPU_time = 0.18 secs, Wall_time = 0.09 secs
Mon Aug 17 17:34:16 2026: Image # 60, module MaskObjects # 8: CPU_time = 0.74 secs, Wall_time = 0.51 secs
Mon Aug 17 17:34:17 2026: Image # 60, module MeasureObjectSizeShape # 9: CPU_time = 21.42 secs, Wall_time = 20.47 secs
Mon Aug 17 17:34:37 2026: Image # 60, module MeasureObjectIntensity # 10: CPU_time = 3.82 secs, Wall_time = 3.82 secs
Mon Aug 17 17:34:41 2026: Image # 60, module MeasureColocalization # 12: CPU_time = 2.42 secs, Wall_time = 1.71 secs
Mon Aug 17 17:34:43 2026: Image # 60, module ExportToSpreadsheet # 13: CPU_time = 0.00 secs, Wall_time = 0.00 secs
Mon Aug 17 17:34:43 2026: Image # 61, module Images # 1: CPU_time = 0.00 secs, Wall_time = 0.00 secs
Mon Aug 17 17:34:43 2026: Image # 61, module Metadata # 2: CPU_time = 0.00 secs, Wall_time = 0.00 secs
Mon Aug 17 17:34:43 2026: Image # 61, module NamesAndTypes # 3: CPU_time = 5.05 secs, Wall_time = 4.24 secs
Mon Aug 17 17:34:47 2026: Image # 61, module Groups # 4: CPU_time = 0.00 secs, Wall_time = 0.00 secs
Mon Aug 17 17:34:47 2026: Image # 61, module MaskImage # 5: CPU_time = 0.09 secs, Wall_time = 0.09 secs
Mon Aug 17 17:34:47 2026: Image # 61, module MaskImage # 6: CPU_time = 0.09 secs, Wall_time = 0.09 secs
Mon Aug 17 17:34:47 2026: Image # 61, module MaskImage # 7: CPU_time = 0.21 secs, Wall_time = 0.11 secs
Mon Aug 17 17:34:48 2026: Image # 61, module MaskObjects # 8: CPU_time = 0.81 secs, Wall_time = 0.53 secs
Mon Aug 17 17:34:48 2026: Image # 61, module MeasureObjectSizeShape # 9: CPU_time = 21.13 secs, Wall_time = 20.22 secs
Mon Aug 17 17:35:08 2026: Image # 61, module MeasureObjectIntensity # 10: CPU_time = 4.80 secs, Wall_time = 4.81 secs
Mon Aug 17 17:35:13 2026: Image # 61, module MeasureColocalization # 12: CPU_time = 93.20 secs, Wall_time = 51.81 secs
Mon Aug 17 17:36:05 2026: Image # 61, module ExportToSpreadsheet # 13: CPU_time = 0.00 secs, Wall_time = 0.00 secs
Mon Aug 17 17:36:05 2026: Image # 62, module Images # 1: CPU_time = 0.00 secs, Wall_time = 0.00 secs
Mon Aug 17 17:36:05 2026: Image # 62, module Metadata # 2: CPU_time = 0.00 secs, Wall_time = 0.00 secs
Mon Aug 17 17:36:05 2026: Image # 62, module NamesAndTypes # 3: CPU_time = 4.99 secs, Wall_time = 4.21 secs
Mon Aug 17 17:36:09 2026: Image # 62, module Groups # 4: CPU_time = 0.00 secs, Wall_time = 0.00 secs
Mon Aug 17 17:36:09 2026: Image # 62, module MaskImage # 5: CPU_time = 0.09 secs, Wall_time = 0.09 secs
Mon Aug 17 17:36:09 2026: Image # 62, module MaskImage # 6: CPU_time = 0.08 secs, Wall_time = 0.09 secs
Mon Aug 17 17:36:09 2026: Image # 62, module MaskImage # 7: CPU_time = 0.18 secs, Wall_time = 0.09 secs
Mon Aug 17 17:36:09 2026: Image # 62, module MaskObjects # 8: CPU_time = 0.79 secs, Wall_time = 0.56 secs
Mon Aug 17 17:36:10 2026: Image # 62, module MeasureObjectSizeShape # 9: CPU_time = 28.26 secs, Wall_time = 27.37 secs
Mon Aug 17 17:36:37 2026: Image # 62, module MeasureObjectIntensity # 10: CPU_time = 6.70 secs, Wall_time = 6.69 secs
Mon Aug 17 17:36:44 2026: Image # 62, module MeasureColocalization # 12: CPU_time = 4.71 secs, Wall_time = 3.69 secs
Mon Aug 17 17:36:48 2026: Image # 62, module ExportToSpreadsheet # 13: CPU_time = 0.00 secs, Wall_time = 0.00 secs
Mon Aug 17 17:36:48 2026: Image # 63, module Images # 1: CPU_time = 0.00 secs, Wall_time = 0.00 secs
Mon Aug 17 17:36:48 2026: Image # 63, module Metadata # 2: CPU_time = 0.00 secs, Wall_time = 0.00 secs
Mon Aug 17 17:36:48 2026: Image # 63, module NamesAndTypes # 3: CPU_time = 4.67 secs, Wall_time = 3.88 secs
Mon Aug 17 17:36:52 2026: Image # 63, module Groups # 4: CPU_time = 0.00 secs, Wall_time = 0.00 secs
Mon Aug 17 17:36:52 2026: Image # 63, module MaskImage # 5: CPU_time = 0.08 secs, Wall_time = 0.09 secs
Mon Aug 17 17:36:52 2026: Image # 63, module MaskImage # 6: CPU_time = 0.08 secs, Wall_time = 0.09 secs
Mon Aug 17 17:36:52 2026: Image # 63, module MaskImage # 7: CPU_time = 0.18 secs, Wall_time = 0.09 secs
Mon Aug 17 17:36:52 2026: Image # 63, module MaskObjects # 8: CPU_time = 0.79 secs, Wall_time = 0.56 secs
Mon Aug 17 17:36:52 2026: Image # 63, module MeasureObjectSizeShape # 9: CPU_time = 30.05 secs, Wall_time = 28.87 secs
Mon Aug 17 17:37:21 2026: Image # 63, module MeasureObjectIntensity # 10: CPU_time = 7.35 secs, Wall_time = 7.35 secs
Mon Aug 17 17:37:29 2026: Image # 63, module MeasureColocalization # 12: CPU_time = 4.66 secs, Wall_time = 3.61 secs
Mon Aug 17 17:37:32 2026: Image # 63, module ExportToSpreadsheet # 13: CPU_time = 0.00 secs, Wall_time = 0.00 secs
Mon Aug 17 17:37:32 2026: Image # 64, module Images # 1: CPU_time = 0.00 secs, Wall_time = 0.00 secs
Mon Aug 17 17:37:32 2026: Image # 64, module Metadata # 2: CPU_time = 0.00 secs, Wall_time = 0.00 secs
Mon Aug 17 17:37:32 2026: Image # 64, module NamesAndTypes # 3: CPU_time = 4.85 secs, Wall_time = 4.17 secs
Mon Aug 17 17:37:36 2026: Image # 64, module Groups # 4: CPU_time = 0.00 secs, Wall_time = 0.00 secs
Mon Aug 17 17:37:36 2026: Image # 64, module MaskImage # 5: CPU_time = 0.09 secs, Wall_time = 0.09 secs
Mon Aug 17 17:37:37 2026: Image # 64, module MaskImage # 6: CPU_time = 0.09 secs, Wall_time = 0.09 secs
Mon Aug 17 17:37:37 2026: Image # 64, module MaskImage # 7: CPU_time = 0.18 secs, Wall_time = 0.09 secs
Mon Aug 17 17:37:37 2026: Image # 64, module MaskObjects # 8: CPU_time = 0.74 secs, Wall_time = 0.51 secs
Mon Aug 17 17:37:37 2026: Image # 64, module MeasureObjectSizeShape # 9: CPU_time = 23.08 secs, Wall_time = 22.29 secs
Mon Aug 17 17:38:00 2026: Image # 64, module MeasureObjectIntensity # 10: CPU_time = 5.87 secs, Wall_time = 5.86 secs
Mon Aug 17 17:38:05 2026: Image # 64, module MeasureColocalization # 12: CPU_time = 721.66 secs, Wall_time = 204.74 secs
Mon Aug 17 17:41:30 2026: Image # 64, module ExportToSpreadsheet # 13: CPU_time = 0.00 secs, Wall_time = 0.00 secs
Mon Aug 17 17:41:30 2026: Image # 65, module Images # 1: CPU_time = 0.00 secs, Wall_time = 0.00 secs
Mon Aug 17 17:41:30 2026: Image # 65, module Metadata # 2: CPU_time = 0.00 secs, Wall_time = 0.00 secs
Mon Aug 17 17:41:30 2026: Image # 65, module NamesAndTypes # 3: CPU_time = 5.05 secs, Wall_time = 3.90 secs
Mon Aug 17 17:41:34 2026: Image # 65, module Groups # 4: CPU_time = 0.00 secs, Wall_time = 0.00 secs
Mon Aug 17 17:41:34 2026: Image # 65, module MaskImage # 5: CPU_time = 0.09 secs, Wall_time = 0.09 secs
Mon Aug 17 17:41:34 2026: Image # 65, module MaskImage # 6: CPU_time = 0.09 secs, Wall_time = 0.09 secs
Mon Aug 17 17:41:34 2026: Image # 65, module MaskImage # 7: CPU_time = 0.21 secs, Wall_time = 0.11 secs
Mon Aug 17 17:41:34 2026: Image # 65, module MaskObjects # 8: CPU_time = 0.79 secs, Wall_time = 0.55 secs
Mon Aug 17 17:41:35 2026: Image # 65, module MeasureObjectSizeShape # 9: CPU_time = 22.26 secs, Wall_time = 22.24 secs
Mon Aug 17 17:41:57 2026: Image # 65, module MeasureObjectIntensity # 10: CPU_time = 4.23 secs, Wall_time = 4.22 secs
Mon Aug 17 17:42:01 2026: Image # 65, module MeasureColocalization # 12: CPU_time = 2.77 secs, Wall_time = 2.03 secs
Mon Aug 17 17:42:03 2026: Image # 65, module ExportToSpreadsheet # 13: CPU_time = 0.00 secs, Wall_time = 0.00 secs
Mon Aug 17 17:42:03 2026: Image # 66, module Images # 1: CPU_time = 0.00 secs, Wall_time = 0.00 secs
Mon Aug 17 17:42:03 2026: Image # 66, module Metadata # 2: CPU_time = 0.00 secs, Wall_time = 0.00 secs
Mon Aug 17 17:42:03 2026: Image # 66, module NamesAndTypes # 3: CPU_time = 4.86 secs, Wall_time = 3.83 secs
Mon Aug 17 17:42:07 2026: Image # 66, module Groups # 4: CPU_time = 0.00 secs, Wall_time = 0.00 secs
Mon Aug 17 17:42:07 2026: Image # 66, module MaskImage # 5: CPU_time = 0.08 secs, Wall_time = 0.08 secs
Mon Aug 17 17:42:07 2026: Image # 66, module MaskImage # 6: CPU_time = 0.09 secs, Wall_time = 0.08 secs
Mon Aug 17 17:42:07 2026: Image # 66, module MaskImage # 7: CPU_time = 0.18 secs, Wall_time = 0.09 secs
Mon Aug 17 17:42:08 2026: Image # 66, module MaskObjects # 8: CPU_time = 0.81 secs, Wall_time = 0.57 secs
Mon Aug 17 17:42:08 2026: Image # 66, module MeasureObjectSizeShape # 9: CPU_time = 31.53 secs, Wall_time = 31.50 secs
Mon Aug 17 17:42:40 2026: Image # 66, module MeasureObjectIntensity # 10: CPU_time = 7.21 secs, Wall_time = 7.21 secs
Mon Aug 17 17:42:47 2026: Image # 66, module MeasureColocalization # 12: CPU_time = 5.05 secs, Wall_time = 3.91 secs
Mon Aug 17 17:42:51 2026: Image # 66, module ExportToSpreadsheet # 13: CPU_time = 0.00 secs, Wall_time = 0.00 secs
Mon Aug 17 17:42:51 2026: Image # 67, module Images # 1: CPU_time = 0.00 secs, Wall_time = 0.00 secs
Mon Aug 17 17:42:51 2026: Image # 67, module Metadata # 2: CPU_time = 0.00 secs, Wall_time = 0.00 secs
Mon Aug 17 17:42:51 2026: Image # 67, module NamesAndTypes # 3: CPU_time = 4.74 secs, Wall_time = 4.01 secs
Mon Aug 17 17:42:55 2026: Image # 67, module Groups # 4: CPU_time = 0.00 secs, Wall_time = 0.00 secs
Mon Aug 17 17:42:55 2026: Image # 67, module MaskImage # 5: CPU_time = 0.09 secs, Wall_time = 0.09 secs
Mon Aug 17 17:42:55 2026: Image # 67, module MaskImage # 6: CPU_time = 0.08 secs, Wall_time = 0.09 secs
Mon Aug 17 17:42:55 2026: Image # 67, module MaskImage # 7: CPU_time = 0.17 secs, Wall_time = 0.09 secs
Mon Aug 17 17:42:55 2026: Image # 67, module MaskObjects # 8: CPU_time = 0.98 secs, Wall_time = 0.64 secs
Mon Aug 17 17:42:56 2026: Image # 67, module MeasureObjectSizeShape # 9: CPU_time = 29.18 secs, Wall_time = 29.15 secs
Mon Aug 17 17:43:25 2026: Image # 67, module MeasureObjectIntensity # 10: CPU_time = 8.43 secs, Wall_time = 8.42 secs
Mon Aug 17 17:43:33 2026: Image # 67, module MeasureColocalization # 12: CPU_time = 3312.17 secs, Wall_time = 1008.23 secs
Mon Aug 17 18:00:22 2026: Image # 67, module ExportToSpreadsheet # 13: CPU_time = 0.00 secs, Wall_time = 0.00 secs
Mon Aug 17 18:00:22 2026: Image # 68, module Images # 1: CPU_time = 0.00 secs, Wall_time = 0.00 secs
Mon Aug 17 18:00:22 2026: Image # 68, module Metadata # 2: CPU_time = 0.00 secs, Wall_time = 0.00 secs
Mon Aug 17 18:00:22 2026: Image # 68, module NamesAndTypes # 3: CPU_time = 4.94 secs, Wall_time = 4.13 secs
Mon Aug 17 18:00:26 2026: Image # 68, module Groups # 4: CPU_time = 0.00 secs, Wall_time = 0.00 secs
Mon Aug 17 18:00:26 2026: Image # 68, module MaskImage # 5: CPU_time = 0.09 secs, Wall_time = 0.09 secs
Mon Aug 17 18:00:26 2026: Image # 68, module MaskImage # 6: CPU_time = 0.09 secs, Wall_time = 0.09 secs
Mon Aug 17 18:00:26 2026: Image # 68, module MaskImage # 7: CPU_time = 0.18 secs, Wall_time = 0.09 secs
Mon Aug 17 18:00:26 2026: Image # 68, module MaskObjects # 8: CPU_time = 0.82 secs, Wall_time = 0.56 secs
Mon Aug 17 18:00:27 2026: Image # 68, module MeasureObjectSizeShape # 9: CPU_time = 28.61 secs, Wall_time = 28.59 secs
Mon Aug 17 18:00:55 2026: Image # 68, module MeasureObjectIntensity # 10: CPU_time = 6.24 secs, Wall_time = 6.23 secs
Mon Aug 17 18:01:01 2026: Image # 68, module MeasureColocalization # 12: CPU_time = 4.51 secs, Wall_time = 3.47 secs
Mon Aug 17 18:01:05 2026: Image # 68, module ExportToSpreadsheet # 13: CPU_time = 0.00 secs, Wall_time = 0.00 secs
Mon Aug 17 18:01:05 2026: Image # 69, module Images # 1: CPU_time = 0.00 secs, Wall_time = 0.00 secs
Mon Aug 17 18:01:05 2026: Image # 69, module Metadata # 2: CPU_time = 0.00 secs, Wall_time = 0.00 secs
Mon Aug 17 18:01:05 2026: Image # 69, module NamesAndTypes # 3: CPU_time = 4.66 secs, Wall_time = 3.78 secs
Mon Aug 17 18:01:09 2026: Image # 69, module Groups # 4: CPU_time = 0.00 secs, Wall_time = 0.00 secs
Mon Aug 17 18:01:09 2026: Image # 69, module MaskImage # 5: CPU_time = 0.09 secs, Wall_time = 0.08 secs
Mon Aug 17 18:01:09 2026: Image # 69, module MaskImage # 6: CPU_time = 0.09 secs, Wall_time = 0.08 secs
Mon Aug 17 18:01:09 2026: Image # 69, module MaskImage # 7: CPU_time = 0.20 secs, Wall_time = 0.10 secs
Mon Aug 17 18:01:09 2026: Image # 69, module MaskObjects # 8: CPU_time = 0.82 secs, Wall_time = 0.57 secs
Mon Aug 17 18:01:09 2026: Image # 69, module MeasureObjectSizeShape # 9: CPU_time = 31.12 secs, Wall_time = 30.50 secs
Mon Aug 17 18:01:40 2026: Image # 69, module MeasureObjectIntensity # 10: CPU_time = 6.68 secs, Wall_time = 6.68 secs
Mon Aug 17 18:01:47 2026: Image # 69, module MeasureColocalization # 12: CPU_time = 4.76 secs, Wall_time = 3.61 secs
Mon Aug 17 18:01:50 2026: Image # 69, module ExportToSpreadsheet # 13: CPU_time = 0.00 secs, Wall_time = 0.00 secs
Mon Aug 17 18:01:50 2026: Image # 70, module Images # 1: CPU_time = 0.00 secs, Wall_time = 0.00 secs
Mon Aug 17 18:01:50 2026: Image # 70, module Metadata # 2: CPU_time = 0.00 secs, Wall_time = 0.00 secs
Mon Aug 17 18:01:50 2026: Image # 70, module NamesAndTypes # 3: CPU_time = 4.69 secs, Wall_time = 3.95 secs
Mon Aug 17 18:01:54 2026: Image # 70, module Groups # 4: CPU_time = 0.00 secs, Wall_time = 0.00 secs
Mon Aug 17 18:01:54 2026: Image # 70, module MaskImage # 5: CPU_time = 0.08 secs, Wall_time = 0.08 secs
Mon Aug 17 18:01:54 2026: Image # 70, module MaskImage # 6: CPU_time = 0.09 secs, Wall_time = 0.08 secs
Mon Aug 17 18:01:54 2026: Image # 70, module MaskImage # 7: CPU_time = 0.18 secs, Wall_time = 0.09 secs
Mon Aug 17 18:01:55 2026: Image # 70, module MaskObjects # 8: CPU_time = 0.80 secs, Wall_time = 0.57 secs
Mon Aug 17 18:01:55 2026: Image # 70, module MeasureObjectSizeShape # 9: CPU_time = 30.94 secs, Wall_time = 30.91 secs
Mon Aug 17 18:02:26 2026: Image # 70, module MeasureObjectIntensity # 10: CPU_time = 8.95 secs, Wall_time = 8.93 secs
Mon Aug 17 18:02:35 2026: Image # 70, module MeasureColocalization # 12: CPU_time = 6.68 secs, Wall_time = 5.52 secs
Mon Aug 17 18:02:40 2026: Image # 70, module ExportToSpreadsheet # 13: CPU_time = 0.00 secs, Wall_time = 0.00 secs
